#
# There is insufficient memory for the Java Runtime Environment to continue.
# Native memory allocation (malloc) failed to allocate 205696 bytes. Error detail: Chunk::new
# Possible reasons:
#   The system is out of physical RAM or swap space
#   This process is running with CompressedOops enabled, and the Java Heap may be blocking the growth of the native heap
# Possible solutions:
#   Reduce memory load on the system
#   Increase physical memory or swap space
#   Check if swap backing store is full
#   Decrease Java heap size (-Xmx/-Xms)
#   Decrease number of Java threads
#   Decrease Java thread stack sizes (-Xss)
#   Set larger code cache with -XX:ReservedCodeCacheSize=
#   JVM is running with Unscaled Compressed Oops mode in which the Java heap is
#     placed in the first 4GB address space. The Java Heap base address is the
#     maximum limit for the native heap growth. Please use -XX:HeapBaseMinAddress
#     to set the Java Heap base and to place the Java Heap above 4GB virtual address.
# This output file may be truncated or incomplete.
#
#  Out of Memory Error (arena.cpp:168), pid=856, tid=13032
#
# JRE version: OpenJDK Runtime Environment Temurin-21.0.9+10 (21.0.9+10) (build 21.0.9+10-LTS)
# Java VM: OpenJDK 64-Bit Server VM Temurin-21.0.9+10 (21.0.9+10-LTS, mixed mode, sharing, tiered, compressed oops, compressed class ptrs, parallel gc, windows-amd64)
# No core dump will be written. Minidumps are not enabled by default on client versions of Windows
#

---------------  S U M M A R Y ------------

Command Line: --add-modules=ALL-SYSTEM --add-opens=java.base/java.util=ALL-UNNAMED --add-opens=java.base/java.lang=ALL-UNNAMED --add-opens=java.base/sun.nio.fs=ALL-UNNAMED -Declipse.application=org.eclipse.jdt.ls.core.id1 -Dosgi.bundles.defaultStartLevel=4 -Declipse.product=org.eclipse.jdt.ls.core.product -Djava.import.generatesMetadataFilesAtProjectRoot=false -DDetectVMInstallationsJob.disabled=true -Dfile.encoding=utf8 -XX:+UseParallelGC -XX:GCTimeRatio=4 -XX:AdaptiveSizePolicyWeight=90 -Dsun.zip.disableMemoryMapping=true -Xmx2G -Xms100m -Xlog:disable -javaagent:c:\Users\dadig\.antigravity\extensions\redhat.java-1.50.0-win32-x64\lombok\lombok-1.18.39-4050.jar c:\Users\dadig\.antigravity\extensions\redhat.java-1.50.0-win32-x64\server\plugins\org.eclipse.equinox.launcher_1.7.100.v20251111-0406.jar -configuration c:\Users\dadig\AppData\Roaming\Antigravity\User\globalStorage\redhat.java\1.50.0\config_ss_win -data c:\Users\dadig\AppData\Roaming\Antigravity\User\workspaceStorage\62095a4e5875a9a9aec93d5e91d77f3c\redhat.java\ss_ws --pipe=\\.\pipe\lsp-42e5ea179b1711162b42d1840ec8bd96-sock

Host: AMD Ryzen 3 3250U with Radeon Graphics         , 4 cores, 3G,  Windows 11 , 64 bit Build 26100 (10.0.26100.7309)
Time: Fri Jan  2 09:11:47 2026 India Standard Time elapsed time: 4.093192 seconds (0d 0h 0m 4s)

---------------  T H R E A D  ---------------

Current thread (0x000001e51628bf20):  JavaThread "C2 CompilerThread0" daemon [_thread_in_native, id=13032, stack(0x00000067bbf00000,0x00000067bc000000) (1024K)]


Current CompileTask:
C2:4093  962   !   4       java.util.jar.Attributes::read (494 bytes)

Stack: [0x00000067bbf00000,0x00000067bc000000]
Native frames: (J=compiled Java code, j=interpreted, Vv=VM code, C=native code)
V  [jvm.dll+0x6d6e29]
V  [jvm.dll+0x8b4b76]
V  [jvm.dll+0x8b712e]
V  [jvm.dll+0x8b7813]
V  [jvm.dll+0x283d86]
V  [jvm.dll+0xc66ed]
V  [jvm.dll+0xc6c31]
V  [jvm.dll+0x2facee]
V  [jvm.dll+0x5fde44]
V  [jvm.dll+0x255557]
V  [jvm.dll+0x24d994]
V  [jvm.dll+0x24b482]
V  [jvm.dll+0x1cb13e]
V  [jvm.dll+0x25b29d]
V  [jvm.dll+0x25982a]
V  [jvm.dll+0x3f7ea6]
V  [jvm.dll+0x85e9ad]
V  [jvm.dll+0x6d565d]
C  [ucrtbase.dll+0x37b0]
C  [KERNEL32.DLL+0x2e8d7]
C  [ntdll.dll+0x8c53c]


---------------  P R O C E S S  ---------------

Threads class SMR info:
_java_thread_list=0x000001e55c356320, length=12, elements={
0x000001e57be1e3a0, 0x000001e516277560, 0x000001e51627a4d0, 0x000001e516280fd0,
0x000001e516281a20, 0x000001e516288690, 0x000001e5162890e0, 0x000001e51628bf20,
0x000001e5162ff000, 0x000001e55c1bea90, 0x000001e55c5b77a0, 0x000001e55c2f1d80
}

Java Threads: ( => current thread )
  0x000001e57be1e3a0 JavaThread "main"                              [_thread_in_native, id=12216, stack(0x00000067bb500000,0x00000067bb600000) (1024K)]
  0x000001e516277560 JavaThread "Reference Handler"          daemon [_thread_blocked, id=15344, stack(0x00000067bb900000,0x00000067bba00000) (1024K)]
  0x000001e51627a4d0 JavaThread "Finalizer"                  daemon [_thread_blocked, id=7112, stack(0x00000067bba00000,0x00000067bbb00000) (1024K)]
  0x000001e516280fd0 JavaThread "Signal Dispatcher"          daemon [_thread_blocked, id=16508, stack(0x00000067bbb00000,0x00000067bbc00000) (1024K)]
  0x000001e516281a20 JavaThread "Attach Listener"            daemon [_thread_blocked, id=8740, stack(0x00000067bbc00000,0x00000067bbd00000) (1024K)]
  0x000001e516288690 JavaThread "Service Thread"             daemon [_thread_blocked, id=17156, stack(0x00000067bbd00000,0x00000067bbe00000) (1024K)]
  0x000001e5162890e0 JavaThread "Monitor Deflation Thread"   daemon [_thread_blocked, id=17132, stack(0x00000067bbe00000,0x00000067bbf00000) (1024K)]
=>0x000001e51628bf20 JavaThread "C2 CompilerThread0"         daemon [_thread_in_native, id=13032, stack(0x00000067bbf00000,0x00000067bc000000) (1024K)]
  0x000001e5162ff000 JavaThread "C1 CompilerThread0"         daemon [_thread_blocked, id=3112, stack(0x00000067bc000000,0x00000067bc100000) (1024K)]
  0x000001e55c1bea90 JavaThread "Common-Cleaner"             daemon [_thread_blocked, id=4768, stack(0x00000067bc100000,0x00000067bc200000) (1024K)]
  0x000001e55c5b77a0 JavaThread "Notification Thread"        daemon [_thread_blocked, id=3064, stack(0x00000067bc200000,0x00000067bc300000) (1024K)]
  0x000001e55c2f1d80 JavaThread "C2 CompilerThread1"         daemon [_thread_blocked, id=2776, stack(0x00000067bc300000,0x00000067bc400000) (1024K)]
Total: 12

Other Threads:
  0x000001e57bedc430 VMThread "VM Thread"                           [id=19856, stack(0x00000067bb800000,0x00000067bb900000) (1024K)]
  0x000001e51621ca00 WatcherThread "VM Periodic Task Thread"        [id=1540, stack(0x00000067bb700000,0x00000067bb800000) (1024K)]
  0x000001e57be3f090 WorkerThread "GC Thread#0"                     [id=16280, stack(0x00000067bb600000,0x00000067bb700000) (1024K)]
Total: 3

Threads with active compile tasks:
C2 CompilerThread0  4450  962   !   4       java.util.jar.Attributes::read (494 bytes)
Total: 1

VM state: not at safepoint (normal execution)

VM Mutex/Monitor currently owned by a thread: None

Heap address: 0x0000000080000000, size: 2048 MB, Compressed Oops mode: 32-bit

CDS archive(s) mapped at: [0x000001e517000000-0x000001e517ba0000-0x000001e517ba0000), size 12189696, SharedBaseAddress: 0x000001e517000000, ArchiveRelocationMode: 1.
Compressed class space mapped at: 0x000001e518000000-0x000001e558000000, reserved size: 1073741824
Narrow klass base: 0x000001e517000000, Narrow klass shift: 0, Narrow klass range: 0x100000000

GC Precious Log:
 CardTable entry size: 512
 CPUs: 4 total, 4 available
 Memory: 3526M
 Large Page Support: Disabled
 NUMA Support: Disabled
 Compressed Oops: Enabled (32-bit)
 Alignments: Space 512K, Generation 512K, Heap 2M
 Heap Min Capacity: 100M
 Heap Initial Capacity: 100M
 Heap Max Capacity: 2G
 Pre-touch: Disabled
 Parallel Workers: 4

Heap:
 PSYoungGen      total 29696K, used 22078K [0x00000000d5580000, 0x00000000d7680000, 0x0000000100000000)
  eden space 25600K, 86% used [0x00000000d5580000,0x00000000d6b0fa50,0x00000000d6e80000)
  from space 4096K, 0% used [0x00000000d7280000,0x00000000d7280000,0x00000000d7680000)
  to   space 4096K, 0% used [0x00000000d6e80000,0x00000000d6e80000,0x00000000d7280000)
 ParOldGen       total 68608K, used 0K [0x0000000080000000, 0x0000000084300000, 0x00000000d5580000)
  object space 68608K, 0% used [0x0000000080000000,0x0000000080000000,0x0000000084300000)
 Metaspace       used 4101K, committed 4352K, reserved 1114112K
  class space    used 451K, committed 576K, reserved 1048576K

Card table byte_map: [0x000001e57d9e0000,0x000001e57ddf0000] _byte_map_base: 0x000001e57d5e0000

Marking Bits: (ParMarkBitMap*) 0x00007ffe14132460
 Begin Bits: [0x000001e512140000, 0x000001e514140000)
 End Bits:   [0x000001e514140000, 0x000001e516140000)

Polling page: 0x000001e57c200000

Metaspace:

Usage:
  Non-class:      3.56 MB used.
      Class:    451.50 KB used.
       Both:      4.00 MB used.

Virtual space:
  Non-class space:       64.00 MB reserved,       3.69 MB (  6%) committed,  1 nodes.
      Class space:        1.00 GB reserved,     576.00 KB ( <1%) committed,  1 nodes.
             Both:        1.06 GB reserved,       4.25 MB ( <1%) committed. 

Chunk freelists:
   Non-Class:  11.22 MB
       Class:  15.44 MB
        Both:  26.66 MB

MaxMetaspaceSize: unlimited
CompressedClassSpaceSize: 1.00 GB
Initial GC threshold: 21.00 MB
Current GC threshold: 21.00 MB
CDS: on
 - commit_granule_bytes: 65536.
 - commit_granule_words: 8192.
 - virtual_space_node_default_size: 8388608.
 - enlarge_chunks_in_place: 1.
 - use_allocation_guard: 0.


Internal statistics:

num_allocs_failed_limit: 0.
num_arena_births: 184.
num_arena_deaths: 0.
num_vsnodes_births: 2.
num_vsnodes_deaths: 0.
num_space_committed: 68.
num_space_uncommitted: 0.
num_chunks_returned_to_freelist: 0.
num_chunks_taken_from_freelist: 247.
num_chunk_merges: 0.
num_chunk_splits: 157.
num_chunks_enlarged: 89.
num_inconsistent_stats: 0.

CodeHeap 'non-profiled nmethods': size=120000Kb used=433Kb max_used=433Kb free=119566Kb
 bounds [0x000001e50ac10000, 0x000001e50ae80000, 0x000001e512140000]
CodeHeap 'profiled nmethods': size=120000Kb used=1676Kb max_used=1676Kb free=118323Kb
 bounds [0x000001e503140000, 0x000001e5033b0000, 0x000001e50a670000]
CodeHeap 'non-nmethods': size=5760Kb used=1189Kb max_used=1206Kb free=4570Kb
 bounds [0x000001e50a670000, 0x000001e50a8e0000, 0x000001e50ac10000]
CodeCache: size=245760Kb, used=3298Kb, max_used=3315Kb, free=242459Kb
 total_blobs=1492, nmethods=1041, adapters=358, full_count=0
Compilation: enabled, stopped_count=0, restarted_count=0

Compilation events (20 events):
Event: 4.046 Thread 0x000001e5162ff000 nmethod 957 0x000001e5032b8510 code [0x000001e5032b86e0, 0x000001e5032b8af8]
Event: 4.047 Thread 0x000001e5162ff000  960       3       jdk.internal.misc.Unsafe::getLongUnaligned (173 bytes)
Event: 4.048 Thread 0x000001e5162ff000 nmethod 960 0x000001e5032b8c90 code [0x000001e5032b8e80, 0x000001e5032b9260]
Event: 4.049 Thread 0x000001e5162ff000  961       3       java.lang.String::<init> (16 bytes)
Event: 4.049 Thread 0x000001e55c2f1d80 nmethod 959% 0x000001e50ac74e90 code [0x000001e50ac75040, 0x000001e50ac753e0]
Event: 4.049 Thread 0x000001e51628bf20  962   !   4       java.util.jar.Attributes::read (494 bytes)
Event: 4.050 Thread 0x000001e5162ff000 nmethod 961 0x000001e5032b9390 code [0x000001e5032b9560, 0x000001e5032b9818]
Event: 4.050 Thread 0x000001e55c2f1d80  963   !   4       java.lang.String::<init> (890 bytes)
Event: 4.053 Thread 0x000001e5162ff000  965  s    1       java.io.ByteArrayOutputStream::size (5 bytes)
Event: 4.053 Thread 0x000001e5162ff000 nmethod 965 0x000001e50ac75690 code [0x000001e50ac75820, 0x000001e50ac759a8]
Event: 4.053 Thread 0x000001e5162ff000  966       1       sun.security.util.DerOutputStream::buf (5 bytes)
Event: 4.053 Thread 0x000001e5162ff000 nmethod 966 0x000001e50ac75a10 code [0x000001e50ac75ba0, 0x000001e50ac75c68]
Event: 4.053 Thread 0x000001e5162ff000  967       3       sun.security.util.ObjectIdentifier::equals (36 bytes)
Event: 4.053 Thread 0x000001e5162ff000 nmethod 967 0x000001e5032b9990 code [0x000001e5032b9b60, 0x000001e5032b9f58]
Event: 4.054 Thread 0x000001e5162ff000  968  s    3       java.util.Hashtable::get (69 bytes)
Event: 4.055 Thread 0x000001e5162ff000 nmethod 968 0x000001e5032ba010 code [0x000001e5032ba200, 0x000001e5032ba750]
Event: 4.069 Thread 0x000001e5162ff000  969 %     3       java.math.BigInteger::implMultiplyToLen @ 135 (216 bytes)
Event: 4.070 Thread 0x000001e5162ff000 nmethod 969% 0x000001e5032ba910 code [0x000001e5032bab20, 0x000001e5032bb208]
Event: 4.070 Thread 0x000001e5162ff000  970       3       java.math.BigInteger::implMultiplyToLen (216 bytes)
Event: 4.070 Thread 0x000001e5162ff000 nmethod 970 0x000001e5032bb690 code [0x000001e5032bb880, 0x000001e5032bbe28]

GC Heap History (0 events):
No events

Dll operation events (8 events):
Event: 0.049 Loaded shared library c:\Users\dadig\.antigravity\extensions\redhat.java-1.50.0-win32-x64\jre\21.0.9-win32-x86_64\bin\java.dll
Event: 0.497 Loaded shared library c:\Users\dadig\.antigravity\extensions\redhat.java-1.50.0-win32-x64\jre\21.0.9-win32-x86_64\bin\zip.dll
Event: 0.672 Loaded shared library C:\Users\dadig\.antigravity\extensions\redhat.java-1.50.0-win32-x64\jre\21.0.9-win32-x86_64\bin\instrument.dll
Event: 0.690 Loaded shared library C:\Users\dadig\.antigravity\extensions\redhat.java-1.50.0-win32-x64\jre\21.0.9-win32-x86_64\bin\net.dll
Event: 0.714 Loaded shared library C:\Users\dadig\.antigravity\extensions\redhat.java-1.50.0-win32-x64\jre\21.0.9-win32-x86_64\bin\nio.dll
Event: 0.747 Loaded shared library C:\Users\dadig\.antigravity\extensions\redhat.java-1.50.0-win32-x64\jre\21.0.9-win32-x86_64\bin\zip.dll
Event: 0.903 Loaded shared library C:\Users\dadig\.antigravity\extensions\redhat.java-1.50.0-win32-x64\jre\21.0.9-win32-x86_64\bin\jimage.dll
Event: 1.687 Loaded shared library c:\Users\dadig\.antigravity\extensions\redhat.java-1.50.0-win32-x64\jre\21.0.9-win32-x86_64\bin\verify.dll

Deoptimization events (20 events):
Event: 3.097 Thread 0x000001e57be1e3a0 DEOPT PACKING pc=0x000001e50ac4244c sp=0x00000067bb5fded0
Event: 3.097 Thread 0x000001e57be1e3a0 DEOPT UNPACKING pc=0x000001e50a6c3aa2 sp=0x00000067bb5fde90 mode 2
Event: 3.098 Thread 0x000001e57be1e3a0 Uncommon trap: trap_request=0xffffffde fr.pc=0x000001e50ac4244c relative=0x000000000000096c
Event: 3.098 Thread 0x000001e57be1e3a0 Uncommon trap: reason=class_check action=maybe_recompile pc=0x000001e50ac4244c method=java.util.HashMap.putVal(ILjava/lang/Object;Ljava/lang/Object;ZZ)Ljava/lang/Object; @ 91 c2
Event: 3.098 Thread 0x000001e57be1e3a0 DEOPT PACKING pc=0x000001e50ac4244c sp=0x00000067bb5fdff0
Event: 3.098 Thread 0x000001e57be1e3a0 DEOPT UNPACKING pc=0x000001e50a6c3aa2 sp=0x00000067bb5fdf80 mode 2
Event: 3.681 Thread 0x000001e57be1e3a0 Uncommon trap: trap_request=0xffffff45 fr.pc=0x000001e50ac45850 relative=0x00000000000005f0
Event: 3.681 Thread 0x000001e57be1e3a0 Uncommon trap: reason=unstable_if action=reinterpret pc=0x000001e50ac45850 method=java.lang.AbstractStringBuilder.append(Ljava/lang/String;)Ljava/lang/AbstractStringBuilder; @ 1 c2
Event: 3.681 Thread 0x000001e57be1e3a0 DEOPT PACKING pc=0x000001e50ac45850 sp=0x00000067bb5fe060
Event: 3.681 Thread 0x000001e57be1e3a0 DEOPT UNPACKING pc=0x000001e50a6c3aa2 sp=0x00000067bb5fdff0 mode 2
Event: 3.681 Thread 0x000001e57be1e3a0 Uncommon trap: trap_request=0xffffff45 fr.pc=0x000001e50ac4683c relative=0x00000000000005dc
Event: 3.681 Thread 0x000001e57be1e3a0 Uncommon trap: reason=unstable_if action=reinterpret pc=0x000001e50ac4683c method=java.lang.AbstractStringBuilder.append(Ljava/lang/String;)Ljava/lang/AbstractStringBuilder; @ 1 c2
Event: 3.681 Thread 0x000001e57be1e3a0 DEOPT PACKING pc=0x000001e50ac4683c sp=0x00000067bb5fe010
Event: 3.681 Thread 0x000001e57be1e3a0 DEOPT UNPACKING pc=0x000001e50a6c3aa2 sp=0x00000067bb5fdff8 mode 2
Event: 3.787 Thread 0x000001e57be1e3a0 DEOPT PACKING pc=0x000001e50324eddd sp=0x00000067bb5fd540
Event: 3.787 Thread 0x000001e57be1e3a0 DEOPT UNPACKING pc=0x000001e50a6c4242 sp=0x00000067bb5fc9b8 mode 0
Event: 4.052 Thread 0x000001e57be1e3a0 Uncommon trap: trap_request=0xffffffc6 fr.pc=0x000001e50ac72b40 relative=0x00000000000002e0
Event: 4.052 Thread 0x000001e57be1e3a0 Uncommon trap: reason=bimorphic_or_optimized_type_check action=maybe_recompile pc=0x000001e50ac72b40 method=java.util.HashMap.getNode(Ljava/lang/Object;)Ljava/util/HashMap$Node; @ 128 c2
Event: 4.052 Thread 0x000001e57be1e3a0 DEOPT PACKING pc=0x000001e50ac72b40 sp=0x00000067bb5fe400
Event: 4.052 Thread 0x000001e57be1e3a0 DEOPT UNPACKING pc=0x000001e50a6c3aa2 sp=0x00000067bb5fe378 mode 2

Classes loaded (20 events):
Event: 3.961 Loading class sun/nio/fs/WindowsFileSystemProvider$1
Event: 3.961 Loading class sun/nio/fs/WindowsFileSystemProvider$1 done
Event: 3.961 Loading class sun/nio/fs/WindowsLinkSupport
Event: 3.961 Loading class sun/nio/fs/WindowsLinkSupport done
Event: 3.961 Loading class sun/nio/fs/WindowsAclFileAttributeView
Event: 3.961 Loading class sun/nio/fs/AbstractAclFileAttributeView
Event: 3.962 Loading class java/nio/file/attribute/AclFileAttributeView
Event: 3.962 Loading class java/nio/file/attribute/FileOwnerAttributeView
Event: 3.962 Loading class java/nio/file/attribute/FileOwnerAttributeView done
Event: 3.962 Loading class java/nio/file/attribute/AclFileAttributeView done
Event: 3.962 Loading class sun/nio/fs/AbstractAclFileAttributeView done
Event: 3.962 Loading class sun/nio/fs/WindowsAclFileAttributeView done
Event: 3.962 Loading class sun/nio/fs/WindowsSecurity
Event: 3.963 Loading class sun/nio/fs/WindowsSecurity done
Event: 3.963 Loading class sun/nio/fs/WindowsFileStore
Event: 3.964 Loading class java/nio/file/FileStore
Event: 3.964 Loading class java/nio/file/FileStore done
Event: 3.964 Loading class sun/nio/fs/WindowsFileStore done
Event: 3.969 Loading class java/net/URLClassLoader$1
Event: 3.969 Loading class java/net/URLClassLoader$1 done

Classes unloaded (0 events):
No events

Classes redefined (0 events):
No events

Internal exceptions (20 events):
Event: 1.501 Thread 0x000001e57be1e3a0 Exception <a 'java/lang/NoSuchMethodError'{0x00000000d59f9088}: 'int java.lang.invoke.DirectMethodHandle$Holder.invokeSpecial(java.lang.Object, java.lang.Object, java.lang.Object)'> (0x00000000d59f9088) 
thrown [s\src\hotspot\share\interpreter\linkResolver.cpp, line 773]
Event: 1.521 Thread 0x000001e57be1e3a0 Exception <a 'java/lang/NoSuchMethodError'{0x00000000d5a04d48}: 'java.lang.Object java.lang.invoke.DirectMethodHandle$Holder.invokeStatic(java.lang.Object, java.lang.Object, int)'> (0x00000000d5a04d48) 
thrown [s\src\hotspot\share\interpreter\linkResolver.cpp, line 773]
Event: 1.522 Thread 0x000001e57be1e3a0 Exception <a 'java/lang/NoSuchMethodError'{0x00000000d5a09698}: 'void java.lang.invoke.DirectMethodHandle$Holder.invokeStatic(java.lang.Object, java.lang.Object, int, java.lang.Object)'> (0x00000000d5a09698) 
thrown [s\src\hotspot\share\interpreter\linkResolver.cpp, line 773]
Event: 1.524 Thread 0x000001e57be1e3a0 Exception <a 'java/lang/NoSuchMethodError'{0x00000000d5a0d228}: 'void java.lang.invoke.DirectMethodHandle$Holder.invokeSpecial(java.lang.Object, java.lang.Object, java.lang.Object, int, java.lang.Object)'> (0x00000000d5a0d228) 
thrown [s\src\hotspot\share\interpreter\linkResolver.cpp, line 773]
Event: 1.524 Thread 0x000001e57be1e3a0 Exception <a 'java/lang/NoSuchMethodError'{0x00000000d5a10698}: 'void java.lang.invoke.DelegatingMethodHandle$Holder.delegate(java.lang.Object, java.lang.Object, int, java.lang.Object)'> (0x00000000d5a10698) 
thrown [s\src\hotspot\share\interpreter\linkResolver.cpp, line 773]
Event: 1.801 Thread 0x000001e57be1e3a0 Exception <a 'java/lang/NoSuchMethodError'{0x00000000d5bd1e30}: 'void java.lang.invoke.DelegatingMethodHandle$Holder.reinvoke_L(java.lang.Object, java.lang.Object, java.lang.Object, int)'> (0x00000000d5bd1e30) 
thrown [s\src\hotspot\share\interpreter\linkResolver.cpp, line 773]
Event: 2.680 Thread 0x000001e57be1e3a0 Exception <a 'java/lang/NoSuchMethodError'{0x00000000d6060a10}: 'void java.lang.invoke.DirectMethodHandle$Holder.invokeVirtual(java.lang.Object, java.lang.Object)'> (0x00000000d6060a10) 
thrown [s\src\hotspot\share\interpreter\linkResolver.cpp, line 773]
Event: 3.179 Thread 0x000001e57be1e3a0 Exception <a 'java/lang/NoSuchMethodError'{0x00000000d64441f8}: 'void java.lang.invoke.DirectMethodHandle$Holder.invokeStatic(java.lang.Object, java.lang.Object)'> (0x00000000d64441f8) 
thrown [s\src\hotspot\share\interpreter\linkResolver.cpp, line 773]
Event: 3.613 Thread 0x000001e57be1e3a0 Exception <a 'java/lang/ClassNotFoundException'{0x00000000d646c3e8}: sun/net/www/protocol/c/Handler> (0x00000000d646c3e8) 
thrown [s\src\hotspot\share\classfile\systemDictionary.cpp, line 312]
Event: 3.664 Thread 0x000001e57be1e3a0 Exception <a 'java/io/FileNotFoundException'{0x00000000d64c6538}> (0x00000000d64c6538) 
thrown [s\src\hotspot\share\prims\jni.cpp, line 520]
Event: 3.664 Thread 0x000001e57be1e3a0 Exception <a 'java/io/FileNotFoundException'{0x00000000d64c7870}> (0x00000000d64c7870) 
thrown [s\src\hotspot\share\prims\jni.cpp, line 520]
Event: 3.665 Thread 0x000001e57be1e3a0 Exception <a 'java/io/FileNotFoundException'{0x00000000d64c84f8}> (0x00000000d64c84f8) 
thrown [s\src\hotspot\share\prims\jni.cpp, line 520]
Event: 3.665 Thread 0x000001e57be1e3a0 Exception <a 'java/io/FileNotFoundException'{0x00000000d64c9068}> (0x00000000d64c9068) 
thrown [s\src\hotspot\share\prims\jni.cpp, line 520]
Event: 3.681 Thread 0x000001e57be1e3a0 Implicit null exception at 0x000001e50ac452a4 to 0x000001e50ac45838
Event: 3.681 Thread 0x000001e57be1e3a0 Implicit null exception at 0x000001e50ac462a0 to 0x000001e50ac46824
Event: 3.687 Thread 0x000001e57be1e3a0 Exception <a 'java/io/FileNotFoundException'{0x00000000d6502d58}> (0x00000000d6502d58) 
thrown [s\src\hotspot\share\prims\jni.cpp, line 520]
Event: 3.786 Thread 0x000001e57be1e3a0 Exception <a 'java/lang/NoSuchMethodError'{0x00000000d653ae68}: 'java.lang.Object java.lang.invoke.DirectMethodHandle$Holder.invokeInterface(java.lang.Object, java.lang.Object)'> (0x00000000d653ae68) 
thrown [s\src\hotspot\share\interpreter\linkResolver.cpp, line 773]
Event: 3.797 Thread 0x000001e57be1e3a0 Exception <a 'java/lang/NoSuchMethodError'{0x00000000d654e660}: 'java.lang.Object java.lang.invoke.Invokers$Holder.invokeExact_MT(java.lang.Object, java.lang.Object, java.lang.Object, java.lang.Object, java.lang.Object, java.lang.Object)'> (0x00000000d654e660) 
thrown [s\src\hotspot\share\interpreter\linkResolver.cpp, line 773]
Event: 3.803 Thread 0x000001e57be1e3a0 Exception <a 'java/lang/NoSuchMethodError'{0x00000000d6565738}: 'int java.lang.invoke.DirectMethodHandle$Holder.invokeStatic(java.lang.Object, java.lang.Object, java.lang.Object, java.lang.Object, java.lang.Object)'> (0x00000000d6565738) 
thrown [s\src\hotspot\share\interpreter\linkResolver.cpp, line 773]
Event: 3.884 Thread 0x000001e57be1e3a0 Exception <a 'java/lang/NoSuchMethodError'{0x00000000d65f91d8}: 'java.lang.Object java.lang.invoke.DirectMethodHandle$Holder.invokeInterface(java.lang.Object, java.lang.Object, int)'> (0x00000000d65f91d8) 
thrown [s\src\hotspot\share\interpreter\linkResolver.cpp, line 773]

ZGC Phase Switch (0 events):
No events

VM Operations (12 events):
Event: 0.490 Executing VM operation: HandshakeAllThreads (Deoptimize)
Event: 0.490 Executing VM operation: HandshakeAllThreads (Deoptimize) done
Event: 1.207 Executing VM operation: HandshakeAllThreads (Deoptimize)
Event: 1.207 Executing VM operation: HandshakeAllThreads (Deoptimize) done
Event: 1.207 Executing VM operation: Cleanup
Event: 1.207 Executing VM operation: Cleanup done
Event: 2.221 Executing VM operation: Cleanup
Event: 2.236 Executing VM operation: Cleanup done
Event: 3.130 Executing VM operation: HandshakeAllThreads (Deoptimize)
Event: 3.130 Executing VM operation: HandshakeAllThreads (Deoptimize) done
Event: 3.166 Executing VM operation: HandshakeAllThreads (Deoptimize)
Event: 3.166 Executing VM operation: HandshakeAllThreads (Deoptimize) done

Memory protections (0 events):
No events

Nmethod flushes (0 events):
No events

Events (12 events):
Event: 0.102 Thread 0x000001e57be1e3a0 Thread added: 0x000001e57be1e3a0
Event: 0.222 Thread 0x000001e57be1e3a0 Thread added: 0x000001e516277560
Event: 0.223 Thread 0x000001e57be1e3a0 Thread added: 0x000001e51627a4d0
Event: 0.232 Thread 0x000001e57be1e3a0 Thread added: 0x000001e516280fd0
Event: 0.232 Thread 0x000001e57be1e3a0 Thread added: 0x000001e516281a20
Event: 0.239 Thread 0x000001e57be1e3a0 Thread added: 0x000001e516288690
Event: 0.239 Thread 0x000001e57be1e3a0 Thread added: 0x000001e5162890e0
Event: 0.240 Thread 0x000001e57be1e3a0 Thread added: 0x000001e51628bf20
Event: 0.259 Thread 0x000001e57be1e3a0 Thread added: 0x000001e5162ff000
Event: 0.681 Thread 0x000001e57be1e3a0 Thread added: 0x000001e55c1bea90
Event: 2.381 Thread 0x000001e57be1e3a0 Thread added: 0x000001e55c5b77a0
Event: 3.813 Thread 0x000001e5162ff000 Thread added: 0x000001e55c2f1d80


Dynamic libraries:
0x00007ff73e720000 - 0x00007ff73e72e000 	c:\Users\dadig\.antigravity\extensions\redhat.java-1.50.0-win32-x64\jre\21.0.9-win32-x86_64\bin\java.exe
0x00007ffe8ba60000 - 0x00007ffe8bcc7000 	C:\WINDOWS\SYSTEM32\ntdll.dll
0x00007ffe8a360000 - 0x00007ffe8a429000 	C:\WINDOWS\System32\KERNEL32.DLL
0x00007ffe88c60000 - 0x00007ffe8904f000 	C:\WINDOWS\System32\KERNELBASE.dll
0x00007ffe89470000 - 0x00007ffe895bb000 	C:\WINDOWS\System32\ucrtbase.dll
0x00007ffe7c310000 - 0x00007ffe7c328000 	c:\Users\dadig\.antigravity\extensions\redhat.java-1.50.0-win32-x64\jre\21.0.9-win32-x86_64\bin\jli.dll
0x00007ffe899e0000 - 0x00007ffe89ba5000 	C:\WINDOWS\System32\USER32.dll
0x00007ffe89060000 - 0x00007ffe89087000 	C:\WINDOWS\System32\win32u.dll
0x00007ffe89f40000 - 0x00007ffe89f6b000 	C:\WINDOWS\System32\GDI32.dll
0x00007ffe891d0000 - 0x00007ffe892fc000 	C:\WINDOWS\System32\gdi32full.dll
0x00007ffe88bb0000 - 0x00007ffe88c53000 	C:\WINDOWS\System32\msvcp_win.dll
0x00007ffe7c0d0000 - 0x00007ffe7c0ee000 	c:\Users\dadig\.antigravity\extensions\redhat.java-1.50.0-win32-x64\jre\21.0.9-win32-x86_64\bin\VCRUNTIME140.dll
0x00007ffe6f0d0000 - 0x00007ffe6f363000 	C:\WINDOWS\WinSxS\amd64_microsoft.windows.common-controls_6595b64144ccf1df_6.0.26100.7309_none_3e05feeae336a044\COMCTL32.dll
0x00007ffe8a640000 - 0x00007ffe8a6e9000 	C:\WINDOWS\System32\msvcrt.dll
0x00007ffe8b440000 - 0x00007ffe8b471000 	C:\WINDOWS\System32\IMM32.DLL
0x00007ffe83d90000 - 0x00007ffe83d9c000 	c:\Users\dadig\.antigravity\extensions\redhat.java-1.50.0-win32-x64\jre\21.0.9-win32-x86_64\bin\vcruntime140_1.dll
0x00007ffe67530000 - 0x00007ffe675bd000 	c:\Users\dadig\.antigravity\extensions\redhat.java-1.50.0-win32-x64\jre\21.0.9-win32-x86_64\bin\msvcp140.dll
0x00007ffe13470000 - 0x00007ffe14210000 	c:\Users\dadig\.antigravity\extensions\redhat.java-1.50.0-win32-x64\jre\21.0.9-win32-x86_64\bin\server\jvm.dll
0x00007ffe8b500000 - 0x00007ffe8b5b4000 	C:\WINDOWS\System32\ADVAPI32.dll
0x00007ffe8b970000 - 0x00007ffe8ba16000 	C:\WINDOWS\System32\sechost.dll
0x00007ffe8b850000 - 0x00007ffe8b968000 	C:\WINDOWS\System32\RPCRT4.dll
0x00007ffe8b480000 - 0x00007ffe8b4f4000 	C:\WINDOWS\System32\WS2_32.dll
0x00007ffe88a10000 - 0x00007ffe88a6e000 	C:\WINDOWS\SYSTEM32\POWRPROF.dll
0x00007ffe821c0000 - 0x00007ffe821f5000 	C:\WINDOWS\SYSTEM32\WINMM.dll
0x00007ffe82200000 - 0x00007ffe8220b000 	C:\WINDOWS\SYSTEM32\VERSION.dll
0x00007ffe889f0000 - 0x00007ffe88a04000 	C:\WINDOWS\SYSTEM32\UMPDC.dll
0x00007ffe87960000 - 0x00007ffe8797b000 	C:\WINDOWS\SYSTEM32\kernel.appcore.dll
0x00007ffe83c00000 - 0x00007ffe83c0a000 	c:\Users\dadig\.antigravity\extensions\redhat.java-1.50.0-win32-x64\jre\21.0.9-win32-x86_64\bin\jimage.dll
0x00007ffe7ecd0000 - 0x00007ffe7ef12000 	C:\WINDOWS\SYSTEM32\DBGHELP.DLL
0x00007ffe89fd0000 - 0x00007ffe8a355000 	C:\WINDOWS\System32\combase.dll
0x00007ffe8a560000 - 0x00007ffe8a636000 	C:\WINDOWS\System32\OLEAUT32.dll
0x00007ffe6e560000 - 0x00007ffe6e59c000 	C:\WINDOWS\SYSTEM32\dbgcore.DLL
0x00007ffe89120000 - 0x00007ffe891c5000 	C:\WINDOWS\System32\bcryptPrimitives.dll
0x00007ffe83db0000 - 0x00007ffe83dbf000 	c:\Users\dadig\.antigravity\extensions\redhat.java-1.50.0-win32-x64\jre\21.0.9-win32-x86_64\bin\instrument.dll
0x00007ffe7be90000 - 0x00007ffe7beb0000 	c:\Users\dadig\.antigravity\extensions\redhat.java-1.50.0-win32-x64\jre\21.0.9-win32-x86_64\bin\java.dll
0x00007ffe8ace0000 - 0x00007ffe8b433000 	C:\WINDOWS\System32\SHELL32.dll
0x00007ffe89300000 - 0x00007ffe8946a000 	C:\WINDOWS\System32\wintypes.dll
0x00007ffe867f0000 - 0x00007ffe8704e000 	C:\WINDOWS\SYSTEM32\windows.storage.dll
0x00007ffe8b5c0000 - 0x00007ffe8b6b5000 	C:\WINDOWS\System32\SHCORE.dll
0x00007ffe8a4f0000 - 0x00007ffe8a556000 	C:\WINDOWS\System32\shlwapi.dll
0x00007ffe88ad0000 - 0x00007ffe88af9000 	C:\WINDOWS\SYSTEM32\profapi.dll
0x00007ffe7b400000 - 0x00007ffe7b418000 	c:\Users\dadig\.antigravity\extensions\redhat.java-1.50.0-win32-x64\jre\21.0.9-win32-x86_64\bin\zip.dll
0x00007ffe83650000 - 0x00007ffe83660000 	C:\Users\dadig\.antigravity\extensions\redhat.java-1.50.0-win32-x64\jre\21.0.9-win32-x86_64\bin\net.dll
0x00007ffe7e610000 - 0x00007ffe7e738000 	C:\WINDOWS\SYSTEM32\WINHTTP.dll
0x00007ffe87ed0000 - 0x00007ffe87f3b000 	C:\WINDOWS\system32\mswsock.dll
0x00007ffe78b80000 - 0x00007ffe78b96000 	C:\Users\dadig\.antigravity\extensions\redhat.java-1.50.0-win32-x64\jre\21.0.9-win32-x86_64\bin\nio.dll
0x00007ffe83da0000 - 0x00007ffe83db0000 	c:\Users\dadig\.antigravity\extensions\redhat.java-1.50.0-win32-x64\jre\21.0.9-win32-x86_64\bin\verify.dll

JVMTI agents:
c:\Users\dadig\.antigravity\extensions\redhat.java-1.50.0-win32-x64\lombok\lombok-1.18.39-4050.jar path:c:\Users\dadig\.antigravity\extensions\redhat.java-1.50.0-win32-x64\jre\21.0.9-win32-x86_64\bin\instrument.dll, loaded, initialized, instrumentlib options:none

dbghelp: loaded successfully - version: 4.0.5 - missing functions: none
symbol engine: initialized successfully - sym options: 0x614 - pdb path: .;c:\Users\dadig\.antigravity\extensions\redhat.java-1.50.0-win32-x64\jre\21.0.9-win32-x86_64\bin;C:\WINDOWS\SYSTEM32;C:\WINDOWS\WinSxS\amd64_microsoft.windows.common-controls_6595b64144ccf1df_6.0.26100.7309_none_3e05feeae336a044;c:\Users\dadig\.antigravity\extensions\redhat.java-1.50.0-win32-x64\jre\21.0.9-win32-x86_64\bin\server

VM Arguments:
jvm_args: --add-modules=ALL-SYSTEM --add-opens=java.base/java.util=ALL-UNNAMED --add-opens=java.base/java.lang=ALL-UNNAMED --add-opens=java.base/sun.nio.fs=ALL-UNNAMED -Declipse.application=org.eclipse.jdt.ls.core.id1 -Dosgi.bundles.defaultStartLevel=4 -Declipse.product=org.eclipse.jdt.ls.core.product -Djava.import.generatesMetadataFilesAtProjectRoot=false -DDetectVMInstallationsJob.disabled=true -Dfile.encoding=utf8 -XX:+UseParallelGC -XX:GCTimeRatio=4 -XX:AdaptiveSizePolicyWeight=90 -Dsun.zip.disableMemoryMapping=true -Xmx2G -Xms100m -Xlog:disable -javaagent:c:\Users\dadig\.antigravity\extensions\redhat.java-1.50.0-win32-x64\lombok\lombok-1.18.39-4050.jar 
java_command: c:\Users\dadig\.antigravity\extensions\redhat.java-1.50.0-win32-x64\server\plugins\org.eclipse.equinox.launcher_1.7.100.v20251111-0406.jar -configuration c:\Users\dadig\AppData\Roaming\Antigravity\User\globalStorage\redhat.java\1.50.0\config_ss_win -data c:\Users\dadig\AppData\Roaming\Antigravity\User\workspaceStorage\62095a4e5875a9a9aec93d5e91d77f3c\redhat.java\ss_ws --pipe=\\.\pipe\lsp-42e5ea179b1711162b42d1840ec8bd96-sock
java_class_path (initial): c:\Users\dadig\.antigravity\extensions\redhat.java-1.50.0-win32-x64\server\plugins\org.eclipse.equinox.launcher_1.7.100.v20251111-0406.jar
Launcher Type: SUN_STANDARD

[Global flags]
    uintx AdaptiveSizePolicyWeight                 = 90                                        {product} {command line}
     intx CICompilerCount                          = 3                                         {product} {ergonomic}
    uintx GCTimeRatio                              = 4                                         {product} {command line}
   size_t InitialHeapSize                          = 104857600                                 {product} {command line}
   size_t MaxHeapSize                              = 2147483648                                {product} {command line}
   size_t MaxNewSize                               = 715653120                                 {product} {ergonomic}
   size_t MinHeapDeltaBytes                        = 524288                                    {product} {ergonomic}
   size_t MinHeapSize                              = 104857600                                 {product} {command line}
   size_t NewSize                                  = 34603008                                  {product} {ergonomic}
    uintx NonNMethodCodeHeapSize                   = 5832780                                {pd product} {ergonomic}
    uintx NonProfiledCodeHeapSize                  = 122912730                              {pd product} {ergonomic}
   size_t OldSize                                  = 70254592                                  {product} {ergonomic}
    uintx ProfiledCodeHeapSize                     = 122912730                              {pd product} {ergonomic}
    uintx ReservedCodeCacheSize                    = 251658240                              {pd product} {ergonomic}
     bool SegmentedCodeCache                       = true                                      {product} {ergonomic}
   size_t SoftMaxHeapSize                          = 2147483648                             {manageable} {ergonomic}
     bool UseCompressedOops                        = true                           {product lp64_product} {ergonomic}
     bool UseLargePagesIndividualAllocation        = false                                  {pd product} {ergonomic}
     bool UseParallelGC                            = true                                      {product} {command line}

Logging:
Log output configuration:
 #0: stdout all=off uptime,level,tags foldmultilines=false
 #1: stderr all=off uptime,level,tags foldmultilines=false

Release file:
JAVA_VERSION="21.0.9" 
MODULES="java.base java.compiler java.datatransfer java.xml java.prefs java.desktop java.instrument java.logging java.management java.security.sasl java.naming java.rmi java.management.rmi java.net.http java.scripting java.security.jgss java.transaction.xa java.sql java.sql.rowset java.xml.crypto java.se java.smartcardio jdk.accessibility jdk.internal.jvmstat jdk.attach jdk.charsets jdk.internal.opt jdk.zipfs jdk.compiler jdk.crypto.ec jdk.crypto.cryptoki jdk.crypto.mscapi jdk.dynalink jdk.internal.ed jdk.editpad jdk.hotspot.agent jdk.httpserver jdk.internal.le jdk.internal.vm.ci jdk.internal.vm.compiler jdk.internal.vm.compiler.management jdk.jartool jdk.javadoc jdk.jcmd jdk.management jdk.management.agent jdk.jconsole jdk.jdeps jdk.jdwp.agent jdk.jdi jdk.jfr jdk.jshell jdk.jsobject jdk.jstatd jdk.localedata jdk.management.jfr jdk.naming.dns jdk.naming.rmi jdk.net jdk.nio.mapmode jdk.random jdk.sctp jdk.security.auth jdk.security.jgss jdk.unsupported jdk.unsupported.desktop jdk.xml.dom" 

Environment Variables:
JAVA_HOME=C:\Users\dadig\AppData\Local\Programs\Eclipse Adoptium\jdk-17.0.11.9-hotspot\
PATH=C:\WINDOWS\system32;C:\WINDOWS;C:\WINDOWS\System32\Wbem;C:\WINDOWS\System32\WindowsPowerShell\v1.0\;C:\WINDOWS\System32\OpenSSH\;C:\Program Files\PuTTY\;C:\Program Files\MySQL\MySQL Server 8.0\bin;C:\Program Files\PostgreSQL\10\bin;;C:\Program Files\HP\HP One Agent;C:\Program Files\nodejs\;%SystemRoot%\system32;%SystemRoot%;%SystemRoot%\System32\Wbem;%SYSTEMROOT%\System32\WindowsPowerShell\v1.0\;%SYSTEMROOT%\System32\OpenSSH\;C:\Program Files\MySQL\MySQL Shell 8.0\bin\;C:\Users\dadig\AppData\Local\Programs\Eclipse Adoptium\jdk-17.0.11.9-hotspot\bin;C:\Users\dadig\AppData\Local\Microsoft\WindowsApps;C:\Users\dadig\AppData\Local\Programs\Microsoft VS Code\bin;C:\Users\dadig\AppData\Roaming\npm;C:\Users\dadig\AppData\Local\Programs\Antigravity\bin
USERNAME=dadig
OS=Windows_NT
PROCESSOR_IDENTIFIER=AMD64 Family 23 Model 24 Stepping 1, AuthenticAMD
TMP=C:\Users\dadig\AppData\Local\Temp
TEMP=C:\Users\dadig\AppData\Local\Temp




Periodic native trim disabled

---------------  S Y S T E M  ---------------

OS:
 Windows 11 , 64 bit Build 26100 (10.0.26100.7309)
OS uptime: 0 days 14:54 hours

CPU: total 4 (initial active 4) (4 cores per cpu, 2 threads per core) family 23 model 24 stepping 1 microcode 0x8108109, cx8, cmov, fxsr, ht, mmx, 3dnowpref, sse, sse2, sse3, ssse3, sse4a, sse4.1, sse4.2, popcnt, lzcnt, tsc, tscinvbit, avx, avx2, aes, clmul, bmi1, bmi2, adx, sha, fma, vzeroupper, clflush, clflushopt, rdtscp, f16c
Processor Information for the first 4 processors :
  Max Mhz: 2600, Current Mhz: 2600, Mhz Limit: 2600

Memory: 4k page, system-wide physical 3526M (449M free)
TotalPageFile size 14278M (AvailPageFile size 0M)
current process WorkingSet (physical memory assigned to process): 71M, peak: 71M
current process commit charge ("private bytes"): 219M, peak: 219M

vm_info: OpenJDK 64-Bit Server VM (21.0.9+10-LTS) for windows-amd64 JRE (21.0.9+10-LTS), built on 2025-10-21T00:00:00Z by "admin" with unknown MS VC++:1942

END.
