#
# There is insufficient memory for the Java Runtime Environment to continue.
# Native memory allocation (malloc) failed to allocate 1048576 bytes. Error detail: AllocateHeap
# Possible reasons:
#   The system is out of physical RAM or swap space
#   This process is running with CompressedOops enabled, and the Java Heap may be blocking the growth of the native heap
# Possible solutions:
#   Reduce memory load on the system
#   Increase physical memory or swap space
#   Check if swap backing store is full
#   Decrease Java heap size (-Xmx/-Xms)
#   Decrease number of Java threads
#   Decrease Java thread stack sizes (-Xss)
#   Set larger code cache with -XX:ReservedCodeCacheSize=
#   JVM is running with Unscaled Compressed Oops mode in which the Java heap is
#     placed in the first 4GB address space. The Java Heap base address is the
#     maximum limit for the native heap growth. Please use -XX:HeapBaseMinAddress
#     to set the Java Heap base and to place the Java Heap above 4GB virtual address.
# This output file may be truncated or incomplete.
#
#  Out of Memory Error (allocation.cpp:44), pid=14020, tid=14068
#
# JRE version: OpenJDK Runtime Environment Temurin-21.0.9+10 (21.0.9+10) (build 21.0.9+10-LTS)
# Java VM: OpenJDK 64-Bit Server VM Temurin-21.0.9+10 (21.0.9+10-LTS, mixed mode, sharing, tiered, compressed oops, compressed class ptrs, parallel gc, windows-amd64)
# No core dump will be written. Minidumps are not enabled by default on client versions of Windows
#

---------------  S U M M A R Y ------------

Command Line: --add-modules=ALL-SYSTEM --add-opens=java.base/java.util=ALL-UNNAMED --add-opens=java.base/java.lang=ALL-UNNAMED --add-opens=java.base/sun.nio.fs=ALL-UNNAMED -Declipse.application=org.eclipse.jdt.ls.core.id1 -Dosgi.bundles.defaultStartLevel=4 -Declipse.product=org.eclipse.jdt.ls.core.product -Djava.import.generatesMetadataFilesAtProjectRoot=false -DDetectVMInstallationsJob.disabled=true -Dfile.encoding=utf8 -XX:+UseParallelGC -XX:GCTimeRatio=4 -XX:AdaptiveSizePolicyWeight=90 -Dsun.zip.disableMemoryMapping=true -Xmx2G -Xms100m -Xlog:disable -javaagent:c:\Users\dadig\.antigravity\extensions\redhat.java-1.50.0-win32-x64\lombok\lombok-1.18.39-4050.jar -XX:+HeapDumpOnOutOfMemoryError -XX:HeapDumpPath=c:\Users\dadig\AppData\Roaming\Antigravity\User\workspaceStorage\62095a4e5875a9a9aec93d5e91d77f3c\redhat.java -Daether.dependencyCollector.impl=bf c:\Users\dadig\.antigravity\extensions\redhat.java-1.50.0-win32-x64\server\plugins\org.eclipse.equinox.launcher_1.7.100.v20251111-0406.jar -configuration c:\Users\dadig\AppData\Roaming\Antigravity\User\globalStorage\redhat.java\1.50.0\config_win -data c:\Users\dadig\AppData\Roaming\Antigravity\User\workspaceStorage\62095a4e5875a9a9aec93d5e91d77f3c\redhat.java\jdt_ws --pipe=\\.\pipe\lsp-f24d7e182548046a5f58b962ad457c19-sock

Host: AMD Ryzen 3 3250U with Radeon Graphics         , 4 cores, 3G,  Windows 11 , 64 bit Build 26100 (10.0.26100.7309)
Time: Thu Jan  1 01:37:04 2026 India Standard Time elapsed time: 4934.713524 seconds (0d 1h 22m 14s)

---------------  T H R E A D  ---------------

Current thread (0x000001cc441aff20):  JavaThread "Attach Listener" daemon [_thread_in_vm, id=14068, stack(0x0000007694300000,0x0000007694400000) (1024K)]

Stack: [0x0000007694300000,0x0000007694400000]
Native frames: (J=compiled Java code, j=interpreted, Vv=VM code, C=native code)
V  [jvm.dll+0x6d6e29]
V  [jvm.dll+0x8b4b76]
V  [jvm.dll+0x8b712e]
V  [jvm.dll+0x8b7813]
V  [jvm.dll+0x283d86]
V  [jvm.dll+0xc1277]
V  [jvm.dll+0x6d76d9]
V  [jvm.dll+0x133466]
V  [jvm.dll+0x3f7ea6]
V  [jvm.dll+0x85e9ad]
V  [jvm.dll+0x6d565d]
C  [ucrtbase.dll+0x37b0]
C  [KERNEL32.DLL+0x2e8d7]
C  [ntdll.dll+0x8c53c]


---------------  P R O C E S S  ---------------

Threads class SMR info:
_java_thread_list=0x000001cc8b77a300, length=38, elements={
0x000001cc2d7b9ad0, 0x000001cc441aa780, 0x000001cc441acd50, 0x000001cc441af3d0,
0x000001cc441aff20, 0x000001cc441b4f00, 0x000001cc441b5950, 0x000001cc441b6780,
0x000001cc4422db10, 0x000001cc8a16ce10, 0x000001cc8a25add0, 0x000001cc8a8677a0,
0x000001cc8a686a10, 0x000001cc8a0c1720, 0x000001cc8a09e9e0, 0x000001cc8abb7d60,
0x000001cc8a0a1ff0, 0x000001cc8aa45000, 0x000001cc8a64daf0, 0x000001cc8a64d460,
0x000001cc8d2f9460, 0x000001cc8d2f8dd0, 0x000001cc8d2faea0, 0x000001cc8d2fb530,
0x000001cc8d2f80b0, 0x000001cc8d2fbbc0, 0x000001cc8d2f8740, 0x000001cc8d2fc250,
0x000001cc8d2fc8e0, 0x000001cc8d2fcf70, 0x000001cc8d2ff040, 0x000001cc8d2fe320,
0x000001cc8ed91d80, 0x000001cc8ed91060, 0x000001cc8ed94b70, 0x000001cc8ed92aa0,
0x000001cc8ed93130, 0x000001cc8ed972d0
}

Java Threads: ( => current thread )
  0x000001cc2d7b9ad0 JavaThread "main"                              [_thread_blocked, id=9720, stack(0x0000007693c00000,0x0000007693d00000) (1024K)]
  0x000001cc441aa780 JavaThread "Reference Handler"          daemon [_thread_blocked, id=14112, stack(0x0000007694000000,0x0000007694100000) (1024K)]
  0x000001cc441acd50 JavaThread "Finalizer"                  daemon [_thread_blocked, id=14084, stack(0x0000007694100000,0x0000007694200000) (1024K)]
  0x000001cc441af3d0 JavaThread "Signal Dispatcher"          daemon [_thread_blocked, id=14072, stack(0x0000007694200000,0x0000007694300000) (1024K)]
=>0x000001cc441aff20 JavaThread "Attach Listener"            daemon [_thread_in_vm, id=14068, stack(0x0000007694300000,0x0000007694400000) (1024K)]
  0x000001cc441b4f00 JavaThread "Service Thread"             daemon [_thread_blocked, id=14064, stack(0x0000007694400000,0x0000007694500000) (1024K)]
  0x000001cc441b5950 JavaThread "Monitor Deflation Thread"   daemon [_thread_blocked, id=14080, stack(0x0000007694500000,0x0000007694600000) (1024K)]
  0x000001cc441b6780 JavaThread "C2 CompilerThread0"         daemon [_thread_blocked, id=14028, stack(0x0000007694600000,0x0000007694700000) (1024K)]
  0x000001cc4422db10 JavaThread "C1 CompilerThread0"         daemon [_thread_blocked, id=14048, stack(0x0000007694700000,0x0000007694800000) (1024K)]
  0x000001cc8a16ce10 JavaThread "Common-Cleaner"             daemon [_thread_blocked, id=14056, stack(0x0000007694800000,0x0000007694900000) (1024K)]
  0x000001cc8a25add0 JavaThread "Notification Thread"        daemon [_thread_blocked, id=3372, stack(0x0000007694900000,0x0000007694a00000) (1024K)]
  0x000001cc8a8677a0 JavaThread "Active Thread: Equinox Container: 34eeccd5-a0f7-4c23-a3a7-d733fe6faa35"        [_thread_blocked, id=6604, stack(0x0000007694d00000,0x0000007694e00000) (1024K)]
  0x000001cc8a686a10 JavaThread "Refresh Thread: Equinox Container: 34eeccd5-a0f7-4c23-a3a7-d733fe6faa35" daemon [_thread_blocked, id=11228, stack(0x0000007694e00000,0x0000007694f00000) (1024K)]
  0x000001cc8a0c1720 JavaThread "Framework Event Dispatcher: Equinox Container: 34eeccd5-a0f7-4c23-a3a7-d733fe6faa35" daemon [_thread_blocked, id=2084, stack(0x0000007694f00000,0x0000007695000000) (1024K)]
  0x000001cc8a09e9e0 JavaThread "Start Level: Equinox Container: 34eeccd5-a0f7-4c23-a3a7-d733fe6faa35" daemon [_thread_blocked, id=8088, stack(0x0000007695000000,0x0000007695100000) (1024K)]
  0x000001cc8abb7d60 JavaThread "Bundle File Closer"         daemon [_thread_blocked, id=14280, stack(0x0000007695100000,0x0000007695200000) (1024K)]
  0x000001cc8a0a1ff0 JavaThread "SCR Component Actor"        daemon [_thread_blocked, id=13824, stack(0x0000007695200000,0x0000007695300000) (1024K)]
  0x000001cc8aa45000 JavaThread "Worker-JM"                         [_thread_blocked, id=2272, stack(0x0000007695300000,0x0000007695400000) (1024K)]
  0x000001cc8a64daf0 JavaThread "Java indexing"              daemon [_thread_blocked, id=9556, stack(0x0000007693b00000,0x0000007693c00000) (1024K)]
  0x000001cc8a64d460 JavaThread "Worker-3"                          [_thread_blocked, id=1648, stack(0x0000007695800000,0x0000007695900000) (1024K)]
  0x000001cc8d2f9460 JavaThread "JNA Cleaner"                daemon [_thread_blocked, id=9604, stack(0x0000007695900000,0x0000007695a00000) (1024K)]
  0x000001cc8d2f8dd0 JavaThread "Thread-1"                   daemon [_thread_in_native, id=13764, stack(0x0000007695e00000,0x0000007695f00000) (1024K)]
  0x000001cc8d2faea0 JavaThread "Thread-2"                   daemon [_thread_in_native, id=13684, stack(0x0000007695f00000,0x0000007696000000) (1024K)]
  0x000001cc8d2fb530 JavaThread "Thread-3"                   daemon [_thread_in_native, id=13548, stack(0x0000007696000000,0x0000007696100000) (1024K)]
  0x000001cc8d2f80b0 JavaThread "Thread-4"                   daemon [_thread_in_native, id=13968, stack(0x0000007696100000,0x0000007696200000) (1024K)]
  0x000001cc8d2fbbc0 JavaThread "Thread-5"                   daemon [_thread_in_native, id=13448, stack(0x0000007696200000,0x0000007696300000) (1024K)]
  0x000001cc8d2f8740 JavaThread "pool-2-thread-1"                   [_thread_blocked, id=13756, stack(0x0000007696300000,0x0000007696400000) (1024K)]
  0x000001cc8d2fc250 JavaThread "WorkspaceEventsHandler"            [_thread_blocked, id=13632, stack(0x0000007696400000,0x0000007696500000) (1024K)]
  0x000001cc8d2fc8e0 JavaThread "pool-1-thread-1"                   [_thread_blocked, id=13504, stack(0x0000007696500000,0x0000007696600000) (1024K)]
  0x000001cc8d2fcf70 JavaThread "Timer-0"                           [_thread_blocked, id=11652, stack(0x0000007696600000,0x0000007696700000) (1024K)]
  0x000001cc8d2ff040 JavaThread "Timer-1"                           [_thread_blocked, id=5760, stack(0x0000007696700000,0x0000007696800000) (1024K)]
  0x000001cc8d2fe320 JavaThread "Timer-2"                           [_thread_blocked, id=12140, stack(0x0000007696800000,0x0000007696900000) (1024K)]
  0x000001cc8ed91d80 JavaThread "Timer-3"                           [_thread_blocked, id=10108, stack(0x0000007696c00000,0x0000007696d00000) (1024K)]
  0x000001cc8ed91060 JavaThread "Timer-4"                           [_thread_blocked, id=11384, stack(0x0000007696d00000,0x0000007696e00000) (1024K)]
  0x000001cc8ed94b70 JavaThread "Timer-5"                           [_thread_blocked, id=1208, stack(0x0000007693a00000,0x0000007693b00000) (1024K)]
  0x000001cc8ed92aa0 JavaThread "Timer-6"                           [_thread_blocked, id=8976, stack(0x0000007695500000,0x0000007695600000) (1024K)]
  0x000001cc8ed93130 JavaThread "Timer-7"                           [_thread_blocked, id=13260, stack(0x0000007695600000,0x0000007695700000) (1024K)]
  0x000001cc8ed972d0 JavaThread "Worker-8"                          [_thread_blocked, id=16276, stack(0x0000007695a00000,0x0000007695b00000) (1024K)]
Total: 38

Other Threads:
  0x000001cc2d87e420 VMThread "VM Thread"                           [id=14120, stack(0x0000007693f00000,0x0000007694000000) (1024K)]
  0x000001cc4414ca00 WatcherThread "VM Periodic Task Thread"        [id=14124, stack(0x0000007693e00000,0x0000007693f00000) (1024K)]
  0x000001cc2d7d9bf0 WorkerThread "GC Thread#0"                     [id=14088, stack(0x0000007693d00000,0x0000007693e00000) (1024K)]
  0x000001cc8a6fe540 WorkerThread "GC Thread#1"                     [id=2184, stack(0x0000007694a00000,0x0000007694b00000) (1024K)]
  0x000001cc8a68e960 WorkerThread "GC Thread#2"                     [id=1944, stack(0x0000007694b00000,0x0000007694c00000) (1024K)]
  0x000001cc8a68ed00 WorkerThread "GC Thread#3"                     [id=14296, stack(0x0000007694c00000,0x0000007694d00000) (1024K)]
Total: 6

Threads with active compile tasks:
Total: 0

VM state: not at safepoint (normal execution)

VM Mutex/Monitor currently owned by a thread: None

Heap address: 0x0000000080000000, size: 2048 MB, Compressed Oops mode: 32-bit

CDS archive(s) mapped at: [0x000001cc45000000-0x000001cc45ba0000-0x000001cc45ba0000), size 12189696, SharedBaseAddress: 0x000001cc45000000, ArchiveRelocationMode: 1.
Compressed class space mapped at: 0x000001cc46000000-0x000001cc86000000, reserved size: 1073741824
Narrow klass base: 0x000001cc45000000, Narrow klass shift: 0, Narrow klass range: 0x100000000

GC Precious Log:
 CardTable entry size: 512
 CPUs: 4 total, 4 available
 Memory: 3526M
 Large Page Support: Disabled
 NUMA Support: Disabled
 Compressed Oops: Enabled (32-bit)
 Alignments: Space 512K, Generation 512K, Heap 2M
 Heap Min Capacity: 100M
 Heap Initial Capacity: 100M
 Heap Max Capacity: 2G
 Pre-touch: Disabled
 Parallel Workers: 4

Heap:
 PSYoungGen      total 11776K, used 6083K [0x00000000d5580000, 0x00000000d6480000, 0x0000000100000000)
  eden space 11264K, 52% used [0x00000000d5580000,0x00000000d5b50ee8,0x00000000d6080000)
  from space 512K, 25% used [0x00000000d6380000,0x00000000d63a0000,0x00000000d6400000)
  to   space 512K, 0% used [0x00000000d6400000,0x00000000d6400000,0x00000000d6480000)
 ParOldGen       total 68608K, used 54376K [0x0000000080000000, 0x0000000084300000, 0x00000000d5580000)
  object space 68608K, 79% used [0x0000000080000000,0x000000008351a240,0x0000000084300000)
 Metaspace       used 71883K, committed 73408K, reserved 1114112K
  class space    used 9005K, committed 9728K, reserved 1048576K

Card table byte_map: [0x000001cc2d160000,0x000001cc2d570000] _byte_map_base: 0x000001cc2cd60000

Marking Bits: (ParMarkBitMap*) 0x00007ffaa0922460
 Begin Bits: [0x000001cc3fc70000, 0x000001cc41c70000)
 End Bits:   [0x000001cc41c70000, 0x000001cc43c70000)

Polling page: 0x000001cc2b7a0000

Metaspace:

Usage:
  Non-class:     61.40 MB used.
      Class:      8.79 MB used.
       Both:     70.20 MB used.

Virtual space:
  Non-class space:       64.00 MB reserved,      62.19 MB ( 97%) committed,  1 nodes.
      Class space:        1.00 GB reserved,       9.50 MB ( <1%) committed,  1 nodes.
             Both:        1.06 GB reserved,      71.69 MB (  7%) committed. 

Chunk freelists:
   Non-Class:  1.06 MB
       Class:  6.41 MB
        Both:  7.47 MB

MaxMetaspaceSize: unlimited
CompressedClassSpaceSize: 1.00 GB
Initial GC threshold: 21.00 MB
Current GC threshold: 97.31 MB
CDS: on
 - commit_granule_bytes: 65536.
 - commit_granule_words: 8192.
 - virtual_space_node_default_size: 8388608.
 - enlarge_chunks_in_place: 1.
 - use_allocation_guard: 0.


Internal statistics:

num_allocs_failed_limit: 9.
num_arena_births: 1354.
num_arena_deaths: 26.
num_vsnodes_births: 2.
num_vsnodes_deaths: 0.
num_space_committed: 1147.
num_space_uncommitted: 0.
num_chunks_returned_to_freelist: 40.
num_chunks_taken_from_freelist: 4442.
num_chunk_merges: 12.
num_chunk_splits: 2814.
num_chunks_enlarged: 1709.
num_inconsistent_stats: 0.

CodeHeap 'non-profiled nmethods': size=120000Kb used=6798Kb max_used=6798Kb free=113201Kb
 bounds [0x000001cc38490000, 0x000001cc38b40000, 0x000001cc3f9c0000]
CodeHeap 'profiled nmethods': size=120000Kb used=18339Kb max_used=18339Kb free=101660Kb
 bounds [0x000001cc309c0000, 0x000001cc31bb0000, 0x000001cc37ef0000]
CodeHeap 'non-nmethods': size=5760Kb used=1430Kb max_used=1480Kb free=4329Kb
 bounds [0x000001cc37ef0000, 0x000001cc38160000, 0x000001cc38490000]
CodeCache: size=245760Kb, used=26567Kb, max_used=26617Kb, free=219190Kb
 total_blobs=10043, nmethods=9306, adapters=643, full_count=0
Compilation: enabled, stopped_count=0, restarted_count=0

Compilation events (20 events):
Event: 4411.738 Thread 0x000001cc4422db10 10075  s    3       java.util.Properties::setProperty (7 bytes)
Event: 4411.744 Thread 0x000001cc4422db10 nmethod 10075 0x000001cc31b9e490 code [0x000001cc31b9e640, 0x000001cc31b9e8d0]
Event: 4411.831 Thread 0x000001cc4422db10 10076       3       com.sun.org.apache.xml.internal.serializer.ToStream$CharacterBuffer::isAnyCharactersBuffered (18 bytes)
Event: 4411.834 Thread 0x000001cc4422db10 nmethod 10076 0x000001cc31b9e990 code [0x000001cc31b9eb40, 0x000001cc31b9ed68]
Event: 4411.834 Thread 0x000001cc4422db10 10077   !   3       java.lang.String::replace (258 bytes)
Event: 4411.867 Thread 0x000001cc441b6780 10079       4       java.lang.Integer::getChars (121 bytes)
Event: 4411.872 Thread 0x000001cc4422db10 nmethod 10077 0x000001cc31b9ee10 code [0x000001cc31b9f2e0, 0x000001cc31ba1540]
Event: 4411.873 Thread 0x000001cc4422db10 10078       3       jdk.internal.misc.InternalLock::newLockOrNull (18 bytes)
Event: 4411.881 Thread 0x000001cc4422db10 nmethod 10078 0x000001cc31ba2490 code [0x000001cc31ba2680, 0x000001cc31ba2c28]
Event: 4411.896 Thread 0x000001cc441b6780 nmethod 10079 0x000001cc38b32d10 code [0x000001cc38b32ec0, 0x000001cc38b33220]
Event: 4412.058 Thread 0x000001cc4422db10 10080       3       jdk.internal.util.ByteArray::setShort (10 bytes)
Event: 4412.070 Thread 0x000001cc4422db10 nmethod 10080 0x000001cc31ba2e90 code [0x000001cc31ba3080, 0x000001cc31ba35c8]
Event: 4412.091 Thread 0x000001cc4422db10 10081       3       org.eclipse.core.internal.events.ResourceComparator::compare (383 bytes)
Event: 4412.094 Thread 0x000001cc441b6780 10082       4       org.eclipse.core.internal.resources.ResourceInfo::isSet (14 bytes)
Event: 4412.096 Thread 0x000001cc441b6780 nmethod 10082 0x000001cc38b33490 code [0x000001cc38b33620, 0x000001cc38b336c0]
Event: 4412.105 Thread 0x000001cc4422db10 nmethod 10081 0x000001cc31ba3810 code [0x000001cc31ba3c60, 0x000001cc31ba70f0]
Event: 4412.434 Thread 0x000001cc4422db10 10083       1       org.eclipse.core.internal.jobs.InternalJob::setProgressMonitor (6 bytes)
Event: 4412.438 Thread 0x000001cc4422db10 nmethod 10083 0x000001cc38b33790 code [0x000001cc38b33920, 0x000001cc38b33a08]
Event: 4659.974 Thread 0x000001cc4422db10 10084   !   3       java.lang.ref.ReferenceQueue::remove (61 bytes)
Event: 4660.061 Thread 0x000001cc4422db10 nmethod 10084 0x000001cc31ba7a90 code [0x000001cc31ba7d20, 0x000001cc31ba88a8]

GC Heap History (20 events):
Event: 3281.835 GC heap before
{Heap before GC invocations=89 (full 3):
 PSYoungGen      total 11776K, used 11360K [0x00000000d5580000, 0x00000000d6480000, 0x0000000100000000)
  eden space 11264K, 100% used [0x00000000d5580000,0x00000000d6080000,0x00000000d6080000)
  from space 512K, 18% used [0x00000000d6380000,0x00000000d6398000,0x00000000d6400000)
  to   space 512K, 0% used [0x00000000d6400000,0x00000000d6400000,0x00000000d6480000)
 ParOldGen       total 68608K, used 54008K [0x0000000080000000, 0x0000000084300000, 0x00000000d5580000)
  object space 68608K, 78% used [0x0000000080000000,0x00000000834be200,0x0000000084300000)
 Metaspace       used 71597K, committed 73152K, reserved 1114112K
  class space    used 8977K, committed 9664K, reserved 1048576K
}
Event: 3281.850 GC heap after
{Heap after GC invocations=89 (full 3):
 PSYoungGen      total 11776K, used 96K [0x00000000d5580000, 0x00000000d6480000, 0x0000000100000000)
  eden space 11264K, 0% used [0x00000000d5580000,0x00000000d5580000,0x00000000d6080000)
  from space 512K, 18% used [0x00000000d6400000,0x00000000d6418000,0x00000000d6480000)
  to   space 512K, 0% used [0x00000000d6380000,0x00000000d6380000,0x00000000d6400000)
 ParOldGen       total 68608K, used 54032K [0x0000000080000000, 0x0000000084300000, 0x00000000d5580000)
  object space 68608K, 78% used [0x0000000080000000,0x00000000834c4200,0x0000000084300000)
 Metaspace       used 71597K, committed 73152K, reserved 1114112K
  class space    used 8977K, committed 9664K, reserved 1048576K
}
Event: 3300.290 GC heap before
{Heap before GC invocations=90 (full 3):
 PSYoungGen      total 11776K, used 11360K [0x00000000d5580000, 0x00000000d6480000, 0x0000000100000000)
  eden space 11264K, 100% used [0x00000000d5580000,0x00000000d6080000,0x00000000d6080000)
  from space 512K, 18% used [0x00000000d6400000,0x00000000d6418000,0x00000000d6480000)
  to   space 512K, 0% used [0x00000000d6380000,0x00000000d6380000,0x00000000d6400000)
 ParOldGen       total 68608K, used 54032K [0x0000000080000000, 0x0000000084300000, 0x00000000d5580000)
  object space 68608K, 78% used [0x0000000080000000,0x00000000834c4200,0x0000000084300000)
 Metaspace       used 71632K, committed 73152K, reserved 1114112K
  class space    used 8978K, committed 9664K, reserved 1048576K
}
Event: 3300.307 GC heap after
{Heap after GC invocations=90 (full 3):
 PSYoungGen      total 11776K, used 96K [0x00000000d5580000, 0x00000000d6480000, 0x0000000100000000)
  eden space 11264K, 0% used [0x00000000d5580000,0x00000000d5580000,0x00000000d6080000)
  from space 512K, 18% used [0x00000000d6380000,0x00000000d6398000,0x00000000d6400000)
  to   space 512K, 0% used [0x00000000d6400000,0x00000000d6400000,0x00000000d6480000)
 ParOldGen       total 68608K, used 54040K [0x0000000080000000, 0x0000000084300000, 0x00000000d5580000)
  object space 68608K, 78% used [0x0000000080000000,0x00000000834c6200,0x0000000084300000)
 Metaspace       used 71632K, committed 73152K, reserved 1114112K
  class space    used 8978K, committed 9664K, reserved 1048576K
}
Event: 3315.897 GC heap before
{Heap before GC invocations=91 (full 3):
 PSYoungGen      total 11776K, used 11360K [0x00000000d5580000, 0x00000000d6480000, 0x0000000100000000)
  eden space 11264K, 100% used [0x00000000d5580000,0x00000000d6080000,0x00000000d6080000)
  from space 512K, 18% used [0x00000000d6380000,0x00000000d6398000,0x00000000d6400000)
  to   space 512K, 0% used [0x00000000d6400000,0x00000000d6400000,0x00000000d6480000)
 ParOldGen       total 68608K, used 54040K [0x0000000080000000, 0x0000000084300000, 0x00000000d5580000)
  object space 68608K, 78% used [0x0000000080000000,0x00000000834c6200,0x0000000084300000)
 Metaspace       used 71637K, committed 73152K, reserved 1114112K
  class space    used 8978K, committed 9664K, reserved 1048576K
}
Event: 3315.931 GC heap after
{Heap after GC invocations=91 (full 3):
 PSYoungGen      total 11776K, used 96K [0x00000000d5580000, 0x00000000d6480000, 0x0000000100000000)
  eden space 11264K, 0% used [0x00000000d5580000,0x00000000d5580000,0x00000000d6080000)
  from space 512K, 18% used [0x00000000d6400000,0x00000000d6418000,0x00000000d6480000)
  to   space 512K, 0% used [0x00000000d6380000,0x00000000d6380000,0x00000000d6400000)
 ParOldGen       total 68608K, used 54072K [0x0000000080000000, 0x0000000084300000, 0x00000000d5580000)
  object space 68608K, 78% used [0x0000000080000000,0x00000000834ce200,0x0000000084300000)
 Metaspace       used 71637K, committed 73152K, reserved 1114112K
  class space    used 8978K, committed 9664K, reserved 1048576K
}
Event: 3351.898 GC heap before
{Heap before GC invocations=92 (full 3):
 PSYoungGen      total 11776K, used 11360K [0x00000000d5580000, 0x00000000d6480000, 0x0000000100000000)
  eden space 11264K, 100% used [0x00000000d5580000,0x00000000d6080000,0x00000000d6080000)
  from space 512K, 18% used [0x00000000d6400000,0x00000000d6418000,0x00000000d6480000)
  to   space 512K, 0% used [0x00000000d6380000,0x00000000d6380000,0x00000000d6400000)
 ParOldGen       total 68608K, used 54072K [0x0000000080000000, 0x0000000084300000, 0x00000000d5580000)
  object space 68608K, 78% used [0x0000000080000000,0x00000000834ce200,0x0000000084300000)
 Metaspace       used 71637K, committed 73152K, reserved 1114112K
  class space    used 8978K, committed 9664K, reserved 1048576K
}
Event: 3351.911 GC heap after
{Heap after GC invocations=92 (full 3):
 PSYoungGen      total 11776K, used 128K [0x00000000d5580000, 0x00000000d6480000, 0x0000000100000000)
  eden space 11264K, 0% used [0x00000000d5580000,0x00000000d5580000,0x00000000d6080000)
  from space 512K, 25% used [0x00000000d6380000,0x00000000d63a0000,0x00000000d6400000)
  to   space 512K, 0% used [0x00000000d6400000,0x00000000d6400000,0x00000000d6480000)
 ParOldGen       total 68608K, used 54072K [0x0000000080000000, 0x0000000084300000, 0x00000000d5580000)
  object space 68608K, 78% used [0x0000000080000000,0x00000000834ce200,0x0000000084300000)
 Metaspace       used 71637K, committed 73152K, reserved 1114112K
  class space    used 8978K, committed 9664K, reserved 1048576K
}
Event: 3384.675 GC heap before
{Heap before GC invocations=93 (full 3):
 PSYoungGen      total 11776K, used 11392K [0x00000000d5580000, 0x00000000d6480000, 0x0000000100000000)
  eden space 11264K, 100% used [0x00000000d5580000,0x00000000d6080000,0x00000000d6080000)
  from space 512K, 25% used [0x00000000d6380000,0x00000000d63a0000,0x00000000d6400000)
  to   space 512K, 0% used [0x00000000d6400000,0x00000000d6400000,0x00000000d6480000)
 ParOldGen       total 68608K, used 54072K [0x0000000080000000, 0x0000000084300000, 0x00000000d5580000)
  object space 68608K, 78% used [0x0000000080000000,0x00000000834ce200,0x0000000084300000)
 Metaspace       used 71637K, committed 73152K, reserved 1114112K
  class space    used 8978K, committed 9664K, reserved 1048576K
}
Event: 3384.687 GC heap after
{Heap after GC invocations=93 (full 3):
 PSYoungGen      total 11776K, used 128K [0x00000000d5580000, 0x00000000d6480000, 0x0000000100000000)
  eden space 11264K, 0% used [0x00000000d5580000,0x00000000d5580000,0x00000000d6080000)
  from space 512K, 25% used [0x00000000d6400000,0x00000000d6420000,0x00000000d6480000)
  to   space 512K, 0% used [0x00000000d6380000,0x00000000d6380000,0x00000000d6400000)
 ParOldGen       total 68608K, used 54080K [0x0000000080000000, 0x0000000084300000, 0x00000000d5580000)
  object space 68608K, 78% used [0x0000000080000000,0x00000000834d0200,0x0000000084300000)
 Metaspace       used 71637K, committed 73152K, reserved 1114112K
  class space    used 8978K, committed 9664K, reserved 1048576K
}
Event: 4179.729 GC heap before
{Heap before GC invocations=94 (full 3):
 PSYoungGen      total 11776K, used 11392K [0x00000000d5580000, 0x00000000d6480000, 0x0000000100000000)
  eden space 11264K, 100% used [0x00000000d5580000,0x00000000d6080000,0x00000000d6080000)
  from space 512K, 25% used [0x00000000d6400000,0x00000000d6420000,0x00000000d6480000)
  to   space 512K, 0% used [0x00000000d6380000,0x00000000d6380000,0x00000000d6400000)
 ParOldGen       total 68608K, used 54080K [0x0000000080000000, 0x0000000084300000, 0x00000000d5580000)
  object space 68608K, 78% used [0x0000000080000000,0x00000000834d0200,0x0000000084300000)
 Metaspace       used 71790K, committed 73344K, reserved 1114112K
  class space    used 8993K, committed 9728K, reserved 1048576K
}
Event: 4179.823 GC heap after
{Heap after GC invocations=94 (full 3):
 PSYoungGen      total 11776K, used 304K [0x00000000d5580000, 0x00000000d6480000, 0x0000000100000000)
  eden space 11264K, 0% used [0x00000000d5580000,0x00000000d5580000,0x00000000d6080000)
  from space 512K, 59% used [0x00000000d6380000,0x00000000d63cc010,0x00000000d6400000)
  to   space 512K, 0% used [0x00000000d6400000,0x00000000d6400000,0x00000000d6480000)
 ParOldGen       total 68608K, used 54096K [0x0000000080000000, 0x0000000084300000, 0x00000000d5580000)
  object space 68608K, 78% used [0x0000000080000000,0x00000000834d4200,0x0000000084300000)
 Metaspace       used 71790K, committed 73344K, reserved 1114112K
  class space    used 8993K, committed 9728K, reserved 1048576K
}
Event: 4198.516 GC heap before
{Heap before GC invocations=95 (full 3):
 PSYoungGen      total 11776K, used 11568K [0x00000000d5580000, 0x00000000d6480000, 0x0000000100000000)
  eden space 11264K, 100% used [0x00000000d5580000,0x00000000d6080000,0x00000000d6080000)
  from space 512K, 59% used [0x00000000d6380000,0x00000000d63cc010,0x00000000d6400000)
  to   space 512K, 0% used [0x00000000d6400000,0x00000000d6400000,0x00000000d6480000)
 ParOldGen       total 68608K, used 54096K [0x0000000080000000, 0x0000000084300000, 0x00000000d5580000)
  object space 68608K, 78% used [0x0000000080000000,0x00000000834d4200,0x0000000084300000)
 Metaspace       used 71791K, committed 73344K, reserved 1114112K
  class space    used 8993K, committed 9728K, reserved 1048576K
}
Event: 4198.519 GC heap after
{Heap after GC invocations=95 (full 3):
 PSYoungGen      total 11776K, used 128K [0x00000000d5580000, 0x00000000d6480000, 0x0000000100000000)
  eden space 11264K, 0% used [0x00000000d5580000,0x00000000d5580000,0x00000000d6080000)
  from space 512K, 25% used [0x00000000d6400000,0x00000000d6420000,0x00000000d6480000)
  to   space 512K, 0% used [0x00000000d6380000,0x00000000d6380000,0x00000000d6400000)
 ParOldGen       total 68608K, used 54336K [0x0000000080000000, 0x0000000084300000, 0x00000000d5580000)
  object space 68608K, 79% used [0x0000000080000000,0x0000000083510240,0x0000000084300000)
 Metaspace       used 71791K, committed 73344K, reserved 1114112K
  class space    used 8993K, committed 9728K, reserved 1048576K
}
Event: 4221.394 GC heap before
{Heap before GC invocations=96 (full 3):
 PSYoungGen      total 11776K, used 11392K [0x00000000d5580000, 0x00000000d6480000, 0x0000000100000000)
  eden space 11264K, 100% used [0x00000000d5580000,0x00000000d6080000,0x00000000d6080000)
  from space 512K, 25% used [0x00000000d6400000,0x00000000d6420000,0x00000000d6480000)
  to   space 512K, 0% used [0x00000000d6380000,0x00000000d6380000,0x00000000d6400000)
 ParOldGen       total 68608K, used 54336K [0x0000000080000000, 0x0000000084300000, 0x00000000d5580000)
  object space 68608K, 79% used [0x0000000080000000,0x0000000083510240,0x0000000084300000)
 Metaspace       used 71792K, committed 73344K, reserved 1114112K
  class space    used 8993K, committed 9728K, reserved 1048576K
}
Event: 4221.427 GC heap after
{Heap after GC invocations=96 (full 3):
 PSYoungGen      total 11776K, used 96K [0x00000000d5580000, 0x00000000d6480000, 0x0000000100000000)
  eden space 11264K, 0% used [0x00000000d5580000,0x00000000d5580000,0x00000000d6080000)
  from space 512K, 18% used [0x00000000d6380000,0x00000000d6398000,0x00000000d6400000)
  to   space 512K, 0% used [0x00000000d6400000,0x00000000d6400000,0x00000000d6480000)
 ParOldGen       total 68608K, used 54360K [0x0000000080000000, 0x0000000084300000, 0x00000000d5580000)
  object space 68608K, 79% used [0x0000000080000000,0x0000000083516240,0x0000000084300000)
 Metaspace       used 71792K, committed 73344K, reserved 1114112K
  class space    used 8993K, committed 9728K, reserved 1048576K
}
Event: 4224.191 GC heap before
{Heap before GC invocations=97 (full 3):
 PSYoungGen      total 11776K, used 11360K [0x00000000d5580000, 0x00000000d6480000, 0x0000000100000000)
  eden space 11264K, 100% used [0x00000000d5580000,0x00000000d6080000,0x00000000d6080000)
  from space 512K, 18% used [0x00000000d6380000,0x00000000d6398000,0x00000000d6400000)
  to   space 512K, 0% used [0x00000000d6400000,0x00000000d6400000,0x00000000d6480000)
 ParOldGen       total 68608K, used 54360K [0x0000000080000000, 0x0000000084300000, 0x00000000d5580000)
  object space 68608K, 79% used [0x0000000080000000,0x0000000083516240,0x0000000084300000)
 Metaspace       used 71793K, committed 73344K, reserved 1114112K
  class space    used 8993K, committed 9728K, reserved 1048576K
}
Event: 4224.195 GC heap after
{Heap after GC invocations=97 (full 3):
 PSYoungGen      total 11776K, used 128K [0x00000000d5580000, 0x00000000d6480000, 0x0000000100000000)
  eden space 11264K, 0% used [0x00000000d5580000,0x00000000d5580000,0x00000000d6080000)
  from space 512K, 25% used [0x00000000d6400000,0x00000000d6420000,0x00000000d6480000)
  to   space 512K, 0% used [0x00000000d6380000,0x00000000d6380000,0x00000000d6400000)
 ParOldGen       total 68608K, used 54376K [0x0000000080000000, 0x0000000084300000, 0x00000000d5580000)
  object space 68608K, 79% used [0x0000000080000000,0x000000008351a240,0x0000000084300000)
 Metaspace       used 71793K, committed 73344K, reserved 1114112K
  class space    used 8993K, committed 9728K, reserved 1048576K
}
Event: 4276.673 GC heap before
{Heap before GC invocations=98 (full 3):
 PSYoungGen      total 11776K, used 11392K [0x00000000d5580000, 0x00000000d6480000, 0x0000000100000000)
  eden space 11264K, 100% used [0x00000000d5580000,0x00000000d6080000,0x00000000d6080000)
  from space 512K, 25% used [0x00000000d6400000,0x00000000d6420000,0x00000000d6480000)
  to   space 512K, 0% used [0x00000000d6380000,0x00000000d6380000,0x00000000d6400000)
 ParOldGen       total 68608K, used 54376K [0x0000000080000000, 0x0000000084300000, 0x00000000d5580000)
  object space 68608K, 79% used [0x0000000080000000,0x000000008351a240,0x0000000084300000)
 Metaspace       used 71812K, committed 73344K, reserved 1114112K
  class space    used 8993K, committed 9728K, reserved 1048576K
}
Event: 4276.728 GC heap after
{Heap after GC invocations=98 (full 3):
 PSYoungGen      total 11776K, used 128K [0x00000000d5580000, 0x00000000d6480000, 0x0000000100000000)
  eden space 11264K, 0% used [0x00000000d5580000,0x00000000d5580000,0x00000000d6080000)
  from space 512K, 25% used [0x00000000d6380000,0x00000000d63a0000,0x00000000d6400000)
  to   space 512K, 0% used [0x00000000d6400000,0x00000000d6400000,0x00000000d6480000)
 ParOldGen       total 68608K, used 54376K [0x0000000080000000, 0x0000000084300000, 0x00000000d5580000)
  object space 68608K, 79% used [0x0000000080000000,0x000000008351a240,0x0000000084300000)
 Metaspace       used 71812K, committed 73344K, reserved 1114112K
  class space    used 8993K, committed 9728K, reserved 1048576K
}

Dll operation events (15 events):
Event: 0.029 Loaded shared library c:\Users\dadig\.antigravity\extensions\redhat.java-1.50.0-win32-x64\jre\21.0.9-win32-x86_64\bin\java.dll
Event: 0.349 Loaded shared library c:\Users\dadig\.antigravity\extensions\redhat.java-1.50.0-win32-x64\jre\21.0.9-win32-x86_64\bin\zip.dll
Event: 0.591 Loaded shared library C:\Users\dadig\.antigravity\extensions\redhat.java-1.50.0-win32-x64\jre\21.0.9-win32-x86_64\bin\instrument.dll
Event: 0.645 Loaded shared library C:\Users\dadig\.antigravity\extensions\redhat.java-1.50.0-win32-x64\jre\21.0.9-win32-x86_64\bin\net.dll
Event: 0.651 Loaded shared library C:\Users\dadig\.antigravity\extensions\redhat.java-1.50.0-win32-x64\jre\21.0.9-win32-x86_64\bin\nio.dll
Event: 0.667 Loaded shared library C:\Users\dadig\.antigravity\extensions\redhat.java-1.50.0-win32-x64\jre\21.0.9-win32-x86_64\bin\zip.dll
Event: 0.879 Loaded shared library C:\Users\dadig\.antigravity\extensions\redhat.java-1.50.0-win32-x64\jre\21.0.9-win32-x86_64\bin\jimage.dll
Event: 1.575 Loaded shared library c:\Users\dadig\.antigravity\extensions\redhat.java-1.50.0-win32-x64\jre\21.0.9-win32-x86_64\bin\verify.dll
Event: 34.879 Loaded shared library C:\Users\dadig\AppData\Roaming\Antigravity\User\globalStorage\redhat.java\1.50.0\config_win\org.eclipse.equinox.launcher\org.eclipse.equinox.launcher.win32.win32.x86_64_1.2.1400.v20250801-0854\eclipse_11916.dll
Event: 61.794 Loaded shared library C:\Users\dadig\.antigravity\extensions\redhat.java-1.50.0-win32-x64\jre\21.0.9-win32-x86_64\bin\management.dll
Event: 61.801 Loaded shared library C:\Users\dadig\.antigravity\extensions\redhat.java-1.50.0-win32-x64\jre\21.0.9-win32-x86_64\bin\management_ext.dll
Event: 62.103 Loaded shared library C:\Users\dadig\AppData\Local\Temp\jna-95341285\jna10809423457127987064.dll
Event: 68.560 Loaded shared library C:\Users\dadig\.gradle\native\1def1411415f61bf3af743bc5b6707747c0891f09f0c88961ee8f79bc544acac\windows-amd64\native-platform.dll
Event: 76.076 Loaded shared library C:\Users\dadig\.antigravity\extensions\redhat.java-1.50.0-win32-x64\jre\21.0.9-win32-x86_64\bin\extnet.dll
Event: 81.835 Loaded shared library C:\Users\dadig\.antigravity\extensions\redhat.java-1.50.0-win32-x64\jre\21.0.9-win32-x86_64\bin\sunmscapi.dll

Deoptimization events (20 events):
Event: 4160.313 Thread 0x000001cc8ed93e50 Uncommon trap: trap_request=0xffffffde fr.pc=0x000001cc3891c824 relative=0x00000000000002c4
Event: 4160.313 Thread 0x000001cc8ed93e50 Uncommon trap: reason=class_check action=maybe_recompile pc=0x000001cc3891c824 method=org.eclipse.core.runtime.ProgressMonitorWrapper.isCanceled()Z @ 4 c2
Event: 4160.313 Thread 0x000001cc8ed93e50 DEOPT PACKING pc=0x000001cc3891c824 sp=0x00000076957fe130
Event: 4160.313 Thread 0x000001cc8ed93e50 DEOPT UNPACKING pc=0x000001cc37f43aa2 sp=0x00000076957fde38 mode 2
Event: 4280.424 Thread 0x000001cc8ed93e50 Uncommon trap: trap_request=0xfffffff4 fr.pc=0x000001cc38a3ab5c relative=0x000000000000077c
Event: 4280.424 Thread 0x000001cc8ed93e50 Uncommon trap: reason=null_check action=make_not_entrant pc=0x000001cc38a3ab5c method=java.io.ObjectStreamClass.getField(Ljava/lang/String;Ljava/lang/Class;)Ljava/io/ObjectStreamField; @ 67 c2
Event: 4280.425 Thread 0x000001cc8ed93e50 DEOPT PACKING pc=0x000001cc38a3ab5c sp=0x00000076957fdac0
Event: 4280.426 Thread 0x000001cc8ed93e50 DEOPT UNPACKING pc=0x000001cc37f43aa2 sp=0x00000076957fd9f8 mode 2
Event: 4280.469 Thread 0x000001cc8ed93e50 Uncommon trap: trap_request=0xfffffff4 fr.pc=0x000001cc38a39ce8 relative=0x0000000000000788
Event: 4280.469 Thread 0x000001cc8ed93e50 Uncommon trap: reason=null_check action=make_not_entrant pc=0x000001cc38a39ce8 method=java.io.ObjectStreamClass.getField(Ljava/lang/String;Ljava/lang/Class;)Ljava/io/ObjectStreamField; @ 67 c2
Event: 4280.469 Thread 0x000001cc8ed93e50 DEOPT PACKING pc=0x000001cc38a39ce8 sp=0x00000076957fc4e0
Event: 4280.470 Thread 0x000001cc8ed93e50 DEOPT UNPACKING pc=0x000001cc37f43aa2 sp=0x00000076957fc480 mode 2
Event: 4282.030 Thread 0x000001cc8ed91060 DEOPT PACKING pc=0x000001cc31a4b62b sp=0x0000007696dff3b0
Event: 4282.030 Thread 0x000001cc8ed91060 DEOPT UNPACKING pc=0x000001cc37f44242 sp=0x0000007696dfe898 mode 0
Event: 4282.829 Thread 0x000001cc8a64d460 Uncommon trap: trap_request=0xffffffde fr.pc=0x000001cc38584bf0 relative=0x0000000000000490
Event: 4282.829 Thread 0x000001cc8a64d460 Uncommon trap: reason=class_check action=maybe_recompile pc=0x000001cc38584bf0 method=java.util.AbstractMap.hashCode()I @ 3 c2
Event: 4282.830 Thread 0x000001cc8a64d460 DEOPT PACKING pc=0x000001cc38584bf0 sp=0x00000076958fe8f0
Event: 4282.830 Thread 0x000001cc8a64d460 DEOPT UNPACKING pc=0x000001cc37f43aa2 sp=0x00000076958fe898 mode 2
Event: 4912.068 Thread 0x000001cc8ed91d80 DEOPT PACKING pc=0x000001cc31a4b62b sp=0x0000007696cff020
Event: 4912.091 Thread 0x000001cc8ed91d80 DEOPT UNPACKING pc=0x000001cc37f44242 sp=0x0000007696cfe508 mode 0

Classes loaded (20 events):
Event: 182.577 Loading class java/util/stream/ReduceOps$1ReducingSink
Event: 182.579 Loading class java/util/stream/ReduceOps$1ReducingSink done
Event: 182.606 Loading class java/nio/file/InvalidPathException
Event: 182.606 Loading class java/nio/file/InvalidPathException done
Event: 182.689 Loading class java/io/SequenceInputStream
Event: 182.690 Loading class java/io/SequenceInputStream done
Event: 182.985 Loading class java/util/concurrent/CompletableFuture$UniApply
Event: 182.985 Loading class java/util/concurrent/CompletableFuture$UniCompletion
Event: 182.985 Loading class java/util/concurrent/CompletableFuture$UniCompletion done
Event: 182.986 Loading class java/util/concurrent/CompletableFuture$UniApply done
Event: 182.987 Loading class java/util/concurrent/CompletableFuture$UniAccept
Event: 182.988 Loading class java/util/concurrent/CompletableFuture$UniAccept done
Event: 182.988 Loading class java/util/concurrent/CompletableFuture$UniExceptionally
Event: 182.988 Loading class java/util/concurrent/CompletableFuture$UniExceptionally done
Event: 2602.399 Loading class java/util/stream/DistinctOps
Event: 2602.438 Loading class java/util/stream/DistinctOps done
Event: 2602.441 Loading class java/util/stream/DistinctOps$1
Event: 2603.121 Loading class java/util/stream/DistinctOps$1 done
Event: 2604.872 Loading class java/util/stream/DistinctOps$1$2
Event: 2604.890 Loading class java/util/stream/DistinctOps$1$2 done

Classes unloaded (13 events):
Event: 60.744 Thread 0x000001cc2d87e420 Unloading class 0x000001cc461a7000 'java/lang/invoke/LambdaForm$MH+0x000001cc461a7000'
Event: 60.745 Thread 0x000001cc2d87e420 Unloading class 0x000001cc461a6c00 'java/lang/invoke/LambdaForm$MH+0x000001cc461a6c00'
Event: 60.745 Thread 0x000001cc2d87e420 Unloading class 0x000001cc461a6800 'java/lang/invoke/LambdaForm$MH+0x000001cc461a6800'
Event: 60.745 Thread 0x000001cc2d87e420 Unloading class 0x000001cc461a6400 'java/lang/invoke/LambdaForm$MH+0x000001cc461a6400'
Event: 60.745 Thread 0x000001cc2d87e420 Unloading class 0x000001cc461a6000 'java/lang/invoke/LambdaForm$BMH+0x000001cc461a6000'
Event: 60.745 Thread 0x000001cc2d87e420 Unloading class 0x000001cc461a5c00 'java/lang/invoke/LambdaForm$DMH+0x000001cc461a5c00'
Event: 60.745 Thread 0x000001cc2d87e420 Unloading class 0x000001cc461a4800 'java/lang/invoke/LambdaForm$DMH+0x000001cc461a4800'
Event: 62.606 Thread 0x000001cc2d87e420 Unloading class 0x000001cc462e7800 'java/lang/invoke/LambdaForm$MH+0x000001cc462e7800'
Event: 62.606 Thread 0x000001cc2d87e420 Unloading class 0x000001cc462e7000 'java/lang/invoke/LambdaForm$MH+0x000001cc462e7000'
Event: 62.606 Thread 0x000001cc2d87e420 Unloading class 0x000001cc462e6400 'java/lang/invoke/LambdaForm$MH+0x000001cc462e6400'
Event: 62.606 Thread 0x000001cc2d87e420 Unloading class 0x000001cc462e6000 'java/lang/invoke/LambdaForm$MH+0x000001cc462e6000'
Event: 62.606 Thread 0x000001cc2d87e420 Unloading class 0x000001cc462e5400 'java/lang/invoke/LambdaForm$DMH+0x000001cc462e5400'
Event: 62.606 Thread 0x000001cc2d87e420 Unloading class 0x000001cc462e5000 'java/lang/invoke/LambdaForm$MH+0x000001cc462e5000'

Classes redefined (0 events):
No events

Internal exceptions (20 events):
Event: 182.230 Thread 0x000001cc8d2fc8e0 Exception <a 'sun/nio/fs/WindowsException'{0x00000000d5f08890}> (0x00000000d5f08890) 
thrown [s\src\hotspot\share\prims\jni.cpp, line 520]
Event: 182.233 Thread 0x000001cc8d2fc8e0 Exception <a 'sun/nio/fs/WindowsException'{0x00000000d5f18858}> (0x00000000d5f18858) 
thrown [s\src\hotspot\share\prims\jni.cpp, line 520]
Event: 182.233 Thread 0x000001cc8d2fc8e0 Exception <a 'sun/nio/fs/WindowsException'{0x00000000d5f211c0}> (0x00000000d5f211c0) 
thrown [s\src\hotspot\share\prims\jni.cpp, line 520]
Event: 182.308 Thread 0x000001cc8a64d460 Exception <a 'java/lang/NoSuchMethodError'{0x00000000d559a3a8}: 'java.lang.Object java.lang.invoke.DirectMethodHandle$Holder.newInvokeSpecial(java.lang.Object, java.lang.Object, java.lang.Object, java.lang.Object, java.lang.Object, java.lang.Object, java.lang.Object, java.lang.Object)'> (0x00000000d559a3a8) 
thrown [s\src\hotspot\share\interpreter\linkResolver.cpp, line 773]
Event: 182.318 Thread 0x000001cc8a64d460 Exception <a 'sun/nio/fs/WindowsException'{0x00000000d561c990}> (0x00000000d561c990) 
thrown [s\src\hotspot\share\prims\jni.cpp, line 520]
Event: 182.321 Thread 0x000001cc8a64d460 Exception <a 'sun/nio/fs/WindowsException'{0x00000000d5621ce8}> (0x00000000d5621ce8) 
thrown [s\src\hotspot\share\prims\jni.cpp, line 520]
Event: 182.634 Thread 0x000001cc8a64cdd0 Exception <a 'java/lang/NoSuchMethodError'{0x00000000d5a21210}: 'java.lang.Object java.lang.invoke.DirectMethodHandle$Holder.invokeStatic(java.lang.Object, java.lang.Object, int, java.lang.Object)'> (0x00000000d5a21210) 
thrown [s\src\hotspot\share\interpreter\linkResolver.cpp, line 773]
Event: 182.766 Thread 0x000001cc8a64cdd0 Exception <a 'java/io/FileNotFoundException'{0x00000000d5cdbd78}> (0x00000000d5cdbd78) 
thrown [s\src\hotspot\share\prims\jni.cpp, line 520]
Event: 182.767 Thread 0x000001cc8a64cdd0 Exception <a 'java/io/FileNotFoundException'{0x00000000d5cdcd60}> (0x00000000d5cdcd60) 
thrown [s\src\hotspot\share\prims\jni.cpp, line 520]
Event: 182.974 Thread 0x000001cc8d2fc8e0 Exception <a 'java/lang/IncompatibleClassChangeError'{0x00000000d5d2b900}: Found class java.lang.Object, but interface was expected> (0x00000000d5d2b900) 
thrown [s\src\hotspot\share\interpreter\linkResolver.cpp, line 840]
Event: 3414.468 Thread 0x000001cc8d2fc250 Implicit null exception at 0x000001cc3881758d to 0x000001cc388178d8
Event: 4104.618 Thread 0x000001cc8a64d460 Implicit null exception at 0x000001cc38af5af0 to 0x000001cc38af5ba8
Event: 4107.096 Thread 0x000001cc8d2fc8e0 Exception <a 'java/lang/IncompatibleClassChangeError'{0x00000000d59e40e8}: Found class java.lang.Object, but interface was expected> (0x00000000d59e40e8) 
thrown [s\src\hotspot\share\interpreter\linkResolver.cpp, line 840]
Event: 4107.726 Thread 0x000001cc8d2fc8e0 Exception <a 'sun/nio/fs/WindowsException'{0x00000000d5a9b7e0}> (0x00000000d5a9b7e0) 
thrown [s\src\hotspot\share\prims\jni.cpp, line 520]
Event: 4107.730 Thread 0x000001cc8d2fc8e0 Exception <a 'sun/nio/fs/WindowsException'{0x00000000d5a9bfe0}> (0x00000000d5a9bfe0) 
thrown [s\src\hotspot\share\prims\jni.cpp, line 520]
Event: 4107.741 Thread 0x000001cc8d2fc8e0 Exception <a 'sun/nio/fs/WindowsException'{0x00000000d5a9d278}> (0x00000000d5a9d278) 
thrown [s\src\hotspot\share\prims\jni.cpp, line 520]
Event: 4107.741 Thread 0x000001cc8d2fc8e0 Exception <a 'sun/nio/fs/WindowsException'{0x00000000d5a9dce8}> (0x00000000d5a9dce8) 
thrown [s\src\hotspot\share\prims\jni.cpp, line 520]
Event: 4279.150 Thread 0x000001cc8ed93e50 Exception <a 'java/lang/NoSuchMethodError'{0x00000000d574db48}: static Lorg/gradle/internal/build/event/types/DefaultTaskFailureResult;.<clinit>()V> (0x00000000d574db48) 
thrown [s\src\hotspot\share\prims\jni.cpp, line 1111]
Event: 4280.424 Thread 0x000001cc8ed93e50 Implicit null exception at 0x000001cc38a3a6a0 to 0x000001cc38a3ab28
Event: 4280.469 Thread 0x000001cc8ed93e50 Implicit null exception at 0x000001cc38a39840 to 0x000001cc38a39cb4

ZGC Phase Switch (0 events):
No events

VM Operations (20 events):
Event: 4690.684 Executing VM operation: HandshakeAllThreads (HandshakeForDeflation)
Event: 4690.692 Executing VM operation: HandshakeAllThreads (HandshakeForDeflation) done
Event: 4690.693 Executing VM operation: RendezvousGCThreads
Event: 4690.693 Executing VM operation: RendezvousGCThreads done
Event: 4750.894 Executing VM operation: HandshakeAllThreads (HandshakeForDeflation)
Event: 4750.900 Executing VM operation: HandshakeAllThreads (HandshakeForDeflation) done
Event: 4750.900 Executing VM operation: RendezvousGCThreads
Event: 4750.901 Executing VM operation: RendezvousGCThreads done
Event: 4811.040 Executing VM operation: HandshakeAllThreads (HandshakeForDeflation)
Event: 4811.071 Executing VM operation: HandshakeAllThreads (HandshakeForDeflation) done
Event: 4811.072 Executing VM operation: RendezvousGCThreads
Event: 4811.074 Executing VM operation: RendezvousGCThreads done
Event: 4871.496 Executing VM operation: HandshakeAllThreads (HandshakeForDeflation)
Event: 4871.558 Executing VM operation: HandshakeAllThreads (HandshakeForDeflation) done
Event: 4871.558 Executing VM operation: RendezvousGCThreads
Event: 4871.563 Executing VM operation: RendezvousGCThreads done
Event: 4931.220 Executing VM operation: HandshakeAllThreads (HandshakeForDeflation)
Event: 4931.280 Executing VM operation: HandshakeAllThreads (HandshakeForDeflation) done
Event: 4931.284 Executing VM operation: RendezvousGCThreads
Event: 4931.286 Executing VM operation: RendezvousGCThreads done

Memory protections (0 events):
No events

Nmethod flushes (20 events):
Event: 73.281 Thread 0x000001cc2d87e420 flushing  nmethod 0x000001cc31331790
Event: 73.281 Thread 0x000001cc2d87e420 flushing  nmethod 0x000001cc31334c90
Event: 73.281 Thread 0x000001cc2d87e420 flushing  nmethod 0x000001cc31335e90
Event: 73.281 Thread 0x000001cc2d87e420 flushing  nmethod 0x000001cc31336e10
Event: 73.281 Thread 0x000001cc2d87e420 flushing  nmethod 0x000001cc31338690
Event: 73.281 Thread 0x000001cc2d87e420 flushing  nmethod 0x000001cc31338e10
Event: 73.281 Thread 0x000001cc2d87e420 flushing  nmethod 0x000001cc3133d490
Event: 73.281 Thread 0x000001cc2d87e420 flushing  nmethod 0x000001cc31341f10
Event: 73.281 Thread 0x000001cc2d87e420 flushing  nmethod 0x000001cc31342810
Event: 73.281 Thread 0x000001cc2d87e420 flushing  nmethod 0x000001cc31342e10
Event: 73.281 Thread 0x000001cc2d87e420 flushing  nmethod 0x000001cc31344390
Event: 73.281 Thread 0x000001cc2d87e420 flushing  nmethod 0x000001cc31344890
Event: 73.281 Thread 0x000001cc2d87e420 flushing  nmethod 0x000001cc31345790
Event: 73.281 Thread 0x000001cc2d87e420 flushing  nmethod 0x000001cc31345b10
Event: 73.281 Thread 0x000001cc2d87e420 flushing  nmethod 0x000001cc31346090
Event: 73.281 Thread 0x000001cc2d87e420 flushing  nmethod 0x000001cc31348810
Event: 73.281 Thread 0x000001cc2d87e420 flushing  nmethod 0x000001cc3134a610
Event: 73.281 Thread 0x000001cc2d87e420 flushing  nmethod 0x000001cc3134aa10
Event: 73.281 Thread 0x000001cc2d87e420 flushing  nmethod 0x000001cc3134b090
Event: 73.281 Thread 0x000001cc2d87e420 flushing  nmethod 0x000001cc31350190

Events (20 events):
Event: 4108.980 Thread 0x000001cc8ed97960 Thread added: 0x000001cc8ed944e0
Event: 4108.983 Thread 0x000001cc8ed97960 Thread added: 0x000001cc8ed98680
Event: 4111.133 Thread 0x000001cc8ed93e50 Thread added: 0x000001cc8ed97ff0
Event: 4111.183 Thread 0x000001cc8ed97ff0 Thread added: 0x000001cc8ed95200
Event: 4111.184 Thread 0x000001cc8ed97ff0 Thread added: 0x000001cc8d2fa180
Event: 4111.227 Thread 0x000001cc8ed95200 Thread exited: 0x000001cc8ed95200
Event: 4111.964 Thread 0x000001cc8d2fc8e0 Thread added: 0x000001cc8d2fa810
Event: 4141.473 Thread 0x000001cc8ed97ff0 Thread exited: 0x000001cc8ed97ff0
Event: 4141.474 Thread 0x000001cc8d2fa180 Thread exited: 0x000001cc8d2fa180
Event: 4170.361 Thread 0x000001cc8ed98680 Thread exited: 0x000001cc8ed98680
Event: 4170.362 Thread 0x000001cc8ed944e0 Thread exited: 0x000001cc8ed944e0
Event: 4170.370 Thread 0x000001cc8ed97960 Thread exited: 0x000001cc8ed97960
Event: 4173.485 Thread 0x000001cc8d2fa810 Thread exited: 0x000001cc8d2fa810
Event: 4280.581 Thread 0x000001cc8ed95f20 Thread exited: 0x000001cc8ed95f20
Event: 4281.682 Thread 0x000001cc8ed93e50 Thread exited: 0x000001cc8ed93e50
Event: 4342.426 Thread 0x000001cc8ed95890 Thread exited: 0x000001cc8ed95890
Event: 4411.898 Thread 0x000001cc8ed972d0 Thread added: 0x000001cc8d2fa810
Event: 4411.930 Thread 0x000001cc8d2fa810 Thread exited: 0x000001cc8d2fa810
Event: 4411.970 Thread 0x000001cc8ed972d0 Thread added: 0x000001cc8d2fd600
Event: 4411.996 Thread 0x000001cc8d2fd600 Thread exited: 0x000001cc8d2fd600


Dynamic libraries:
0x00007ff723e60000 - 0x00007ff723e6e000 	c:\Users\dadig\.antigravity\extensions\redhat.java-1.50.0-win32-x64\jre\21.0.9-win32-x86_64\bin\java.exe
0x00007ffb1e900000 - 0x00007ffb1eb67000 	C:\WINDOWS\SYSTEM32\ntdll.dll
0x00007ffb1db30000 - 0x00007ffb1dbf9000 	C:\WINDOWS\System32\KERNEL32.DLL
0x00007ffb1c150000 - 0x00007ffb1c53f000 	C:\WINDOWS\System32\KERNELBASE.dll
0x00007ffb1bf50000 - 0x00007ffb1c09b000 	C:\WINDOWS\System32\ucrtbase.dll
0x00007ffaeb140000 - 0x00007ffaeb158000 	c:\Users\dadig\.antigravity\extensions\redhat.java-1.50.0-win32-x64\jre\21.0.9-win32-x86_64\bin\jli.dll
0x00007ffb1cb10000 - 0x00007ffb1ccd5000 	C:\WINDOWS\System32\USER32.dll
0x00007ffb1ba50000 - 0x00007ffb1ba77000 	C:\WINDOWS\System32\win32u.dll
0x00007ffb1d320000 - 0x00007ffb1d34b000 	C:\WINDOWS\System32\GDI32.dll
0x00007ffb1be20000 - 0x00007ffb1bf4c000 	C:\WINDOWS\System32\gdi32full.dll
0x00007ffb1c0a0000 - 0x00007ffb1c143000 	C:\WINDOWS\System32\msvcp_win.dll
0x00007ffaec8f0000 - 0x00007ffaec90e000 	c:\Users\dadig\.antigravity\extensions\redhat.java-1.50.0-win32-x64\jre\21.0.9-win32-x86_64\bin\VCRUNTIME140.dll
0x00007ffb0c7f0000 - 0x00007ffb0ca83000 	C:\WINDOWS\WinSxS\amd64_microsoft.windows.common-controls_6595b64144ccf1df_6.0.26100.7309_none_3e05feeae336a044\COMCTL32.dll
0x00007ffb1e1a0000 - 0x00007ffb1e249000 	C:\WINDOWS\System32\msvcrt.dll
0x00007ffb1e880000 - 0x00007ffb1e8b1000 	C:\WINDOWS\System32\IMM32.DLL
0x00007ffaebc20000 - 0x00007ffaebc2c000 	c:\Users\dadig\.antigravity\extensions\redhat.java-1.50.0-win32-x64\jre\21.0.9-win32-x86_64\bin\vcruntime140_1.dll
0x00007ffad7290000 - 0x00007ffad731d000 	c:\Users\dadig\.antigravity\extensions\redhat.java-1.50.0-win32-x64\jre\21.0.9-win32-x86_64\bin\msvcp140.dll
0x00007ffa9fc60000 - 0x00007ffaa0a00000 	c:\Users\dadig\.antigravity\extensions\redhat.java-1.50.0-win32-x64\jre\21.0.9-win32-x86_64\bin\server\jvm.dll
0x00007ffb1e250000 - 0x00007ffb1e304000 	C:\WINDOWS\System32\ADVAPI32.dll
0x00007ffb1e5b0000 - 0x00007ffb1e656000 	C:\WINDOWS\System32\sechost.dll
0x00007ffb1dce0000 - 0x00007ffb1ddf8000 	C:\WINDOWS\System32\RPCRT4.dll
0x00007ffb1dab0000 - 0x00007ffb1db24000 	C:\WINDOWS\System32\WS2_32.dll
0x00007ffb1b8b0000 - 0x00007ffb1b90e000 	C:\WINDOWS\SYSTEM32\POWRPROF.dll
0x00007ffb154d0000 - 0x00007ffb15505000 	C:\WINDOWS\SYSTEM32\WINMM.dll
0x00007ffb19410000 - 0x00007ffb1941b000 	C:\WINDOWS\SYSTEM32\VERSION.dll
0x00007ffb1b890000 - 0x00007ffb1b8a4000 	C:\WINDOWS\SYSTEM32\UMPDC.dll
0x00007ffb1a800000 - 0x00007ffb1a81b000 	C:\WINDOWS\SYSTEM32\kernel.appcore.dll
0x00007ffaeae40000 - 0x00007ffaeae4a000 	c:\Users\dadig\.antigravity\extensions\redhat.java-1.50.0-win32-x64\jre\21.0.9-win32-x86_64\bin\jimage.dll
0x00007ffb108f0000 - 0x00007ffb10b32000 	C:\WINDOWS\SYSTEM32\DBGHELP.DLL
0x00007ffb1de00000 - 0x00007ffb1e185000 	C:\WINDOWS\System32\combase.dll
0x00007ffb1dc00000 - 0x00007ffb1dcd6000 	C:\WINDOWS\System32\OLEAUT32.dll
0x00007ffafc8b0000 - 0x00007ffafc8ec000 	C:\WINDOWS\SYSTEM32\dbgcore.DLL
0x00007ffb1bbf0000 - 0x00007ffb1bc95000 	C:\WINDOWS\System32\bcryptPrimitives.dll
0x00007ffae8a80000 - 0x00007ffae8a8f000 	c:\Users\dadig\.antigravity\extensions\redhat.java-1.50.0-win32-x64\jre\21.0.9-win32-x86_64\bin\instrument.dll
0x00007ffae8a20000 - 0x00007ffae8a40000 	c:\Users\dadig\.antigravity\extensions\redhat.java-1.50.0-win32-x64\jre\21.0.9-win32-x86_64\bin\java.dll
0x00007ffb1d350000 - 0x00007ffb1daa3000 	C:\WINDOWS\System32\SHELL32.dll
0x00007ffb1ba80000 - 0x00007ffb1bbea000 	C:\WINDOWS\System32\wintypes.dll
0x00007ffb19690000 - 0x00007ffb19eee000 	C:\WINDOWS\SYSTEM32\windows.storage.dll
0x00007ffb1d1a0000 - 0x00007ffb1d295000 	C:\WINDOWS\System32\SHCORE.dll
0x00007ffb1e670000 - 0x00007ffb1e6d6000 	C:\WINDOWS\System32\shlwapi.dll
0x00007ffb1b970000 - 0x00007ffb1b999000 	C:\WINDOWS\SYSTEM32\profapi.dll
0x00007ffae8a00000 - 0x00007ffae8a18000 	c:\Users\dadig\.antigravity\extensions\redhat.java-1.50.0-win32-x64\jre\21.0.9-win32-x86_64\bin\zip.dll
0x00007ffae89f0000 - 0x00007ffae8a00000 	C:\Users\dadig\.antigravity\extensions\redhat.java-1.50.0-win32-x64\jre\21.0.9-win32-x86_64\bin\net.dll
0x00007ffb124e0000 - 0x00007ffb12608000 	C:\WINDOWS\SYSTEM32\WINHTTP.dll
0x00007ffb1ad70000 - 0x00007ffb1addb000 	C:\WINDOWS\system32\mswsock.dll
0x00007ffae89d0000 - 0x00007ffae89e6000 	C:\Users\dadig\.antigravity\extensions\redhat.java-1.50.0-win32-x64\jre\21.0.9-win32-x86_64\bin\nio.dll
0x00007ffae89c0000 - 0x00007ffae89d0000 	c:\Users\dadig\.antigravity\extensions\redhat.java-1.50.0-win32-x64\jre\21.0.9-win32-x86_64\bin\verify.dll
0x00007ffad4460000 - 0x00007ffad44a4000 	C:\Users\dadig\AppData\Roaming\Antigravity\User\globalStorage\redhat.java\1.50.0\config_win\org.eclipse.equinox.launcher\org.eclipse.equinox.launcher.win32.win32.x86_64_1.2.1400.v20250801-0854\eclipse_11916.dll
0x00007ffb1e6e0000 - 0x00007ffb1e877000 	C:\WINDOWS\System32\ole32.dll
0x00007ffb1b030000 - 0x00007ffb1b04b000 	C:\WINDOWS\SYSTEM32\CRYPTSP.dll
0x00007ffb1a760000 - 0x00007ffb1a79a000 	C:\WINDOWS\system32\rsaenh.dll
0x00007ffb1ae20000 - 0x00007ffb1ae4b000 	C:\WINDOWS\SYSTEM32\USERENV.dll
0x00007ffb1b940000 - 0x00007ffb1b96a000 	C:\WINDOWS\SYSTEM32\bcrypt.dll
0x00007ffb1b050000 - 0x00007ffb1b05c000 	C:\WINDOWS\SYSTEM32\CRYPTBASE.dll
0x00007ffb1a260000 - 0x00007ffb1a294000 	C:\WINDOWS\SYSTEM32\IPHLPAPI.DLL
0x00007ffb1e190000 - 0x00007ffb1e19a000 	C:\WINDOWS\System32\NSI.dll
0x00007ffb07520000 - 0x00007ffb0752a000 	C:\Users\dadig\.antigravity\extensions\redhat.java-1.50.0-win32-x64\jre\21.0.9-win32-x86_64\bin\management.dll
0x00007ffae8ac0000 - 0x00007ffae8acc000 	C:\Users\dadig\.antigravity\extensions\redhat.java-1.50.0-win32-x64\jre\21.0.9-win32-x86_64\bin\management_ext.dll
0x00007ffb1cb00000 - 0x00007ffb1cb08000 	C:\WINDOWS\System32\PSAPI.DLL
0x00007ffae8580000 - 0x00007ffae85c9000 	C:\Users\dadig\AppData\Local\Temp\jna-95341285\jna10809423457127987064.dll
0x00007ffb123c0000 - 0x00007ffb123de000 	C:\WINDOWS\SYSTEM32\dhcpcsvc6.DLL
0x00007ffb12390000 - 0x00007ffb123b3000 	C:\WINDOWS\SYSTEM32\dhcpcsvc.DLL
0x00007ffae5ed0000 - 0x00007ffae5ef7000 	C:\Users\dadig\.gradle\native\1def1411415f61bf3af743bc5b6707747c0891f09f0c88961ee8f79bc544acac\windows-amd64\native-platform.dll
0x00007ffadd9c0000 - 0x00007ffadd9c9000 	C:\Users\dadig\.antigravity\extensions\redhat.java-1.50.0-win32-x64\jre\21.0.9-win32-x86_64\bin\extnet.dll
0x00007ffb18830000 - 0x00007ffb188cf000 	C:\WINDOWS\system32\apphelp.dll
0x00007ffae8940000 - 0x00007ffae894e000 	C:\Users\dadig\.antigravity\extensions\redhat.java-1.50.0-win32-x64\jre\21.0.9-win32-x86_64\bin\sunmscapi.dll
0x00007ffb1bca0000 - 0x00007ffb1be17000 	C:\WINDOWS\System32\CRYPT32.dll
0x00007ffb1b1d0000 - 0x00007ffb1b200000 	C:\WINDOWS\SYSTEM32\ncrypt.dll
0x00007ffb1b180000 - 0x00007ffb1b1bf000 	C:\WINDOWS\SYSTEM32\NTASN1.dll
0x00007ffae8930000 - 0x00007ffae8938000 	C:\WINDOWS\system32\wshunix.dll
0x00007ffb1a300000 - 0x00007ffb1a42c000 	C:\WINDOWS\SYSTEM32\DNSAPI.dll
0x00007ffaffe30000 - 0x00007ffaffe3b000 	C:\Windows\System32\rasadhlp.dll
0x00007ffb10510000 - 0x00007ffb10596000 	C:\WINDOWS\System32\fwpuclnt.dll

JVMTI agents:
c:\Users\dadig\.antigravity\extensions\redhat.java-1.50.0-win32-x64\lombok\lombok-1.18.39-4050.jar path:c:\Users\dadig\.antigravity\extensions\redhat.java-1.50.0-win32-x64\jre\21.0.9-win32-x86_64\bin\instrument.dll, loaded, initialized, instrumentlib options:none

dbghelp: loaded successfully - version: 4.0.5 - missing functions: none
symbol engine: initialized successfully - sym options: 0x614 - pdb path: .;c:\Users\dadig\.antigravity\extensions\redhat.java-1.50.0-win32-x64\jre\21.0.9-win32-x86_64\bin;C:\WINDOWS\SYSTEM32;C:\WINDOWS\WinSxS\amd64_microsoft.windows.common-controls_6595b64144ccf1df_6.0.26100.7309_none_3e05feeae336a044;c:\Users\dadig\.antigravity\extensions\redhat.java-1.50.0-win32-x64\jre\21.0.9-win32-x86_64\bin\server;C:\Users\dadig\AppData\Roaming\Antigravity\User\globalStorage\redhat.java\1.50.0\config_win\org.eclipse.equinox.launcher\org.eclipse.equinox.launcher.win32.win32.x86_64_1.2.1400.v20250801-0854;C:\Users\dadig\AppData\Local\Temp\jna-95341285;C:\Users\dadig\.gradle\native\1def1411415f61bf3af743bc5b6707747c0891f09f0c88961ee8f79bc544acac\windows-amd64

VM Arguments:
jvm_args: --add-modules=ALL-SYSTEM --add-opens=java.base/java.util=ALL-UNNAMED --add-opens=java.base/java.lang=ALL-UNNAMED --add-opens=java.base/sun.nio.fs=ALL-UNNAMED -Declipse.application=org.eclipse.jdt.ls.core.id1 -Dosgi.bundles.defaultStartLevel=4 -Declipse.product=org.eclipse.jdt.ls.core.product -Djava.import.generatesMetadataFilesAtProjectRoot=false -DDetectVMInstallationsJob.disabled=true -Dfile.encoding=utf8 -XX:+UseParallelGC -XX:GCTimeRatio=4 -XX:AdaptiveSizePolicyWeight=90 -Dsun.zip.disableMemoryMapping=true -Xmx2G -Xms100m -Xlog:disable -javaagent:c:\Users\dadig\.antigravity\extensions\redhat.java-1.50.0-win32-x64\lombok\lombok-1.18.39-4050.jar -XX:+HeapDumpOnOutOfMemoryError -XX:HeapDumpPath=c:\Users\dadig\AppData\Roaming\Antigravity\User\workspaceStorage\62095a4e5875a9a9aec93d5e91d77f3c\redhat.java -Daether.dependencyCollector.impl=bf 
java_command: c:\Users\dadig\.antigravity\extensions\redhat.java-1.50.0-win32-x64\server\plugins\org.eclipse.equinox.launcher_1.7.100.v20251111-0406.jar -configuration c:\Users\dadig\AppData\Roaming\Antigravity\User\globalStorage\redhat.java\1.50.0\config_win -data c:\Users\dadig\AppData\Roaming\Antigravity\User\workspaceStorage\62095a4e5875a9a9aec93d5e91d77f3c\redhat.java\jdt_ws --pipe=\\.\pipe\lsp-f24d7e182548046a5f58b962ad457c19-sock
java_class_path (initial): c:\Users\dadig\.antigravity\extensions\redhat.java-1.50.0-win32-x64\server\plugins\org.eclipse.equinox.launcher_1.7.100.v20251111-0406.jar
Launcher Type: SUN_STANDARD

[Global flags]
    uintx AdaptiveSizePolicyWeight                 = 90                                        {product} {command line}
     intx CICompilerCount                          = 3                                         {product} {ergonomic}
    uintx GCTimeRatio                              = 4                                         {product} {command line}
     bool HeapDumpOnOutOfMemoryError               = true                                   {manageable} {command line}
    ccstr HeapDumpPath                             = c:\Users\dadig\AppData\Roaming\Antigravity\User\workspaceStorage\62095a4e5875a9a9aec93d5e91d77f3c\redhat.java         {manageable} {command line}
   size_t InitialHeapSize                          = 104857600                                 {product} {command line}
   size_t MaxHeapSize                              = 2147483648                                {product} {command line}
   size_t MaxNewSize                               = 715653120                                 {product} {ergonomic}
   size_t MinHeapDeltaBytes                        = 524288                                    {product} {ergonomic}
   size_t MinHeapSize                              = 104857600                                 {product} {command line}
   size_t NewSize                                  = 34603008                                  {product} {ergonomic}
    uintx NonNMethodCodeHeapSize                   = 5832780                                {pd product} {ergonomic}
    uintx NonProfiledCodeHeapSize                  = 122912730                              {pd product} {ergonomic}
   size_t OldSize                                  = 70254592                                  {product} {ergonomic}
    uintx ProfiledCodeHeapSize                     = 122912730                              {pd product} {ergonomic}
    uintx ReservedCodeCacheSize                    = 251658240                              {pd product} {ergonomic}
     bool SegmentedCodeCache                       = true                                      {product} {ergonomic}
   size_t SoftMaxHeapSize                          = 2147483648                             {manageable} {ergonomic}
     bool UseCompressedOops                        = true                           {product lp64_product} {ergonomic}
     bool UseLargePagesIndividualAllocation        = false                                  {pd product} {ergonomic}
     bool UseParallelGC                            = true                                      {product} {command line}

Logging:
Log output configuration:
 #0: stdout all=off uptime,level,tags foldmultilines=false
 #1: stderr all=off uptime,level,tags foldmultilines=false

Release file:
JAVA_VERSION="21.0.9" 
MODULES="java.base java.compiler java.datatransfer java.xml java.prefs java.desktop java.instrument java.logging java.management java.security.sasl java.naming java.rmi java.management.rmi java.net.http java.scripting java.security.jgss java.transaction.xa java.sql java.sql.rowset java.xml.crypto java.se java.smartcardio jdk.accessibility jdk.internal.jvmstat jdk.attach jdk.charsets jdk.internal.opt jdk.zipfs jdk.compiler jdk.crypto.ec jdk.crypto.cryptoki jdk.crypto.mscapi jdk.dynalink jdk.internal.ed jdk.editpad jdk.hotspot.agent jdk.httpserver jdk.internal.le jdk.internal.vm.ci jdk.internal.vm.compiler jdk.internal.vm.compiler.management jdk.jartool jdk.javadoc jdk.jcmd jdk.management jdk.management.agent jdk.jconsole jdk.jdeps jdk.jdwp.agent jdk.jdi jdk.jfr jdk.jshell jdk.jsobject jdk.jstatd jdk.localedata jdk.management.jfr jdk.naming.dns jdk.naming.rmi jdk.net jdk.nio.mapmode jdk.random jdk.sctp jdk.security.auth jdk.security.jgss jdk.unsupported jdk.unsupported.desktop jdk.xml.dom" 

Environment Variables:
JAVA_HOME=C:\Users\dadig\AppData\Local\Programs\Eclipse Adoptium\jdk-17.0.11.9-hotspot\
PATH=C:\WINDOWS\system32;C:\WINDOWS;C:\WINDOWS\System32\Wbem;C:\WINDOWS\System32\WindowsPowerShell\v1.0\;C:\WINDOWS\System32\OpenSSH\;C:\Program Files\PuTTY\;C:\Program Files\MySQL\MySQL Server 8.0\bin;C:\Program Files\PostgreSQL\10\bin;;C:\Program Files\HP\HP One Agent;C:\Program Files\nodejs\;%SystemRoot%\system32;%SystemRoot%;%SystemRoot%\System32\Wbem;%SYSTEMROOT%\System32\WindowsPowerShell\v1.0\;%SYSTEMROOT%\System32\OpenSSH\;C:\Program Files\MySQL\MySQL Shell 8.0\bin\;C:\Users\dadig\AppData\Local\Programs\Eclipse Adoptium\jdk-17.0.11.9-hotspot\bin;C:\Users\dadig\AppData\Local\Microsoft\WindowsApps;C:\Users\dadig\AppData\Local\Programs\Microsoft VS Code\bin;C:\Users\dadig\AppData\Roaming\npm;C:\Users\dadig\AppData\Local\Programs\Antigravity\bin
USERNAME=dadig
OS=Windows_NT
PROCESSOR_IDENTIFIER=AMD64 Family 23 Model 24 Stepping 1, AuthenticAMD
TMP=C:\Users\dadig\AppData\Local\Temp
TEMP=C:\Users\dadig\AppData\Local\Temp




Periodic native trim disabled

---------------  S Y S T E M  ---------------

OS:
 Windows 11 , 64 bit Build 26100 (10.0.26100.7309)
OS uptime: 0 days 1:25 hours

CPU: total 4 (initial active 4) (4 cores per cpu, 2 threads per core) family 23 model 24 stepping 1 microcode 0x8108109, cx8, cmov, fxsr, ht, mmx, 3dnowpref, sse, sse2, sse3, ssse3, sse4a, sse4.1, sse4.2, popcnt, lzcnt, tsc, tscinvbit, avx, avx2, aes, clmul, bmi1, bmi2, adx, sha, fma, vzeroupper, clflush, clflushopt, rdtscp, f16c
Processor Information for the first 4 processors :
  Max Mhz: 2600, Current Mhz: 2600, Mhz Limit: 2600

Memory: 4k page, system-wide physical 3526M (177M free)
TotalPageFile size 14278M (AvailPageFile size 26M)
current process WorkingSet (physical memory assigned to process): 8M, peak: 254M
current process commit charge ("private bytes"): 351M, peak: 374M

vm_info: OpenJDK 64-Bit Server VM (21.0.9+10-LTS) for windows-amd64 JRE (21.0.9+10-LTS), built on 2025-10-21T00:00:00Z by "admin" with unknown MS VC++:1942

END.
