#
# There is insufficient memory for the Java Runtime Environment to continue.
# Native memory allocation (malloc) failed to allocate 1048576 bytes. Error detail: AllocateHeap
# Possible reasons:
#   The system is out of physical RAM or swap space
#   This process is running with CompressedOops enabled, and the Java Heap may be blocking the growth of the native heap
# Possible solutions:
#   Reduce memory load on the system
#   Increase physical memory or swap space
#   Check if swap backing store is full
#   Decrease Java heap size (-Xmx/-Xms)
#   Decrease number of Java threads
#   Decrease Java thread stack sizes (-Xss)
#   Set larger code cache with -XX:ReservedCodeCacheSize=
#   JVM is running with Unscaled Compressed Oops mode in which the Java heap is
#     placed in the first 4GB address space. The Java Heap base address is the
#     maximum limit for the native heap growth. Please use -XX:HeapBaseMinAddress
#     to set the Java Heap base and to place the Java Heap above 4GB virtual address.
# This output file may be truncated or incomplete.
#
#  Out of Memory Error (allocation.cpp:44), pid=5388, tid=8544
#
# JRE version: OpenJDK Runtime Environment Temurin-21.0.9+10 (21.0.9+10) (build 21.0.9+10-LTS)
# Java VM: OpenJDK 64-Bit Server VM Temurin-21.0.9+10 (21.0.9+10-LTS, mixed mode, sharing, tiered, compressed oops, compressed class ptrs, parallel gc, windows-amd64)
# No core dump will be written. Minidumps are not enabled by default on client versions of Windows
#

---------------  S U M M A R Y ------------

Command Line: --add-modules=ALL-SYSTEM --add-opens=java.base/java.util=ALL-UNNAMED --add-opens=java.base/java.lang=ALL-UNNAMED --add-opens=java.base/sun.nio.fs=ALL-UNNAMED -Declipse.application=org.eclipse.jdt.ls.core.id1 -Dosgi.bundles.defaultStartLevel=4 -Declipse.product=org.eclipse.jdt.ls.core.product -Djava.import.generatesMetadataFilesAtProjectRoot=false -DDetectVMInstallationsJob.disabled=true -Dfile.encoding=utf8 -XX:+UseParallelGC -XX:GCTimeRatio=4 -XX:AdaptiveSizePolicyWeight=90 -Dsun.zip.disableMemoryMapping=true -Xmx2G -Xms100m -Xlog:disable -javaagent:c:\Users\dadig\.antigravity\extensions\redhat.java-1.50.0-win32-x64\lombok\lombok-1.18.39-4050.jar -XX:+HeapDumpOnOutOfMemoryError -XX:HeapDumpPath=c:\Users\dadig\AppData\Roaming\Antigravity\User\workspaceStorage\f80bd1c911f44322e9a3a2e10ccdccf1\redhat.java -Daether.dependencyCollector.impl=bf c:\Users\dadig\.antigravity\extensions\redhat.java-1.50.0-win32-x64\server\plugins\org.eclipse.equinox.launcher_1.7.100.v20251111-0406.jar -configuration c:\Users\dadig\AppData\Roaming\Antigravity\User\globalStorage\redhat.java\1.50.0\config_win -data c:\Users\dadig\AppData\Roaming\Antigravity\User\workspaceStorage\f80bd1c911f44322e9a3a2e10ccdccf1\redhat.java\jdt_ws --pipe=\\.\pipe\lsp-5fb72f5b5b7c945464913b086e6e6494-sock

Host: AMD Ryzen 3 3250U with Radeon Graphics         , 4 cores, 3G,  Windows 11 , 64 bit Build 26100 (10.0.26100.7309)
Time: Fri Jan  2 13:37:07 2026 India Standard Time elapsed time: 1377.266560 seconds (0d 0h 22m 57s)

---------------  T H R E A D  ---------------

Current thread (0x0000022cc97e2a40):  JavaThread "Attach Listener" daemon [_thread_in_vm, id=8544, stack(0x000000f9fd700000,0x000000f9fd800000) (1024K)]

Stack: [0x000000f9fd700000,0x000000f9fd800000]
Native frames: (J=compiled Java code, j=interpreted, Vv=VM code, C=native code)
V  [jvm.dll+0x6d6e29]
V  [jvm.dll+0x8b4b76]
V  [jvm.dll+0x8b712e]
V  [jvm.dll+0x8b7813]
V  [jvm.dll+0x283d86]
V  [jvm.dll+0xc1277]
V  [jvm.dll+0x6d76d9]
V  [jvm.dll+0x133466]
V  [jvm.dll+0x3f7ea6]
V  [jvm.dll+0x85e9ad]
V  [jvm.dll+0x6d565d]
C  [ucrtbase.dll+0x37b0]
C  [KERNEL32.DLL+0x2e8d7]
C  [ntdll.dll+0x8c53c]


---------------  P R O C E S S  ---------------

Threads class SMR info:
_java_thread_list=0x0000022cf30e1300, length=54, elements={
0x0000022cc98eb7c0, 0x0000022cc97d85d0, 0x0000022cc97daba0, 0x0000022cc97dfee0,
0x0000022cc97e2a40, 0x0000022cc97e3490, 0x0000022cc97e4160, 0x0000022cc97e4ee0,
0x0000022cc98568a0, 0x0000022ce5172610, 0x0000022ce52759b0, 0x0000022ce5763310,
0x0000022ce53a28c0, 0x0000022ce54fa710, 0x0000022ce5a319f0, 0x0000022ce618f3d0,
0x0000022ce61831e0, 0x0000022ce59d03f0, 0x0000022ce59d0a80, 0x0000022ce6bc1050,
0x0000022ce6bc3e40, 0x0000022ce6bc2a90, 0x0000022ce6bc1d70, 0x0000022ce6bc2400,
0x0000022ce6bc37b0, 0x0000022ce6bc4b60, 0x0000022ce6bc16e0, 0x0000022ce6bc8670,
0x0000022ce6bc7950, 0x0000022ce6bc7fe0, 0x0000022ce6bc72c0, 0x0000022ce6bc65a0,
0x0000022ce744baa0, 0x0000022ce74499d0, 0x0000022ce744d4e0, 0x0000022ce744db70,
0x0000022ce744e890, 0x0000022ce744ef20, 0x0000022ce6bc5f10, 0x0000022ce6bc3120,
0x0000022ce7448620, 0x0000022ce744a6f0, 0x0000022ce7ab6980, 0x0000022cf3136d90,
0x0000022cf3136070, 0x0000022cf3136700, 0x0000022cf3137ab0, 0x0000022cf313a210,
0x0000022cf3137420, 0x0000022cf31387d0, 0x0000022cf313c2e0, 0x0000022cf313d690,
0x0000022cf313c970, 0x0000022cf313af30
}

Java Threads: ( => current thread )
  0x0000022cc98eb7c0 JavaThread "main"                              [_thread_blocked, id=13700, stack(0x000000f9fd000000,0x000000f9fd100000) (1024K)]
  0x0000022cc97d85d0 JavaThread "Reference Handler"          daemon [_thread_blocked, id=14780, stack(0x000000f9fd400000,0x000000f9fd500000) (1024K)]
  0x0000022cc97daba0 JavaThread "Finalizer"                  daemon [_thread_blocked, id=7576, stack(0x000000f9fd500000,0x000000f9fd600000) (1024K)]
  0x0000022cc97dfee0 JavaThread "Signal Dispatcher"          daemon [_thread_blocked, id=8968, stack(0x000000f9fd600000,0x000000f9fd700000) (1024K)]
=>0x0000022cc97e2a40 JavaThread "Attach Listener"            daemon [_thread_in_vm, id=8544, stack(0x000000f9fd700000,0x000000f9fd800000) (1024K)]
  0x0000022cc97e3490 JavaThread "Service Thread"             daemon [_thread_blocked, id=13256, stack(0x000000f9fd800000,0x000000f9fd900000) (1024K)]
  0x0000022cc97e4160 JavaThread "Monitor Deflation Thread"   daemon [_thread_blocked, id=2748, stack(0x000000f9fd900000,0x000000f9fda00000) (1024K)]
  0x0000022cc97e4ee0 JavaThread "C2 CompilerThread0"         daemon [_thread_blocked, id=13060, stack(0x000000f9fda00000,0x000000f9fdb00000) (1024K)]
  0x0000022cc98568a0 JavaThread "C1 CompilerThread0"         daemon [_thread_blocked, id=10208, stack(0x000000f9fdb00000,0x000000f9fdc00000) (1024K)]
  0x0000022ce5172610 JavaThread "Common-Cleaner"             daemon [_thread_blocked, id=6044, stack(0x000000f9fdc00000,0x000000f9fdd00000) (1024K)]
  0x0000022ce52759b0 JavaThread "Notification Thread"        daemon [_thread_blocked, id=12616, stack(0x000000f9fdd00000,0x000000f9fde00000) (1024K)]
  0x0000022ce5763310 JavaThread "Active Thread: Equinox Container: f0bbfcc1-0299-483c-bcba-008ca1aee077"        [_thread_blocked, id=2036, stack(0x000000f9fe100000,0x000000f9fe200000) (1024K)]
  0x0000022ce53a28c0 JavaThread "Refresh Thread: Equinox Container: f0bbfcc1-0299-483c-bcba-008ca1aee077" daemon [_thread_blocked, id=8936, stack(0x000000f9fe200000,0x000000f9fe300000) (1024K)]
  0x0000022ce54fa710 JavaThread "Framework Event Dispatcher: Equinox Container: f0bbfcc1-0299-483c-bcba-008ca1aee077" daemon [_thread_blocked, id=14200, stack(0x000000f9fe300000,0x000000f9fe400000) (1024K)]
  0x0000022ce5a319f0 JavaThread "Start Level: Equinox Container: f0bbfcc1-0299-483c-bcba-008ca1aee077" daemon [_thread_blocked, id=12016, stack(0x000000f9fe400000,0x000000f9fe500000) (1024K)]
  0x0000022ce618f3d0 JavaThread "Bundle File Closer"         daemon [_thread_blocked, id=14560, stack(0x000000f9fe500000,0x000000f9fe600000) (1024K)]
  0x0000022ce61831e0 JavaThread "SCR Component Actor"        daemon [_thread_blocked, id=14556, stack(0x000000f9fe600000,0x000000f9fe700000) (1024K)]
  0x0000022ce59d03f0 JavaThread "Worker-JM"                         [_thread_blocked, id=284, stack(0x000000f9fe700000,0x000000f9fe800000) (1024K)]
  0x0000022ce59d0a80 JavaThread "JNA Cleaner"                daemon [_thread_blocked, id=6012, stack(0x000000f9fe800000,0x000000f9fe900000) (1024K)]
  0x0000022ce6bc1050 JavaThread "Java indexing"              daemon [_thread_blocked, id=12084, stack(0x000000f9fee00000,0x000000f9fef00000) (1024K)]
  0x0000022ce6bc3e40 JavaThread "Worker-7: Synchronize Gradle projects with workspace"        [_thread_in_native, id=11768, stack(0x000000f9ff300000,0x000000f9ff400000) (1024K)]
  0x0000022ce6bc2a90 JavaThread "Thread-1"                   daemon [_thread_in_native, id=13428, stack(0x000000f9ff400000,0x000000f9ff500000) (1024K)]
  0x0000022ce6bc1d70 JavaThread "Thread-2"                   daemon [_thread_in_native, id=9924, stack(0x000000f9ff500000,0x000000f9ff600000) (1024K)]
  0x0000022ce6bc2400 JavaThread "Thread-3"                   daemon [_thread_in_native, id=10144, stack(0x000000f9ff600000,0x000000f9ff700000) (1024K)]
  0x0000022ce6bc37b0 JavaThread "Thread-4"                   daemon [_thread_in_native, id=268, stack(0x000000f9ff700000,0x000000f9ff800000) (1024K)]
  0x0000022ce6bc4b60 JavaThread "Thread-5"                   daemon [_thread_in_native, id=3260, stack(0x000000f9ff800000,0x000000f9ff900000) (1024K)]
  0x0000022ce6bc16e0 JavaThread "pool-2-thread-1"                   [_thread_blocked, id=10812, stack(0x000000f9ff900000,0x000000f9ffa00000) (1024K)]
  0x0000022ce6bc8670 JavaThread "Worker-8"                          [_thread_blocked, id=9904, stack(0x000000f9ffa00000,0x000000f9ffb00000) (1024K)]
  0x0000022ce6bc7950 JavaThread "Timer-0"                           [_thread_blocked, id=5080, stack(0x000000f9ffb00000,0x000000f9ffc00000) (1024K)]
  0x0000022ce6bc7fe0 JavaThread "Timer-1"                           [_thread_blocked, id=6140, stack(0x000000f9ffc00000,0x000000f9ffd00000) (1024K)]
  0x0000022ce6bc72c0 JavaThread "WorkspaceEventsHandler"            [_thread_blocked, id=13520, stack(0x000000f9ffe00000,0x000000f9fff00000) (1024K)]
  0x0000022ce6bc65a0 JavaThread "pool-1-thread-1"                   [_thread_blocked, id=12976, stack(0x000000f9fff00000,0x000000fa00000000) (1024K)]
  0x0000022ce744baa0 JavaThread "Timer-2"                           [_thread_blocked, id=2336, stack(0x000000f980600000,0x000000f980700000) (1024K)]
  0x0000022ce74499d0 JavaThread "Timer-3"                           [_thread_blocked, id=14528, stack(0x000000f980100000,0x000000f980200000) (1024K)]
  0x0000022ce744d4e0 JavaThread "Timer-4"                           [_thread_blocked, id=3588, stack(0x000000f980b00000,0x000000f980c00000) (1024K)]
  0x0000022ce744db70 JavaThread "Timer-5"                           [_thread_blocked, id=9200, stack(0x000000f980c00000,0x000000f980d00000) (1024K)]
  0x0000022ce744e890 JavaThread "Timer-6"                           [_thread_blocked, id=14056, stack(0x000000f980d00000,0x000000f980e00000) (1024K)]
  0x0000022ce744ef20 JavaThread "Timer-7"                           [_thread_blocked, id=13616, stack(0x000000f980e00000,0x000000f980f00000) (1024K)]
  0x0000022ce6bc5f10 JavaThread "Timer-8"                           [_thread_blocked, id=15400, stack(0x000000f980000000,0x000000f980100000) (1024K)]
  0x0000022ce6bc3120 JavaThread "Timer-9"                           [_thread_blocked, id=15904, stack(0x000000f980200000,0x000000f980300000) (1024K)]
  0x0000022ce7448620 JavaThread "Worker-12: Refreshing workspace"        [_thread_blocked, id=11016, stack(0x000000f980800000,0x000000f980900000) (1024K)]
  0x0000022ce744a6f0 JavaThread "Worker-13: Initialize workspace"        [_thread_blocked, id=9916, stack(0x000000f980900000,0x000000f980a00000) (1024K)]
  0x0000022ce7ab6980 JavaThread "Timer-10"                          [_thread_blocked, id=10016, stack(0x000000f981100000,0x000000f981200000) (1024K)]
  0x0000022cf3136d90 JavaThread "Worker-18"                         [_thread_blocked, id=7440, stack(0x000000f980a00000,0x000000f980b00000) (1024K)]
  0x0000022cf3136070 JavaThread "Timer-11"                          [_thread_blocked, id=16144, stack(0x000000f981200000,0x000000f981300000) (1024K)]
  0x0000022cf3136700 JavaThread "Timer-12"                          [_thread_blocked, id=2076, stack(0x000000f981300000,0x000000f981400000) (1024K)]
  0x0000022cf3137ab0 JavaThread "ForkJoinPool.commonPool-worker-2" daemon [_thread_blocked, id=7148, stack(0x000000f981700000,0x000000f981800000) (1024K)]
  0x0000022cf313a210 JavaThread "ForkJoinPool.commonPool-worker-3" daemon [_thread_blocked, id=6652, stack(0x000000f981800000,0x000000f981900000) (1024K)]
  0x0000022cf3137420 JavaThread "ForkJoinPool.commonPool-worker-4" daemon [_thread_blocked, id=13260, stack(0x000000f981900000,0x000000f981a00000) (1024K)]
  0x0000022cf31387d0 JavaThread "Timer-13"                          [_thread_blocked, id=7996, stack(0x000000f980300000,0x000000f980400000) (1024K)]
  0x0000022cf313c2e0 JavaThread "Timer-14"                          [_thread_blocked, id=11384, stack(0x000000f980400000,0x000000f980500000) (1024K)]
  0x0000022cf313d690 JavaThread "Exec process"                      [_thread_blocked, id=12932, stack(0x000000f980f00000,0x000000f981000000) (1024K)]
  0x0000022cf313c970 JavaThread "Exec process Thread 2"             [_thread_blocked, id=15396, stack(0x000000f981000000,0x000000f981100000) (1024K)]
  0x0000022cf313af30 JavaThread "Exec process Thread 3"             [_thread_blocked, id=14640, stack(0x000000f981500000,0x000000f981600000) (1024K)]
Total: 54

Other Threads:
  0x0000022cc99ad510 VMThread "VM Thread"                           [id=14668, stack(0x000000f9fd300000,0x000000f9fd400000) (1024K)]
  0x0000022cc977ca00 WatcherThread "VM Periodic Task Thread"        [id=6192, stack(0x000000f9fd200000,0x000000f9fd300000) (1024K)]
  0x0000022cc990b9e0 WorkerThread "GC Thread#0"                     [id=15040, stack(0x000000f9fd100000,0x000000f9fd200000) (1024K)]
  0x0000022ce5333500 WorkerThread "GC Thread#1"                     [id=1660, stack(0x000000f9fde00000,0x000000f9fdf00000) (1024K)]
  0x0000022ce5872100 WorkerThread "GC Thread#2"                     [id=11944, stack(0x000000f9fdf00000,0x000000f9fe000000) (1024K)]
  0x0000022ce58724a0 WorkerThread "GC Thread#3"                     [id=10648, stack(0x000000f9fe000000,0x000000f9fe100000) (1024K)]
Total: 6

Threads with active compile tasks:
Total: 0

VM state: not at safepoint (normal execution)

VM Mutex/Monitor currently owned by a thread: None

Heap address: 0x0000000080000000, size: 2048 MB, Compressed Oops mode: 32-bit

CDS archive(s) mapped at: [0x0000022c80000000-0x0000022c80ba0000-0x0000022c80ba0000), size 12189696, SharedBaseAddress: 0x0000022c80000000, ArchiveRelocationMode: 1.
Compressed class space mapped at: 0x0000022c81000000-0x0000022cc1000000, reserved size: 1073741824
Narrow klass base: 0x0000022c80000000, Narrow klass shift: 0, Narrow klass range: 0x100000000

GC Precious Log:
 CardTable entry size: 512
 CPUs: 4 total, 4 available
 Memory: 3526M
 Large Page Support: Disabled
 NUMA Support: Disabled
 Compressed Oops: Enabled (32-bit)
 Alignments: Space 512K, Generation 512K, Heap 2M
 Heap Min Capacity: 100M
 Heap Initial Capacity: 100M
 Heap Max Capacity: 2G
 Pre-touch: Disabled
 Parallel Workers: 4

Heap:
 PSYoungGen      total 4096K, used 3646K [0x00000000d5580000, 0x00000000d5c00000, 0x0000000100000000)
  eden space 3584K, 96% used [0x00000000d5580000,0x00000000d58dfbc0,0x00000000d5900000)
  from space 512K, 37% used [0x00000000d5b00000,0x00000000d5b30000,0x00000000d5b80000)
  to   space 512K, 0% used [0x00000000d5b80000,0x00000000d5b80000,0x00000000d5c00000)
 ParOldGen       total 380928K, used 380866K [0x0000000080000000, 0x0000000097400000, 0x00000000d5580000)
  object space 380928K, 99% used [0x0000000080000000,0x00000000973f09b8,0x0000000097400000)
 Metaspace       used 84521K, committed 86208K, reserved 1179648K
  class space    used 10009K, committed 10752K, reserved 1048576K

Card table byte_map: [0x0000022cc9290000,0x0000022cc96a0000] _byte_map_base: 0x0000022cc8e90000

Marking Bits: (ParMarkBitMap*) 0x00007ffc68ab2460
 Begin Bits: [0x0000022cdbda0000, 0x0000022cddda0000)
 End Bits:   [0x0000022cddda0000, 0x0000022cdfda0000)

Polling page: 0x0000022cc7570000

Metaspace:

Usage:
  Non-class:     72.77 MB used.
      Class:      9.78 MB used.
       Both:     82.54 MB used.

Virtual space:
  Non-class space:      128.00 MB reserved,      73.69 MB ( 58%) committed,  2 nodes.
      Class space:        1.00 GB reserved,      10.50 MB (  1%) committed,  1 nodes.
             Both:        1.12 GB reserved,      84.19 MB (  7%) committed. 

Chunk freelists:
   Non-Class:  6.25 MB
       Class:  5.44 MB
        Both:  11.69 MB

MaxMetaspaceSize: unlimited
CompressedClassSpaceSize: 1.00 GB
Initial GC threshold: 21.00 MB
Current GC threshold: 128.06 MB
CDS: on
 - commit_granule_bytes: 65536.
 - commit_granule_words: 8192.
 - virtual_space_node_default_size: 8388608.
 - enlarge_chunks_in_place: 1.
 - use_allocation_guard: 0.


Internal statistics:

num_allocs_failed_limit: 9.
num_arena_births: 1680.
num_arena_deaths: 16.
num_vsnodes_births: 3.
num_vsnodes_deaths: 0.
num_space_committed: 1347.
num_space_uncommitted: 0.
num_chunks_returned_to_freelist: 26.
num_chunks_taken_from_freelist: 5662.
num_chunk_merges: 14.
num_chunk_splits: 3415.
num_chunks_enlarged: 1852.
num_inconsistent_stats: 0.

CodeHeap 'non-profiled nmethods': size=120000Kb used=15426Kb max_used=15426Kb free=104573Kb
 bounds [0x0000022cd45c0000, 0x0000022cd54e0000, 0x0000022cdbaf0000]
CodeHeap 'profiled nmethods': size=120000Kb used=34403Kb max_used=34403Kb free=85596Kb
 bounds [0x0000022cccaf0000, 0x0000022ccec90000, 0x0000022cd4020000]
CodeHeap 'non-nmethods': size=5760Kb used=1489Kb max_used=1560Kb free=4270Kb
 bounds [0x0000022cd4020000, 0x0000022cd4290000, 0x0000022cd45c0000]
CodeCache: size=245760Kb, used=51318Kb, max_used=51389Kb, free=194439Kb
 total_blobs=14929, nmethods=14127, adapters=705, full_count=0
Compilation: enabled, stopped_count=0, restarted_count=0

Compilation events (20 events):
Event: 1377.037 Thread 0x0000022cc97e4ee0 nmethod 15688 0x0000022cd54c9690 code [0x0000022cd54c9ac0, 0x0000022cd54cbd48]
Event: 1377.039 Thread 0x0000022cc98568a0 nmethod 15691 0x0000022ccec83490 code [0x0000022ccec836a0, 0x0000022ccec83e18]
Event: 1377.039 Thread 0x0000022cc98568a0 15692       1       org.eclipse.jdt.internal.launching.JREContainer::getPath (5 bytes)
Event: 1377.039 Thread 0x0000022cc98568a0 nmethod 15692 0x0000022cd54cd590 code [0x0000022cd54cd720, 0x0000022cd54cd7e8]
Event: 1377.056 Thread 0x0000022cc97e4ee0 15693       4       org.eclipse.core.internal.events.ResourceDelta::getAffectedChildren (326 bytes)
Event: 1377.084 Thread 0x0000022cc98568a0 15694       3       com.google.common.base.Splitter::<init> (12 bytes)
Event: 1377.087 Thread 0x0000022cc98568a0 nmethod 15694 0x0000022ccec84090 code [0x0000022ccec84240, 0x0000022ccec844a0]
Event: 1377.089 Thread 0x0000022cc98568a0 15696       3       com.google.common.base.Splitter$$Lambda/0x0000022c8142b0c0::iterator (10 bytes)
Event: 1377.089 Thread 0x0000022cc98568a0 nmethod 15696 0x0000022ccec84610 code [0x0000022ccec847c0, 0x0000022ccec848f8]
Event: 1377.089 Thread 0x0000022cc98568a0 15697       3       com.google.common.base.Splitter::lambda$on$0 (11 bytes)
Event: 1377.090 Thread 0x0000022cc98568a0 nmethod 15697 0x0000022ccec84990 code [0x0000022ccec84b40, 0x0000022ccec84d48]
Event: 1377.090 Thread 0x0000022cc98568a0 15698       3       com.google.common.base.Splitter$1::<init> (12 bytes)
Event: 1377.090 Thread 0x0000022cc98568a0 nmethod 15698 0x0000022ccec84e90 code [0x0000022ccec85040, 0x0000022ccec85198]
Event: 1377.090 Thread 0x0000022cc98568a0 15699       3       com.google.common.base.Splitter$SplittingIterator::<init> (39 bytes)
Event: 1377.090 Thread 0x0000022cc98568a0 nmethod 15699 0x0000022ccec85290 code [0x0000022ccec85440, 0x0000022ccec856a8]
Event: 1377.090 Thread 0x0000022cc98568a0 15695       3       com.google.common.base.Splitter::splittingIterator (12 bytes)
Event: 1377.090 Thread 0x0000022cc98568a0 nmethod 15695 0x0000022ccec85810 code [0x0000022ccec859c0, 0x0000022ccec85bc0]
Event: 1377.106 Thread 0x0000022cc97e4ee0 nmethod 15693 0x0000022cd54cd890 code [0x0000022cd54cdac0, 0x0000022cd54ce4f0]
Event: 1377.119 Thread 0x0000022cc98568a0 15700       3       org.eclipse.buildship.core.internal.util.gradle.Path$PathComparator::getDepth (45 bytes)
Event: 1377.119 Thread 0x0000022cc98568a0 nmethod 15700 0x0000022ccec85d10 code [0x0000022ccec85f00, 0x0000022ccec862c0]

GC Heap History (20 events):
Event: 1353.391 GC heap before
{Heap before GC invocations=1222 (full 4):
 PSYoungGen      total 4096K, used 3616K [0x00000000d5580000, 0x00000000d5c80000, 0x0000000100000000)
  eden space 3584K, 100% used [0x00000000d5580000,0x00000000d5900000,0x00000000d5900000)
  from space 512K, 6% used [0x00000000d5b80000,0x00000000d5b88000,0x00000000d5c00000)
  to   space 512K, 0% used [0x00000000d5c00000,0x00000000d5c00000,0x00000000d5c80000)
 ParOldGen       total 379392K, used 379012K [0x0000000080000000, 0x0000000097280000, 0x00000000d5580000)
  object space 379392K, 99% used [0x0000000080000000,0x0000000097221258,0x0000000097280000)
 Metaspace       used 83569K, committed 85248K, reserved 1179648K
  class space    used 9905K, committed 10688K, reserved 1048576K
}
Event: 1353.395 GC heap after
{Heap after GC invocations=1222 (full 4):
 PSYoungGen      total 4096K, used 32K [0x00000000d5580000, 0x00000000d5c80000, 0x0000000100000000)
  eden space 3584K, 0% used [0x00000000d5580000,0x00000000d5580000,0x00000000d5900000)
  from space 512K, 6% used [0x00000000d5c00000,0x00000000d5c08000,0x00000000d5c80000)
  to   space 512K, 0% used [0x00000000d5b80000,0x00000000d5b80000,0x00000000d5c00000)
 ParOldGen       total 379392K, used 379020K [0x0000000080000000, 0x0000000097280000, 0x00000000d5580000)
  object space 379392K, 99% used [0x0000000080000000,0x0000000097223258,0x0000000097280000)
 Metaspace       used 83569K, committed 85248K, reserved 1179648K
  class space    used 9905K, committed 10688K, reserved 1048576K
}
Event: 1357.760 GC heap before
{Heap before GC invocations=1223 (full 4):
 PSYoungGen      total 4096K, used 3616K [0x00000000d5580000, 0x00000000d5c80000, 0x0000000100000000)
  eden space 3584K, 100% used [0x00000000d5580000,0x00000000d5900000,0x00000000d5900000)
  from space 512K, 6% used [0x00000000d5c00000,0x00000000d5c08000,0x00000000d5c80000)
  to   space 512K, 0% used [0x00000000d5b80000,0x00000000d5b80000,0x00000000d5c00000)
 ParOldGen       total 379392K, used 379020K [0x0000000080000000, 0x0000000097280000, 0x00000000d5580000)
  object space 379392K, 99% used [0x0000000080000000,0x0000000097223258,0x0000000097280000)
 Metaspace       used 83571K, committed 85248K, reserved 1179648K
  class space    used 9905K, committed 10688K, reserved 1048576K
}
Event: 1357.774 GC heap after
{Heap after GC invocations=1223 (full 4):
 PSYoungGen      total 4096K, used 512K [0x00000000d5580000, 0x00000000d5c80000, 0x0000000100000000)
  eden space 3584K, 0% used [0x00000000d5580000,0x00000000d5580000,0x00000000d5900000)
  from space 512K, 100% used [0x00000000d5b80000,0x00000000d5c00000,0x00000000d5c00000)
  to   space 512K, 0% used [0x00000000d5c00000,0x00000000d5c00000,0x00000000d5c80000)
 ParOldGen       total 379904K, used 379562K [0x0000000080000000, 0x0000000097300000, 0x00000000d5580000)
  object space 379904K, 99% used [0x0000000080000000,0x00000000972aa9a8,0x0000000097300000)
 Metaspace       used 83571K, committed 85248K, reserved 1179648K
  class space    used 9905K, committed 10688K, reserved 1048576K
}
Event: 1358.962 GC heap before
{Heap before GC invocations=1224 (full 4):
 PSYoungGen      total 4096K, used 4096K [0x00000000d5580000, 0x00000000d5c80000, 0x0000000100000000)
  eden space 3584K, 100% used [0x00000000d5580000,0x00000000d5900000,0x00000000d5900000)
  from space 512K, 100% used [0x00000000d5b80000,0x00000000d5c00000,0x00000000d5c00000)
  to   space 512K, 0% used [0x00000000d5c00000,0x00000000d5c00000,0x00000000d5c80000)
 ParOldGen       total 379904K, used 379562K [0x0000000080000000, 0x0000000097300000, 0x00000000d5580000)
  object space 379904K, 99% used [0x0000000080000000,0x00000000972aa9a8,0x0000000097300000)
 Metaspace       used 83572K, committed 85248K, reserved 1179648K
  class space    used 9905K, committed 10688K, reserved 1048576K
}
Event: 1358.972 GC heap after
{Heap after GC invocations=1224 (full 4):
 PSYoungGen      total 4096K, used 512K [0x00000000d5580000, 0x00000000d5c80000, 0x0000000100000000)
  eden space 3584K, 0% used [0x00000000d5580000,0x00000000d5580000,0x00000000d5900000)
  from space 512K, 100% used [0x00000000d5c00000,0x00000000d5c80000,0x00000000d5c80000)
  to   space 1536K, 0% used [0x00000000d5980000,0x00000000d5980000,0x00000000d5b00000)
 ParOldGen       total 380416K, used 380050K [0x0000000080000000, 0x0000000097380000, 0x00000000d5580000)
  object space 380416K, 99% used [0x0000000080000000,0x00000000973249a8,0x0000000097380000)
 Metaspace       used 83572K, committed 85248K, reserved 1179648K
  class space    used 9905K, committed 10688K, reserved 1048576K
}
Event: 1365.851 GC heap before
{Heap before GC invocations=1225 (full 4):
 PSYoungGen      total 4096K, used 4075K [0x00000000d5580000, 0x00000000d5c80000, 0x0000000100000000)
  eden space 3584K, 99% used [0x00000000d5580000,0x00000000d58fad68,0x00000000d5900000)
  from space 512K, 100% used [0x00000000d5c00000,0x00000000d5c80000,0x00000000d5c80000)
  to   space 1536K, 0% used [0x00000000d5980000,0x00000000d5980000,0x00000000d5b00000)
 ParOldGen       total 380416K, used 380050K [0x0000000080000000, 0x0000000097380000, 0x00000000d5580000)
  object space 380416K, 99% used [0x0000000080000000,0x00000000973249a8,0x0000000097380000)
 Metaspace       used 83921K, committed 85568K, reserved 1179648K
  class space    used 9947K, committed 10688K, reserved 1048576K
}
Event: 1365.888 GC heap after
{Heap after GC invocations=1225 (full 4):
 PSYoungGen      total 5120K, used 242K [0x00000000d5580000, 0x00000000d5c80000, 0x0000000100000000)
  eden space 3584K, 0% used [0x00000000d5580000,0x00000000d5580000,0x00000000d5900000)
  from space 1536K, 15% used [0x00000000d5980000,0x00000000d59bc930,0x00000000d5b00000)
  to   space 1024K, 0% used [0x00000000d5b80000,0x00000000d5b80000,0x00000000d5c80000)
 ParOldGen       total 380928K, used 380546K [0x0000000080000000, 0x0000000097400000, 0x00000000d5580000)
  object space 380928K, 99% used [0x0000000080000000,0x00000000973a09a8,0x0000000097400000)
 Metaspace       used 83921K, committed 85568K, reserved 1179648K
  class space    used 9947K, committed 10688K, reserved 1048576K
}
Event: 1368.926 GC heap before
{Heap before GC invocations=1226 (full 4):
 PSYoungGen      total 5120K, used 3826K [0x00000000d5580000, 0x00000000d5c80000, 0x0000000100000000)
  eden space 3584K, 100% used [0x00000000d5580000,0x00000000d5900000,0x00000000d5900000)
  from space 1536K, 15% used [0x00000000d5980000,0x00000000d59bc930,0x00000000d5b00000)
  to   space 1024K, 0% used [0x00000000d5b80000,0x00000000d5b80000,0x00000000d5c80000)
 ParOldGen       total 380928K, used 380546K [0x0000000080000000, 0x0000000097400000, 0x00000000d5580000)
  object space 380928K, 99% used [0x0000000080000000,0x00000000973a09a8,0x0000000097400000)
 Metaspace       used 84303K, committed 85952K, reserved 1179648K
  class space    used 9992K, committed 10752K, reserved 1048576K
}
Event: 1368.933 GC heap after
{Heap after GC invocations=1226 (full 4):
 PSYoungGen      total 4096K, used 160K [0x00000000d5580000, 0x00000000d5c00000, 0x0000000100000000)
  eden space 3584K, 0% used [0x00000000d5580000,0x00000000d5580000,0x00000000d5900000)
  from space 512K, 31% used [0x00000000d5b80000,0x00000000d5ba8000,0x00000000d5c00000)
  to   space 512K, 0% used [0x00000000d5b00000,0x00000000d5b00000,0x00000000d5b80000)
 ParOldGen       total 380928K, used 380658K [0x0000000080000000, 0x0000000097400000, 0x00000000d5580000)
  object space 380928K, 99% used [0x0000000080000000,0x00000000973bc9a8,0x0000000097400000)
 Metaspace       used 84303K, committed 85952K, reserved 1179648K
  class space    used 9992K, committed 10752K, reserved 1048576K
}
Event: 1370.192 GC heap before
{Heap before GC invocations=1227 (full 4):
 PSYoungGen      total 4096K, used 3744K [0x00000000d5580000, 0x00000000d5c00000, 0x0000000100000000)
  eden space 3584K, 100% used [0x00000000d5580000,0x00000000d5900000,0x00000000d5900000)
  from space 512K, 31% used [0x00000000d5b80000,0x00000000d5ba8000,0x00000000d5c00000)
  to   space 512K, 0% used [0x00000000d5b00000,0x00000000d5b00000,0x00000000d5b80000)
 ParOldGen       total 380928K, used 380658K [0x0000000080000000, 0x0000000097400000, 0x00000000d5580000)
  object space 380928K, 99% used [0x0000000080000000,0x00000000973bc9a8,0x0000000097400000)
 Metaspace       used 84459K, committed 86144K, reserved 1179648K
  class space    used 10009K, committed 10752K, reserved 1048576K
}
Event: 1370.196 GC heap after
{Heap after GC invocations=1227 (full 4):
 PSYoungGen      total 4096K, used 128K [0x00000000d5580000, 0x00000000d5c00000, 0x0000000100000000)
  eden space 3584K, 0% used [0x00000000d5580000,0x00000000d5580000,0x00000000d5900000)
  from space 512K, 25% used [0x00000000d5b00000,0x00000000d5b20000,0x00000000d5b80000)
  to   space 512K, 0% used [0x00000000d5b80000,0x00000000d5b80000,0x00000000d5c00000)
 ParOldGen       total 380928K, used 380714K [0x0000000080000000, 0x0000000097400000, 0x00000000d5580000)
  object space 380928K, 99% used [0x0000000080000000,0x00000000973ca9a8,0x0000000097400000)
 Metaspace       used 84459K, committed 86144K, reserved 1179648K
  class space    used 10009K, committed 10752K, reserved 1048576K
}
Event: 1372.336 GC heap before
{Heap before GC invocations=1228 (full 4):
 PSYoungGen      total 4096K, used 3712K [0x00000000d5580000, 0x00000000d5c00000, 0x0000000100000000)
  eden space 3584K, 100% used [0x00000000d5580000,0x00000000d5900000,0x00000000d5900000)
  from space 512K, 25% used [0x00000000d5b00000,0x00000000d5b20000,0x00000000d5b80000)
  to   space 512K, 0% used [0x00000000d5b80000,0x00000000d5b80000,0x00000000d5c00000)
 ParOldGen       total 380928K, used 380714K [0x0000000080000000, 0x0000000097400000, 0x00000000d5580000)
  object space 380928K, 99% used [0x0000000080000000,0x00000000973ca9a8,0x0000000097400000)
 Metaspace       used 84459K, committed 86144K, reserved 1179648K
  class space    used 10009K, committed 10752K, reserved 1048576K
}
Event: 1372.340 GC heap after
{Heap after GC invocations=1228 (full 4):
 PSYoungGen      total 4096K, used 96K [0x00000000d5580000, 0x00000000d5c00000, 0x0000000100000000)
  eden space 3584K, 0% used [0x00000000d5580000,0x00000000d5580000,0x00000000d5900000)
  from space 512K, 18% used [0x00000000d5b80000,0x00000000d5b98000,0x00000000d5c00000)
  to   space 512K, 0% used [0x00000000d5b00000,0x00000000d5b00000,0x00000000d5b80000)
 ParOldGen       total 380928K, used 380762K [0x0000000080000000, 0x0000000097400000, 0x00000000d5580000)
  object space 380928K, 99% used [0x0000000080000000,0x00000000973d69a8,0x0000000097400000)
 Metaspace       used 84459K, committed 86144K, reserved 1179648K
  class space    used 10009K, committed 10752K, reserved 1048576K
}
Event: 1373.352 GC heap before
{Heap before GC invocations=1229 (full 4):
 PSYoungGen      total 4096K, used 3680K [0x00000000d5580000, 0x00000000d5c00000, 0x0000000100000000)
  eden space 3584K, 100% used [0x00000000d5580000,0x00000000d5900000,0x00000000d5900000)
  from space 512K, 18% used [0x00000000d5b80000,0x00000000d5b98000,0x00000000d5c00000)
  to   space 512K, 0% used [0x00000000d5b00000,0x00000000d5b00000,0x00000000d5b80000)
 ParOldGen       total 380928K, used 380762K [0x0000000080000000, 0x0000000097400000, 0x00000000d5580000)
  object space 380928K, 99% used [0x0000000080000000,0x00000000973d69a8,0x0000000097400000)
 Metaspace       used 84461K, committed 86144K, reserved 1179648K
  class space    used 10009K, committed 10752K, reserved 1048576K
}
Event: 1373.356 GC heap after
{Heap after GC invocations=1229 (full 4):
 PSYoungGen      total 4096K, used 128K [0x00000000d5580000, 0x00000000d5c00000, 0x0000000100000000)
  eden space 3584K, 0% used [0x00000000d5580000,0x00000000d5580000,0x00000000d5900000)
  from space 512K, 25% used [0x00000000d5b00000,0x00000000d5b20000,0x00000000d5b80000)
  to   space 512K, 0% used [0x00000000d5b80000,0x00000000d5b80000,0x00000000d5c00000)
 ParOldGen       total 380928K, used 380786K [0x0000000080000000, 0x0000000097400000, 0x00000000d5580000)
  object space 380928K, 99% used [0x0000000080000000,0x00000000973dc9a8,0x0000000097400000)
 Metaspace       used 84461K, committed 86144K, reserved 1179648K
  class space    used 10009K, committed 10752K, reserved 1048576K
}
Event: 1374.819 GC heap before
{Heap before GC invocations=1230 (full 4):
 PSYoungGen      total 4096K, used 3712K [0x00000000d5580000, 0x00000000d5c00000, 0x0000000100000000)
  eden space 3584K, 100% used [0x00000000d5580000,0x00000000d5900000,0x00000000d5900000)
  from space 512K, 25% used [0x00000000d5b00000,0x00000000d5b20000,0x00000000d5b80000)
  to   space 512K, 0% used [0x00000000d5b80000,0x00000000d5b80000,0x00000000d5c00000)
 ParOldGen       total 380928K, used 380786K [0x0000000080000000, 0x0000000097400000, 0x00000000d5580000)
  object space 380928K, 99% used [0x0000000080000000,0x00000000973dc9a8,0x0000000097400000)
 Metaspace       used 84497K, committed 86208K, reserved 1179648K
  class space    used 10009K, committed 10752K, reserved 1048576K
}
Event: 1374.824 GC heap after
{Heap after GC invocations=1230 (full 4):
 PSYoungGen      total 4096K, used 128K [0x00000000d5580000, 0x00000000d5c00000, 0x0000000100000000)
  eden space 3584K, 0% used [0x00000000d5580000,0x00000000d5580000,0x00000000d5900000)
  from space 512K, 25% used [0x00000000d5b80000,0x00000000d5ba0000,0x00000000d5c00000)
  to   space 512K, 0% used [0x00000000d5b00000,0x00000000d5b00000,0x00000000d5b80000)
 ParOldGen       total 380928K, used 380810K [0x0000000080000000, 0x0000000097400000, 0x00000000d5580000)
  object space 380928K, 99% used [0x0000000080000000,0x00000000973e29a8,0x0000000097400000)
 Metaspace       used 84497K, committed 86208K, reserved 1179648K
  class space    used 10009K, committed 10752K, reserved 1048576K
}
Event: 1376.072 GC heap before
{Heap before GC invocations=1231 (full 4):
 PSYoungGen      total 4096K, used 3712K [0x00000000d5580000, 0x00000000d5c00000, 0x0000000100000000)
  eden space 3584K, 100% used [0x00000000d5580000,0x00000000d5900000,0x00000000d5900000)
  from space 512K, 25% used [0x00000000d5b80000,0x00000000d5ba0000,0x00000000d5c00000)
  to   space 512K, 0% used [0x00000000d5b00000,0x00000000d5b00000,0x00000000d5b80000)
 ParOldGen       total 380928K, used 380810K [0x0000000080000000, 0x0000000097400000, 0x00000000d5580000)
  object space 380928K, 99% used [0x0000000080000000,0x00000000973e29a8,0x0000000097400000)
 Metaspace       used 84514K, committed 86208K, reserved 1179648K
  class space    used 10009K, committed 10752K, reserved 1048576K
}
Event: 1376.076 GC heap after
{Heap after GC invocations=1231 (full 4):
 PSYoungGen      total 4096K, used 192K [0x00000000d5580000, 0x00000000d5c00000, 0x0000000100000000)
  eden space 3584K, 0% used [0x00000000d5580000,0x00000000d5580000,0x00000000d5900000)
  from space 512K, 37% used [0x00000000d5b00000,0x00000000d5b30000,0x00000000d5b80000)
  to   space 512K, 0% used [0x00000000d5b80000,0x00000000d5b80000,0x00000000d5c00000)
 ParOldGen       total 380928K, used 380866K [0x0000000080000000, 0x0000000097400000, 0x00000000d5580000)
  object space 380928K, 99% used [0x0000000080000000,0x00000000973f09b8,0x0000000097400000)
 Metaspace       used 84514K, committed 86208K, reserved 1179648K
  class space    used 10009K, committed 10752K, reserved 1048576K
}

Dll operation events (15 events):
Event: 0.043 Loaded shared library c:\Users\dadig\.antigravity\extensions\redhat.java-1.50.0-win32-x64\jre\21.0.9-win32-x86_64\bin\java.dll
Event: 0.726 Loaded shared library c:\Users\dadig\.antigravity\extensions\redhat.java-1.50.0-win32-x64\jre\21.0.9-win32-x86_64\bin\zip.dll
Event: 0.835 Loaded shared library C:\Users\dadig\.antigravity\extensions\redhat.java-1.50.0-win32-x64\jre\21.0.9-win32-x86_64\bin\instrument.dll
Event: 0.875 Loaded shared library C:\Users\dadig\.antigravity\extensions\redhat.java-1.50.0-win32-x64\jre\21.0.9-win32-x86_64\bin\net.dll
Event: 0.900 Loaded shared library C:\Users\dadig\.antigravity\extensions\redhat.java-1.50.0-win32-x64\jre\21.0.9-win32-x86_64\bin\nio.dll
Event: 0.916 Loaded shared library C:\Users\dadig\.antigravity\extensions\redhat.java-1.50.0-win32-x64\jre\21.0.9-win32-x86_64\bin\zip.dll
Event: 1.048 Loaded shared library C:\Users\dadig\.antigravity\extensions\redhat.java-1.50.0-win32-x64\jre\21.0.9-win32-x86_64\bin\jimage.dll
Event: 2.916 Loaded shared library c:\Users\dadig\.antigravity\extensions\redhat.java-1.50.0-win32-x64\jre\21.0.9-win32-x86_64\bin\verify.dll
Event: 9.955 Loaded shared library C:\Users\dadig\AppData\Roaming\Antigravity\User\globalStorage\redhat.java\1.50.0\config_win\org.eclipse.equinox.launcher\org.eclipse.equinox.launcher.win32.win32.x86_64_1.2.1400.v20250801-0854\eclipse_11916.dll
Event: 19.760 Loaded shared library C:\Users\dadig\AppData\Local\Temp\jna-95341285\jna2046095571979102820.dll
Event: 32.147 Loaded shared library C:\Users\dadig\.antigravity\extensions\redhat.java-1.50.0-win32-x64\jre\21.0.9-win32-x86_64\bin\management.dll
Event: 32.209 Loaded shared library C:\Users\dadig\.antigravity\extensions\redhat.java-1.50.0-win32-x64\jre\21.0.9-win32-x86_64\bin\management_ext.dll
Event: 45.021 Loaded shared library C:\Users\dadig\.gradle\native\1def1411415f61bf3af743bc5b6707747c0891f09f0c88961ee8f79bc544acac\windows-amd64\native-platform.dll
Event: 202.235 Loaded shared library C:\Users\dadig\.antigravity\extensions\redhat.java-1.50.0-win32-x64\jre\21.0.9-win32-x86_64\bin\extnet.dll
Event: 206.070 Loaded shared library C:\Users\dadig\.antigravity\extensions\redhat.java-1.50.0-win32-x64\jre\21.0.9-win32-x86_64\bin\sunmscapi.dll

Deoptimization events (20 events):
Event: 1369.755 Thread 0x0000022cf313d000 Uncommon trap: trap_request=0xffffffc6 fr.pc=0x0000022cd49ef2e4 relative=0x0000000000000284
Event: 1369.755 Thread 0x0000022cf313d000 Uncommon trap: reason=bimorphic_or_optimized_type_check action=maybe_recompile pc=0x0000022cd49ef2e4 method=java.util.regex.Pattern$BmpCharProperty.match(Ljava/util/regex/Matcher;ILjava/lang/CharSequence;)Z @ 14 c2
Event: 1369.755 Thread 0x0000022cf313d000 DEOPT PACKING pc=0x0000022cd49ef2e4 sp=0x000000f9816fed60
Event: 1369.755 Thread 0x0000022cf313d000 DEOPT UNPACKING pc=0x0000022cd4073aa2 sp=0x000000f9816fecf0 mode 2
Event: 1369.755 Thread 0x0000022cf313d000 Uncommon trap: trap_request=0xffffffc6 fr.pc=0x0000022cd4e3ddd0 relative=0x0000000000000110
Event: 1369.755 Thread 0x0000022cf313d000 Uncommon trap: reason=bimorphic_or_optimized_type_check action=maybe_recompile pc=0x0000022cd4e3ddd0 method=java.util.regex.Pattern.lambda$union$3(Ljava/util/regex/Pattern$CharPredicate;Ljava/util/regex/Pattern$CharPredicate;I)Z @ 12 c2
Event: 1369.755 Thread 0x0000022cf313d000 DEOPT PACKING pc=0x0000022cd4e3ddd0 sp=0x000000f9816fecc0
Event: 1369.755 Thread 0x0000022cf313d000 DEOPT UNPACKING pc=0x0000022cd4073aa2 sp=0x000000f9816febd8 mode 2
Event: 1369.756 Thread 0x0000022cf313d000 Uncommon trap: trap_request=0xffffffbe fr.pc=0x0000022cd4852220 relative=0x0000000000000920
Event: 1369.756 Thread 0x0000022cf313d000 Uncommon trap: reason=profile_predicate action=maybe_recompile pc=0x0000022cd4852220 method=java.util.regex.Pattern$Slice.match(Ljava/util/regex/Matcher;ILjava/lang/CharSequence;)Z @ 18 c2
Event: 1369.756 Thread 0x0000022cf313d000 DEOPT PACKING pc=0x0000022cd4852220 sp=0x000000f9816fed40
Event: 1369.756 Thread 0x0000022cf313d000 DEOPT UNPACKING pc=0x0000022cd4073aa2 sp=0x000000f9816fece0 mode 2
Event: 1369.756 Thread 0x0000022cf313d000 Uncommon trap: trap_request=0xffffffc6 fr.pc=0x0000022cd49ef2e4 relative=0x0000000000000284
Event: 1369.756 Thread 0x0000022cf313d000 Uncommon trap: reason=bimorphic_or_optimized_type_check action=maybe_recompile pc=0x0000022cd49ef2e4 method=java.util.regex.Pattern$BmpCharProperty.match(Ljava/util/regex/Matcher;ILjava/lang/CharSequence;)Z @ 14 c2
Event: 1369.756 Thread 0x0000022cf313d000 DEOPT PACKING pc=0x0000022cd49ef2e4 sp=0x000000f9816fed60
Event: 1369.756 Thread 0x0000022cf313d000 DEOPT UNPACKING pc=0x0000022cd4073aa2 sp=0x000000f9816fecf0 mode 2
Event: 1369.756 Thread 0x0000022cf313d000 Uncommon trap: trap_request=0xffffffc6 fr.pc=0x0000022cd4e3ddd0 relative=0x0000000000000110
Event: 1369.756 Thread 0x0000022cf313d000 Uncommon trap: reason=bimorphic_or_optimized_type_check action=maybe_recompile pc=0x0000022cd4e3ddd0 method=java.util.regex.Pattern.lambda$union$3(Ljava/util/regex/Pattern$CharPredicate;Ljava/util/regex/Pattern$CharPredicate;I)Z @ 12 c2
Event: 1369.756 Thread 0x0000022cf313d000 DEOPT PACKING pc=0x0000022cd4e3ddd0 sp=0x000000f9816fecc0
Event: 1369.756 Thread 0x0000022cf313d000 DEOPT UNPACKING pc=0x0000022cd4073aa2 sp=0x000000f9816febd8 mode 2

Classes loaded (20 events):
Event: 1367.582 Loading class java/lang/Process$PipeInputStream
Event: 1367.584 Loading class java/lang/Process$PipeInputStream done
Event: 1367.600 Loading class jdk/internal/event/ProcessStartEvent
Event: 1367.607 Loading class jdk/internal/event/ProcessStartEvent done
Event: 1368.244 Loading class java/util/EnumMap$EntrySet
Event: 1368.248 Loading class java/util/EnumMap$EntrySet done
Event: 1368.248 Loading class java/util/EnumMap$EntryIterator
Event: 1368.250 Loading class java/util/EnumMap$EnumMapIterator
Event: 1368.281 Loading class java/util/EnumMap$EnumMapIterator done
Event: 1368.281 Loading class java/util/EnumMap$EntryIterator done
Event: 1368.282 Loading class java/util/EnumMap$EntryIterator$Entry
Event: 1368.294 Loading class java/util/EnumMap$EntryIterator$Entry done
Event: 1369.485 Loading class java/lang/ProcessBuilder$NullInputStream
Event: 1369.486 Loading class java/lang/ProcessBuilder$NullInputStream done
Event: 1369.490 Loading class java/util/Scanner
Event: 1369.530 Loading class java/util/Scanner done
Event: 1369.544 Loading class java/util/Scanner$PatternLRUCache
Event: 1369.545 Loading class java/util/Scanner$PatternLRUCache done
Event: 1369.748 Loading class java/util/regex/Matcher$ImmutableMatchResult
Event: 1369.752 Loading class java/util/regex/Matcher$ImmutableMatchResult done

Classes unloaded (8 events):
Event: 26.823 Thread 0x0000022cc99ad510 Unloading class 0x0000022c811a4000 'java/lang/invoke/LambdaForm$MH+0x0000022c811a4000'
Event: 26.823 Thread 0x0000022cc99ad510 Unloading class 0x0000022c811a3c00 'java/lang/invoke/LambdaForm$MH+0x0000022c811a3c00'
Event: 26.823 Thread 0x0000022cc99ad510 Unloading class 0x0000022c811a3800 'java/lang/invoke/LambdaForm$MH+0x0000022c811a3800'
Event: 26.823 Thread 0x0000022cc99ad510 Unloading class 0x0000022c811a3400 'java/lang/invoke/LambdaForm$MH+0x0000022c811a3400'
Event: 26.823 Thread 0x0000022cc99ad510 Unloading class 0x0000022c811a3000 'java/lang/invoke/LambdaForm$BMH+0x0000022c811a3000'
Event: 26.823 Thread 0x0000022cc99ad510 Unloading class 0x0000022c811a2c00 'java/lang/invoke/LambdaForm$DMH+0x0000022c811a2c00'
Event: 26.823 Thread 0x0000022cc99ad510 Unloading class 0x0000022c811a1800 'java/lang/invoke/LambdaForm$DMH+0x0000022c811a1800'
Event: 33.108 Thread 0x0000022cc99ad510 Unloading class 0x0000022c812b2800 'java/lang/invoke/LambdaForm$MH+0x0000022c812b2800'

Classes redefined (0 events):
No events

Internal exceptions (20 events):
Event: 1375.643 Thread 0x0000022ce6bc3e40 Exception <a 'sun/nio/fs/WindowsException'{0x00000000d57be0b8}> (0x00000000d57be0b8) 
thrown [s\src\hotspot\share\prims\jni.cpp, line 520]
Event: 1375.643 Thread 0x0000022ce6bc3e40 Exception <a 'sun/nio/fs/WindowsException'{0x00000000d57bee18}> (0x00000000d57bee18) 
thrown [s\src\hotspot\share\prims\jni.cpp, line 520]
Event: 1375.655 Thread 0x0000022ce6bc3e40 Exception <a 'sun/nio/fs/WindowsException'{0x00000000d57c1970}> (0x00000000d57c1970) 
thrown [s\src\hotspot\share\prims\jni.cpp, line 520]
Event: 1375.656 Thread 0x0000022ce6bc3e40 Exception <a 'sun/nio/fs/WindowsException'{0x00000000d57c26d0}> (0x00000000d57c26d0) 
thrown [s\src\hotspot\share\prims\jni.cpp, line 520]
Event: 1375.659 Thread 0x0000022ce6bc3e40 Exception <a 'sun/nio/fs/WindowsException'{0x00000000d57d7d10}> (0x00000000d57d7d10) 
thrown [s\src\hotspot\share\prims\jni.cpp, line 520]
Event: 1375.659 Thread 0x0000022ce6bc3e40 Exception <a 'sun/nio/fs/WindowsException'{0x00000000d57d8a70}> (0x00000000d57d8a70) 
thrown [s\src\hotspot\share\prims\jni.cpp, line 520]
Event: 1375.664 Thread 0x0000022ce6bc3e40 Exception <a 'sun/nio/fs/WindowsException'{0x00000000d57db528}> (0x00000000d57db528) 
thrown [s\src\hotspot\share\prims\jni.cpp, line 520]
Event: 1375.664 Thread 0x0000022ce6bc3e40 Exception <a 'sun/nio/fs/WindowsException'{0x00000000d57dc288}> (0x00000000d57dc288) 
thrown [s\src\hotspot\share\prims\jni.cpp, line 520]
Event: 1375.670 Thread 0x0000022ce6bc3e40 Exception <a 'sun/nio/fs/WindowsException'{0x00000000d57f1f38}> (0x00000000d57f1f38) 
thrown [s\src\hotspot\share\prims\jni.cpp, line 520]
Event: 1375.670 Thread 0x0000022ce6bc3e40 Exception <a 'sun/nio/fs/WindowsException'{0x00000000d57f2c98}> (0x00000000d57f2c98) 
thrown [s\src\hotspot\share\prims\jni.cpp, line 520]
Event: 1375.673 Thread 0x0000022ce6bc3e40 Exception <a 'sun/nio/fs/WindowsException'{0x00000000d57f54e8}> (0x00000000d57f54e8) 
thrown [s\src\hotspot\share\prims\jni.cpp, line 520]
Event: 1375.673 Thread 0x0000022ce6bc3e40 Exception <a 'sun/nio/fs/WindowsException'{0x00000000d57f6248}> (0x00000000d57f6248) 
thrown [s\src\hotspot\share\prims\jni.cpp, line 520]
Event: 1377.035 Thread 0x0000022ce6bc3e40 Exception <a 'sun/nio/fs/WindowsException'{0x00000000d5869b80}> (0x00000000d5869b80) 
thrown [s\src\hotspot\share\prims\jni.cpp, line 520]
Event: 1377.035 Thread 0x0000022ce6bc3e40 Exception <a 'sun/nio/fs/WindowsException'{0x00000000d586a630}> (0x00000000d586a630) 
thrown [s\src\hotspot\share\prims\jni.cpp, line 520]
Event: 1377.037 Thread 0x0000022ce6bc3e40 Exception <a 'sun/nio/fs/WindowsException'{0x00000000d586c308}> (0x00000000d586c308) 
thrown [s\src\hotspot\share\prims\jni.cpp, line 520]
Event: 1377.037 Thread 0x0000022ce6bc3e40 Exception <a 'sun/nio/fs/WindowsException'{0x00000000d586cdb8}> (0x00000000d586cdb8) 
thrown [s\src\hotspot\share\prims\jni.cpp, line 520]
Event: 1377.038 Thread 0x0000022ce6bc3e40 Exception <a 'sun/nio/fs/WindowsException'{0x00000000d586ecd8}> (0x00000000d586ecd8) 
thrown [s\src\hotspot\share\prims\jni.cpp, line 520]
Event: 1377.039 Thread 0x0000022ce6bc3e40 Exception <a 'sun/nio/fs/WindowsException'{0x00000000d586f788}> (0x00000000d586f788) 
thrown [s\src\hotspot\share\prims\jni.cpp, line 520]
Event: 1377.040 Thread 0x0000022ce6bc3e40 Exception <a 'sun/nio/fs/WindowsException'{0x00000000d5871460}> (0x00000000d5871460) 
thrown [s\src\hotspot\share\prims\jni.cpp, line 520]
Event: 1377.040 Thread 0x0000022ce6bc3e40 Exception <a 'sun/nio/fs/WindowsException'{0x00000000d5871f10}> (0x00000000d5871f10) 
thrown [s\src\hotspot\share\prims\jni.cpp, line 520]

ZGC Phase Switch (0 events):
No events

VM Operations (20 events):
Event: 1369.934 Executing VM operation: Cleanup
Event: 1369.934 Executing VM operation: Cleanup done
Event: 1370.192 Executing VM operation: ParallelGCFailedAllocation (Allocation Failure)
Event: 1370.196 Executing VM operation: ParallelGCFailedAllocation (Allocation Failure) done
Event: 1372.196 Executing VM operation: Cleanup
Event: 1372.196 Executing VM operation: Cleanup done
Event: 1372.335 Executing VM operation: ParallelGCFailedAllocation (Allocation Failure)
Event: 1372.340 Executing VM operation: ParallelGCFailedAllocation (Allocation Failure) done
Event: 1373.352 Executing VM operation: ParallelGCFailedAllocation (Allocation Failure)
Event: 1373.356 Executing VM operation: ParallelGCFailedAllocation (Allocation Failure) done
Event: 1374.357 Executing VM operation: Cleanup
Event: 1374.357 Executing VM operation: Cleanup done
Event: 1374.819 Executing VM operation: ParallelGCFailedAllocation (Allocation Failure)
Event: 1374.824 Executing VM operation: ParallelGCFailedAllocation (Allocation Failure) done
Event: 1375.824 Executing VM operation: Cleanup
Event: 1375.824 Executing VM operation: Cleanup done
Event: 1376.072 Executing VM operation: ParallelGCFailedAllocation (Allocation Failure)
Event: 1376.076 Executing VM operation: ParallelGCFailedAllocation (Allocation Failure) done
Event: 1377.076 Executing VM operation: Cleanup
Event: 1377.079 Executing VM operation: Cleanup done

Memory protections (0 events):
No events

Nmethod flushes (20 events):
Event: 822.427 Thread 0x0000022cc99ad510 flushing  nmethod 0x0000022ccd75fb90
Event: 822.427 Thread 0x0000022cc99ad510 flushing  nmethod 0x0000022ccd760590
Event: 822.427 Thread 0x0000022cc99ad510 flushing  nmethod 0x0000022ccd771190
Event: 822.427 Thread 0x0000022cc99ad510 flushing  nmethod 0x0000022ccd778790
Event: 822.427 Thread 0x0000022cc99ad510 flushing  nmethod 0x0000022ccd784590
Event: 822.427 Thread 0x0000022cc99ad510 flushing  nmethod 0x0000022ccd787f10
Event: 822.427 Thread 0x0000022cc99ad510 flushing  nmethod 0x0000022ccd7e1f10
Event: 822.428 Thread 0x0000022cc99ad510 flushing  nmethod 0x0000022ccd7edf10
Event: 822.428 Thread 0x0000022cc99ad510 flushing  nmethod 0x0000022ccd82d010
Event: 822.428 Thread 0x0000022cc99ad510 flushing  nmethod 0x0000022ccd83c110
Event: 822.428 Thread 0x0000022cc99ad510 flushing  nmethod 0x0000022ccd83c990
Event: 822.428 Thread 0x0000022cc99ad510 flushing  nmethod 0x0000022ccd856090
Event: 822.429 Thread 0x0000022cc99ad510 flushing  nmethod 0x0000022ccd856810
Event: 822.429 Thread 0x0000022cc99ad510 flushing  nmethod 0x0000022ccd875710
Event: 822.429 Thread 0x0000022cc99ad510 flushing  nmethod 0x0000022ccd878390
Event: 822.429 Thread 0x0000022cc99ad510 flushing  nmethod 0x0000022ccd879790
Event: 822.429 Thread 0x0000022cc99ad510 flushing  nmethod 0x0000022ccd87a490
Event: 822.429 Thread 0x0000022cc99ad510 flushing  nmethod 0x0000022ccd8ae010
Event: 822.429 Thread 0x0000022cc99ad510 flushing  nmethod 0x0000022ccd8d1390
Event: 822.430 Thread 0x0000022cc99ad510 flushing  nmethod 0x0000022ccd981590

Events (20 events):
Event: 1200.914 Thread 0x0000022cf3139b80 Thread exited: 0x0000022cf3139b80
Event: 1202.342 Thread 0x0000022ce6bc3e40 Thread added: 0x0000022cf31387d0
Event: 1202.432 Thread 0x0000022ce6bc3e40 Thread added: 0x0000022cf3139b80
Event: 1204.399 Thread 0x0000022cf3139b80 Thread added: 0x0000022cf313c970
Event: 1357.484 Thread 0x0000022cf313c970 Thread exited: 0x0000022cf313c970
Event: 1358.156 Thread 0x0000022cf3139b80 Thread exited: 0x0000022cf3139b80
Event: 1358.483 Thread 0x0000022ce6bc3e40 Thread added: 0x0000022cf313c2e0
Event: 1358.823 Thread 0x0000022ce6bc3e40 Thread added: 0x0000022cf3139b80
Event: 1359.554 Thread 0x0000022cf3139b80 Thread added: 0x0000022cf313a8a0
Event: 1367.094 Thread 0x0000022cf3139b80 Thread added: 0x0000022cf313d690
Event: 1367.638 Thread 0x0000022cf313d690 Thread added: 0x0000022cf313c970
Event: 1367.638 Thread 0x0000022cf313d690 Thread added: 0x0000022cf313af30
Event: 1369.444 Thread 0x0000022cf3139b80 Thread added: 0x0000022cf313d000
Event: 1369.489 Thread 0x0000022cf313d000 Thread added: 0x0000022cf313b5c0
Event: 1369.490 Thread 0x0000022cf313d000 Thread added: 0x0000022cf313bc50
Event: 1369.495 Thread 0x0000022cf313b5c0 Thread exited: 0x0000022cf313b5c0
Event: 1369.928 Thread 0x0000022cf313d000 Thread exited: 0x0000022cf313d000
Event: 1369.928 Thread 0x0000022cf313bc50 Thread exited: 0x0000022cf313bc50
Event: 1369.945 Thread 0x0000022cf313a8a0 Thread exited: 0x0000022cf313a8a0
Event: 1369.993 Thread 0x0000022cf3139b80 Thread exited: 0x0000022cf3139b80


Dynamic libraries:
0x00007ff6e0f40000 - 0x00007ff6e0f4e000 	c:\Users\dadig\.antigravity\extensions\redhat.java-1.50.0-win32-x64\jre\21.0.9-win32-x86_64\bin\java.exe
0x00007ffce45e0000 - 0x00007ffce4847000 	C:\WINDOWS\SYSTEM32\ntdll.dll
0x00007ffce30f0000 - 0x00007ffce31b9000 	C:\WINDOWS\System32\KERNEL32.DLL
0x00007ffce1c20000 - 0x00007ffce200f000 	C:\WINDOWS\System32\KERNELBASE.dll
0x00007ffce17e0000 - 0x00007ffce192b000 	C:\WINDOWS\System32\ucrtbase.dll
0x00007ffcb0ac0000 - 0x00007ffcb0ad8000 	c:\Users\dadig\.antigravity\extensions\redhat.java-1.50.0-win32-x64\jre\21.0.9-win32-x86_64\bin\jli.dll
0x00007ffce29b0000 - 0x00007ffce2b75000 	C:\WINDOWS\System32\USER32.dll
0x00007ffce1bf0000 - 0x00007ffce1c17000 	C:\WINDOWS\System32\win32u.dll
0x00007ffce2790000 - 0x00007ffce27bb000 	C:\WINDOWS\System32\GDI32.dll
0x00007ffce2250000 - 0x00007ffce237c000 	C:\WINDOWS\System32\gdi32full.dll
0x00007ffce21a0000 - 0x00007ffce2243000 	C:\WINDOWS\System32\msvcp_win.dll
0x00007ffcafe40000 - 0x00007ffcafe5e000 	c:\Users\dadig\.antigravity\extensions\redhat.java-1.50.0-win32-x64\jre\21.0.9-win32-x86_64\bin\VCRUNTIME140.dll
0x00007ffcc68d0000 - 0x00007ffcc6b63000 	C:\WINDOWS\WinSxS\amd64_microsoft.windows.common-controls_6595b64144ccf1df_6.0.26100.7309_none_3e05feeae336a044\COMCTL32.dll
0x00007ffce2660000 - 0x00007ffce2709000 	C:\WINDOWS\System32\msvcrt.dll
0x00007ffce4560000 - 0x00007ffce4591000 	C:\WINDOWS\System32\IMM32.DLL
0x00007ffcdc7c0000 - 0x00007ffcdc7cc000 	c:\Users\dadig\.antigravity\extensions\redhat.java-1.50.0-win32-x64\jre\21.0.9-win32-x86_64\bin\vcruntime140_1.dll
0x00007ffc8ccb0000 - 0x00007ffc8cd3d000 	c:\Users\dadig\.antigravity\extensions\redhat.java-1.50.0-win32-x64\jre\21.0.9-win32-x86_64\bin\msvcp140.dll
0x00007ffc67df0000 - 0x00007ffc68b90000 	c:\Users\dadig\.antigravity\extensions\redhat.java-1.50.0-win32-x64\jre\21.0.9-win32-x86_64\bin\server\jvm.dll
0x00007ffce37f0000 - 0x00007ffce38a4000 	C:\WINDOWS\System32\ADVAPI32.dll
0x00007ffce44b0000 - 0x00007ffce4556000 	C:\WINDOWS\System32\sechost.dll
0x00007ffce2f50000 - 0x00007ffce3068000 	C:\WINDOWS\System32\RPCRT4.dll
0x00007ffce38b0000 - 0x00007ffce3924000 	C:\WINDOWS\System32\WS2_32.dll
0x00007ffce1590000 - 0x00007ffce15ee000 	C:\WINDOWS\SYSTEM32\POWRPROF.dll
0x00007ffcda940000 - 0x00007ffcda975000 	C:\WINDOWS\SYSTEM32\WINMM.dll
0x00007ffcda980000 - 0x00007ffcda98b000 	C:\WINDOWS\SYSTEM32\VERSION.dll
0x00007ffce1570000 - 0x00007ffce1584000 	C:\WINDOWS\SYSTEM32\UMPDC.dll
0x00007ffce04e0000 - 0x00007ffce04fb000 	C:\WINDOWS\SYSTEM32\kernel.appcore.dll
0x00007ffcd53a0000 - 0x00007ffcd53aa000 	c:\Users\dadig\.antigravity\extensions\redhat.java-1.50.0-win32-x64\jre\21.0.9-win32-x86_64\bin\jimage.dll
0x00007ffcd6ee0000 - 0x00007ffcd7122000 	C:\WINDOWS\SYSTEM32\DBGHELP.DLL
0x00007ffce39c0000 - 0x00007ffce3d45000 	C:\WINDOWS\System32\combase.dll
0x00007ffce2480000 - 0x00007ffce2556000 	C:\WINDOWS\System32\OLEAUT32.dll
0x00007ffcc5d20000 - 0x00007ffcc5d5c000 	C:\WINDOWS\SYSTEM32\dbgcore.DLL
0x00007ffce1730000 - 0x00007ffce17d5000 	C:\WINDOWS\System32\bcryptPrimitives.dll
0x00007ffcde750000 - 0x00007ffcde75f000 	c:\Users\dadig\.antigravity\extensions\redhat.java-1.50.0-win32-x64\jre\21.0.9-win32-x86_64\bin\instrument.dll
0x00007ffc9fc50000 - 0x00007ffc9fc70000 	c:\Users\dadig\.antigravity\extensions\redhat.java-1.50.0-win32-x64\jre\21.0.9-win32-x86_64\bin\java.dll
0x00007ffce3d50000 - 0x00007ffce44a3000 	C:\WINDOWS\System32\SHELL32.dll
0x00007ffce1930000 - 0x00007ffce1a9a000 	C:\WINDOWS\System32\wintypes.dll
0x00007ffcdf370000 - 0x00007ffcdfbce000 	C:\WINDOWS\SYSTEM32\windows.storage.dll
0x00007ffce2380000 - 0x00007ffce2475000 	C:\WINDOWS\System32\SHCORE.dll
0x00007ffce2cf0000 - 0x00007ffce2d56000 	C:\WINDOWS\System32\shlwapi.dll
0x00007ffce1650000 - 0x00007ffce1679000 	C:\WINDOWS\SYSTEM32\profapi.dll
0x00007ffc9fb60000 - 0x00007ffc9fb78000 	c:\Users\dadig\.antigravity\extensions\redhat.java-1.50.0-win32-x64\jre\21.0.9-win32-x86_64\bin\zip.dll
0x00007ffcd51b0000 - 0x00007ffcd51c0000 	C:\Users\dadig\.antigravity\extensions\redhat.java-1.50.0-win32-x64\jre\21.0.9-win32-x86_64\bin\net.dll
0x00007ffcd7f30000 - 0x00007ffcd8058000 	C:\WINDOWS\SYSTEM32\WINHTTP.dll
0x00007ffce0a50000 - 0x00007ffce0abb000 	C:\WINDOWS\system32\mswsock.dll
0x00007ffc9fb40000 - 0x00007ffc9fb56000 	C:\Users\dadig\.antigravity\extensions\redhat.java-1.50.0-win32-x64\jre\21.0.9-win32-x86_64\bin\nio.dll
0x00007ffcdc7f0000 - 0x00007ffcdc800000 	c:\Users\dadig\.antigravity\extensions\redhat.java-1.50.0-win32-x64\jre\21.0.9-win32-x86_64\bin\verify.dll
0x00007ffcb7100000 - 0x00007ffcb7144000 	C:\Users\dadig\AppData\Roaming\Antigravity\User\globalStorage\redhat.java\1.50.0\config_win\org.eclipse.equinox.launcher\org.eclipse.equinox.launcher.win32.win32.x86_64_1.2.1400.v20250801-0854\eclipse_11916.dll
0x00007ffce31c0000 - 0x00007ffce3357000 	C:\WINDOWS\System32\ole32.dll
0x00007ffce0d10000 - 0x00007ffce0d2b000 	C:\WINDOWS\SYSTEM32\CRYPTSP.dll
0x00007ffce0440000 - 0x00007ffce047a000 	C:\WINDOWS\system32\rsaenh.dll
0x00007ffce0b00000 - 0x00007ffce0b2b000 	C:\WINDOWS\SYSTEM32\USERENV.dll
0x00007ffce1620000 - 0x00007ffce164a000 	C:\WINDOWS\SYSTEM32\bcrypt.dll
0x00007ffce0d30000 - 0x00007ffce0d3c000 	C:\WINDOWS\SYSTEM32\CRYPTBASE.dll
0x00007ffcdff40000 - 0x00007ffcdff74000 	C:\WINDOWS\SYSTEM32\IPHLPAPI.DLL
0x00007ffce27c0000 - 0x00007ffce27ca000 	C:\WINDOWS\System32\NSI.dll
0x00007ffc9e010000 - 0x00007ffc9e059000 	C:\Users\dadig\AppData\Local\Temp\jna-95341285\jna2046095571979102820.dll
0x00007ffce39a0000 - 0x00007ffce39a8000 	C:\WINDOWS\System32\PSAPI.DLL
0x00007ffcdc7e0000 - 0x00007ffcdc7ea000 	C:\Users\dadig\.antigravity\extensions\redhat.java-1.50.0-win32-x64\jre\21.0.9-win32-x86_64\bin\management.dll
0x00007ffcd5130000 - 0x00007ffcd513c000 	C:\Users\dadig\.antigravity\extensions\redhat.java-1.50.0-win32-x64\jre\21.0.9-win32-x86_64\bin\management_ext.dll
0x00007ffcd7ed0000 - 0x00007ffcd7eee000 	C:\WINDOWS\SYSTEM32\dhcpcsvc6.DLL
0x00007ffcd7ea0000 - 0x00007ffcd7ec3000 	C:\WINDOWS\SYSTEM32\dhcpcsvc.DLL
0x00007ffcd36f0000 - 0x00007ffcd3717000 	C:\Users\dadig\.gradle\native\1def1411415f61bf3af743bc5b6707747c0891f09f0c88961ee8f79bc544acac\windows-amd64\native-platform.dll
0x00007ffcd4dc0000 - 0x00007ffcd4dc9000 	C:\Users\dadig\.antigravity\extensions\redhat.java-1.50.0-win32-x64\jre\21.0.9-win32-x86_64\bin\extnet.dll
0x00007ffcd4f40000 - 0x00007ffcd4f4e000 	C:\Users\dadig\.antigravity\extensions\redhat.java-1.50.0-win32-x64\jre\21.0.9-win32-x86_64\bin\sunmscapi.dll
0x00007ffce2020000 - 0x00007ffce2197000 	C:\WINDOWS\System32\CRYPT32.dll
0x00007ffce0eb0000 - 0x00007ffce0ee0000 	C:\WINDOWS\SYSTEM32\ncrypt.dll
0x00007ffce0e60000 - 0x00007ffce0e9f000 	C:\WINDOWS\SYSTEM32\NTASN1.dll
0x00007ffcd2ce0000 - 0x00007ffcd2ce8000 	C:\WINDOWS\system32\wshunix.dll
0x00007ffcdffe0000 - 0x00007ffce010c000 	C:\WINDOWS\SYSTEM32\DNSAPI.dll
0x00007ffcc81a0000 - 0x00007ffcc81ab000 	C:\Windows\System32\rasadhlp.dll
0x00007ffcd6150000 - 0x00007ffcd61d6000 	C:\WINDOWS\System32\fwpuclnt.dll

JVMTI agents:
c:\Users\dadig\.antigravity\extensions\redhat.java-1.50.0-win32-x64\lombok\lombok-1.18.39-4050.jar path:c:\Users\dadig\.antigravity\extensions\redhat.java-1.50.0-win32-x64\jre\21.0.9-win32-x86_64\bin\instrument.dll, loaded, initialized, instrumentlib options:none

dbghelp: loaded successfully - version: 4.0.5 - missing functions: none
symbol engine: initialized successfully - sym options: 0x614 - pdb path: .;c:\Users\dadig\.antigravity\extensions\redhat.java-1.50.0-win32-x64\jre\21.0.9-win32-x86_64\bin;C:\WINDOWS\SYSTEM32;C:\WINDOWS\WinSxS\amd64_microsoft.windows.common-controls_6595b64144ccf1df_6.0.26100.7309_none_3e05feeae336a044;c:\Users\dadig\.antigravity\extensions\redhat.java-1.50.0-win32-x64\jre\21.0.9-win32-x86_64\bin\server;C:\Users\dadig\AppData\Roaming\Antigravity\User\globalStorage\redhat.java\1.50.0\config_win\org.eclipse.equinox.launcher\org.eclipse.equinox.launcher.win32.win32.x86_64_1.2.1400.v20250801-0854;C:\Users\dadig\AppData\Local\Temp\jna-95341285;C:\Users\dadig\.gradle\native\1def1411415f61bf3af743bc5b6707747c0891f09f0c88961ee8f79bc544acac\windows-amd64

VM Arguments:
jvm_args: --add-modules=ALL-SYSTEM --add-opens=java.base/java.util=ALL-UNNAMED --add-opens=java.base/java.lang=ALL-UNNAMED --add-opens=java.base/sun.nio.fs=ALL-UNNAMED -Declipse.application=org.eclipse.jdt.ls.core.id1 -Dosgi.bundles.defaultStartLevel=4 -Declipse.product=org.eclipse.jdt.ls.core.product -Djava.import.generatesMetadataFilesAtProjectRoot=false -DDetectVMInstallationsJob.disabled=true -Dfile.encoding=utf8 -XX:+UseParallelGC -XX:GCTimeRatio=4 -XX:AdaptiveSizePolicyWeight=90 -Dsun.zip.disableMemoryMapping=true -Xmx2G -Xms100m -Xlog:disable -javaagent:c:\Users\dadig\.antigravity\extensions\redhat.java-1.50.0-win32-x64\lombok\lombok-1.18.39-4050.jar -XX:+HeapDumpOnOutOfMemoryError -XX:HeapDumpPath=c:\Users\dadig\AppData\Roaming\Antigravity\User\workspaceStorage\f80bd1c911f44322e9a3a2e10ccdccf1\redhat.java -Daether.dependencyCollector.impl=bf 
java_command: c:\Users\dadig\.antigravity\extensions\redhat.java-1.50.0-win32-x64\server\plugins\org.eclipse.equinox.launcher_1.7.100.v20251111-0406.jar -configuration c:\Users\dadig\AppData\Roaming\Antigravity\User\globalStorage\redhat.java\1.50.0\config_win -data c:\Users\dadig\AppData\Roaming\Antigravity\User\workspaceStorage\f80bd1c911f44322e9a3a2e10ccdccf1\redhat.java\jdt_ws --pipe=\\.\pipe\lsp-5fb72f5b5b7c945464913b086e6e6494-sock
java_class_path (initial): c:\Users\dadig\.antigravity\extensions\redhat.java-1.50.0-win32-x64\server\plugins\org.eclipse.equinox.launcher_1.7.100.v20251111-0406.jar
Launcher Type: SUN_STANDARD

[Global flags]
    uintx AdaptiveSizePolicyWeight                 = 90                                        {product} {command line}
     intx CICompilerCount                          = 3                                         {product} {ergonomic}
    uintx GCTimeRatio                              = 4                                         {product} {command line}
     bool HeapDumpOnOutOfMemoryError               = true                                   {manageable} {command line}
    ccstr HeapDumpPath                             = c:\Users\dadig\AppData\Roaming\Antigravity\User\workspaceStorage\f80bd1c911f44322e9a3a2e10ccdccf1\redhat.java         {manageable} {command line}
   size_t InitialHeapSize                          = 104857600                                 {product} {command line}
   size_t MaxHeapSize                              = 2147483648                                {product} {command line}
   size_t MaxNewSize                               = 715653120                                 {product} {ergonomic}
   size_t MinHeapDeltaBytes                        = 524288                                    {product} {ergonomic}
   size_t MinHeapSize                              = 104857600                                 {product} {command line}
   size_t NewSize                                  = 34603008                                  {product} {ergonomic}
    uintx NonNMethodCodeHeapSize                   = 5832780                                {pd product} {ergonomic}
    uintx NonProfiledCodeHeapSize                  = 122912730                              {pd product} {ergonomic}
   size_t OldSize                                  = 70254592                                  {product} {ergonomic}
    uintx ProfiledCodeHeapSize                     = 122912730                              {pd product} {ergonomic}
    uintx ReservedCodeCacheSize                    = 251658240                              {pd product} {ergonomic}
     bool SegmentedCodeCache                       = true                                      {product} {ergonomic}
   size_t SoftMaxHeapSize                          = 2147483648                             {manageable} {ergonomic}
     bool UseCompressedOops                        = true                           {product lp64_product} {ergonomic}
     bool UseLargePagesIndividualAllocation        = false                                  {pd product} {ergonomic}
     bool UseParallelGC                            = true                                      {product} {command line}

Logging:
Log output configuration:
 #0: stdout all=off uptime,level,tags foldmultilines=false
 #1: stderr all=off uptime,level,tags foldmultilines=false

Release file:
JAVA_VERSION="21.0.9" 
MODULES="java.base java.compiler java.datatransfer java.xml java.prefs java.desktop java.instrument java.logging java.management java.security.sasl java.naming java.rmi java.management.rmi java.net.http java.scripting java.security.jgss java.transaction.xa java.sql java.sql.rowset java.xml.crypto java.se java.smartcardio jdk.accessibility jdk.internal.jvmstat jdk.attach jdk.charsets jdk.internal.opt jdk.zipfs jdk.compiler jdk.crypto.ec jdk.crypto.cryptoki jdk.crypto.mscapi jdk.dynalink jdk.internal.ed jdk.editpad jdk.hotspot.agent jdk.httpserver jdk.internal.le jdk.internal.vm.ci jdk.internal.vm.compiler jdk.internal.vm.compiler.management jdk.jartool jdk.javadoc jdk.jcmd jdk.management jdk.management.agent jdk.jconsole jdk.jdeps jdk.jdwp.agent jdk.jdi jdk.jfr jdk.jshell jdk.jsobject jdk.jstatd jdk.localedata jdk.management.jfr jdk.naming.dns jdk.naming.rmi jdk.net jdk.nio.mapmode jdk.random jdk.sctp jdk.security.auth jdk.security.jgss jdk.unsupported jdk.unsupported.desktop jdk.xml.dom" 

Environment Variables:
JAVA_HOME=C:\Users\dadig\AppData\Local\Programs\Eclipse Adoptium\jdk-17.0.11.9-hotspot\
PATH=C:\WINDOWS\system32;C:\WINDOWS;C:\WINDOWS\System32\Wbem;C:\WINDOWS\System32\WindowsPowerShell\v1.0\;C:\WINDOWS\System32\OpenSSH\;C:\Program Files\PuTTY\;C:\Program Files\MySQL\MySQL Server 8.0\bin;C:\Program Files\PostgreSQL\10\bin;;C:\Program Files\HP\HP One Agent;C:\Program Files\nodejs\;%SystemRoot%\system32;%SystemRoot%;%SystemRoot%\System32\Wbem;%SYSTEMROOT%\System32\WindowsPowerShell\v1.0\;%SYSTEMROOT%\System32\OpenSSH\;C:\Program Files\MySQL\MySQL Shell 8.0\bin\;C:\Users\dadig\AppData\Local\Programs\Eclipse Adoptium\jdk-17.0.11.9-hotspot\bin;C:\Users\dadig\AppData\Local\Microsoft\WindowsApps;C:\Users\dadig\AppData\Local\Programs\Microsoft VS Code\bin;C:\Users\dadig\AppData\Roaming\npm;C:\Users\dadig\AppData\Local\Programs\Antigravity\bin
USERNAME=dadig
OS=Windows_NT
PROCESSOR_IDENTIFIER=AMD64 Family 23 Model 24 Stepping 1, AuthenticAMD
TMP=C:\Users\dadig\AppData\Local\Temp
TEMP=C:\Users\dadig\AppData\Local\Temp




Periodic native trim disabled

---------------  S Y S T E M  ---------------

OS:
 Windows 11 , 64 bit Build 26100 (10.0.26100.7309)
OS uptime: 0 days 4:17 hours

CPU: total 4 (initial active 4) (4 cores per cpu, 2 threads per core) family 23 model 24 stepping 1 microcode 0x8108109, cx8, cmov, fxsr, ht, mmx, 3dnowpref, sse, sse2, sse3, ssse3, sse4a, sse4.1, sse4.2, popcnt, lzcnt, tsc, tscinvbit, avx, avx2, aes, clmul, bmi1, bmi2, adx, sha, fma, vzeroupper, clflush, clflushopt, rdtscp, f16c
Processor Information for the first 4 processors :
  Max Mhz: 2600, Current Mhz: 2600, Mhz Limit: 2600

Memory: 4k page, system-wide physical 3526M (219M free)
TotalPageFile size 14278M (AvailPageFile size 12M)
current process WorkingSet (physical memory assigned to process): 161M, peak: 300M
current process commit charge ("private bytes"): 721M, peak: 1703M

vm_info: OpenJDK 64-Bit Server VM (21.0.9+10-LTS) for windows-amd64 JRE (21.0.9+10-LTS), built on 2025-10-21T00:00:00Z by "admin" with unknown MS VC++:1942

END.
