#
# There is insufficient memory for the Java Runtime Environment to continue.
# Native memory allocation (malloc) failed to allocate 749936 bytes. Error detail: Chunk::new
# Possible reasons:
#   The system is out of physical RAM or swap space
#   This process is running with CompressedOops enabled, and the Java Heap may be blocking the growth of the native heap
# Possible solutions:
#   Reduce memory load on the system
#   Increase physical memory or swap space
#   Check if swap backing store is full
#   Decrease Java heap size (-Xmx/-Xms)
#   Decrease number of Java threads
#   Decrease Java thread stack sizes (-Xss)
#   Set larger code cache with -XX:ReservedCodeCacheSize=
#   JVM is running with Unscaled Compressed Oops mode in which the Java heap is
#     placed in the first 4GB address space. The Java Heap base address is the
#     maximum limit for the native heap growth. Please use -XX:HeapBaseMinAddress
#     to set the Java Heap base and to place the Java Heap above 4GB virtual address.
# This output file may be truncated or incomplete.
#
#  Out of Memory Error (arena.cpp:168), pid=17696, tid=14696
#
# JRE version: OpenJDK Runtime Environment Temurin-21.0.9+10 (21.0.9+10) (build 21.0.9+10-LTS)
# Java VM: OpenJDK 64-Bit Server VM Temurin-21.0.9+10 (21.0.9+10-LTS, mixed mode, sharing, tiered, compressed oops, compressed class ptrs, parallel gc, windows-amd64)
# No core dump will be written. Minidumps are not enabled by default on client versions of Windows
#

---------------  S U M M A R Y ------------

Command Line: --add-modules=ALL-SYSTEM --add-opens=java.base/java.util=ALL-UNNAMED --add-opens=java.base/java.lang=ALL-UNNAMED --add-opens=java.base/sun.nio.fs=ALL-UNNAMED -Declipse.application=org.eclipse.jdt.ls.core.id1 -Dosgi.bundles.defaultStartLevel=4 -Declipse.product=org.eclipse.jdt.ls.core.product -Djava.import.generatesMetadataFilesAtProjectRoot=false -DDetectVMInstallationsJob.disabled=true -Dfile.encoding=utf8 -XX:+UseParallelGC -XX:GCTimeRatio=4 -XX:AdaptiveSizePolicyWeight=90 -Dsun.zip.disableMemoryMapping=true -Xmx2G -Xms100m -Xlog:disable -javaagent:c:\Users\dadig\.antigravity\extensions\redhat.java-1.50.0-win32-x64\lombok\lombok-1.18.39-4050.jar c:\Users\dadig\.antigravity\extensions\redhat.java-1.50.0-win32-x64\server\plugins\org.eclipse.equinox.launcher_1.7.100.v20251111-0406.jar -configuration c:\Users\dadig\AppData\Roaming\Antigravity\User\globalStorage\redhat.java\1.50.0\config_ss_win -data c:\Users\dadig\AppData\Roaming\Antigravity\User\workspaceStorage\62095a4e5875a9a9aec93d5e91d77f3c\redhat.java\ss_ws --pipe=\\.\pipe\lsp-64619ddeba400b2d03ecf4848dd7dd36-sock

Host: AMD Ryzen 3 3250U with Radeon Graphics         , 4 cores, 3G,  Windows 11 , 64 bit Build 26100 (10.0.26100.7309)
Time: Fri Jan  2 09:10:41 2026 India Standard Time elapsed time: 15.601567 seconds (0d 0h 0m 15s)

---------------  T H R E A D  ---------------

Current thread (0x000001fc2ee52ac0):  JavaThread "C2 CompilerThread0" daemon [_thread_in_native, id=14696, stack(0x000000a1ca000000,0x000000a1ca100000) (1024K)]


Current CompileTask:
C2:15601 2735       4       org.lombokweb.asm.ClassReader::readMethod (1070 bytes)

Stack: [0x000000a1ca000000,0x000000a1ca100000]
Native frames: (J=compiled Java code, j=interpreted, Vv=VM code, C=native code)
V  [jvm.dll+0x6d6e29]
V  [jvm.dll+0x8b4b76]
V  [jvm.dll+0x8b712e]
V  [jvm.dll+0x8b7813]
V  [jvm.dll+0x283d86]
V  [jvm.dll+0xc66ed]
V  [jvm.dll+0xc6c31]
V  [jvm.dll+0x2facee]
V  [jvm.dll+0x5fde44]
V  [jvm.dll+0x255557]
V  [jvm.dll+0x24dc5f]
V  [jvm.dll+0x24b482]
V  [jvm.dll+0x1cb13e]
V  [jvm.dll+0x25b29d]
V  [jvm.dll+0x25982a]
V  [jvm.dll+0x3f7ea6]
V  [jvm.dll+0x85e9ad]
V  [jvm.dll+0x6d565d]
C  [ucrtbase.dll+0x37b0]
C  [KERNEL32.DLL+0x2e8d7]
C  [ntdll.dll+0x8c53c]


---------------  P R O C E S S  ---------------

Threads class SMR info:
_java_thread_list=0x000001fc7535c1c0, length=20, elements={
0x000001fc1845f920, 0x000001fc2ee47d60, 0x000001fc2ee4a590, 0x000001fc2ee4fb20,
0x000001fc2ee507f0, 0x000001fc2ee51240, 0x000001fc2ee51c90, 0x000001fc2ee52ac0,
0x000001fc2eecde70, 0x000001fc70cf0240, 0x000001fc70e706f0, 0x000001fc75500960,
0x000001fc754e3810, 0x000001fc7551f410, 0x000001fc70e64040, 0x000001fc755a8ba0,
0x000001fc70f92fb0, 0x000001fc70f91c80, 0x000001fc2ef03720, 0x000001fc75372030
}

Java Threads: ( => current thread )
  0x000001fc1845f920 JavaThread "main"                              [_thread_blocked, id=15620, stack(0x000000a1c9600000,0x000000a1c9700000) (1024K)]
  0x000001fc2ee47d60 JavaThread "Reference Handler"          daemon [_thread_blocked, id=19652, stack(0x000000a1c9a00000,0x000000a1c9b00000) (1024K)]
  0x000001fc2ee4a590 JavaThread "Finalizer"                  daemon [_thread_blocked, id=14516, stack(0x000000a1c9b00000,0x000000a1c9c00000) (1024K)]
  0x000001fc2ee4fb20 JavaThread "Signal Dispatcher"          daemon [_thread_blocked, id=3576, stack(0x000000a1c9c00000,0x000000a1c9d00000) (1024K)]
  0x000001fc2ee507f0 JavaThread "Attach Listener"            daemon [_thread_blocked, id=3760, stack(0x000000a1c9d00000,0x000000a1c9e00000) (1024K)]
  0x000001fc2ee51240 JavaThread "Service Thread"             daemon [_thread_blocked, id=2940, stack(0x000000a1c9e00000,0x000000a1c9f00000) (1024K)]
  0x000001fc2ee51c90 JavaThread "Monitor Deflation Thread"   daemon [_thread_blocked, id=15392, stack(0x000000a1c9f00000,0x000000a1ca000000) (1024K)]
=>0x000001fc2ee52ac0 JavaThread "C2 CompilerThread0"         daemon [_thread_in_native, id=14696, stack(0x000000a1ca000000,0x000000a1ca100000) (1024K)]
  0x000001fc2eecde70 JavaThread "C1 CompilerThread0"         daemon [_thread_blocked, id=2988, stack(0x000000a1ca100000,0x000000a1ca200000) (1024K)]
  0x000001fc70cf0240 JavaThread "Common-Cleaner"             daemon [_thread_blocked, id=10644, stack(0x000000a1ca200000,0x000000a1ca300000) (1024K)]
  0x000001fc70e706f0 JavaThread "Notification Thread"        daemon [_thread_blocked, id=14956, stack(0x000000a1ca300000,0x000000a1ca400000) (1024K)]
  0x000001fc75500960 JavaThread "Active Thread: Equinox Container: aceacb17-282f-48f0-af8f-fff5a672eb51"        [_thread_blocked, id=7164, stack(0x000000a1ca700000,0x000000a1ca800000) (1024K)]
  0x000001fc754e3810 JavaThread "Framework Event Dispatcher: Equinox Container: aceacb17-282f-48f0-af8f-fff5a672eb51" daemon [_thread_blocked, id=10712, stack(0x000000a1ca800000,0x000000a1ca900000) (1024K)]
  0x000001fc7551f410 JavaThread "Start Level: Equinox Container: aceacb17-282f-48f0-af8f-fff5a672eb51" daemon [_thread_in_native, id=17820, stack(0x000000a1ca900000,0x000000a1caa00000) (1024K)]
  0x000001fc70e64040 JavaThread "SCR Component Actor"        daemon [_thread_blocked, id=18548, stack(0x000000a1caa00000,0x000000a1cab00000) (1024K)]
  0x000001fc755a8ba0 JavaThread "Worker-JM"                         [_thread_blocked, id=3972, stack(0x000000a1cab00000,0x000000a1cac00000) (1024K)]
  0x000001fc70f92fb0 JavaThread "JNA Cleaner"                daemon [_thread_blocked, id=14248, stack(0x000000a1cac00000,0x000000a1cad00000) (1024K)]
  0x000001fc70f91c80 JavaThread "Worker-0"                          [_thread_blocked, id=9388, stack(0x000000a1cad00000,0x000000a1cae00000) (1024K)]
  0x000001fc2ef03720 JavaThread "Worker-1"                          [_thread_blocked, id=10596, stack(0x000000a1cae00000,0x000000a1caf00000) (1024K)]
  0x000001fc75372030 JavaThread "C2 CompilerThread1"         daemon [_thread_in_native, id=16752, stack(0x000000a1caf00000,0x000000a1cb000000) (1024K)]
Total: 20

Other Threads:
  0x000001fc1851ccc0 VMThread "VM Thread"                           [id=13432, stack(0x000000a1c9900000,0x000000a1c9a00000) (1024K)]
  0x000001fc2edeca10 WatcherThread "VM Periodic Task Thread"        [id=11164, stack(0x000000a1c9800000,0x000000a1c9900000) (1024K)]
  0x000001fc1847e7f0 WorkerThread "GC Thread#0"                     [id=11888, stack(0x000000a1c9700000,0x000000a1c9800000) (1024K)]
  0x000001fc752fd9f0 WorkerThread "GC Thread#1"                     [id=19696, stack(0x000000a1ca400000,0x000000a1ca500000) (1024K)]
  0x000001fc751d9030 WorkerThread "GC Thread#2"                     [id=3256, stack(0x000000a1ca500000,0x000000a1ca600000) (1024K)]
  0x000001fc751d93d0 WorkerThread "GC Thread#3"                     [id=12860, stack(0x000000a1ca600000,0x000000a1ca700000) (1024K)]
Total: 6

Threads with active compile tasks:
C2 CompilerThread0  15665 2735       4       org.lombokweb.asm.ClassReader::readMethod (1070 bytes)
C2 CompilerThread1  15665 2736       4       org.lombokweb.asm.MethodWriter::canCopyMethodAttributes (163 bytes)
Total: 2

VM state: not at safepoint (normal execution)

VM Mutex/Monitor currently owned by a thread: None

Heap address: 0x0000000080000000, size: 2048 MB, Compressed Oops mode: 32-bit

CDS archive(s) mapped at: [0x000001fc2f000000-0x000001fc2fba0000-0x000001fc2fba0000), size 12189696, SharedBaseAddress: 0x000001fc2f000000, ArchiveRelocationMode: 1.
Compressed class space mapped at: 0x000001fc30000000-0x000001fc70000000, reserved size: 1073741824
Narrow klass base: 0x000001fc2f000000, Narrow klass shift: 0, Narrow klass range: 0x100000000

GC Precious Log:
 CardTable entry size: 512
 CPUs: 4 total, 4 available
 Memory: 3526M
 Large Page Support: Disabled
 NUMA Support: Disabled
 Compressed Oops: Enabled (32-bit)
 Alignments: Space 512K, Generation 512K, Heap 2M
 Heap Min Capacity: 100M
 Heap Initial Capacity: 100M
 Heap Max Capacity: 2G
 Pre-touch: Disabled
 Parallel Workers: 4

Heap:
 PSYoungGen      total 30208K, used 20088K [0x00000000d5580000, 0x00000000d7800000, 0x0000000100000000)
  eden space 25088K, 80% used [0x00000000d5580000,0x00000000d691e040,0x00000000d6e00000)
  from space 5120K, 0% used [0x00000000d7300000,0x00000000d7300000,0x00000000d7800000)
  to   space 5120K, 0% used [0x00000000d6e00000,0x00000000d6e00000,0x00000000d7300000)
 ParOldGen       total 68608K, used 8954K [0x0000000080000000, 0x0000000084300000, 0x00000000d5580000)
  object space 68608K, 13% used [0x0000000080000000,0x00000000808be880,0x0000000084300000)
 Metaspace       used 22136K, committed 22784K, reserved 1114112K
  class space    used 2139K, committed 2432K, reserved 1048576K

Card table byte_map: [0x000001fc17e10000,0x000001fc18220000] _byte_map_base: 0x000001fc17a10000

Marking Bits: (ParMarkBitMap*) 0x00007ffe14132460
 Begin Bits: [0x000001fc2a910000, 0x000001fc2c910000)
 End Bits:   [0x000001fc2c910000, 0x000001fc2e910000)

Polling page: 0x000001fc164d0000

Metaspace:

Usage:
  Non-class:     19.53 MB used.
      Class:      2.09 MB used.
       Both:     21.62 MB used.

Virtual space:
  Non-class space:       64.00 MB reserved,      19.88 MB ( 31%) committed,  1 nodes.
      Class space:        1.00 GB reserved,       2.38 MB ( <1%) committed,  1 nodes.
             Both:        1.06 GB reserved,      22.25 MB (  2%) committed. 

Chunk freelists:
   Non-Class:  11.77 MB
       Class:  13.45 MB
        Both:  25.21 MB

MaxMetaspaceSize: unlimited
CompressedClassSpaceSize: 1.00 GB
Initial GC threshold: 21.00 MB
Current GC threshold: 35.00 MB
CDS: on
 - commit_granule_bytes: 65536.
 - commit_granule_words: 8192.
 - virtual_space_node_default_size: 8388608.
 - enlarge_chunks_in_place: 1.
 - use_allocation_guard: 0.


Internal statistics:

num_allocs_failed_limit: 3.
num_arena_births: 504.
num_arena_deaths: 14.
num_vsnodes_births: 2.
num_vsnodes_deaths: 0.
num_space_committed: 356.
num_space_uncommitted: 0.
num_chunks_returned_to_freelist: 17.
num_chunks_taken_from_freelist: 1355.
num_chunk_merges: 9.
num_chunk_splits: 874.
num_chunks_enlarged: 564.
num_inconsistent_stats: 0.

CodeHeap 'non-profiled nmethods': size=120000Kb used=1205Kb max_used=1205Kb free=118794Kb
 bounds [0x000001fc23130000, 0x000001fc233a0000, 0x000001fc2a660000]
CodeHeap 'profiled nmethods': size=120000Kb used=5630Kb max_used=5630Kb free=114369Kb
 bounds [0x000001fc1b660000, 0x000001fc1bbe0000, 0x000001fc22b90000]
CodeHeap 'non-nmethods': size=5760Kb used=1317Kb max_used=1333Kb free=4442Kb
 bounds [0x000001fc22b90000, 0x000001fc22e00000, 0x000001fc23130000]
CodeCache: size=245760Kb, used=8152Kb, max_used=8168Kb, free=237605Kb
 total_blobs=3409, nmethods=2807, adapters=508, full_count=0
Compilation: enabled, stopped_count=0, restarted_count=0

Compilation events (20 events):
Event: 15.410 Thread 0x000001fc2eecde70 2800       3       lombok.patcher.scripts.WrapReturnValuesScript$WrapReturnValues::visitInsn (283 bytes)
Event: 15.413 Thread 0x000001fc2eecde70 nmethod 2800 0x000001fc1bbd3910 code [0x000001fc1bbd3d20, 0x000001fc1bbd5940]
Event: 15.416 Thread 0x000001fc2eecde70 2801       1       lombok.patcher.scripts.ReplaceMethodCallScript::access$0 (5 bytes)
Event: 15.417 Thread 0x000001fc2eecde70 nmethod 2801 0x000001fc2325b490 code [0x000001fc2325b620, 0x000001fc2325b6d0]
Event: 15.417 Thread 0x000001fc2eecde70 2803       3       org.lombokweb.asm.MethodWriter::visitLocalVariable (222 bytes)
Event: 15.419 Thread 0x000001fc2eecde70 nmethod 2803 0x000001fc1bbd6310 code [0x000001fc1bbd6660, 0x000001fc1bbd76e0]
Event: 15.419 Thread 0x000001fc2eecde70 2804       3       lombok.patcher.Hook::getClassSpec (8 bytes)
Event: 15.420 Thread 0x000001fc2eecde70 nmethod 2804 0x000001fc1bbd7f90 code [0x000001fc1bbd8140, 0x000001fc1bbd8278]
Event: 15.420 Thread 0x000001fc2eecde70 2805       3       org.lombokweb.asm.MethodVisitor::visitFrame (22 bytes)
Event: 15.420 Thread 0x000001fc2eecde70 nmethod 2805 0x000001fc1bbd8310 code [0x000001fc1bbd84c0, 0x000001fc1bbd86c8]
Event: 15.421 Thread 0x000001fc2eecde70 2806       3       lombok.patcher.scripts.ReplaceMethodCallScript$ReplaceMethodCall::visitMethodInsn (250 bytes)
Event: 15.423 Thread 0x000001fc2eecde70 nmethod 2806 0x000001fc1bbd8790 code [0x000001fc1bbd8b40, 0x000001fc1bbda0d8]
Event: 15.423 Thread 0x000001fc2eecde70 2807       3       org.lombokweb.asm.MethodVisitor::visitLocalVariable (24 bytes)
Event: 15.423 Thread 0x000001fc2eecde70 nmethod 2807 0x000001fc1bbdaa10 code [0x000001fc1bbdabc0, 0x000001fc1bbdadd0]
Event: 15.423 Thread 0x000001fc2eecde70 2808       3       java.util.regex.Matcher::group (65 bytes)
Event: 15.424 Thread 0x000001fc2eecde70 nmethod 2808 0x000001fc1bbdae90 code [0x000001fc1bbdb0c0, 0x000001fc1bbdb730]
Event: 15.424 Thread 0x000001fc2eecde70 2809       3       org.lombokweb.asm.MethodWriter::endCurrentBasicBlockWithNoSuccessor (98 bytes)
Event: 15.424 Thread 0x000001fc2eecde70 nmethod 2809 0x000001fc1bbdb990 code [0x000001fc1bbdbb80, 0x000001fc1bbdc048]
Event: 15.426 Thread 0x000001fc2eecde70 2810       3       org.lombokweb.asm.MethodVisitor::visitTypeInsn (17 bytes)
Event: 15.426 Thread 0x000001fc2eecde70 nmethod 2810 0x000001fc1bbdc210 code [0x000001fc1bbdc3c0, 0x000001fc1bbdc5c8]

GC Heap History (14 events):
Event: 6.834 GC heap before
{Heap before GC invocations=1 (full 0):
 PSYoungGen      total 29696K, used 25600K [0x00000000d5580000, 0x00000000d7680000, 0x0000000100000000)
  eden space 25600K, 100% used [0x00000000d5580000,0x00000000d6e80000,0x00000000d6e80000)
  from space 4096K, 0% used [0x00000000d7280000,0x00000000d7280000,0x00000000d7680000)
  to   space 4096K, 0% used [0x00000000d6e80000,0x00000000d6e80000,0x00000000d7280000)
 ParOldGen       total 68608K, used 0K [0x0000000080000000, 0x0000000084300000, 0x00000000d5580000)
  object space 68608K, 0% used [0x0000000080000000,0x0000000080000000,0x0000000084300000)
 Metaspace       used 4363K, committed 4608K, reserved 1114112K
  class space    used 473K, committed 576K, reserved 1048576K
}
Event: 6.852 GC heap after
{Heap after GC invocations=1 (full 0):
 PSYoungGen      total 29696K, used 3280K [0x00000000d5580000, 0x00000000d7680000, 0x0000000100000000)
  eden space 25600K, 0% used [0x00000000d5580000,0x00000000d5580000,0x00000000d6e80000)
  from space 4096K, 80% used [0x00000000d6e80000,0x00000000d71b4148,0x00000000d7280000)
  to   space 4096K, 0% used [0x00000000d7280000,0x00000000d7280000,0x00000000d7680000)
 ParOldGen       total 68608K, used 0K [0x0000000080000000, 0x0000000084300000, 0x00000000d5580000)
  object space 68608K, 0% used [0x0000000080000000,0x0000000080000000,0x0000000084300000)
 Metaspace       used 4363K, committed 4608K, reserved 1114112K
  class space    used 473K, committed 576K, reserved 1048576K
}
Event: 9.493 GC heap before
{Heap before GC invocations=2 (full 0):
 PSYoungGen      total 29696K, used 28880K [0x00000000d5580000, 0x00000000d7680000, 0x0000000100000000)
  eden space 25600K, 100% used [0x00000000d5580000,0x00000000d6e80000,0x00000000d6e80000)
  from space 4096K, 80% used [0x00000000d6e80000,0x00000000d71b4148,0x00000000d7280000)
  to   space 4096K, 0% used [0x00000000d7280000,0x00000000d7280000,0x00000000d7680000)
 ParOldGen       total 68608K, used 0K [0x0000000080000000, 0x0000000084300000, 0x00000000d5580000)
  object space 68608K, 0% used [0x0000000080000000,0x0000000080000000,0x0000000084300000)
 Metaspace       used 8204K, committed 8512K, reserved 1114112K
  class space    used 873K, committed 1024K, reserved 1048576K
}
Event: 9.503 GC heap after
{Heap after GC invocations=2 (full 0):
 PSYoungGen      total 29696K, used 4092K [0x00000000d5580000, 0x00000000d7680000, 0x0000000100000000)
  eden space 25600K, 0% used [0x00000000d5580000,0x00000000d5580000,0x00000000d6e80000)
  from space 4096K, 99% used [0x00000000d7280000,0x00000000d767f008,0x00000000d7680000)
  to   space 4096K, 0% used [0x00000000d6e80000,0x00000000d6e80000,0x00000000d7280000)
 ParOldGen       total 68608K, used 889K [0x0000000080000000, 0x0000000084300000, 0x00000000d5580000)
  object space 68608K, 1% used [0x0000000080000000,0x00000000800de688,0x0000000084300000)
 Metaspace       used 8204K, committed 8512K, reserved 1114112K
  class space    used 873K, committed 1024K, reserved 1048576K
}
Event: 11.065 GC heap before
{Heap before GC invocations=3 (full 0):
 PSYoungGen      total 29696K, used 29692K [0x00000000d5580000, 0x00000000d7680000, 0x0000000100000000)
  eden space 25600K, 100% used [0x00000000d5580000,0x00000000d6e80000,0x00000000d6e80000)
  from space 4096K, 99% used [0x00000000d7280000,0x00000000d767f008,0x00000000d7680000)
  to   space 4096K, 0% used [0x00000000d6e80000,0x00000000d6e80000,0x00000000d7280000)
 ParOldGen       total 68608K, used 889K [0x0000000080000000, 0x0000000084300000, 0x00000000d5580000)
  object space 68608K, 1% used [0x0000000080000000,0x00000000800de688,0x0000000084300000)
 Metaspace       used 13047K, committed 13632K, reserved 1114112K
  class space    used 1381K, committed 1664K, reserved 1048576K
}
Event: 11.071 GC heap after
{Heap after GC invocations=3 (full 0):
 PSYoungGen      total 29696K, used 4086K [0x00000000d5580000, 0x00000000d7680000, 0x0000000100000000)
  eden space 25600K, 0% used [0x00000000d5580000,0x00000000d5580000,0x00000000d6e80000)
  from space 4096K, 99% used [0x00000000d6e80000,0x00000000d727daa0,0x00000000d7280000)
  to   space 4096K, 0% used [0x00000000d7280000,0x00000000d7280000,0x00000000d7680000)
 ParOldGen       total 68608K, used 2625K [0x0000000080000000, 0x0000000084300000, 0x00000000d5580000)
  object space 68608K, 3% used [0x0000000080000000,0x0000000080290740,0x0000000084300000)
 Metaspace       used 13047K, committed 13632K, reserved 1114112K
  class space    used 1381K, committed 1664K, reserved 1048576K
}
Event: 13.837 GC heap before
{Heap before GC invocations=4 (full 0):
 PSYoungGen      total 29696K, used 29686K [0x00000000d5580000, 0x00000000d7680000, 0x0000000100000000)
  eden space 25600K, 100% used [0x00000000d5580000,0x00000000d6e80000,0x00000000d6e80000)
  from space 4096K, 99% used [0x00000000d6e80000,0x00000000d727daa0,0x00000000d7280000)
  to   space 4096K, 0% used [0x00000000d7280000,0x00000000d7280000,0x00000000d7680000)
 ParOldGen       total 68608K, used 2625K [0x0000000080000000, 0x0000000084300000, 0x00000000d5580000)
  object space 68608K, 3% used [0x0000000080000000,0x0000000080290740,0x0000000084300000)
 Metaspace       used 17195K, committed 17856K, reserved 1114112K
  class space    used 1799K, committed 2112K, reserved 1048576K
}
Event: 13.845 GC heap after
{Heap after GC invocations=4 (full 0):
 PSYoungGen      total 29696K, used 4077K [0x00000000d5580000, 0x00000000d7680000, 0x0000000100000000)
  eden space 25600K, 0% used [0x00000000d5580000,0x00000000d5580000,0x00000000d6e80000)
  from space 4096K, 99% used [0x00000000d7280000,0x00000000d767b548,0x00000000d7680000)
  to   space 4096K, 0% used [0x00000000d6e80000,0x00000000d6e80000,0x00000000d7280000)
 ParOldGen       total 68608K, used 4573K [0x0000000080000000, 0x0000000084300000, 0x00000000d5580000)
  object space 68608K, 6% used [0x0000000080000000,0x00000000804775a0,0x0000000084300000)
 Metaspace       used 17195K, committed 17856K, reserved 1114112K
  class space    used 1799K, committed 2112K, reserved 1048576K
}
Event: 14.634 GC heap before
{Heap before GC invocations=5 (full 0):
 PSYoungGen      total 29696K, used 29677K [0x00000000d5580000, 0x00000000d7680000, 0x0000000100000000)
  eden space 25600K, 100% used [0x00000000d5580000,0x00000000d6e80000,0x00000000d6e80000)
  from space 4096K, 99% used [0x00000000d7280000,0x00000000d767b548,0x00000000d7680000)
  to   space 4096K, 0% used [0x00000000d6e80000,0x00000000d6e80000,0x00000000d7280000)
 ParOldGen       total 68608K, used 4573K [0x0000000080000000, 0x0000000084300000, 0x00000000d5580000)
  object space 68608K, 6% used [0x0000000080000000,0x00000000804775a0,0x0000000084300000)
 Metaspace       used 20394K, committed 21056K, reserved 1114112K
  class space    used 2017K, committed 2304K, reserved 1048576K
}
Event: 14.640 GC heap after
{Heap after GC invocations=5 (full 0):
 PSYoungGen      total 29184K, used 4083K [0x00000000d5580000, 0x00000000d7800000, 0x0000000100000000)
  eden space 25088K, 0% used [0x00000000d5580000,0x00000000d5580000,0x00000000d6e00000)
  from space 4096K, 99% used [0x00000000d6e80000,0x00000000d727cdf0,0x00000000d7280000)
  to   space 5120K, 0% used [0x00000000d7300000,0x00000000d7300000,0x00000000d7800000)
 ParOldGen       total 68608K, used 4787K [0x0000000080000000, 0x0000000084300000, 0x00000000d5580000)
  object space 68608K, 6% used [0x0000000080000000,0x00000000804ace78,0x0000000084300000)
 Metaspace       used 20394K, committed 21056K, reserved 1114112K
  class space    used 2017K, committed 2304K, reserved 1048576K
}
Event: 14.811 GC heap before
{Heap before GC invocations=6 (full 0):
 PSYoungGen      total 29184K, used 9617K [0x00000000d5580000, 0x00000000d7800000, 0x0000000100000000)
  eden space 25088K, 22% used [0x00000000d5580000,0x00000000d5ae79f0,0x00000000d6e00000)
  from space 4096K, 99% used [0x00000000d6e80000,0x00000000d727cdf0,0x00000000d7280000)
  to   space 5120K, 0% used [0x00000000d7300000,0x00000000d7300000,0x00000000d7800000)
 ParOldGen       total 68608K, used 4787K [0x0000000080000000, 0x0000000084300000, 0x00000000d5580000)
  object space 68608K, 6% used [0x0000000080000000,0x00000000804ace78,0x0000000084300000)
 Metaspace       used 20861K, committed 21504K, reserved 1114112K
  class space    used 2049K, committed 2368K, reserved 1048576K
}
Event: 14.819 GC heap after
{Heap after GC invocations=6 (full 0):
 PSYoungGen      total 30208K, used 4809K [0x00000000d5580000, 0x00000000d7800000, 0x0000000100000000)
  eden space 25088K, 0% used [0x00000000d5580000,0x00000000d5580000,0x00000000d6e00000)
  from space 5120K, 93% used [0x00000000d7300000,0x00000000d77b25a0,0x00000000d7800000)
  to   space 5120K, 0% used [0x00000000d6e00000,0x00000000d6e00000,0x00000000d7300000)
 ParOldGen       total 68608K, used 4787K [0x0000000080000000, 0x0000000084300000, 0x00000000d5580000)
  object space 68608K, 6% used [0x0000000080000000,0x00000000804ace78,0x0000000084300000)
 Metaspace       used 20861K, committed 21504K, reserved 1114112K
  class space    used 2049K, committed 2368K, reserved 1048576K
}
Event: 14.819 GC heap before
{Heap before GC invocations=7 (full 1):
 PSYoungGen      total 30208K, used 4809K [0x00000000d5580000, 0x00000000d7800000, 0x0000000100000000)
  eden space 25088K, 0% used [0x00000000d5580000,0x00000000d5580000,0x00000000d6e00000)
  from space 5120K, 93% used [0x00000000d7300000,0x00000000d77b25a0,0x00000000d7800000)
  to   space 5120K, 0% used [0x00000000d6e00000,0x00000000d6e00000,0x00000000d7300000)
 ParOldGen       total 68608K, used 4787K [0x0000000080000000, 0x0000000084300000, 0x00000000d5580000)
  object space 68608K, 6% used [0x0000000080000000,0x00000000804ace78,0x0000000084300000)
 Metaspace       used 20861K, committed 21504K, reserved 1114112K
  class space    used 2049K, committed 2368K, reserved 1048576K
}
Event: 14.867 GC heap after
{Heap after GC invocations=7 (full 1):
 PSYoungGen      total 30208K, used 0K [0x00000000d5580000, 0x00000000d7800000, 0x0000000100000000)
  eden space 25088K, 0% used [0x00000000d5580000,0x00000000d5580000,0x00000000d6e00000)
  from space 5120K, 0% used [0x00000000d7300000,0x00000000d7300000,0x00000000d7800000)
  to   space 5120K, 0% used [0x00000000d6e00000,0x00000000d6e00000,0x00000000d7300000)
 ParOldGen       total 68608K, used 8954K [0x0000000080000000, 0x0000000084300000, 0x00000000d5580000)
  object space 68608K, 13% used [0x0000000080000000,0x00000000808be880,0x0000000084300000)
 Metaspace       used 20848K, committed 21504K, reserved 1114112K
  class space    used 2045K, committed 2368K, reserved 1048576K
}

Dll operation events (10 events):
Event: 0.103 Loaded shared library c:\Users\dadig\.antigravity\extensions\redhat.java-1.50.0-win32-x64\jre\21.0.9-win32-x86_64\bin\java.dll
Event: 1.743 Loaded shared library c:\Users\dadig\.antigravity\extensions\redhat.java-1.50.0-win32-x64\jre\21.0.9-win32-x86_64\bin\zip.dll
Event: 1.919 Loaded shared library C:\Users\dadig\.antigravity\extensions\redhat.java-1.50.0-win32-x64\jre\21.0.9-win32-x86_64\bin\instrument.dll
Event: 1.946 Loaded shared library C:\Users\dadig\.antigravity\extensions\redhat.java-1.50.0-win32-x64\jre\21.0.9-win32-x86_64\bin\net.dll
Event: 1.952 Loaded shared library C:\Users\dadig\.antigravity\extensions\redhat.java-1.50.0-win32-x64\jre\21.0.9-win32-x86_64\bin\nio.dll
Event: 1.962 Loaded shared library C:\Users\dadig\.antigravity\extensions\redhat.java-1.50.0-win32-x64\jre\21.0.9-win32-x86_64\bin\zip.dll
Event: 2.220 Loaded shared library C:\Users\dadig\.antigravity\extensions\redhat.java-1.50.0-win32-x64\jre\21.0.9-win32-x86_64\bin\jimage.dll
Event: 3.516 Loaded shared library c:\Users\dadig\.antigravity\extensions\redhat.java-1.50.0-win32-x64\jre\21.0.9-win32-x86_64\bin\verify.dll
Event: 9.433 Loaded shared library C:\Users\dadig\AppData\Roaming\Antigravity\User\globalStorage\redhat.java\1.50.0\config_ss_win\org.eclipse.equinox.launcher\org.eclipse.equinox.launcher.win32.win32.x86_64_1.2.1400.v20250801-0854\eclipse_11916.dll
Event: 12.893 Loaded shared library C:\Users\dadig\AppData\Local\Temp\jna-95341285\jna11003543356950460023.dll

Deoptimization events (20 events):
Event: 13.652 Thread 0x000001fc7551f410 DEOPT PACKING pc=0x000001fc2321dd14 sp=0x000000a1ca9ef5b0
Event: 13.652 Thread 0x000001fc7551f410 DEOPT UNPACKING pc=0x000001fc22be3aa2 sp=0x000000a1ca9ef558 mode 2
Event: 13.652 Thread 0x000001fc7551f410 Uncommon trap: trap_request=0xffffffde fr.pc=0x000001fc2321dd14 relative=0x00000000000003b4
Event: 13.652 Thread 0x000001fc7551f410 Uncommon trap: reason=class_check action=maybe_recompile pc=0x000001fc2321dd14 method=java.util.regex.Pattern$BmpCharPropertyGreedy.match(Ljava/util/regex/Matcher;ILjava/lang/CharSequence;)Z @ 70 c2
Event: 13.652 Thread 0x000001fc7551f410 DEOPT PACKING pc=0x000001fc2321dd14 sp=0x000000a1ca9ef400
Event: 13.652 Thread 0x000001fc7551f410 DEOPT UNPACKING pc=0x000001fc22be3aa2 sp=0x000000a1ca9ef3a8 mode 2
Event: 13.848 Thread 0x000001fc7551f410 Uncommon trap: trap_request=0xffffff45 fr.pc=0x000001fc23221770 relative=0x00000000000001f0
Event: 13.849 Thread 0x000001fc7551f410 Uncommon trap: reason=unstable_if action=reinterpret pc=0x000001fc23221770 method=java.util.concurrent.locks.ReentrantLock$NonfairSync.initialTryLock()Z @ 25 c2
Event: 13.849 Thread 0x000001fc7551f410 DEOPT PACKING pc=0x000001fc23221770 sp=0x000000a1ca9f4e70
Event: 13.850 Thread 0x000001fc7551f410 DEOPT UNPACKING pc=0x000001fc22be3aa2 sp=0x000000a1ca9f4cd0 mode 2
Event: 13.941 Thread 0x000001fc7551f410 DEOPT PACKING pc=0x000001fc1b70b378 sp=0x000000a1ca9ef020
Event: 13.950 Thread 0x000001fc7551f410 DEOPT UNPACKING pc=0x000001fc22be4242 sp=0x000000a1ca9ee508 mode 0
Event: 14.611 Thread 0x000001fc7551f410 Uncommon trap: trap_request=0xffffff45 fr.pc=0x000001fc2325826c relative=0x000000000000014c
Event: 14.611 Thread 0x000001fc7551f410 Uncommon trap: reason=unstable_if action=reinterpret pc=0x000001fc2325826c method=org.lombokweb.asm.ByteVector.putByteArray([BII)Lorg/lombokweb/asm/ByteVector; @ 20 c2
Event: 14.611 Thread 0x000001fc7551f410 DEOPT PACKING pc=0x000001fc2325826c sp=0x000000a1ca9f27b0
Event: 14.611 Thread 0x000001fc7551f410 DEOPT UNPACKING pc=0x000001fc22be3aa2 sp=0x000000a1ca9f2780 mode 2
Event: 14.611 Thread 0x000001fc7551f410 Uncommon trap: trap_request=0xffffff45 fr.pc=0x000001fc232571a4 relative=0x0000000000000364
Event: 14.611 Thread 0x000001fc7551f410 Uncommon trap: reason=unstable_if action=reinterpret pc=0x000001fc232571a4 method=org.lombokweb.asm.Label.resolve([BLorg/lombokweb/asm/ByteVector;I)Z @ 81 c2
Event: 14.611 Thread 0x000001fc7551f410 DEOPT PACKING pc=0x000001fc232571a4 sp=0x000000a1ca9f2840
Event: 14.611 Thread 0x000001fc7551f410 DEOPT UNPACKING pc=0x000001fc22be3aa2 sp=0x000000a1ca9f2748 mode 2

Classes loaded (20 events):
Event: 13.690 Loading class java/io/StringReader
Event: 13.690 Loading class java/io/StringReader done
Event: 13.723 Loading class java/net/SocketTimeoutException
Event: 13.725 Loading class java/io/InterruptedIOException
Event: 13.725 Loading class java/io/InterruptedIOException done
Event: 13.725 Loading class java/net/SocketTimeoutException done
Event: 13.725 Loading class java/net/SocketException
Event: 13.728 Loading class java/net/SocketException done
Event: 13.728 Loading class java/net/UnknownHostException
Event: 13.728 Loading class java/net/UnknownHostException done
Event: 13.728 Loading class java/net/ProtocolException
Event: 13.728 Loading class java/net/ProtocolException done
Event: 13.805 Loading class java/lang/ThreadLocal$SuppliedThreadLocal
Event: 13.806 Loading class java/lang/ThreadLocal$SuppliedThreadLocal done
Event: 13.866 Loading class java/io/FileWriter
Event: 13.866 Loading class java/io/FileWriter done
Event: 13.872 Loading class java/lang/NegativeArraySizeException
Event: 13.872 Loading class java/lang/NegativeArraySizeException done
Event: 15.223 Loading class org/w3c/dom/DOMException
Event: 15.223 Loading class org/w3c/dom/DOMException done

Classes unloaded (7 events):
Event: 14.826 Thread 0x000001fc1851ccc0 Unloading class 0x000001fc30190c00 'java/lang/invoke/LambdaForm$MH+0x000001fc30190c00'
Event: 14.826 Thread 0x000001fc1851ccc0 Unloading class 0x000001fc30190800 'java/lang/invoke/LambdaForm$MH+0x000001fc30190800'
Event: 14.826 Thread 0x000001fc1851ccc0 Unloading class 0x000001fc30190400 'java/lang/invoke/LambdaForm$MH+0x000001fc30190400'
Event: 14.826 Thread 0x000001fc1851ccc0 Unloading class 0x000001fc30190000 'java/lang/invoke/LambdaForm$MH+0x000001fc30190000'
Event: 14.826 Thread 0x000001fc1851ccc0 Unloading class 0x000001fc3018fc00 'java/lang/invoke/LambdaForm$BMH+0x000001fc3018fc00'
Event: 14.826 Thread 0x000001fc1851ccc0 Unloading class 0x000001fc3018f800 'java/lang/invoke/LambdaForm$DMH+0x000001fc3018f800'
Event: 14.826 Thread 0x000001fc1851ccc0 Unloading class 0x000001fc3018e400 'java/lang/invoke/LambdaForm$DMH+0x000001fc3018e400'

Classes redefined (0 events):
No events

Internal exceptions (20 events):
Event: 12.955 Thread 0x000001fc7551f410 Exception <a 'java/lang/NoSuchMethodError'{0x00000000d6393468}: 'void java.lang.invoke.DelegatingMethodHandle$Holder.reinvoke_L(java.lang.Object, java.lang.Object, int)'> (0x00000000d6393468) 
thrown [s\src\hotspot\share\interpreter\linkResolver.cpp, line 773]
Event: 12.956 Thread 0x000001fc7551f410 Exception <a 'java/lang/NoSuchMethodError'{0x00000000d639a150}: 'int java.lang.invoke.Invokers$Holder.invokeExact_MT(java.lang.Object, java.lang.Object, java.lang.Object)'> (0x00000000d639a150) 
thrown [s\src\hotspot\share\interpreter\linkResolver.cpp, line 773]
Event: 13.012 Thread 0x000001fc7551f410 Exception <a 'java/lang/NoSuchMethodError'{0x00000000d64a67f0}: 'void java.lang.invoke.Invokers$Holder.invokeExact_MT(java.lang.Object, java.lang.Object, int, java.lang.Object)'> (0x00000000d64a67f0) 
thrown [s\src\hotspot\share\interpreter\linkResolver.cpp, line 773]
Event: 13.053 Thread 0x000001fc7551f410 Exception <a 'java/lang/NoSuchMethodError'{0x00000000d6594d50}: 'java.lang.Object java.lang.invoke.DirectMethodHandle$Holder.invokeSpecial(java.lang.Object, java.lang.Object, java.lang.Object, long, java.lang.Object)'> (0x00000000d6594d50) 
thrown [s\src\hotspot\share\interpreter\linkResolver.cpp, line 773]
Event: 13.054 Thread 0x000001fc7551f410 Exception <a 'java/lang/NoSuchMethodError'{0x00000000d659c598}: 'java.lang.Object java.lang.invoke.DirectMethodHandle$Holder.newInvokeSpecial(java.lang.Object, java.lang.Object, java.lang.Object, long)'> (0x00000000d659c598) 
thrown [s\src\hotspot\share\interpreter\linkResolver.cpp, line 773]
Event: 13.054 Thread 0x000001fc7551f410 Exception <a 'java/lang/NoSuchMethodError'{0x00000000d65a0948}: 'java.lang.Object java.lang.invoke.DirectMethodHandle$Holder.invokeSpecial(java.lang.Object, java.lang.Object, java.lang.Object, java.lang.Object, long)'> (0x00000000d65a0948) 
thrown [s\src\hotspot\share\interpreter\linkResolver.cpp, line 773]
Event: 13.055 Thread 0x000001fc7551f410 Exception <a 'java/lang/NoSuchMethodError'{0x00000000d65a4568}: 'java.lang.Object java.lang.invoke.Invokers$Holder.linkToTargetMethod(java.lang.Object, java.lang.Object, long, java.lang.Object)'> (0x00000000d65a4568) 
thrown [s\src\hotspot\share\interpreter\linkResolver.cpp, line 773]
Event: 13.071 Thread 0x000001fc7551f410 Exception <a 'java/lang/NoSuchMethodError'{0x00000000d66165b0}: 'int java.lang.invoke.DirectMethodHandle$Holder.invokeStaticInit(java.lang.Object, java.lang.Object, java.lang.Object)'> (0x00000000d66165b0) 
thrown [s\src\hotspot\share\interpreter\linkResolver.cpp, line 773]
Event: 13.096 Thread 0x000001fc7551f410 Exception <a 'java/lang/IncompatibleClassChangeError'{0x00000000d66a0b98}: Found class java.lang.Object, but interface was expected> (0x00000000d66a0b98) 
thrown [s\src\hotspot\share\interpreter\linkResolver.cpp, line 840]
Event: 13.377 Thread 0x000001fc7551f410 Exception <a 'java/lang/NoSuchMethodError'{0x00000000d6713c90}: 'java.lang.Object java.lang.invoke.DirectMethodHandle$Holder.invokeSpecial(java.lang.Object, java.lang.Object, java.lang.Object, int, java.lang.Object, java.lang.Object)'> (0x00000000d6713c90) 
thrown [s\src\hotspot\share\interpreter\linkResolver.cpp, line 773]
Event: 13.379 Thread 0x000001fc7551f410 Exception <a 'java/lang/NoSuchMethodError'{0x00000000d671b768}: 'java.lang.Object java.lang.invoke.DirectMethodHandle$Holder.newInvokeSpecial(java.lang.Object, java.lang.Object, java.lang.Object, int, java.lang.Object)'> (0x00000000d671b768) 
thrown [s\src\hotspot\share\interpreter\linkResolver.cpp, line 773]
Event: 13.379 Thread 0x000001fc7551f410 Exception <a 'java/lang/NoSuchMethodError'{0x00000000d671f6e8}: 'java.lang.Object java.lang.invoke.DirectMethodHandle$Holder.invokeSpecial(java.lang.Object, java.lang.Object, java.lang.Object, java.lang.Object, int, java.lang.Object)'> (0x00000000d671f6e8) 
thrown [s\src\hotspot\share\interpreter\linkResolver.cpp, line 773]
Event: 13.383 Thread 0x000001fc7551f410 Exception <a 'java/lang/NoSuchMethodError'{0x00000000d6723228}: 'java.lang.Object java.lang.invoke.Invokers$Holder.linkToTargetMethod(java.lang.Object, java.lang.Object, int, java.lang.Object, java.lang.Object)'> (0x00000000d6723228) 
thrown [s\src\hotspot\share\interpreter\linkResolver.cpp, line 773]
Event: 13.384 Thread 0x000001fc70f91c80 Exception <a 'java/lang/NoSuchMethodError'{0x00000000d65fd770}: 'java.lang.Object java.lang.invoke.DirectMethodHandle$Holder.invokeSpecial(java.lang.Object, java.lang.Object, int, java.lang.Object, java.lang.Object)'> (0x00000000d65fd770) 
thrown [s\src\hotspot\share\interpreter\linkResolver.cpp, line 773]
Event: 13.387 Thread 0x000001fc70f91c80 Exception <a 'java/lang/NoSuchMethodError'{0x00000000d66044a8}: 'java.lang.Object java.lang.invoke.DirectMethodHandle$Holder.newInvokeSpecial(java.lang.Object, java.lang.Object, int, java.lang.Object)'> (0x00000000d66044a8) 
thrown [s\src\hotspot\share\interpreter\linkResolver.cpp, line 773]
Event: 13.387 Thread 0x000001fc70f91c80 Exception <a 'java/lang/NoSuchMethodError'{0x00000000d6607d88}: 'java.lang.Object java.lang.invoke.DirectMethodHandle$Holder.invokeSpecial(java.lang.Object, java.lang.Object, java.lang.Object, int, java.lang.Object)'> (0x00000000d6607d88) 
thrown [s\src\hotspot\share\interpreter\linkResolver.cpp, line 773]
Event: 13.422 Thread 0x000001fc7551f410 Exception <a 'java/lang/NoSuchMethodError'{0x00000000d6841890}: 'void java.lang.invoke.DirectMethodHandle$Holder.invokeSpecial(java.lang.Object, java.lang.Object, java.lang.Object, java.lang.Object, java.lang.Object)'> (0x00000000d6841890) 
thrown [s\src\hotspot\share\interpreter\linkResolver.cpp, line 773]
Event: 13.582 Thread 0x000001fc7551f410 Exception <a 'java/lang/NoSuchMethodError'{0x00000000d6a49c30}: 'double java.lang.invoke.DirectMethodHandle$Holder.invokeStatic(java.lang.Object, java.lang.Object)'> (0x00000000d6a49c30) 
thrown [s\src\hotspot\share\interpreter\linkResolver.cpp, line 773]
Event: 13.583 Thread 0x000001fc7551f410 Exception <a 'java/lang/NoSuchMethodError'{0x00000000d6a4d2f0}: 'double java.lang.invoke.DirectMethodHandle$Holder.invokeStaticInit(java.lang.Object, java.lang.Object)'> (0x00000000d6a4d2f0) 
thrown [s\src\hotspot\share\interpreter\linkResolver.cpp, line 773]
Event: 14.611 Thread 0x000001fc7551f410 Implicit null exception at 0x000001fc23258175 to 0x000001fc23258250

ZGC Phase Switch (0 events):
No events

VM Operations (20 events):
Event: 10.653 Executing VM operation: Cleanup
Event: 10.653 Executing VM operation: Cleanup done
Event: 11.064 Executing VM operation: ParallelGCFailedAllocation (Allocation Failure)
Event: 11.071 Executing VM operation: ParallelGCFailedAllocation (Allocation Failure) done
Event: 11.200 Executing VM operation: HandshakeAllThreads (Deoptimize)
Event: 11.200 Executing VM operation: HandshakeAllThreads (Deoptimize) done
Event: 11.233 Executing VM operation: HandshakeAllThreads (Deoptimize)
Event: 11.233 Executing VM operation: HandshakeAllThreads (Deoptimize) done
Event: 11.257 Executing VM operation: HandshakeAllThreads (Deoptimize)
Event: 11.257 Executing VM operation: HandshakeAllThreads (Deoptimize) done
Event: 12.258 Executing VM operation: Cleanup
Event: 12.258 Executing VM operation: Cleanup done
Event: 12.912 Executing VM operation: HandshakeAllThreads (Deoptimize)
Event: 12.912 Executing VM operation: HandshakeAllThreads (Deoptimize) done
Event: 13.837 Executing VM operation: ParallelGCFailedAllocation (Allocation Failure)
Event: 13.845 Executing VM operation: ParallelGCFailedAllocation (Allocation Failure) done
Event: 14.634 Executing VM operation: ParallelGCFailedAllocation (Allocation Failure)
Event: 14.640 Executing VM operation: ParallelGCFailedAllocation (Allocation Failure) done
Event: 14.811 Executing VM operation: CollectForMetadataAllocation (Metadata GC Threshold)
Event: 14.867 Executing VM operation: CollectForMetadataAllocation (Metadata GC Threshold) done

Memory protections (0 events):
No events

Nmethod flushes (0 events):
No events

Events (20 events):
Event: 0.264 Thread 0x000001fc1845f920 Thread added: 0x000001fc2ee47d60
Event: 0.265 Thread 0x000001fc1845f920 Thread added: 0x000001fc2ee4a590
Event: 0.265 Thread 0x000001fc1845f920 Thread added: 0x000001fc2ee4fb20
Event: 0.265 Thread 0x000001fc1845f920 Thread added: 0x000001fc2ee507f0
Event: 0.266 Thread 0x000001fc1845f920 Thread added: 0x000001fc2ee51240
Event: 0.266 Thread 0x000001fc1845f920 Thread added: 0x000001fc2ee51c90
Event: 0.266 Thread 0x000001fc1845f920 Thread added: 0x000001fc2ee52ac0
Event: 0.286 Thread 0x000001fc1845f920 Thread added: 0x000001fc2eecde70
Event: 1.923 Thread 0x000001fc1845f920 Thread added: 0x000001fc70cf0240
Event: 4.398 Thread 0x000001fc1845f920 Thread added: 0x000001fc70e706f0
Event: 8.925 Thread 0x000001fc1845f920 Thread added: 0x000001fc75500960
Event: 9.367 Thread 0x000001fc1845f920 Thread added: 0x000001fc754e3810
Event: 9.394 Thread 0x000001fc1845f920 Thread added: 0x000001fc7551f410
Event: 9.842 Thread 0x000001fc7551f410 Thread added: 0x000001fc70e64040
Event: 10.774 Thread 0x000001fc7551f410 Thread added: 0x000001fc755a8ba0
Event: 12.974 Thread 0x000001fc7551f410 Thread added: 0x000001fc70f92fb0
Event: 13.060 Thread 0x000001fc7551f410 Thread added: 0x000001fc70f91c80
Event: 13.386 Thread 0x000001fc7551f410 Thread added: 0x000001fc2ef03720
Event: 13.668 Thread 0x000001fc2eecde70 Thread added: 0x000001fc75d5dde0
Event: 14.107 Thread 0x000001fc75d5dde0 Thread exited: 0x000001fc75d5dde0


Dynamic libraries:
0x00007ff73e720000 - 0x00007ff73e72e000 	c:\Users\dadig\.antigravity\extensions\redhat.java-1.50.0-win32-x64\jre\21.0.9-win32-x86_64\bin\java.exe
0x00007ffe8ba60000 - 0x00007ffe8bcc7000 	C:\WINDOWS\SYSTEM32\ntdll.dll
0x00007ffe8a360000 - 0x00007ffe8a429000 	C:\WINDOWS\System32\KERNEL32.DLL
0x00007ffe88c60000 - 0x00007ffe8904f000 	C:\WINDOWS\System32\KERNELBASE.dll
0x00007ffe89470000 - 0x00007ffe895bb000 	C:\WINDOWS\System32\ucrtbase.dll
0x00007ffe7c310000 - 0x00007ffe7c328000 	c:\Users\dadig\.antigravity\extensions\redhat.java-1.50.0-win32-x64\jre\21.0.9-win32-x86_64\bin\jli.dll
0x00007ffe899e0000 - 0x00007ffe89ba5000 	C:\WINDOWS\System32\USER32.dll
0x00007ffe89060000 - 0x00007ffe89087000 	C:\WINDOWS\System32\win32u.dll
0x00007ffe89f40000 - 0x00007ffe89f6b000 	C:\WINDOWS\System32\GDI32.dll
0x00007ffe891d0000 - 0x00007ffe892fc000 	C:\WINDOWS\System32\gdi32full.dll
0x00007ffe88bb0000 - 0x00007ffe88c53000 	C:\WINDOWS\System32\msvcp_win.dll
0x00007ffe7c0d0000 - 0x00007ffe7c0ee000 	c:\Users\dadig\.antigravity\extensions\redhat.java-1.50.0-win32-x64\jre\21.0.9-win32-x86_64\bin\VCRUNTIME140.dll
0x00007ffe6f0d0000 - 0x00007ffe6f363000 	C:\WINDOWS\WinSxS\amd64_microsoft.windows.common-controls_6595b64144ccf1df_6.0.26100.7309_none_3e05feeae336a044\COMCTL32.dll
0x00007ffe8a640000 - 0x00007ffe8a6e9000 	C:\WINDOWS\System32\msvcrt.dll
0x00007ffe8b440000 - 0x00007ffe8b471000 	C:\WINDOWS\System32\IMM32.DLL
0x00007ffe83d90000 - 0x00007ffe83d9c000 	c:\Users\dadig\.antigravity\extensions\redhat.java-1.50.0-win32-x64\jre\21.0.9-win32-x86_64\bin\vcruntime140_1.dll
0x00007ffe67530000 - 0x00007ffe675bd000 	c:\Users\dadig\.antigravity\extensions\redhat.java-1.50.0-win32-x64\jre\21.0.9-win32-x86_64\bin\msvcp140.dll
0x00007ffe13470000 - 0x00007ffe14210000 	c:\Users\dadig\.antigravity\extensions\redhat.java-1.50.0-win32-x64\jre\21.0.9-win32-x86_64\bin\server\jvm.dll
0x00007ffe8b500000 - 0x00007ffe8b5b4000 	C:\WINDOWS\System32\ADVAPI32.dll
0x00007ffe8b970000 - 0x00007ffe8ba16000 	C:\WINDOWS\System32\sechost.dll
0x00007ffe8b850000 - 0x00007ffe8b968000 	C:\WINDOWS\System32\RPCRT4.dll
0x00007ffe8b480000 - 0x00007ffe8b4f4000 	C:\WINDOWS\System32\WS2_32.dll
0x00007ffe88a10000 - 0x00007ffe88a6e000 	C:\WINDOWS\SYSTEM32\POWRPROF.dll
0x00007ffe821c0000 - 0x00007ffe821f5000 	C:\WINDOWS\SYSTEM32\WINMM.dll
0x00007ffe82200000 - 0x00007ffe8220b000 	C:\WINDOWS\SYSTEM32\VERSION.dll
0x00007ffe889f0000 - 0x00007ffe88a04000 	C:\WINDOWS\SYSTEM32\UMPDC.dll
0x00007ffe87960000 - 0x00007ffe8797b000 	C:\WINDOWS\SYSTEM32\kernel.appcore.dll
0x00007ffe83c00000 - 0x00007ffe83c0a000 	c:\Users\dadig\.antigravity\extensions\redhat.java-1.50.0-win32-x64\jre\21.0.9-win32-x86_64\bin\jimage.dll
0x00007ffe7ecd0000 - 0x00007ffe7ef12000 	C:\WINDOWS\SYSTEM32\DBGHELP.DLL
0x00007ffe89fd0000 - 0x00007ffe8a355000 	C:\WINDOWS\System32\combase.dll
0x00007ffe8a560000 - 0x00007ffe8a636000 	C:\WINDOWS\System32\OLEAUT32.dll
0x00007ffe6e560000 - 0x00007ffe6e59c000 	C:\WINDOWS\SYSTEM32\dbgcore.DLL
0x00007ffe89120000 - 0x00007ffe891c5000 	C:\WINDOWS\System32\bcryptPrimitives.dll
0x00007ffe7ced0000 - 0x00007ffe7cedf000 	c:\Users\dadig\.antigravity\extensions\redhat.java-1.50.0-win32-x64\jre\21.0.9-win32-x86_64\bin\instrument.dll
0x00007ffe7be90000 - 0x00007ffe7beb0000 	c:\Users\dadig\.antigravity\extensions\redhat.java-1.50.0-win32-x64\jre\21.0.9-win32-x86_64\bin\java.dll
0x00007ffe8ace0000 - 0x00007ffe8b433000 	C:\WINDOWS\System32\SHELL32.dll
0x00007ffe89300000 - 0x00007ffe8946a000 	C:\WINDOWS\System32\wintypes.dll
0x00007ffe867f0000 - 0x00007ffe8704e000 	C:\WINDOWS\SYSTEM32\windows.storage.dll
0x00007ffe8b5c0000 - 0x00007ffe8b6b5000 	C:\WINDOWS\System32\SHCORE.dll
0x00007ffe8a4f0000 - 0x00007ffe8a556000 	C:\WINDOWS\System32\shlwapi.dll
0x00007ffe88ad0000 - 0x00007ffe88af9000 	C:\WINDOWS\SYSTEM32\profapi.dll
0x00007ffe7b400000 - 0x00007ffe7b418000 	c:\Users\dadig\.antigravity\extensions\redhat.java-1.50.0-win32-x64\jre\21.0.9-win32-x86_64\bin\zip.dll
0x00007ffe83650000 - 0x00007ffe83660000 	C:\Users\dadig\.antigravity\extensions\redhat.java-1.50.0-win32-x64\jre\21.0.9-win32-x86_64\bin\net.dll
0x00007ffe7e610000 - 0x00007ffe7e738000 	C:\WINDOWS\SYSTEM32\WINHTTP.dll
0x00007ffe87ed0000 - 0x00007ffe87f3b000 	C:\WINDOWS\system32\mswsock.dll
0x00007ffe78b80000 - 0x00007ffe78b96000 	C:\Users\dadig\.antigravity\extensions\redhat.java-1.50.0-win32-x64\jre\21.0.9-win32-x86_64\bin\nio.dll
0x00007ffe752f0000 - 0x00007ffe75300000 	c:\Users\dadig\.antigravity\extensions\redhat.java-1.50.0-win32-x64\jre\21.0.9-win32-x86_64\bin\verify.dll
0x00007ffe6cd70000 - 0x00007ffe6cdb4000 	C:\Users\dadig\AppData\Roaming\Antigravity\User\globalStorage\redhat.java\1.50.0\config_ss_win\org.eclipse.equinox.launcher\org.eclipse.equinox.launcher.win32.win32.x86_64_1.2.1400.v20250801-0854\eclipse_11916.dll
0x00007ffe89840000 - 0x00007ffe899d7000 	C:\WINDOWS\System32\ole32.dll
0x00007ffe88190000 - 0x00007ffe881ab000 	C:\WINDOWS\SYSTEM32\CRYPTSP.dll
0x00007ffe878c0000 - 0x00007ffe878fa000 	C:\WINDOWS\system32\rsaenh.dll
0x00007ffe87f80000 - 0x00007ffe87fab000 	C:\WINDOWS\SYSTEM32\USERENV.dll
0x00007ffe88aa0000 - 0x00007ffe88aca000 	C:\WINDOWS\SYSTEM32\bcrypt.dll
0x00007ffe881b0000 - 0x00007ffe881bc000 	C:\WINDOWS\SYSTEM32\CRYPTBASE.dll
0x00007ffe87370000 - 0x00007ffe873a4000 	C:\WINDOWS\SYSTEM32\IPHLPAPI.DLL
0x00007ffe89fc0000 - 0x00007ffe89fca000 	C:\WINDOWS\System32\NSI.dll
0x00007ffe6cae0000 - 0x00007ffe6cb29000 	C:\Users\dadig\AppData\Local\Temp\jna-95341285\jna11003543356950460023.dll
0x00007ffe89f30000 - 0x00007ffe89f38000 	C:\WINDOWS\System32\PSAPI.DLL

JVMTI agents:
c:\Users\dadig\.antigravity\extensions\redhat.java-1.50.0-win32-x64\lombok\lombok-1.18.39-4050.jar path:c:\Users\dadig\.antigravity\extensions\redhat.java-1.50.0-win32-x64\jre\21.0.9-win32-x86_64\bin\instrument.dll, loaded, initialized, instrumentlib options:none

dbghelp: loaded successfully - version: 4.0.5 - missing functions: none
symbol engine: initialized successfully - sym options: 0x614 - pdb path: .;c:\Users\dadig\.antigravity\extensions\redhat.java-1.50.0-win32-x64\jre\21.0.9-win32-x86_64\bin;C:\WINDOWS\SYSTEM32;C:\WINDOWS\WinSxS\amd64_microsoft.windows.common-controls_6595b64144ccf1df_6.0.26100.7309_none_3e05feeae336a044;c:\Users\dadig\.antigravity\extensions\redhat.java-1.50.0-win32-x64\jre\21.0.9-win32-x86_64\bin\server;C:\Users\dadig\AppData\Roaming\Antigravity\User\globalStorage\redhat.java\1.50.0\config_ss_win\org.eclipse.equinox.launcher\org.eclipse.equinox.launcher.win32.win32.x86_64_1.2.1400.v20250801-0854;C:\Users\dadig\AppData\Local\Temp\jna-95341285

VM Arguments:
jvm_args: --add-modules=ALL-SYSTEM --add-opens=java.base/java.util=ALL-UNNAMED --add-opens=java.base/java.lang=ALL-UNNAMED --add-opens=java.base/sun.nio.fs=ALL-UNNAMED -Declipse.application=org.eclipse.jdt.ls.core.id1 -Dosgi.bundles.defaultStartLevel=4 -Declipse.product=org.eclipse.jdt.ls.core.product -Djava.import.generatesMetadataFilesAtProjectRoot=false -DDetectVMInstallationsJob.disabled=true -Dfile.encoding=utf8 -XX:+UseParallelGC -XX:GCTimeRatio=4 -XX:AdaptiveSizePolicyWeight=90 -Dsun.zip.disableMemoryMapping=true -Xmx2G -Xms100m -Xlog:disable -javaagent:c:\Users\dadig\.antigravity\extensions\redhat.java-1.50.0-win32-x64\lombok\lombok-1.18.39-4050.jar 
java_command: c:\Users\dadig\.antigravity\extensions\redhat.java-1.50.0-win32-x64\server\plugins\org.eclipse.equinox.launcher_1.7.100.v20251111-0406.jar -configuration c:\Users\dadig\AppData\Roaming\Antigravity\User\globalStorage\redhat.java\1.50.0\config_ss_win -data c:\Users\dadig\AppData\Roaming\Antigravity\User\workspaceStorage\62095a4e5875a9a9aec93d5e91d77f3c\redhat.java\ss_ws --pipe=\\.\pipe\lsp-64619ddeba400b2d03ecf4848dd7dd36-sock
java_class_path (initial): c:\Users\dadig\.antigravity\extensions\redhat.java-1.50.0-win32-x64\server\plugins\org.eclipse.equinox.launcher_1.7.100.v20251111-0406.jar
Launcher Type: SUN_STANDARD

[Global flags]
    uintx AdaptiveSizePolicyWeight                 = 90                                        {product} {command line}
     intx CICompilerCount                          = 3                                         {product} {ergonomic}
    uintx GCTimeRatio                              = 4                                         {product} {command line}
   size_t InitialHeapSize                          = 104857600                                 {product} {command line}
   size_t MaxHeapSize                              = 2147483648                                {product} {command line}
   size_t MaxNewSize                               = 715653120                                 {product} {ergonomic}
   size_t MinHeapDeltaBytes                        = 524288                                    {product} {ergonomic}
   size_t MinHeapSize                              = 104857600                                 {product} {command line}
   size_t NewSize                                  = 34603008                                  {product} {ergonomic}
    uintx NonNMethodCodeHeapSize                   = 5832780                                {pd product} {ergonomic}
    uintx NonProfiledCodeHeapSize                  = 122912730                              {pd product} {ergonomic}
   size_t OldSize                                  = 70254592                                  {product} {ergonomic}
    uintx ProfiledCodeHeapSize                     = 122912730                              {pd product} {ergonomic}
    uintx ReservedCodeCacheSize                    = 251658240                              {pd product} {ergonomic}
     bool SegmentedCodeCache                       = true                                      {product} {ergonomic}
   size_t SoftMaxHeapSize                          = 2147483648                             {manageable} {ergonomic}
     bool UseCompressedOops                        = true                           {product lp64_product} {ergonomic}
     bool UseLargePagesIndividualAllocation        = false                                  {pd product} {ergonomic}
     bool UseParallelGC                            = true                                      {product} {command line}

Logging:
Log output configuration:
 #0: stdout all=off uptime,level,tags foldmultilines=false
 #1: stderr all=off uptime,level,tags foldmultilines=false

Release file:
JAVA_VERSION="21.0.9" 
MODULES="java.base java.compiler java.datatransfer java.xml java.prefs java.desktop java.instrument java.logging java.management java.security.sasl java.naming java.rmi java.management.rmi java.net.http java.scripting java.security.jgss java.transaction.xa java.sql java.sql.rowset java.xml.crypto java.se java.smartcardio jdk.accessibility jdk.internal.jvmstat jdk.attach jdk.charsets jdk.internal.opt jdk.zipfs jdk.compiler jdk.crypto.ec jdk.crypto.cryptoki jdk.crypto.mscapi jdk.dynalink jdk.internal.ed jdk.editpad jdk.hotspot.agent jdk.httpserver jdk.internal.le jdk.internal.vm.ci jdk.internal.vm.compiler jdk.internal.vm.compiler.management jdk.jartool jdk.javadoc jdk.jcmd jdk.management jdk.management.agent jdk.jconsole jdk.jdeps jdk.jdwp.agent jdk.jdi jdk.jfr jdk.jshell jdk.jsobject jdk.jstatd jdk.localedata jdk.management.jfr jdk.naming.dns jdk.naming.rmi jdk.net jdk.nio.mapmode jdk.random jdk.sctp jdk.security.auth jdk.security.jgss jdk.unsupported jdk.unsupported.desktop jdk.xml.dom" 

Environment Variables:
JAVA_HOME=C:\Users\dadig\AppData\Local\Programs\Eclipse Adoptium\jdk-17.0.11.9-hotspot\
PATH=C:\WINDOWS\system32;C:\WINDOWS;C:\WINDOWS\System32\Wbem;C:\WINDOWS\System32\WindowsPowerShell\v1.0\;C:\WINDOWS\System32\OpenSSH\;C:\Program Files\PuTTY\;C:\Program Files\MySQL\MySQL Server 8.0\bin;C:\Program Files\PostgreSQL\10\bin;;C:\Program Files\HP\HP One Agent;C:\Program Files\nodejs\;%SystemRoot%\system32;%SystemRoot%;%SystemRoot%\System32\Wbem;%SYSTEMROOT%\System32\WindowsPowerShell\v1.0\;%SYSTEMROOT%\System32\OpenSSH\;C:\Program Files\MySQL\MySQL Shell 8.0\bin\;C:\Users\dadig\AppData\Local\Programs\Eclipse Adoptium\jdk-17.0.11.9-hotspot\bin;C:\Users\dadig\AppData\Local\Microsoft\WindowsApps;C:\Users\dadig\AppData\Local\Programs\Microsoft VS Code\bin;C:\Users\dadig\AppData\Roaming\npm;C:\Users\dadig\AppData\Local\Programs\Antigravity\bin
USERNAME=dadig
OS=Windows_NT
PROCESSOR_IDENTIFIER=AMD64 Family 23 Model 24 Stepping 1, AuthenticAMD
TMP=C:\Users\dadig\AppData\Local\Temp
TEMP=C:\Users\dadig\AppData\Local\Temp




Periodic native trim disabled

---------------  S Y S T E M  ---------------

OS:
 Windows 11 , 64 bit Build 26100 (10.0.26100.7309)
OS uptime: 0 days 14:53 hours

CPU: total 4 (initial active 4) (4 cores per cpu, 2 threads per core) family 23 model 24 stepping 1 microcode 0x8108109, cx8, cmov, fxsr, ht, mmx, 3dnowpref, sse, sse2, sse3, ssse3, sse4a, sse4.1, sse4.2, popcnt, lzcnt, tsc, tscinvbit, avx, avx2, aes, clmul, bmi1, bmi2, adx, sha, fma, vzeroupper, clflush, clflushopt, rdtscp, f16c
Processor Information for the first 4 processors :
  Max Mhz: 2600, Current Mhz: 2600, Mhz Limit: 2600

Memory: 4k page, system-wide physical 3526M (409M free)
TotalPageFile size 14278M (AvailPageFile size 1M)
current process WorkingSet (physical memory assigned to process): 141M, peak: 146M
current process commit charge ("private bytes"): 266M, peak: 270M

vm_info: OpenJDK 64-Bit Server VM (21.0.9+10-LTS) for windows-amd64 JRE (21.0.9+10-LTS), built on 2025-10-21T00:00:00Z by "admin" with unknown MS VC++:1942

END.
