#
# There is insufficient memory for the Java Runtime Environment to continue.
# Native memory allocation (mmap) failed to map 65536 bytes. Error detail: Failed to commit metaspace.
# Possible reasons:
#   The system is out of physical RAM or swap space
#   This process is running with CompressedOops enabled, and the Java Heap may be blocking the growth of the native heap
# Possible solutions:
#   Reduce memory load on the system
#   Increase physical memory or swap space
#   Check if swap backing store is full
#   Decrease Java heap size (-Xmx/-Xms)
#   Decrease number of Java threads
#   Decrease Java thread stack sizes (-Xss)
#   Set larger code cache with -XX:ReservedCodeCacheSize=
#   JVM is running with Unscaled Compressed Oops mode in which the Java heap is
#     placed in the first 4GB address space. The Java Heap base address is the
#     maximum limit for the native heap growth. Please use -XX:HeapBaseMinAddress
#     to set the Java Heap base and to place the Java Heap above 4GB virtual address.
# This output file may be truncated or incomplete.
#
#  Out of Memory Error (virtualSpaceNode.cpp:113), pid=5676, tid=13696
#
# JRE version: OpenJDK Runtime Environment Temurin-21.0.9+10 (21.0.9+10) (build 21.0.9+10-LTS)
# Java VM: OpenJDK 64-Bit Server VM Temurin-21.0.9+10 (21.0.9+10-LTS, mixed mode, sharing, tiered, compressed oops, compressed class ptrs, parallel gc, windows-amd64)
# No core dump will be written. Minidumps are not enabled by default on client versions of Windows
#

---------------  S U M M A R Y ------------

Command Line: --add-modules=ALL-SYSTEM --add-opens=java.base/java.util=ALL-UNNAMED --add-opens=java.base/java.lang=ALL-UNNAMED --add-opens=java.base/sun.nio.fs=ALL-UNNAMED -Declipse.application=org.eclipse.jdt.ls.core.id1 -Dosgi.bundles.defaultStartLevel=4 -Declipse.product=org.eclipse.jdt.ls.core.product -Djava.import.generatesMetadataFilesAtProjectRoot=false -DDetectVMInstallationsJob.disabled=true -Dfile.encoding=utf8 -XX:+UseParallelGC -XX:GCTimeRatio=4 -XX:AdaptiveSizePolicyWeight=90 -Dsun.zip.disableMemoryMapping=true -Xmx2G -Xms100m -Xlog:disable -javaagent:c:\Users\dadig\.antigravity\extensions\redhat.java-1.50.0-win32-x64\lombok\lombok-1.18.39-4050.jar -XX:+HeapDumpOnOutOfMemoryError -XX:HeapDumpPath=c:\Users\dadig\AppData\Roaming\Antigravity\User\workspaceStorage\62095a4e5875a9a9aec93d5e91d77f3c\redhat.java -Daether.dependencyCollector.impl=bf c:\Users\dadig\.antigravity\extensions\redhat.java-1.50.0-win32-x64\server\plugins\org.eclipse.equinox.launcher_1.7.100.v20251111-0406.jar -configuration c:\Users\dadig\AppData\Roaming\Antigravity\User\globalStorage\redhat.java\1.50.0\config_win -data c:\Users\dadig\AppData\Roaming\Antigravity\User\workspaceStorage\62095a4e5875a9a9aec93d5e91d77f3c\redhat.java\jdt_ws --pipe=\\.\pipe\lsp-bd85757c35ce1ef975a455be177cd51f-sock

Host: AMD Ryzen 3 3250U with Radeon Graphics         , 4 cores, 3G,  Windows 11 , 64 bit Build 26100 (10.0.26100.7309)
Time: Fri Jan  2 09:12:18 2026 India Standard Time elapsed time: 7.026371 seconds (0d 0h 0m 7s)

---------------  T H R E A D  ---------------

Current thread (0x00000177da1ba9f0):  JavaThread "main"             [_thread_in_vm, id=13696, stack(0x00000041d9900000,0x00000041d9a00000) (1024K)]

Stack: [0x00000041d9900000,0x00000041d9a00000]
Native frames: (J=compiled Java code, j=interpreted, Vv=VM code, C=native code)
V  [jvm.dll+0x6d6e29]
V  [jvm.dll+0x8b4b76]
V  [jvm.dll+0x8b712e]
V  [jvm.dll+0x8b7813]
V  [jvm.dll+0x283d86]
V  [jvm.dll+0x8b08be]
V  [jvm.dll+0x678824]
V  [jvm.dll+0x1e80ab]
V  [jvm.dll+0x1e7e6e]
V  [jvm.dll+0x67b122]
V  [jvm.dll+0x67af52]
V  [jvm.dll+0x6791fe]
V  [jvm.dll+0x3c6dd3]
V  [jvm.dll+0x21151b]
V  [jvm.dll+0x5b5a39]
V  [jvm.dll+0x82dee6]
V  [jvm.dll+0x478438]
V  [jvm.dll+0x47e268]
C  [java.dll+0x17ec]

Java frames: (J=compiled Java code, j=interpreted, Vv=VM code)
J 1144  java.lang.ClassLoader.defineClass1(Ljava/lang/ClassLoader;Ljava/lang/String;[BIILjava/security/ProtectionDomain;Ljava/lang/String;)Ljava/lang/Class; java.base@21.0.9 (0 bytes) @ 0x00000177e4f04c11 [0x00000177e4f04b40+0x00000000000000d1]
j  java.lang.ClassLoader.defineClass(Ljava/lang/String;[BIILjava/security/ProtectionDomain;)Ljava/lang/Class;+27 java.base@21.0.9
j  java.security.SecureClassLoader.defineClass(Ljava/lang/String;[BIILjava/security/CodeSource;)Ljava/lang/Class;+12 java.base@21.0.9
j  java.net.URLClassLoader.defineClass(Ljava/lang/String;Ljdk/internal/loader/Resource;)Ljava/lang/Class;+220 java.base@21.0.9
j  java.net.URLClassLoader$1.run()Ljava/lang/Class;+43 java.base@21.0.9
j  java.net.URLClassLoader$1.run()Ljava/lang/Object;+1 java.base@21.0.9
J 1175 c1 java.security.AccessController.executePrivileged(Ljava/security/PrivilegedExceptionAction;Ljava/security/AccessControlContext;Ljava/lang/Class;)Ljava/lang/Object; java.base@21.0.9 (65 bytes) @ 0x00000177dd59c9c4 [0x00000177dd59c860+0x0000000000000164]
j  java.security.AccessController.doPrivileged(Ljava/security/PrivilegedExceptionAction;Ljava/security/AccessControlContext;)Ljava/lang/Object;+13 java.base@21.0.9
j  java.net.URLClassLoader.findClass(Ljava/lang/String;)Ljava/lang/Class;+13 java.base@21.0.9
J 1193 c1 java.lang.ClassLoader.loadClass(Ljava/lang/String;Z)Ljava/lang/Class; java.base@21.0.9 (121 bytes) @ 0x00000177dd5a2fa4 [0x00000177dd5a29e0+0x00000000000005c4]
J 1035 c1 java.lang.ClassLoader.loadClass(Ljava/lang/String;)Ljava/lang/Class; java.base@21.0.9 (7 bytes) @ 0x00000177dd55d454 [0x00000177dd55d340+0x0000000000000114]
v  ~StubRoutines::call_stub 0x00000177e48f100d
j  org.eclipse.osgi.storage.BundleInfo.restoreGeneration(JLjava/io/File;ZLorg/eclipse/osgi/storage/ContentProvider$Type;ZLjava/util/Map;JZ)Lorg/eclipse/osgi/storage/BundleInfo$Generation;+8
j  org.eclipse.osgi.storage.Storage.loadGenerations(Ljava/io/DataInputStream;[Ljava/lang/String;)Ljava/util/Map;+642
j  org.eclipse.osgi.storage.Storage.<init>(Lorg/eclipse/osgi/internal/framework/EquinoxContainer;[Ljava/lang/String;)V+561
j  org.eclipse.osgi.storage.Storage.createStorage(Lorg/eclipse/osgi/internal/framework/EquinoxContainer;)Lorg/eclipse/osgi/storage/Storage;+11
j  org.eclipse.osgi.internal.framework.EquinoxContainer.<init>(Ljava/util/Map;Lorg/osgi/framework/connect/ModuleConnector;)V+146
j  org.eclipse.osgi.launch.Equinox.<init>(Ljava/util/Map;Lorg/osgi/framework/connect/ModuleConnector;)V+10
j  org.eclipse.osgi.launch.Equinox.<init>(Ljava/util/Map;)V+3
j  org.eclipse.core.runtime.adaptor.EclipseStarter.startup([Ljava/lang/String;Ljava/lang/Runnable;)Lorg/osgi/framework/BundleContext;+28
j  org.eclipse.core.runtime.adaptor.EclipseStarter.run([Ljava/lang/String;Ljava/lang/Runnable;)Ljava/lang/Object;+21
j  java.lang.invoke.DirectMethodHandle$Holder.invokeStatic(Ljava/lang/Object;Ljava/lang/Object;Ljava/lang/Object;)Ljava/lang/Object;+11 java.base@21.0.9
j  java.lang.invoke.LambdaForm$MH+0x000001778108a800.invoke(Ljava/lang/Object;Ljava/lang/Object;Ljava/lang/Object;Ljava/lang/Object;)Ljava/lang/Object;+54 java.base@21.0.9
j  java.lang.invoke.LambdaForm$MH+0x0000017781002c00.invokeExact_MT(Ljava/lang/Object;Ljava/lang/Object;Ljava/lang/Object;Ljava/lang/Object;Ljava/lang/Object;)Ljava/lang/Object;+22 java.base@21.0.9
j  jdk.internal.reflect.DirectMethodHandleAccessor.invokeImpl(Ljava/lang/Object;[Ljava/lang/Object;)Ljava/lang/Object;+72 java.base@21.0.9
j  jdk.internal.reflect.DirectMethodHandleAccessor.invoke(Ljava/lang/Object;[Ljava/lang/Object;)Ljava/lang/Object;+23 java.base@21.0.9
j  java.lang.reflect.Method.invoke(Ljava/lang/Object;[Ljava/lang/Object;)Ljava/lang/Object;+102 java.base@21.0.9
j  org.eclipse.equinox.launcher.Main.invokeFramework([Ljava/lang/String;[Ljava/net/URL;)V+155
j  org.eclipse.equinox.launcher.Main.basicRun([Ljava/lang/String;)V+191
j  org.eclipse.equinox.launcher.Main.run([Ljava/lang/String;)I+4
j  org.eclipse.equinox.launcher.Main.main([Ljava/lang/String;)V+10
v  ~StubRoutines::call_stub 0x00000177e48f100d

Compiled method (n/a) 7154 1144     n 0       java.lang.ClassLoader::defineClass1 (native)
 total in heap  [0x00000177e4f04990,0x00000177e4f04e18] = 1160
 relocation     [0x00000177e4f04af0,0x00000177e4f04b28] = 56
 main code      [0x00000177e4f04b40,0x00000177e4f04e16] = 726
 stub code      [0x00000177e4f04e16,0x00000177e4f04e18] = 2

[Constant Pool (empty)]

[MachCode]
[Entry Point]
  # {method} {0x0000017780436820} 'defineClass1' '(Ljava/lang/ClassLoader;Ljava/lang/String;[BIILjava/security/ProtectionDomain;Ljava/lang/String;)Ljava/lang/Class;' in 'java/lang/ClassLoader'
  # parm0:    rdx:rdx   = 'java/lang/ClassLoader'
  # parm1:    r8:r8     = 'java/lang/String'
  # parm2:    r9:r9     = '[B'
  # parm3:    rdi       = int
  # parm4:    rsi       = int
  # parm5:    rcx:rcx   = 'java/security/ProtectionDomain'
  # parm6:    [sp+0xa0]   = 'java/lang/String'  (sp of caller)
  0x00000177e4f04b40: 448b 5208 | 49bb 0000 | 0080 7701 | 0000 4d03 | d349 3bc2 | 0f84 0600 

  0x00000177e4f04b58: ;   {runtime_call ic_miss_stub}
  0x00000177e4f04b58: 0000 e921 | 99a3 ff90 
[Verified Entry Point]
  0x00000177e4f04b60: 8984 2400 | 80ff ff55 | 488b ec48 | 81ec 9000 | 0000 6690 | 4181 7f20 | 0100 0000 

  0x00000177e4f04b7c: ;   {runtime_call StubRoutines (final stubs)}
  0x00000177e4f04b7c: 7405 e85d | 3ea2 ff48 | 837d 1000 | 488d 4510 | 480f 4445 | 1048 8944 | 2440 4889 | 4c24 7048 
  0x00000177e4f04b9c: 83f9 0048 | 8d44 2470 | 480f 4444 | 2470 4889 | 4424 3848 | 8974 2430 | 4889 7c24 | 284c 894c 
  0x00000177e4f04bbc: 2458 4983 | f900 488d | 4424 5848 | 0f44 4424 | 5848 8944 | 2420 4c89 | 4424 5049 | 83f8 004c 
  0x00000177e4f04bdc: 8d4c 2450 | 4c0f 444c | 2450 4889 | 5424 4848 | 83fa 004c | 8d44 2448 | 4c0f 4444 

  0x00000177e4f04bf8: ;   {oop(a 'java/lang/Class'{0x00000000d6ecbbd8} = 'java/lang/ClassLoader')}
  0x00000177e4f04bf8: 2448 49be | d8bb ecd6 | 0000 0000 | 4c89 7424 | 784c 8d74 | 2478 498b | d6c5 f877 

  0x00000177e4f04c14: ;   {internal_word}
  0x00000177e4f04c14: 49ba 114c | f0e4 7701 | 0000 4d89 | 97a0 0300 | 0049 89a7 | 9803 0000 

  0x00000177e4f04c2c: ;   {external_word}
  0x00000177e4f04c2c: 49ba cf4d | 1114 fe7f | 0000 4180 | 3a00 0f84 | 4e00 0000 | 5241 5041 

  0x00000177e4f04c44: ;   {metadata({method} {0x0000017780436820} 'defineClass1' '(Ljava/lang/ClassLoader;Ljava/lang/String;[BIILjava/security/ProtectionDomain;Ljava/lang/String;)Ljava/lang/Class;' in 'java/lang/ClassLoader')}
  0x00000177e4f04c44: 5148 ba18 | 6843 8077 | 0100 0049 | 8bcf 4883 | ec20 40f6 | c40f 0f84 | 1900 0000 | 4883 ec08 
  0x00000177e4f04c64: ;   {runtime_call}
  0x00000177e4f04c64: 48b8 40d5 | ba13 fe7f | 0000 ffd0 | 4883 c408 | e90c 0000 

  0x00000177e4f04c78: ;   {runtime_call}
  0x00000177e4f04c78: 0048 b840 | d5ba 13fe | 7f00 00ff | d048 83c4 | 2041 5941 | 585a 498d | 8fb8 0300 | 0041 c787 
  0x00000177e4f04c98: 4404 0000 | 0400 0000 

  0x00000177e4f04ca0: ;   {runtime_call}
  0x00000177e4f04ca0: 48b8 ac16 | e97b fe7f | 0000 ffd0 | c5f8 7741 | c787 4404 | 0000 0500 | 0000 f083 | 4424 c000 
  0x00000177e4f04cc0: 493b af48 | 0400 000f | 870e 0000 | 0041 83bf | 4004 0000 | 000f 842b | 0000 00c5 | f877 4889 
  0x00000177e4f04ce0: 45f8 498b | cf4c 8be4 | 4883 ec20 | 4883 e4f0 

  0x00000177e4f04cf0: ;   {runtime_call}
  0x00000177e4f04cf0: 48b8 e04b | 8613 fe7f | 0000 ffd0 | 498b e44d | 33e4 488b | 45f8 41c7 | 8744 0400 | 0008 0000 
  0x00000177e4f04d10: 0041 83bf | c004 0000 | 020f 84ca 

  0x00000177e4f04d1c: ;   {external_word}
  0x00000177e4f04d1c: 0000 0049 | bacf 4d11 | 14fe 7f00 | 0041 803a | 000f 844c | 0000 0048 

  0x00000177e4f04d34: ;   {metadata({method} {0x0000017780436820} 'defineClass1' '(Ljava/lang/ClassLoader;Ljava/lang/String;[BIILjava/security/ProtectionDomain;Ljava/lang/String;)Ljava/lang/Class;' in 'java/lang/ClassLoader')}
  0x00000177e4f04d34: 8945 f848 | ba18 6843 | 8077 0100 | 0049 8bcf | 4883 ec20 | 40f6 c40f | 0f84 1900 | 0000 4883 
  0x00000177e4f04d54: ;   {runtime_call}
  0x00000177e4f04d54: ec08 48b8 | 40d5 ba13 | fe7f 0000 | ffd0 4883 | c408 e90c 

  0x00000177e4f04d68: ;   {runtime_call}
  0x00000177e4f04d68: 0000 0048 | b840 d5ba | 13fe 7f00 | 00ff d048 | 83c4 2048 | 8b45 f849 | c787 9803 | 0000 0000 
  0x00000177e4f04d88: 0000 49c7 | 87a0 0300 | 0000 0000 | 00c5 f877 | 4885 c00f | 8425 0000 | 00a8 030f | 8508 0000 
  0x00000177e4f04da8: 0048 8b00 | e915 0000 | 00a8 010f | 8509 0000 | 0048 8b40 | fee9 0400 | 0000 488b | 40ff 498b 
  0x00000177e4f04dc8: 8f28 0400 | 00c7 8100 | 0100 0000 | 0000 00c9 | 4983 7f08 | 000f 8501 | 0000 00c3 

  0x00000177e4f04de4: ;   {runtime_call StubRoutines (initial stubs)}
  0x00000177e4f04de4: e917 c19e | ffc5 f877 | 4889 45f8 | 4c8b e448 | 83ec 2048 

  0x00000177e4f04df8: ;   {runtime_call}
  0x00000177e4f04df8: 83e4 f048 | b890 0cbb | 13fe 7f00 | 00ff d049 | 8be4 4d33 | e448 8b45 | f8e9 09ff | ffff f4f4 
[/MachCode]


Compiled method (c1) 7200 1175       3       java.security.AccessController::executePrivileged (65 bytes)
 total in heap  [0x00000177dd59c690,0x00000177dd59cc80] = 1520
 relocation     [0x00000177dd59c7f0,0x00000177dd59c858] = 104
 main code      [0x00000177dd59c860,0x00000177dd59cb08] = 680
 stub code      [0x00000177dd59cb08,0x00000177dd59cb60] = 88
 metadata       [0x00000177dd59cb60,0x00000177dd59cb70] = 16
 scopes data    [0x00000177dd59cb70,0x00000177dd59cbe8] = 120
 scopes pcs     [0x00000177dd59cbe8,0x00000177dd59cc68] = 128
 dependencies   [0x00000177dd59cc68,0x00000177dd59cc70] = 8
 nul chk table  [0x00000177dd59cc70,0x00000177dd59cc80] = 16

[Constant Pool (empty)]

[MachCode]
[Verified Entry Point]
  # {method} {0x00000177804724f0} 'executePrivileged' '(Ljava/security/PrivilegedExceptionAction;Ljava/security/AccessControlContext;Ljava/lang/Class;)Ljava/lang/Object;' in 'java/security/AccessController'
  # parm0:    rdx:rdx   = 'java/security/PrivilegedExceptionAction'
  # parm1:    r8:r8     = 'java/security/AccessControlContext'
  # parm2:    r9:r9     = 'java/lang/Class'
  #           [sp+0x50]  (sp of caller)
  0x00000177dd59c860: 8984 2400 | 80ff ff55 | 4883 ec40 | 4181 7f20 | 0100 0000 

  0x00000177dd59c874: ;   {runtime_call StubRoutines (final stubs)}
  0x00000177dd59c874: 7405 e865 | c138 074c | 8944 2430 

  0x00000177dd59c880: ;   {metadata(method data for {method} {0x00000177804724f0} 'executePrivileged' '(Ljava/security/PrivilegedExceptionAction;Ljava/security/AccessControlContext;Ljava/lang/Class;)Ljava/lang/Object;' in 'java/security/AccessController')}
  0x00000177dd59c880: 48be 30af | 31f2 7701 | 0000 8bbe | cc00 0000 | 83c7 0289 | becc 0000 | 0081 e7fe | 0700 0085 
  0x00000177dd59c8a0: ff0f 84bf | 0100 004d 

  0x00000177dd59c8a8: ;   {metadata(method data for {method} {0x00000177804724f0} 'executePrivileged' '(Ljava/security/PrivilegedExceptionAction;Ljava/security/AccessControlContext;Ljava/lang/Class;)Ljava/lang/Object;' in 'java/security/AccessController')}
  0x00000177dd59c8a8: 85c0 48be | 30af 31f2 | 7701 0000 | 48c7 c710 | 0100 0074 | 0748 c7c7 | 2001 0000 | 488b 1c3e 
  0x00000177dd59c8c8: 488d 5b01 | 4889 1c3e | 4c89 4c24 | 2848 8954 | 2420 0f84 | 2400 0000 

  0x00000177dd59c8e0: ;   {metadata(method data for {method} {0x00000177804724f0} 'executePrivileged' '(Ljava/security/PrivilegedExceptionAction;Ljava/security/AccessControlContext;Ljava/lang/Class;)Ljava/lang/Object;' in 'java/security/AccessController')}
  0x00000177dd59c8e0: 48be 30af | 31f2 7701 | 0000 4883 | 8630 0100 | 0001 498b 

  0x00000177dd59c8f4: ;   {static_call}
  0x00000177dd59c8f4: d066 90e8 

  0x00000177dd59c8f8: ; ImmutableOopMap {[32]=Oop [40]=Oop [48]=Oop }
                      ;*invokestatic ensureMaterializedForStackWalk {reexecute=0 rethrow=0 return_oop=0}
                      ; - java.security.AccessController::executePrivileged@5
  0x00000177dd59c8f8: 64c7 9607 

  0x00000177dd59c8fc: ;   {other}
  0x00000177dd59c8fc: 0f1f 8400 | 6c02 0000 

  0x00000177dd59c904: ;   {metadata(method data for {method} {0x00000177804724f0} 'executePrivileged' '(Ljava/security/PrivilegedExceptionAction;Ljava/security/AccessControlContext;Ljava/lang/Class;)Ljava/lang/Object;' in 'java/security/AccessController')}
  0x00000177dd59c904: 48ba 30af | 31f2 7701 | 0000 ff82 | 4001 0000 | 488b 5424 | 2048 3b02 

  0x00000177dd59c91c: ;   {metadata(method data for {method} {0x00000177804724f0} 'executePrivileged' '(Ljava/security/PrivilegedExceptionAction;Ljava/security/AccessControlContext;Ljava/lang/Class;)Ljava/lang/Object;' in 'java/security/AccessController')}
  0x00000177dd59c91c: 488b f248 | bf30 af31 | f277 0100 | 008b 7608 | 49ba 0000 | 0080 7701 | 0000 4903 | f248 3bb7 
  0x00000177dd59c93c: b001 0000 | 750d 4883 | 87b8 0100 | 0001 e960 | 0000 0048 | 3bb7 c001 | 0000 750d | 4883 87c8 
  0x00000177dd59c95c: 0100 0001 | e94a 0000 | 0048 83bf | b001 0000 | 0075 1748 | 89b7 b001 | 0000 48c7 | 87b8 0100 
  0x00000177dd59c97c: 0001 0000 | 00e9 2900 | 0000 4883 | bfc0 0100 | 0000 7517 | 4889 b7c0 | 0100 0048 | c787 c801 
  0x00000177dd59c99c: 0000 0100 | 0000 e908 | 0000 0048 | 8387 a001 | 0000 0166 | 0f1f 4400 | 0048 b8ff | ffff ffff 
  0x00000177dd59c9bc: ;   {virtual_call}
  0x00000177dd59c9bc: ffff ffe8 

  0x00000177dd59c9c0: ; ImmutableOopMap {[40]=Oop [48]=Oop }
                      ;*invokeinterface run {reexecute=0 rethrow=0 return_oop=0}
                      ; - java.security.AccessController::executePrivileged@29
  0x00000177dd59c9c0: 1cef 3907 

  0x00000177dd59c9c4: ;   {other}
  0x00000177dd59c9c4: 0f1f 8400 | 3403 0001 

  0x00000177dd59c9cc: ;   {metadata(method data for {method} {0x00000177804724f0} 'executePrivileged' '(Ljava/security/PrivilegedExceptionAction;Ljava/security/AccessControlContext;Ljava/lang/Class;)Ljava/lang/Object;' in 'java/security/AccessController')}
  0x00000177dd59c9cc: 48be 30af | 31f2 7701 | 0000 ff86 | d801 0000 | 4c8b 4c24 

  0x00000177dd59c9e0: ;   {metadata(method data for {method} {0x00000177804724f0} 'executePrivileged' '(Ljava/security/PrivilegedExceptionAction;Ljava/security/AccessControlContext;Ljava/lang/Class;)Ljava/lang/Object;' in 'java/security/AccessController')}
  0x00000177dd59c9e0: 2848 be30 | af31 f277 | 0100 0048 | 8386 3802 

  0x00000177dd59c9f0: ;   {metadata(method data for {method} {0x000001778003d898} 'reachabilityFence' '(Ljava/lang/Object;)V' in 'java/lang/ref/Reference')}
  0x00000177dd59c9f0: 0000 0148 | bee0 e905 | f277 0100 | 008b becc | 0000 0083 | c702 89be | cc00 0000 | 81e7 feff 
  0x00000177dd59ca10: 1f00 85ff | 0f84 7200 

  0x00000177dd59ca18: ;   {metadata(method data for {method} {0x00000177804724f0} 'executePrivileged' '(Ljava/security/PrivilegedExceptionAction;Ljava/security/AccessControlContext;Ljava/lang/Class;)Ljava/lang/Object;' in 'java/security/AccessController')}
  0x00000177dd59ca18: 0000 48be | 30af 31f2 | 7701 0000 | 4883 8648 | 0200 0001 

  0x00000177dd59ca2c: ;   {metadata(method data for {method} {0x000001778003d898} 'reachabilityFence' '(Ljava/lang/Object;)V' in 'java/lang/ref/Reference')}
  0x00000177dd59ca2c: 48be e0e9 | 05f2 7701 | 0000 8bbe | cc00 0000 | 83c7 0289 | becc 0000 | 0081 e7fe | ff1f 0085 
  0x00000177dd59ca4c: ff0f 845a | 0000 0048 | 83c4 405d 

  0x00000177dd59ca58: ;   {poll_return}
  0x00000177dd59ca58: 493b a748 | 0400 000f | 8766 0000 

  0x00000177dd59ca64: ;   {metadata({method} {0x00000177804724f0} 'executePrivileged' '(Ljava/security/PrivilegedExceptionAction;Ljava/security/AccessControlContext;Ljava/lang/Class;)Ljava/lang/Object;' in 'java/security/AccessController')}
  0x00000177dd59ca64: 00c3 49ba | e824 4780 | 7701 0000 | 4c89 5424 | 0848 c704 | 24ff ffff 

  0x00000177dd59ca7c: ;   {runtime_call counter_overflow Runtime1 stub}
  0x00000177dd59ca7c: ffe8 fe91 

  0x00000177dd59ca80: ; ImmutableOopMap {rdx=Oop r8=Oop r9=Oop [48]=Oop }
                      ;*synchronization entry
                      ; - java.security.AccessController::executePrivileged@-1
  0x00000177dd59ca80: 4507 e920 

  0x00000177dd59ca84: ;   {runtime_call throw_null_pointer_exception Runtime1 stub}
  0x00000177dd59ca84: feff ffe8 

  0x00000177dd59ca88: ; ImmutableOopMap {rdx=Oop [40]=Oop [48]=Oop }
                      ;*invokeinterface run {reexecute=0 rethrow=0 return_oop=0}
                      ; - java.security.AccessController::executePrivileged@29
  0x00000177dd59ca88: 7455 3c07 

  0x00000177dd59ca8c: ;   {metadata({method} {0x000001778003d898} 'reachabilityFence' '(Ljava/lang/Object;)V' in 'java/lang/ref/Reference')}
  0x00000177dd59ca8c: 49ba 90d8 | 0380 7701 | 0000 4c89 | 5424 0848 | c704 24ff 

  0x00000177dd59caa0: ;   {runtime_call counter_overflow Runtime1 stub}
  0x00000177dd59caa0: ffff ffe8 

  0x00000177dd59caa4: ; ImmutableOopMap {rax=Oop r9=Oop }
                      ;*synchronization entry
                      ; - java.lang.ref.Reference::reachabilityFence@-1
                      ; - java.security.AccessController::executePrivileged@56
  0x00000177dd59caa4: d891 4507 | e96d ffff 

  0x00000177dd59caac: ;   {metadata({method} {0x000001778003d898} 'reachabilityFence' '(Ljava/lang/Object;)V' in 'java/lang/ref/Reference')}
  0x00000177dd59caac: ff49 ba90 | d803 8077 | 0100 004c | 8954 2408 | 48c7 0424 | ffff ffff 

  0x00000177dd59cac4: ;   {runtime_call counter_overflow Runtime1 stub}
  0x00000177dd59cac4: e8b7 9145 

  0x00000177dd59cac8: ; ImmutableOopMap {rax=Oop }
                      ;*synchronization entry
                      ; - java.lang.ref.Reference::reachabilityFence@-1
                      ; - java.security.AccessController::executePrivileged@60
                      ;   {internal_word}
  0x00000177dd59cac8: 07eb 8849 | ba58 ca59 | dd77 0100 | 004d 8997 | 6004 0000 

  0x00000177dd59cadc: ;   {runtime_call SafepointBlob}
  0x00000177dd59cadc: e91f 803a | 0749 8b87 | f804 0000 | 49c7 87f8 | 0400 0000 | 0000 0049 | c787 0005 | 0000 0000 
  0x00000177dd59cafc: 0000 4883 

  0x00000177dd59cb00: ;   {runtime_call unwind_exception Runtime1 stub}
  0x00000177dd59cb00: c440 5de9 | f863 3c07 
[Stub Code]
  0x00000177dd59cb08: ;   {no_reloc}
  0x00000177dd59cb08: 0f1f 4400 

  0x00000177dd59cb0c: ;   {static_stub}
  0x00000177dd59cb0c: 0048 bb00 | 0000 0000 

  0x00000177dd59cb14: ;   {runtime_call nmethod}
  0x00000177dd59cb14: 0000 00e9 | fbff ffff 

  0x00000177dd59cb1c: ;   {static_stub}
  0x00000177dd59cb1c: 48bb 6823 | 4780 7701 

  0x00000177dd59cb24: ;   {runtime_call I2C/C2I adapters}
  0x00000177dd59cb24: 0000 e9b8 

  0x00000177dd59cb28: ;   {runtime_call handle_exception_from_callee Runtime1 stub}
  0x00000177dd59cb28: 103a 07e8 | d036 3c07 

  0x00000177dd59cb30: ;   {external_word}
  0x00000177dd59cb30: 48b9 2053 | e713 fe7f | 0000 4883 

  0x00000177dd59cb3c: ;   {runtime_call}
  0x00000177dd59cb3c: e4f0 48b8 | 90b7 a913 | fe7f 0000 

  0x00000177dd59cb48: ;   {section_word}
  0x00000177dd59cb48: ffd0 f449 | ba4b cb59 | dd77 0100 

  0x00000177dd59cb54: ;   {runtime_call DeoptimizationBlob}
  0x00000177dd59cb54: 0041 52e9 | 4472 3a07 | f4f4 f4f4 
[/MachCode]


Compiled method (c1) 7275 1193   !   3       java.lang.ClassLoader::loadClass (121 bytes)
 total in heap  [0x00000177dd5a2710,0x00000177dd5a3cf0] = 5600
 relocation     [0x00000177dd5a2870,0x00000177dd5a29d8] = 360
 main code      [0x00000177dd5a29e0,0x00000177dd5a35c8] = 3048
 stub code      [0x00000177dd5a35c8,0x00000177dd5a36a0] = 216
 oops           [0x00000177dd5a36a0,0x00000177dd5a36b0] = 16
 metadata       [0x00000177dd5a36b0,0x00000177dd5a3718] = 104
 scopes data    [0x00000177dd5a3718,0x00000177dd5a3978] = 608
 scopes pcs     [0x00000177dd5a3978,0x00000177dd5a3b38] = 448
 dependencies   [0x00000177dd5a3b38,0x00000177dd5a3b58] = 32
 handler table  [0x00000177dd5a3b58,0x00000177dd5a3cd8] = 384
 nul chk table  [0x00000177dd5a3cd8,0x00000177dd5a3cf0] = 24

[Constant Pool (empty)]

[MachCode]
[Entry Point]
  # {method} {0x0000017780014398} 'loadClass' '(Ljava/lang/String;Z)Ljava/lang/Class;' in 'java/lang/ClassLoader'
  # this:     rdx:rdx   = 'java/lang/ClassLoader'
  # parm0:    r8:r8     = 'java/lang/String'
  # parm1:    r9        = boolean
  #           [sp+0xd0]  (sp of caller)
  0x00000177dd5a29e0: 448b 5208 | 49bb 0000 | 0080 7701 | 0000 4d03 | d34c 3bd0 

  0x00000177dd5a29f4: ;   {runtime_call ic_miss_stub}
  0x00000177dd5a29f4: 0f85 86ba | 3907 660f | 1f44 0000 
[Verified Entry Point]
  0x00000177dd5a2a00: 8984 2400 | 80ff ff55 | 4881 ecc0 | 0000 0090 | 4181 7f20 | 0100 0000 

  0x00000177dd5a2a18: ;   {runtime_call StubRoutines (final stubs)}
  0x00000177dd5a2a18: 7405 e8c1 | 5f38 0748 | 8954 2450 | 4c89 4424 

  0x00000177dd5a2a28: ;   {metadata(method data for {method} {0x0000017780014398} 'loadClass' '(Ljava/lang/String;Z)Ljava/lang/Class;' in 'java/lang/ClassLoader')}
  0x00000177dd5a2a28: 5848 bed8 | c931 f277 | 0100 008b | becc 0000 | 0083 c702 | 89be cc00 | 0000 81e7 | fe07 0000 
  0x00000177dd5a2a48: 85ff 0f84 | 7409 0000 | 4489 4c24 | 6048 8bf2 

  0x00000177dd5a2a58: ;   {metadata(method data for {method} {0x0000017780014398} 'loadClass' '(Ljava/lang/String;Z)Ljava/lang/Class;' in 'java/lang/ClassLoader')}
  0x00000177dd5a2a58: 48bf d8c9 | 31f2 7701 | 0000 8b76 | 0849 ba00 | 0000 8077 | 0100 0049 | 03f2 483b | b720 0100 
  0x00000177dd5a2a78: 0075 0d48 | 8387 2801 | 0000 01e9 | 6000 0000 | 483b b730 | 0100 0075 | 0d48 8387 | 3801 0000 
  0x00000177dd5a2a98: 01e9 4a00 | 0000 4883 | bf20 0100 | 0000 7517 | 4889 b720 | 0100 0048 | c787 2801 | 0000 0100 
  0x00000177dd5a2ab8: 0000 e929 | 0000 0048 | 83bf 3001 | 0000 0075 | 1748 89b7 | 3001 0000 | 48c7 8738 | 0100 0001 
  0x00000177dd5a2ad8: 0000 00e9 | 0800 0000 | 4883 8710 | 0100 0001 | 498b f04c | 8bc6 488b | fa48 8bd7 

  0x00000177dd5a2af4: ;   {optimized virtual_call}
  0x00000177dd5a2af4: 6666 90e8 

  0x00000177dd5a2af8: ; ImmutableOopMap {[80]=Oop [88]=Oop }
                      ;*invokevirtual getClassLoadingLock {reexecute=0 rethrow=0 return_oop=0}
                      ; - java.lang.ClassLoader::loadClass@2
  0x00000177dd5a2af8: 842e fbff 

  0x00000177dd5a2afc: ;   {other}
  0x00000177dd5a2afc: 0f1f 8400 | ec03 0000 | 4889 4424 | 6848 8d94 | 24a0 0000 | 0048 8bf0 | 4889 7208 

  0x00000177dd5a2b18: ; implicit exception: dispatches to 0x00000177dd5a33e5
  0x00000177dd5a2b18: 488b 0648 | 83c8 0148 | 8902 f048 | 0fb1 160f | 8412 0000 | 0048 2bc4 | 4825 07f0 | ffff 4889 
  0x00000177dd5a2b38: 020f 85ab | 0800 0049 | ff87 4805 | 0000 488b 

  0x00000177dd5a2b48: ;   {metadata(method data for {method} {0x0000017780014398} 'loadClass' '(Ljava/lang/String;Z)Ljava/lang/Class;' in 'java/lang/ClassLoader')}
  0x00000177dd5a2b48: 5424 5048 | bed8 c931 | f277 0100 | 0048 8386 | 4801 0000 

  0x00000177dd5a2b5c: ;   {metadata(method data for {method} {0x0000017780436ca8} 'findLoadedClass' '(Ljava/lang/String;)Ljava/lang/Class;' in 'java/lang/ClassLoader')}
  0x00000177dd5a2b5c: 0148 ba20 | 9623 f277 | 0100 008b | b2cc 0000 | 0083 c602 | 89b2 cc00 | 0000 81e6 | feff 1f00 
  0x00000177dd5a2b7c: 85f6 0f84 | 7908 0000 

  0x00000177dd5a2b84: ;   {metadata(method data for {method} {0x0000017780436ca8} 'findLoadedClass' '(Ljava/lang/String;)Ljava/lang/Class;' in 'java/lang/ClassLoader')}
  0x00000177dd5a2b84: 48ba 2096 | 23f2 7701 | 0000 4883 | 8210 0100 | 0001 488b | 5424 580f 

  0x00000177dd5a2b9c: ;   {static_call}
  0x00000177dd5a2b9c: 1f40 00e8 

  0x00000177dd5a2ba0: ; ImmutableOopMap {[80]=Oop [88]=Oop [104]=Oop [168]=Oop }
                      ;*invokestatic checkName {reexecute=0 rethrow=0 return_oop=0}
                      ; - java.lang.ClassLoader::findLoadedClass@1
                      ; - java.lang.ClassLoader::loadClass@10
  0x00000177dd5a2ba0: 1c3f ebff 

  0x00000177dd5a2ba4: ;   {other}
  0x00000177dd5a2ba4: 0f1f 8400 | 9404 0001 

  0x00000177dd5a2bac: ;   {metadata(method data for {method} {0x0000017780436ca8} 'findLoadedClass' '(Ljava/lang/String;)Ljava/lang/Class;' in 'java/lang/ClassLoader')}
  0x00000177dd5a2bac: 85c0 49b8 | 2096 23f2 | 7701 0000 | 48c7 c220 | 0100 0075 | 0748 c7c2 | 3001 0000 | 498b 3410 
  0x00000177dd5a2bcc: 488d 7601 | 4989 3410 | 0f85 0f00 

  0x00000177dd5a2bd8: ;   {oop(nullptr)}
  0x00000177dd5a2bd8: 0000 48be | 0000 0000 | 0000 0000 | e936 0000 | 0048 8b54 

  0x00000177dd5a2bec: ;   {metadata(method data for {method} {0x0000017780436ca8} 'findLoadedClass' '(Ljava/lang/String;)Ljava/lang/Class;' in 'java/lang/ClassLoader')}
  0x00000177dd5a2bec: 2450 49b8 | 2096 23f2 | 7701 0000 | 4983 8040 | 0100 0001 | 4c8b 4424 | 5848 8b54 | 2450 0f1f 
  0x00000177dd5a2c0c: ;   {optimized virtual_call}
  0x00000177dd5a2c0c: 4400 00e8 

  0x00000177dd5a2c10: ; ImmutableOopMap {[80]=Oop [88]=Oop [104]=Oop [168]=Oop }
                      ;*invokevirtual findLoadedClass0 {reexecute=0 rethrow=0 return_oop=0}
                      ; - java.lang.ClassLoader::findLoadedClass@11
                      ; - java.lang.ClassLoader::loadClass@10
  0x00000177dd5a2c10: ac10 9107 

  0x00000177dd5a2c14: ;   {other}
  0x00000177dd5a2c14: 0f1f 8400 | 0405 0002 | 488b f048 

  0x00000177dd5a2c20: ;   {metadata(method data for {method} {0x0000017780014398} 'loadClass' '(Ljava/lang/String;Z)Ljava/lang/Class;' in 'java/lang/ClassLoader')}
  0x00000177dd5a2c20: 85f6 48bf | d8c9 31f2 | 7701 0000 | 48c7 c380 | 0100 0075 | 0748 c7c3 | 9001 0000 | 488b 041f 
  0x00000177dd5a2c40: 488d 4001 | 4889 041f | 0f85 9605 | 0000 4889 

  0x00000177dd5a2c50: ;   {metadata(method data for {method} {0x0000017780014398} 'loadClass' '(Ljava/lang/String;Z)Ljava/lang/Class;' in 'java/lang/ClassLoader')}
  0x00000177dd5a2c50: 7424 7048 | bfd8 c931 | f277 0100 | 0048 8387 | a001 0000 

  0x00000177dd5a2c64: ;   {runtime_call}
  0x00000177dd5a2c64: 0148 b810 | 1bb4 13fe | 7f00 00ff 

  0x00000177dd5a2c70: ;   {other}
  0x00000177dd5a2c70: d00f 1f84 | 0000 0000 | 0048 8944 | 2478 488b | 5424 508b | 7218 4885 

  0x00000177dd5a2c88: ;   {metadata(method data for {method} {0x0000017780014398} 'loadClass' '(Ljava/lang/String;Z)Ljava/lang/Class;' in 'java/lang/ClassLoader')}
  0x00000177dd5a2c88: f649 b8d8 | c931 f277 | 0100 0049 | c7c1 b001 | 0000 7407 | 49c7 c1c0 | 0100 004b | 8b3c 0848 
  0x00000177dd5a2ca8: 8d7f 014b | 893c 080f | 84d4 0000 | 0048 3b06 

  0x00000177dd5a2cb8: ;   {metadata(method data for {method} {0x0000017780014398} 'loadClass' '(Ljava/lang/String;Z)Ljava/lang/Class;' in 'java/lang/ClassLoader')}
  0x00000177dd5a2cb8: 4c8b c649 | b9d8 c931 | f277 0100 | 0045 8b40 | 0849 ba00 | 0000 8077 | 0100 004d | 03c2 4d3b 
  0x00000177dd5a2cd8: 81e0 0100 | 0075 0d49 | 8381 e801 | 0000 01e9 | 6000 0000 | 4d3b 81f0 | 0100 0075 | 0d49 8381 
  0x00000177dd5a2cf8: f801 0000 | 01e9 4a00 | 0000 4983 | b9e0 0100 | 0000 7517 | 4d89 81e0 | 0100 0049 | c781 e801 
  0x00000177dd5a2d18: 0000 0100 | 0000 e929 | 0000 0049 | 83b9 f001 | 0000 0075 | 174d 8981 | f001 0000 | 49c7 81f8 
  0x00000177dd5a2d38: 0100 0001 | 0000 00e9 | 0800 0000 | 4983 81d0 | 0100 0001 | 4c8b 4424 | 5841 b900 | 0000 0048 
  0x00000177dd5a2d58: 8bd6 6666 | 9048 b810 | 9c06 8077 

  0x00000177dd5a2d64: ;   {virtual_call}
  0x00000177dd5a2d64: 0100 00e8 

  0x00000177dd5a2d68: ; ImmutableOopMap {[80]=Oop [88]=Oop [104]=Oop [112]=Oop [168]=Oop }
                      ;*invokevirtual loadClass {reexecute=0 rethrow=0 return_oop=0}
                      ; - java.lang.ClassLoader::loadClass@38
  0x00000177dd5a2d68: f462 fdff 

  0x00000177dd5a2d6c: ;   {other}
  0x00000177dd5a2d6c: 0f1f 8400 | 5c06 0003 

  0x00000177dd5a2d74: ;   {metadata(method data for {method} {0x0000017780014398} 'loadClass' '(Ljava/lang/String;Z)Ljava/lang/Class;' in 'java/lang/ClassLoader')}
  0x00000177dd5a2d74: 48ba d8c9 | 31f2 7701 | 0000 ff82 | 0802 0000 | e9d1 0000 

  0x00000177dd5a2d88: ;   {metadata(method data for {method} {0x0000017780014398} 'loadClass' '(Ljava/lang/String;Z)Ljava/lang/Class;' in 'java/lang/ClassLoader')}
  0x00000177dd5a2d88: 0048 bad8 | c931 f277 | 0100 0048 | 8382 2002 

  0x00000177dd5a2d98: ;   {metadata(method data for {method} {0x0000017780436c50} 'findBootstrapClassOrNull' '(Ljava/lang/String;)Ljava/lang/Class;' in 'java/lang/ClassLoader')}
  0x00000177dd5a2d98: 0000 0148 | ba58 6e30 | f277 0100 | 008b b2cc | 0000 0083 | c602 89b2 | cc00 0000 | 81e6 feff 
  0x00000177dd5a2db8: 1f00 85f6 | 0f84 6106 

  0x00000177dd5a2dc0: ;   {metadata(method data for {method} {0x0000017780436c50} 'findBootstrapClassOrNull' '(Ljava/lang/String;)Ljava/lang/Class;' in 'java/lang/ClassLoader')}
  0x00000177dd5a2dc0: 0000 48ba | 586e 30f2 | 7701 0000 | 4883 8210 | 0100 0001 | 488b 5424 | 5866 0f1f 

  0x00000177dd5a2ddc: ;   {static_call}
  0x00000177dd5a2ddc: 4400 00e8 

  0x00000177dd5a2de0: ; ImmutableOopMap {[80]=Oop [88]=Oop [104]=Oop [112]=Oop [168]=Oop }
                      ;*invokestatic checkName {reexecute=0 rethrow=0 return_oop=0}
                      ; - java.lang.ClassLoader::findBootstrapClassOrNull@1
                      ; - java.lang.ClassLoader::loadClass@47
  0x00000177dd5a2de0: 9cbf 3907 

  0x00000177dd5a2de4: ;   {other}
  0x00000177dd5a2de4: 0f1f 8400 | d406 0004 

  0x00000177dd5a2dec: ;   {metadata(method data for {method} {0x0000017780436c50} 'findBootstrapClassOrNull' '(Ljava/lang/String;)Ljava/lang/Class;' in 'java/lang/ClassLoader')}
  0x00000177dd5a2dec: 85c0 48ba | 586e 30f2 | 7701 0000 | 48c7 c620 | 0100 0075 | 0748 c7c6 | 3001 0000 | 488b 3c32 
  0x00000177dd5a2e0c: 488d 7f01 | 4889 3c32 | 0f85 0f00 

  0x00000177dd5a2e18: ;   {oop(nullptr)}
  0x00000177dd5a2e18: 0000 48be | 0000 0000 | 0000 0000 | e92e 0000 

  0x00000177dd5a2e28: ;   {metadata(method data for {method} {0x0000017780436c50} 'findBootstrapClassOrNull' '(Ljava/lang/String;)Ljava/lang/Class;' in 'java/lang/ClassLoader')}
  0x00000177dd5a2e28: 0048 ba58 | 6e30 f277 | 0100 0048 | 8382 4001 | 0000 0148 | 8b54 2458 | 0f1f 8000 

  0x00000177dd5a2e44: ;   {static_call}
  0x00000177dd5a2e44: 0000 00e8 

  0x00000177dd5a2e48: ; ImmutableOopMap {[80]=Oop [88]=Oop [104]=Oop [112]=Oop [168]=Oop }
                      ;*invokestatic findBootstrapClass {reexecute=0 rethrow=0 return_oop=0}
                      ; - java.lang.ClassLoader::findBootstrapClassOrNull@10
                      ; - java.lang.ClassLoader::loadClass@47
  0x00000177dd5a2e48: 34bf 3907 

  0x00000177dd5a2e4c: ;   {other}
  0x00000177dd5a2e4c: 0f1f 8400 | 3c07 0005 | 488b f048 

  0x00000177dd5a2e58: ;   {metadata(method data for {method} {0x0000017780014398} 'loadClass' '(Ljava/lang/String;Z)Ljava/lang/Class;' in 'java/lang/ClassLoader')}
  0x00000177dd5a2e58: 8bc6 48be | d8c9 31f2 | 7701 0000 | ff86 3002 | 0000 e91e | 0000 0049 | 8b87 f804 | 0000 4d33 
  0x00000177dd5a2e78: d24d 8997 | f804 0000 | 4d33 d24d | 8997 0005 | 0000 488b | c648 85c0 

  0x00000177dd5a2e90: ;   {metadata(method data for {method} {0x0000017780014398} 'loadClass' '(Ljava/lang/String;Z)Ljava/lang/Class;' in 'java/lang/ClassLoader')}
  0x00000177dd5a2e90: 48be d8c9 | 31f2 7701 | 0000 48c7 | c758 0200 | 0074 0748 | c7c7 4802 | 0000 488b | 1c3e 488d 
  0x00000177dd5a2eb0: 5b01 4889 | 1c3e 0f84 | 0800 0000 | 488b f0e9 | 2003 0000 

  0x00000177dd5a2ec4: ;   {metadata(method data for {method} {0x0000017780014398} 'loadClass' '(Ljava/lang/String;Z)Ljava/lang/Class;' in 'java/lang/ClassLoader')}
  0x00000177dd5a2ec4: 48be d8c9 | 31f2 7701 | 0000 4883 | 8668 0200 

  0x00000177dd5a2ed4: ;   {runtime_call}
  0x00000177dd5a2ed4: 0001 48b8 | 101b b413 | fe7f 0000 

  0x00000177dd5a2ee0: ;   {other}
  0x00000177dd5a2ee0: ffd0 0f1f | 8400 0000 | 0000 488b 

  0x00000177dd5a2eec: ;   {metadata(method data for {method} {0x0000017780014398} 'loadClass' '(Ljava/lang/String;Z)Ljava/lang/Class;' in 'java/lang/ClassLoader')}
  0x00000177dd5a2eec: 5424 5049 | b8d8 c931 | f277 0100 | 008b 5208 | 49ba 0000 | 0080 7701 | 0000 4903 | d249 3b90 
  0x00000177dd5a2f0c: 8802 0000 | 750d 4983 | 8090 0200 | 0001 e960 | 0000 0049 | 3b90 9802 | 0000 750d | 4983 80a0 
  0x00000177dd5a2f2c: 0200 0001 | e94a 0000 | 0049 83b8 | 8802 0000 | 0075 1749 | 8990 8802 | 0000 49c7 | 8090 0200 
  0x00000177dd5a2f4c: 0001 0000 | 00e9 2900 | 0000 4983 | b898 0200 | 0000 7517 | 4989 9098 | 0200 0049 | c780 a002 
  0x00000177dd5a2f6c: 0000 0100 | 0000 e908 | 0000 0049 | 8380 7802 | 0000 014c | 8b44 2458 | 488b 5424 | 5048 8984 
  0x00000177dd5a2f8c: 2480 0000 | 000f 1f40 | 0048 b8ff | ffff ffff 

  0x00000177dd5a2f9c: ;   {virtual_call}
  0x00000177dd5a2f9c: ffff ffe8 

  0x00000177dd5a2fa0: ; ImmutableOopMap {[80]=Oop [104]=Oop [168]=Oop }
                      ;*invokevirtual findClass {reexecute=0 rethrow=0 return_oop=0}
                      ; - java.lang.ClassLoader::loadClass@69
  0x00000177dd5a2fa0: fc89 3907 

  0x00000177dd5a2fa4: ;   {other}
  0x00000177dd5a2fa4: 0f1f 8400 | 9408 0006 

  0x00000177dd5a2fac: ;   {metadata(method data for {method} {0x0000017780014398} 'loadClass' '(Ljava/lang/String;Z)Ljava/lang/Class;' in 'java/lang/ClassLoader')}
  0x00000177dd5a2fac: 49b8 d8c9 | 31f2 7701 | 0000 4983 | 80b0 0200 

  0x00000177dd5a2fbc: ;   {metadata(method data for {method} {0x00000177801059c0} 'getParentDelegationTime' '()Ljdk/internal/perf/PerfCounter;' in 'jdk/internal/perf/PerfCounter')}
  0x00000177dd5a2fbc: 0001 49b8 | 08ce 31f2 | 7701 0000 | 418b 90cc | 0000 0083 | c202 4189 | 90cc 0000 | 0081 e2fe 
  0x00000177dd5a2fdc: ff1f 0085 | d20f 845d 

  0x00000177dd5a2fe4: ;   {oop(a 'jdk/internal/perf/PerfCounter'{0x00000000d6fa8c78})}
  0x00000177dd5a2fe4: 0400 0048 | ba78 8cfa | d600 0000 | 004c 8bc2 

  0x00000177dd5a2ff4: ;   {metadata(method data for {method} {0x0000017780014398} 'loadClass' '(Ljava/lang/String;Z)Ljava/lang/Class;' in 'java/lang/ClassLoader')}
  0x00000177dd5a2ff4: 48be d8c9 | 31f2 7701 

  0x00000177dd5a2ffc: ;   {metadata('jdk/internal/perf/PerfCounter')}
  0x00000177dd5a2ffc: 0000 49ba | e04f 1080 | 7701 0000 | 4c89 96d0 | 0200 0048 | 8386 d802 | 0000 014c | 8b84 2480 
  0x00000177dd5a301c: 0000 0048 | 8b74 2478 

  0x00000177dd5a3024: ;   {metadata(method data for {method} {0x00000177801057b0} 'addTime' '(J)V' in 'jdk/internal/perf/PerfCounter')}
  0x00000177dd5a3024: 4c2b c648 | be30 cf31 | f277 0100 | 008b becc | 0000 0083 | c702 89be | cc00 0000 | 81e7 feff 
  0x00000177dd5a3044: 1f00 85ff | 0f84 1704 | 0000 488b 

  0x00000177dd5a3050: ;   {metadata(method data for {method} {0x00000177801057b0} 'addTime' '(J)V' in 'jdk/internal/perf/PerfCounter')}
  0x00000177dd5a3050: f248 bf30 | cf31 f277 

  0x00000177dd5a3058: ;   {metadata('jdk/internal/perf/PerfCounter')}
  0x00000177dd5a3058: 0100 0049 | bae0 4f10 | 8077 0100 | 004c 8997 | 2001 0000 | 4883 8728 | 0100 0001 | 4889 8424 
  0x00000177dd5a3078: 8800 0000 

  0x00000177dd5a307c: ;   {optimized virtual_call}
  0x00000177dd5a307c: 6666 90e8 

  0x00000177dd5a3080: ; ImmutableOopMap {[80]=Oop [104]=Oop [136]=Oop [168]=Oop }
                      ;*invokevirtual add {reexecute=0 rethrow=0 return_oop=0}
                      ; - jdk.internal.perf.PerfCounter::addTime@2
                      ; - java.lang.ClassLoader::loadClass@82
  0x00000177dd5a3080: fc2a feff 

  0x00000177dd5a3084: ;   {other}
  0x00000177dd5a3084: 0f1f 8400 | 7409 0007 

  0x00000177dd5a308c: ;   {metadata(method data for {method} {0x0000017780014398} 'loadClass' '(Ljava/lang/String;Z)Ljava/lang/Class;' in 'java/lang/ClassLoader')}
  0x00000177dd5a308c: 49b8 d8c9 | 31f2 7701 | 0000 4983 | 80f8 0200 

  0x00000177dd5a309c: ;   {metadata(method data for {method} {0x0000017780105a18} 'getFindClassTime' '()Ljdk/internal/perf/PerfCounter;' in 'jdk/internal/perf/PerfCounter')}
  0x00000177dd5a309c: 0001 49b8 | c8d0 31f2 | 7701 0000 | 418b 90cc | 0000 0083 | c202 4189 | 90cc 0000 | 0081 e2fe 
  0x00000177dd5a30bc: ff1f 0085 | d20f 84bf 

  0x00000177dd5a30c4: ;   {oop(a 'jdk/internal/perf/PerfCounter'{0x00000000d6fa8b58})}
  0x00000177dd5a30c4: 0300 0048 | ba58 8bfa | d600 0000 | 004c 8bc2 

  0x00000177dd5a30d4: ;   {metadata(method data for {method} {0x0000017780014398} 'loadClass' '(Ljava/lang/String;Z)Ljava/lang/Class;' in 'java/lang/ClassLoader')}
  0x00000177dd5a30d4: 48be d8c9 | 31f2 7701 

  0x00000177dd5a30dc: ;   {metadata('jdk/internal/perf/PerfCounter')}
  0x00000177dd5a30dc: 0000 49ba | e04f 1080 | 7701 0000 | 4c89 9618 | 0300 0048 | 8386 2003 | 0000 014c | 8b84 2480 
  0x00000177dd5a30fc: ;   {optimized virtual_call}
  0x00000177dd5a30fc: 0000 00e8 

  0x00000177dd5a3100: ; ImmutableOopMap {[80]=Oop [104]=Oop [136]=Oop [168]=Oop }
                      ;*invokevirtual addElapsedTimeFrom {reexecute=0 rethrow=0 return_oop=0}
                      ; - java.lang.ClassLoader::loadClass@90
  0x00000177dd5a3100: 0905 0000 

  0x00000177dd5a3104: ;   {other}
  0x00000177dd5a3104: 0f1f 8400 | f409 0008 

  0x00000177dd5a310c: ;   {metadata(method data for {method} {0x0000017780014398} 'loadClass' '(Ljava/lang/String;Z)Ljava/lang/Class;' in 'java/lang/ClassLoader')}
  0x00000177dd5a310c: 49b8 d8c9 | 31f2 7701 | 0000 4983 | 8040 0300 

  0x00000177dd5a311c: ;   {metadata(method data for {method} {0x0000017780105a70} 'getFindClasses' '()Ljdk/internal/perf/PerfCounter;' in 'jdk/internal/perf/PerfCounter')}
  0x00000177dd5a311c: 0001 49b8 | 98d3 31f2 | 7701 0000 | 418b 90cc | 0000 0083 | c202 4189 | 90cc 0000 | 0081 e2fe 
  0x00000177dd5a313c: ff1f 0085 | d20f 8460 

  0x00000177dd5a3144: ;   {oop(a 'jdk/internal/perf/PerfCounter'{0x00000000d6fa8be8})}
  0x00000177dd5a3144: 0300 0048 | bae8 8bfa | d600 0000 | 004c 8bc2 

  0x00000177dd5a3154: ;   {metadata(method data for {method} {0x0000017780014398} 'loadClass' '(Ljava/lang/String;Z)Ljava/lang/Class;' in 'java/lang/ClassLoader')}
  0x00000177dd5a3154: 48be d8c9 | 31f2 7701 

  0x00000177dd5a315c: ;   {metadata('jdk/internal/perf/PerfCounter')}
  0x00000177dd5a315c: 0000 49ba | e04f 1080 | 7701 0000 | 4c89 9660 | 0300 0048 | 8386 6803 

  0x00000177dd5a3174: ;   {metadata(method data for {method} {0x0000017780105860} 'increment' '()V' in 'jdk/internal/perf/PerfCounter')}
  0x00000177dd5a3174: 0000 0149 | b8c0 d431 | f277 0100 | 0041 8bb0 | cc00 0000 | 83c6 0241 | 89b0 cc00 | 0000 81e6 
  0x00000177dd5a3194: feff 1f00 | 85f6 0f84 | 2803 0000 

  0x00000177dd5a31a0: ;   {metadata(method data for {method} {0x0000017780105860} 'increment' '()V' in 'jdk/internal/perf/PerfCounter')}
  0x00000177dd5a31a0: 4c8b c248 | bec0 d431 | f277 0100 

  0x00000177dd5a31ac: ;   {metadata('jdk/internal/perf/PerfCounter')}
  0x00000177dd5a31ac: 0049 bae0 | 4f10 8077 | 0100 004c | 8996 2001 | 0000 4883 | 8628 0100 | 0001 49c7 | c001 0000 
  0x00000177dd5a31cc: ;   {optimized virtual_call}
  0x00000177dd5a31cc: 0066 90e8 

  0x00000177dd5a31d0: ; ImmutableOopMap {[80]=Oop [104]=Oop [136]=Oop [168]=Oop }
                      ;*invokevirtual add {reexecute=0 rethrow=0 return_oop=0}
                      ; - jdk.internal.perf.PerfCounter::increment@2
                      ; - java.lang.ClassLoader::loadClass@96
  0x00000177dd5a31d0: ac29 feff 

  0x00000177dd5a31d4: ;   {other}
  0x00000177dd5a31d4: 0f1f 8400 | c40a 0009 | 488b b424 | 8800 0000 | 448b 4c24 | 6045 85c9 

  0x00000177dd5a31ec: ;   {metadata(method data for {method} {0x0000017780014398} 'loadClass' '(Ljava/lang/String;Z)Ljava/lang/Class;' in 'java/lang/ClassLoader')}
  0x00000177dd5a31ec: 48b8 d8c9 | 31f2 7701 | 0000 48c7 | c288 0300 | 0074 0748 | c7c2 9803 | 0000 488b | 3c10 488d 
  0x00000177dd5a320c: 7f01 4889 | 3c10 0f84 | 6d00 0000 | 488b 5424 

  0x00000177dd5a321c: ;   {metadata(method data for {method} {0x0000017780014398} 'loadClass' '(Ljava/lang/String;Z)Ljava/lang/Class;' in 'java/lang/ClassLoader')}
  0x00000177dd5a321c: 5048 b8d8 | c931 f277 | 0100 0048 | 8380 a803 

  0x00000177dd5a322c: ;   {metadata(method data for {method} {0x0000017780436bf8} 'resolveClass' '(Ljava/lang/Class;)V' in 'java/lang/ClassLoader')}
  0x00000177dd5a322c: 0000 0148 | b838 c42f | f277 0100 | 008b 90cc | 0000 0083 | c202 8990 | cc00 0000 | 81e2 feff 
  0x00000177dd5a324c: 1f00 85d2 | 0f84 9302 | 0000 4885 

  0x00000177dd5a3258: ;   {metadata(method data for {method} {0x0000017780436bf8} 'resolveClass' '(Ljava/lang/Class;)V' in 'java/lang/ClassLoader')}
  0x00000177dd5a3258: f648 b838 | c42f f277 | 0100 0048 | c7c2 2001 | 0000 7407 | 48c7 c210 | 0100 0048 | 8b3c 1048 
  0x00000177dd5a3278: 8d7f 0148 | 893c 100f | 8443 0000 | 0048 8d84 | 24a0 0000 | 0048 8b10 | 4885 d20f | 840f 0000 
  0x00000177dd5a3298: 0048 8b78 | 08f0 480f | b117 0f85 | 6202 0000 | 49ff 8f48 | 0500 0048 | 8bc6 4881 | c4c0 0000 
  0x00000177dd5a32b8: ;   {poll_return}
  0x00000177dd5a32b8: 005d 493b | a748 0400 | 000f 8759 | 0200 00c3 | 4889 b424 | 9800 0000 

  0x00000177dd5a32d0: ;   {no_reloc}
  0x00000177dd5a32d0: e970 0200 | 0000 0000 | 0000 498b | 87b8 0100 | 0048 8d78 | 3049 3bbf | c801 0000 | 0f87 5d02 
  0x00000177dd5a32f0: 0000 4989 | bfb8 0100 | 0048 c700 | 0100 0000 | 488b ca49 | ba00 0000 | 8077 0100 | 0049 2bca 
  0x00000177dd5a3310: 8948 0848 | 33c9 8948 | 0c48 33c9 | 4889 4810 | 4889 4818 | 4889 4820 | 4889 4828 

  0x00000177dd5a332c: ;   {metadata(method data for {method} {0x0000017780436bf8} 'resolveClass' '(Ljava/lang/Class;)V' in 'java/lang/ClassLoader')}
  0x00000177dd5a332c: 488b d048 | be38 c42f | f277 0100 | 0048 8386 | 3001 0000 | 0148 8bd0 | 4889 8424 | 9000 0000 
  0x00000177dd5a334c: ;   {optimized virtual_call}
  0x00000177dd5a334c: 6666 90e8 

  0x00000177dd5a3350: ; ImmutableOopMap {[104]=Oop [144]=Oop [152]=Oop [168]=Oop }
                      ;*invokespecial <init> {reexecute=0 rethrow=0 return_oop=0}
                      ; - java.lang.ClassLoader::resolveClass@8
                      ; - java.lang.ClassLoader::loadClass@106
  0x00000177dd5a3350: 2cb4 3907 

  0x00000177dd5a3354: ;   {other}
  0x00000177dd5a3354: 0f1f 8400 | 440c 000a | 488b 8424 

  0x00000177dd5a3360: ; ImmutableOopMap {rax=Oop [104]=Oop [152]=Oop [168]=Oop }
                      ;*athrow {reexecute=1 rethrow=0 return_oop=0}
                      ; - (reexecute) java.lang.ClassLoader::resolveClass@11
                      ; - java.lang.ClassLoader::loadClass@106
  0x00000177dd5a3360: 9000 0000 

  0x00000177dd5a3364: ;   {section_word}
  0x00000177dd5a3364: 48ba 6433 | 5add 7701 

  0x00000177dd5a336c: ;   {runtime_call handle_exception_nofpu Runtime1 stub}
  0x00000177dd5a336c: 0000 e88d | d43b 0790 | 498b 87f8 | 0400 004d | 33d2 4d89 | 97f8 0400 | 004d 33d2 | 4d89 9700 
  0x00000177dd5a338c: 0500 0048 | 8bf0 488d | 8424 a000 | 0000 488b | 3848 85ff | 0f84 0f00 | 0000 488b | 5808 f048 
  0x00000177dd5a33ac: 0fb1 3b0f | 85a7 0100 | 0049 ff8f | 4805 0000 | 488b c6e9 | f301 0000 

  0x00000177dd5a33c4: ;   {metadata({method} {0x0000017780014398} 'loadClass' '(Ljava/lang/String;Z)Ljava/lang/Class;' in 'java/lang/ClassLoader')}
  0x00000177dd5a33c4: 49ba 9043 | 0180 7701 | 0000 4c89 | 5424 0848 | c704 24ff 

  0x00000177dd5a33d8: ;   {runtime_call counter_overflow Runtime1 stub}
  0x00000177dd5a33d8: ffff ffe8 

  0x00000177dd5a33dc: ; ImmutableOopMap {rdx=Oop r8=Oop [80]=Oop [88]=Oop }
                      ;*synchronization entry
                      ; - java.lang.ClassLoader::loadClass@-1
  0x00000177dd5a33dc: a028 4507 | e96b f6ff 

  0x00000177dd5a33e4: ;   {runtime_call throw_null_pointer_exception Runtime1 stub}
  0x00000177dd5a33e4: ffe8 16ec 

  0x00000177dd5a33e8: ; ImmutableOopMap {rsi=Oop [80]=Oop [88]=Oop [104]=Oop }
                      ;*monitorenter {reexecute=0 rethrow=0 return_oop=0}
                      ; - java.lang.ClassLoader::loadClass@7
  0x00000177dd5a33e8: 3b07 4889 | 7424 0848 

  0x00000177dd5a33f0: ;   {runtime_call monitorenter_nofpu Runtime1 stub}
  0x00000177dd5a33f0: 8914 24e8 

  0x00000177dd5a33f4: ; ImmutableOopMap {rsi=Oop [80]=Oop [88]=Oop [104]=Oop [168]=Oop }
                      ;*monitorenter {reexecute=0 rethrow=0 return_oop=0}
                      ; - java.lang.ClassLoader::loadClass@7
  0x00000177dd5a33f4: 8807 4507 | e949 f7ff 

  0x00000177dd5a33fc: ;   {metadata({method} {0x0000017780436ca8} 'findLoadedClass' '(Ljava/lang/String;)Ljava/lang/Class;' in 'java/lang/ClassLoader')}
  0x00000177dd5a33fc: ff49 baa0 | 6c43 8077 | 0100 004c | 8954 2408 | 48c7 0424 | ffff ffff 

  0x00000177dd5a3414: ;   {runtime_call counter_overflow Runtime1 stub}
  0x00000177dd5a3414: e867 2845 

  0x00000177dd5a3418: ; ImmutableOopMap {[80]=Oop [88]=Oop [104]=Oop [168]=Oop }
                      ;*synchronization entry
                      ; - java.lang.ClassLoader::findLoadedClass@-1
                      ; - java.lang.ClassLoader::loadClass@10
  0x00000177dd5a3418: 07e9 66f7 

  0x00000177dd5a341c: ;   {runtime_call throw_null_pointer_exception Runtime1 stub}
  0x00000177dd5a341c: ffff e8dd 

  0x00000177dd5a3420: ; ImmutableOopMap {rsi=Oop [80]=Oop [88]=Oop [104]=Oop [112]=Oop [168]=Oop }
                      ;*invokevirtual loadClass {reexecute=0 rethrow=0 return_oop=0}
                      ; - java.lang.ClassLoader::loadClass@38
                      ;   {metadata({method} {0x0000017780436c50} 'findBootstrapClassOrNull' '(Ljava/lang/String;)Ljava/lang/Class;' in 'java/lang/ClassLoader')}
  0x00000177dd5a3420: eb3b 0749 | ba48 6c43 | 8077 0100 | 004c 8954 | 2408 48c7 | 0424 ffff 

  0x00000177dd5a3438: ;   {runtime_call counter_overflow Runtime1 stub}
  0x00000177dd5a3438: ffff e841 

  0x00000177dd5a343c: ; ImmutableOopMap {[80]=Oop [88]=Oop [104]=Oop [112]=Oop [168]=Oop }
                      ;*synchronization entry
                      ; - java.lang.ClassLoader::findBootstrapClassOrNull@-1
                      ; - java.lang.ClassLoader::loadClass@47
  0x00000177dd5a343c: 2845 07e9 | 7ef9 ffff 

  0x00000177dd5a3444: ;   {metadata({method} {0x00000177801059c0} 'getParentDelegationTime' '()Ljdk/internal/perf/PerfCounter;' in 'jdk/internal/perf/PerfCounter')}
  0x00000177dd5a3444: 49ba b859 | 1080 7701 | 0000 4c89 | 5424 0848 | c704 24ff 

  0x00000177dd5a3458: ;   {runtime_call counter_overflow Runtime1 stub}
  0x00000177dd5a3458: ffff ffe8 

  0x00000177dd5a345c: ; ImmutableOopMap {rax=Oop [80]=Oop [104]=Oop [168]=Oop }
                      ;*synchronization entry
                      ; - jdk.internal.perf.PerfCounter::getParentDelegationTime@-1
                      ; - java.lang.ClassLoader::loadClass@74
  0x00000177dd5a345c: 2028 4507 | e982 fbff 

  0x00000177dd5a3464: ;   {metadata({method} {0x00000177801057b0} 'addTime' '(J)V' in 'jdk/internal/perf/PerfCounter')}
  0x00000177dd5a3464: ff49 baa8 | 5710 8077 | 0100 004c | 8954 2408 | 48c7 0424 | ffff ffff 

  0x00000177dd5a347c: ;   {runtime_call counter_overflow Runtime1 stub}
  0x00000177dd5a347c: e8ff 2745 

  0x00000177dd5a3480: ; ImmutableOopMap {rax=Oop rdx=Oop [80]=Oop [104]=Oop [168]=Oop }
                      ;*synchronization entry
                      ; - jdk.internal.perf.PerfCounter::addTime@-1
                      ; - java.lang.ClassLoader::loadClass@82
  0x00000177dd5a3480: 07e9 c8fb 

  0x00000177dd5a3484: ;   {metadata({method} {0x0000017780105a18} 'getFindClassTime' '()Ljdk/internal/perf/PerfCounter;' in 'jdk/internal/perf/PerfCounter')}
  0x00000177dd5a3484: ffff 49ba | 105a 1080 | 7701 0000 | 4c89 5424 | 0848 c704 | 24ff ffff 

  0x00000177dd5a349c: ;   {runtime_call counter_overflow Runtime1 stub}
  0x00000177dd5a349c: ffe8 de27 

  0x00000177dd5a34a0: ; ImmutableOopMap {[80]=Oop [104]=Oop [136]=Oop [168]=Oop }
                      ;*synchronization entry
                      ; - jdk.internal.perf.PerfCounter::getFindClassTime@-1
                      ; - java.lang.ClassLoader::loadClass@85
  0x00000177dd5a34a0: 4507 e920 

  0x00000177dd5a34a4: ;   {metadata({method} {0x0000017780105a70} 'getFindClasses' '()Ljdk/internal/perf/PerfCounter;' in 'jdk/internal/perf/PerfCounter')}
  0x00000177dd5a34a4: fcff ff49 | ba68 5a10 | 8077 0100 | 004c 8954 | 2408 48c7 | 0424 ffff 

  0x00000177dd5a34bc: ;   {runtime_call counter_overflow Runtime1 stub}
  0x00000177dd5a34bc: ffff e8bd 

  0x00000177dd5a34c0: ; ImmutableOopMap {[80]=Oop [104]=Oop [136]=Oop [168]=Oop }
                      ;*synchronization entry
                      ; - jdk.internal.perf.PerfCounter::getFindClasses@-1
                      ; - java.lang.ClassLoader::loadClass@93
  0x00000177dd5a34c0: 2745 07e9 | 7ffc ffff 

  0x00000177dd5a34c8: ;   {metadata({method} {0x0000017780105860} 'increment' '()V' in 'jdk/internal/perf/PerfCounter')}
  0x00000177dd5a34c8: 49ba 5858 | 1080 7701 | 0000 4c89 | 5424 0848 | c704 24ff 

  0x00000177dd5a34dc: ;   {runtime_call counter_overflow Runtime1 stub}
  0x00000177dd5a34dc: ffff ffe8 

  0x00000177dd5a34e0: ; ImmutableOopMap {rdx=Oop [80]=Oop [104]=Oop [136]=Oop [168]=Oop }
                      ;*synchronization entry
                      ; - jdk.internal.perf.PerfCounter::increment@-1
                      ; - java.lang.ClassLoader::loadClass@96
  0x00000177dd5a34e0: 9c27 4507 | e9b7 fcff 

  0x00000177dd5a34e8: ;   {metadata({method} {0x0000017780436bf8} 'resolveClass' '(Ljava/lang/Class;)V' in 'java/lang/ClassLoader')}
  0x00000177dd5a34e8: ff49 baf0 | 6b43 8077 | 0100 004c | 8954 2408 | 48c7 0424 | ffff ffff 

  0x00000177dd5a3500: ;   {runtime_call counter_overflow Runtime1 stub}
  0x00000177dd5a3500: e87b 2745 

  0x00000177dd5a3504: ; ImmutableOopMap {rsi=Oop [104]=Oop [168]=Oop }
                      ;*synchronization entry
                      ; - java.lang.ClassLoader::resolveClass@-1
                      ; - java.lang.ClassLoader::loadClass@106
  0x00000177dd5a3504: 07e9 4cfd | ffff 488d | 8424 a000 | 0000 4889 

  0x00000177dd5a3514: ;   {runtime_call monitorexit_nofpu Runtime1 stub}
  0x00000177dd5a3514: 0424 e865 | 0c45 07e9 | 8ffd ffff 

  0x00000177dd5a3520: ;   {internal_word}
  0x00000177dd5a3520: 49ba ba32 | 5add 7701 | 0000 4d89 | 9760 0400 

  0x00000177dd5a3530: ;   {runtime_call SafepointBlob}
  0x00000177dd5a3530: 00e9 ca15 

  0x00000177dd5a3534: ;   {metadata(nullptr)}
  0x00000177dd5a3534: 3a07 48ba | 0000 0000 | 0000 0000 | b800 0f05 

  0x00000177dd5a3544: ;   {runtime_call load_klass_patching Runtime1 stub}
  0x00000177dd5a3544: 0ae8 b616 

  0x00000177dd5a3548: ; ImmutableOopMap {[104]=Oop [152]=Oop [168]=Oop }
                      ;*new {reexecute=1 rethrow=0 return_oop=0}
                      ; - (reexecute) java.lang.ClassLoader::resolveClass@4
                      ; - java.lang.ClassLoader::loadClass@106
  0x00000177dd5a3548: 4507 e981 | fdff ff48 

  0x00000177dd5a3550: ;   {runtime_call fast_new_instance Runtime1 stub}
  0x00000177dd5a3550: 8bd2 e8a9 

  0x00000177dd5a3554: ; ImmutableOopMap {[104]=Oop [152]=Oop [168]=Oop }
                      ;*new {reexecute=0 rethrow=0 return_oop=0}
                      ; - java.lang.ClassLoader::resolveClass@4
                      ; - java.lang.ClassLoader::loadClass@106
  0x00000177dd5a3554: e13b 07e9 | d0fd ffff | 488d 8424 | a000 0000 | 4889 0424 

  0x00000177dd5a3568: ;   {runtime_call monitorexit_nofpu Runtime1 stub}
  0x00000177dd5a3568: e813 0c45 | 07e9 4afe | ffff 488b | 7424 70e9 | f3f8 ffff | 488b 7424 | 70e9 e9f8 | ffff 488b 
  0x00000177dd5a3588: 7424 70e9 | dff8 ffff | 488b 7424 | 70e9 d5f8 | ffff 498b | 87f8 0400 | 0049 c787 | f804 0000 
  0x00000177dd5a35a8: 0000 0000 | 49c7 8700 | 0500 0000 | 0000 0048 | 81c4 c000 

  0x00000177dd5a35bc: ;   {runtime_call unwind_exception Runtime1 stub}
  0x00000177dd5a35bc: 0000 5de9 | 3cf9 3b07 | f4f4 f4f4 
[Stub Code]
  0x00000177dd5a35c8: ;   {no_reloc}
  0x00000177dd5a35c8: 0f1f 4400 

  0x00000177dd5a35cc: ;   {static_stub}
  0x00000177dd5a35cc: 0048 bb00 | 0000 0000 

  0x00000177dd5a35d4: ;   {runtime_call nmethod}
  0x00000177dd5a35d4: 0000 00e9 | fbff ffff 

  0x00000177dd5a35dc: ;   {static_stub}
  0x00000177dd5a35dc: 9048 bb00 | 0000 0000 

  0x00000177dd5a35e4: ;   {runtime_call nmethod}
  0x00000177dd5a35e4: 0000 00e9 | fbff ffff 

  0x00000177dd5a35ec: ;   {static_stub}
  0x00000177dd5a35ec: 9048 bb00 | 0000 0000 

  0x00000177dd5a35f4: ;   {runtime_call nmethod}
  0x00000177dd5a35f4: 0000 00e9 | fbff ffff 

  0x00000177dd5a35fc: ;   {static_stub}
  0x00000177dd5a35fc: 9048 bb00 | 0000 0000 

  0x00000177dd5a3604: ;   {runtime_call nmethod}
  0x00000177dd5a3604: 0000 00e9 | fbff ffff 

  0x00000177dd5a360c: ;   {static_stub}
  0x00000177dd5a360c: 9048 bb00 | 5810 8077 

  0x00000177dd5a3614: ;   {runtime_call I2C/C2I adapters}
  0x00000177dd5a3614: 0100 00e9 | cb1d 3a07 

  0x00000177dd5a361c: ;   {static_stub}
  0x00000177dd5a361c: 9048 bb00 | 0000 0000 

  0x00000177dd5a3624: ;   {runtime_call nmethod}
  0x00000177dd5a3624: 0000 00e9 | fbff ffff 

  0x00000177dd5a362c: ;   {static_stub}
  0x00000177dd5a362c: 48bb 0000 | 0000 0000 

  0x00000177dd5a3634: ;   {runtime_call nmethod}
  0x00000177dd5a3634: 0000 e9fb 

  0x00000177dd5a3638: ;   {static_stub}
  0x00000177dd5a3638: ffff ff48 | bb00 0000 | 0000 0000 

  0x00000177dd5a3644: ;   {runtime_call nmethod}
  0x00000177dd5a3644: 00e9 fbff 

  0x00000177dd5a3648: ;   {static_stub}
  0x00000177dd5a3648: ffff 48bb | 0000 0000 | 0000 0000 

  0x00000177dd5a3654: ;   {runtime_call nmethod}
  0x00000177dd5a3654: e9fb ffff 

  0x00000177dd5a3658: ;   {static_stub}
  0x00000177dd5a3658: ff48 bb00 | 0000 0000 

  0x00000177dd5a3660: ;   {runtime_call nmethod}
  0x00000177dd5a3660: 0000 00e9 | fbff ffff 
[Exception Handler]
  0x00000177dd5a3668: ;   {runtime_call handle_exception_from_callee Runtime1 stub}
  0x00000177dd5a3668: e893 cb3b 

  0x00000177dd5a366c: ;   {external_word}
  0x00000177dd5a366c: 0748 b920 | 53e7 13fe | 7f00 0048 

  0x00000177dd5a3678: ;   {runtime_call}
  0x00000177dd5a3678: 83e4 f048 | b890 b7a9 | 13fe 7f00 | 00ff d0f4 
[Deopt Handler Code]
  0x00000177dd5a3688: ;   {section_word}
  0x00000177dd5a3688: 49ba 8836 | 5add 7701 | 0000 4152 

  0x00000177dd5a3694: ;   {runtime_call DeoptimizationBlob}
  0x00000177dd5a3694: e907 073a | 07f4 f4f4 | f4f4 f4f4 
[/MachCode]


---------------  P R O C E S S  ---------------

Threads class SMR info:
_java_thread_list=0x00000177f19c1ee0, length=11, elements={
0x00000177da1ba9f0, 0x00000177da0ab420, 0x00000177da0ad960, 0x00000177da0b0120,
0x00000177da0b3c90, 0x00000177da0b6af0, 0x00000177da0b7540, 0x00000177da0b8370,
0x00000177da12d1c0, 0x00000177f18d3630, 0x00000177f19ebfb0
}

Java Threads: ( => current thread )
=>0x00000177da1ba9f0 JavaThread "main"                              [_thread_in_vm, id=13696, stack(0x00000041d9900000,0x00000041d9a00000) (1024K)]
  0x00000177da0ab420 JavaThread "Reference Handler"          daemon [_thread_blocked, id=13864, stack(0x00000041d9d00000,0x00000041d9e00000) (1024K)]
  0x00000177da0ad960 JavaThread "Finalizer"                  daemon [_thread_blocked, id=19816, stack(0x00000041d9e00000,0x00000041d9f00000) (1024K)]
  0x00000177da0b0120 JavaThread "Signal Dispatcher"          daemon [_thread_blocked, id=18644, stack(0x00000041d9f00000,0x00000041da000000) (1024K)]
  0x00000177da0b3c90 JavaThread "Attach Listener"            daemon [_thread_blocked, id=4088, stack(0x00000041da000000,0x00000041da100000) (1024K)]
  0x00000177da0b6af0 JavaThread "Service Thread"             daemon [_thread_blocked, id=6916, stack(0x00000041da100000,0x00000041da200000) (1024K)]
  0x00000177da0b7540 JavaThread "Monitor Deflation Thread"   daemon [_thread_blocked, id=4812, stack(0x00000041da200000,0x00000041da300000) (1024K)]
  0x00000177da0b8370 JavaThread "C2 CompilerThread0"         daemon [_thread_blocked, id=3284, stack(0x00000041da300000,0x00000041da400000) (1024K)]
  0x00000177da12d1c0 JavaThread "C1 CompilerThread0"         daemon [_thread_blocked, id=2684, stack(0x00000041da400000,0x00000041da500000) (1024K)]
  0x00000177f18d3630 JavaThread "Common-Cleaner"             daemon [_thread_blocked, id=12940, stack(0x00000041da500000,0x00000041da600000) (1024K)]
  0x00000177f19ebfb0 JavaThread "Notification Thread"        daemon [_thread_blocked, id=18916, stack(0x00000041da600000,0x00000041da700000) (1024K)]
Total: 11

Other Threads:
  0x00000177da27e340 VMThread "VM Thread"                           [id=16500, stack(0x00000041d9c00000,0x00000041d9d00000) (1024K)] _threads_hazard_ptr=0x00000177f19c1ee0
  0x00000177da04ca00 WatcherThread "VM Periodic Task Thread"        [id=13088, stack(0x00000041d9b00000,0x00000041d9c00000) (1024K)]
  0x00000177da1d9b00 WorkerThread "GC Thread#0"                     [id=12148, stack(0x00000041d9a00000,0x00000041d9b00000) (1024K)]
  0x00000177f6019a90 WorkerThread "GC Thread#1"                     [id=15804, stack(0x00000041da700000,0x00000041da800000) (1024K)]
  0x00000177f65102f0 WorkerThread "GC Thread#2"                     [id=888, stack(0x00000041da800000,0x00000041da900000) (1024K)]
  0x00000177f6510690 WorkerThread "GC Thread#3"                     [id=1444, stack(0x00000041da900000,0x00000041daa00000) (1024K)]
Total: 6

Threads with active compile tasks:
Total: 0

VM state: synchronizing (normal execution)

VM Mutex/Monitor currently owned by a thread:  ([mutex/lock_event])
[0x00007ffe1412b4f0] Metaspace_lock - owner thread: 0x00000177da1ba9f0
[0x00007ffe1412d570] Threads_lock - owner thread: 0x00000177da27e340

Heap address: 0x0000000080000000, size: 2048 MB, Compressed Oops mode: 32-bit

CDS archive(s) mapped at: [0x0000017780000000-0x0000017780ba0000-0x0000017780ba0000), size 12189696, SharedBaseAddress: 0x0000017780000000, ArchiveRelocationMode: 1.
Compressed class space mapped at: 0x0000017781000000-0x00000177c1000000, reserved size: 1073741824
Narrow klass base: 0x0000017780000000, Narrow klass shift: 0, Narrow klass range: 0x100000000

GC Precious Log:
 CardTable entry size: 512
 CPUs: 4 total, 4 available
 Memory: 3526M
 Large Page Support: Disabled
 NUMA Support: Disabled
 Compressed Oops: Enabled (32-bit)
 Alignments: Space 512K, Generation 512K, Heap 2M
 Heap Min Capacity: 100M
 Heap Initial Capacity: 100M
 Heap Max Capacity: 2G
 Pre-touch: Disabled
 Parallel Workers: 4

Heap:
 PSYoungGen      total 29696K, used 7556K [0x00000000d5580000, 0x00000000d7680000, 0x0000000100000000)
  eden space 25600K, 16% used [0x00000000d5580000,0x00000000d59af558,0x00000000d6e80000)
  from space 4096K, 79% used [0x00000000d6e80000,0x00000000d71b1e98,0x00000000d7280000)
  to   space 4096K, 0% used [0x00000000d7280000,0x00000000d7280000,0x00000000d7680000)
 ParOldGen       total 68608K, used 16K [0x0000000080000000, 0x0000000084300000, 0x00000000d5580000)
  object space 68608K, 0% used [0x0000000080000000,0x0000000080004000,0x0000000084300000)
 Metaspace       used 5286K, committed 5504K, reserved 1114112K
  class space    used 563K, committed 640K, reserved 1048576K

Card table byte_map: [0x00000177d9b60000,0x00000177d9f70000] _byte_map_base: 0x00000177d9760000

Marking Bits: (ParMarkBitMap*) 0x00007ffe14132460
 Begin Bits: [0x00000177ec670000, 0x00000177ee670000)
 End Bits:   [0x00000177ee670000, 0x00000177f0670000)

Polling page: 0x00000177d7fe0000

Metaspace:

Usage:
  Non-class:      4.61 MB used.
      Class:    563.34 KB used.
       Both:      5.16 MB used.

Virtual space:
  Non-class space:       64.00 MB reserved,       4.75 MB (  7%) committed,  1 nodes.
      Class space:        1.00 GB reserved,     640.00 KB ( <1%) committed,  1 nodes.
             Both:        1.06 GB reserved,       5.38 MB ( <1%) committed. 

Chunk freelists:
   Non-Class:  10.56 MB
       Class:  15.36 MB
        Both:  25.92 MB

MaxMetaspaceSize: unlimited
CompressedClassSpaceSize: 1.00 GB
Initial GC threshold: 21.00 MB
Current GC threshold: 21.00 MB
CDS: on
 - commit_granule_bytes: 65536.
 - commit_granule_words: 8192.
 - virtual_space_node_default_size: 8388608.
 - enlarge_chunks_in_place: 1.
 - use_allocation_guard: 0.


Internal statistics:

num_allocs_failed_limit: 0.
num_arena_births: 188.
num_arena_deaths: 0.
num_vsnodes_births: 2.
num_vsnodes_deaths: 0.
num_space_committed: 86.
num_space_uncommitted: 0.
num_chunks_returned_to_freelist: 0.
num_chunks_taken_from_freelist: 285.
num_chunk_merges: 0.
num_chunk_splits: 181.
num_chunks_enlarged: 110.
num_inconsistent_stats: 0.

CodeHeap 'non-profiled nmethods': size=120000Kb used=489Kb max_used=489Kb free=119510Kb
 bounds [0x00000177e4e90000, 0x00000177e5100000, 0x00000177ec3c0000]
CodeHeap 'profiled nmethods': size=120000Kb used=1987Kb max_used=1987Kb free=118012Kb
 bounds [0x00000177dd3c0000, 0x00000177dd630000, 0x00000177e48f0000]
CodeHeap 'non-nmethods': size=5760Kb used=1201Kb max_used=1214Kb free=4559Kb
 bounds [0x00000177e48f0000, 0x00000177e4b60000, 0x00000177e4e90000]
CodeCache: size=245760Kb, used=3677Kb, max_used=3690Kb, free=242081Kb
 total_blobs=1688, nmethods=1222, adapters=373, full_count=0
Compilation: enabled, stopped_count=0, restarted_count=0

Compilation events (20 events):
Event: 6.610 Thread 0x00000177da12d1c0 1214       3       java.util.ArrayList::toArray (12 bytes)
Event: 6.610 Thread 0x00000177da12d1c0 nmethod 1214 0x00000177dd5ad910 code [0x00000177dd5adac0, 0x00000177dd5adca0]
Event: 6.615 Thread 0x00000177da12d1c0 1215   !   3       jdk.internal.loader.URLClassPath$JarLoader::getResource (40 bytes)
Event: 6.615 Thread 0x00000177da12d1c0 nmethod 1215 0x00000177dd5add90 code [0x00000177dd5adfa0, 0x00000177dd5ae530]
Event: 6.616 Thread 0x00000177da12d1c0 1216       3       java.lang.ref.PhantomReference::<init> (7 bytes)
Event: 6.617 Thread 0x00000177da12d1c0 nmethod 1216 0x00000177dd5ae710 code [0x00000177dd5ae8c0, 0x00000177dd5aeb10]
Event: 6.629 Thread 0x00000177da12d1c0 1217       1       java.util.concurrent.locks.AbstractOwnableSynchronizer::getExclusiveOwnerThread (5 bytes)
Event: 6.629 Thread 0x00000177da12d1c0 nmethod 1217 0x00000177e4f09d10 code [0x00000177e4f09ea0, 0x00000177e4f09f68]
Event: 6.629 Thread 0x00000177da12d1c0 1218       1       java.util.concurrent.locks.AbstractQueuedSynchronizer::setState (6 bytes)
Event: 6.629 Thread 0x00000177da12d1c0 nmethod 1218 0x00000177e4f0a010 code [0x00000177e4f0a1a0, 0x00000177e4f0a270]
Event: 6.629 Thread 0x00000177da12d1c0 1219       3       jdk.internal.ref.PhantomCleanable::<init> (49 bytes)
Event: 6.630 Thread 0x00000177da12d1c0 nmethod 1219 0x00000177dd5aec10 code [0x00000177dd5aee60, 0x00000177dd5af830]
Event: 6.630 Thread 0x00000177da12d1c0 1220   !   3       jdk.internal.ref.PhantomCleanable::insert (53 bytes)
Event: 6.630 Thread 0x00000177da12d1c0 nmethod 1220 0x00000177dd5afb90 code [0x00000177dd5afd40, 0x00000177dd5affb0]
Event: 6.631 Thread 0x00000177da12d1c0 1221       3       jdk.internal.ref.CleanerFactory::cleaner (4 bytes)
Event: 6.631 Thread 0x00000177da12d1c0 nmethod 1221 0x00000177dd5b0110 code [0x00000177dd5b02a0, 0x00000177dd5b0398]
Event: 6.634 Thread 0x00000177da12d1c0 1223       3       java.io.FilterInputStream::<init> (10 bytes)
Event: 6.635 Thread 0x00000177da12d1c0 nmethod 1223 0x00000177dd5b0410 code [0x00000177dd5b05c0, 0x00000177dd5b07a8]
Event: 6.636 Thread 0x00000177da12d1c0 1224       3       java.net.URL::getDefaultPort (8 bytes)
Event: 6.637 Thread 0x00000177da12d1c0 nmethod 1224 0x00000177dd5b0890 code [0x00000177dd5b0a40, 0x00000177dd5b0c30]

GC Heap History (2 events):
Event: 6.207 GC heap before
{Heap before GC invocations=1 (full 0):
 PSYoungGen      total 29696K, used 25600K [0x00000000d5580000, 0x00000000d7680000, 0x0000000100000000)
  eden space 25600K, 100% used [0x00000000d5580000,0x00000000d6e80000,0x00000000d6e80000)
  from space 4096K, 0% used [0x00000000d7280000,0x00000000d7280000,0x00000000d7680000)
  to   space 4096K, 0% used [0x00000000d6e80000,0x00000000d6e80000,0x00000000d7280000)
 ParOldGen       total 68608K, used 0K [0x0000000080000000, 0x0000000084300000, 0x00000000d5580000)
  object space 68608K, 0% used [0x0000000080000000,0x0000000080000000,0x0000000084300000)
 Metaspace       used 4380K, committed 4608K, reserved 1114112K
  class space    used 474K, committed 576K, reserved 1048576K
}
Event: 6.222 GC heap after
{Heap after GC invocations=1 (full 0):
 PSYoungGen      total 29696K, used 3271K [0x00000000d5580000, 0x00000000d7680000, 0x0000000100000000)
  eden space 25600K, 0% used [0x00000000d5580000,0x00000000d5580000,0x00000000d6e80000)
  from space 4096K, 79% used [0x00000000d6e80000,0x00000000d71b1e98,0x00000000d7280000)
  to   space 4096K, 0% used [0x00000000d7280000,0x00000000d7280000,0x00000000d7680000)
 ParOldGen       total 68608K, used 16K [0x0000000080000000, 0x0000000084300000, 0x00000000d5580000)
  object space 68608K, 0% used [0x0000000080000000,0x0000000080004000,0x0000000084300000)
 Metaspace       used 4380K, committed 4608K, reserved 1114112K
  class space    used 474K, committed 576K, reserved 1048576K
}

Dll operation events (8 events):
Event: 0.055 Loaded shared library c:\Users\dadig\.antigravity\extensions\redhat.java-1.50.0-win32-x64\jre\21.0.9-win32-x86_64\bin\java.dll
Event: 0.726 Loaded shared library c:\Users\dadig\.antigravity\extensions\redhat.java-1.50.0-win32-x64\jre\21.0.9-win32-x86_64\bin\zip.dll
Event: 0.774 Loaded shared library C:\Users\dadig\.antigravity\extensions\redhat.java-1.50.0-win32-x64\jre\21.0.9-win32-x86_64\bin\instrument.dll
Event: 0.784 Loaded shared library C:\Users\dadig\.antigravity\extensions\redhat.java-1.50.0-win32-x64\jre\21.0.9-win32-x86_64\bin\net.dll
Event: 0.788 Loaded shared library C:\Users\dadig\.antigravity\extensions\redhat.java-1.50.0-win32-x64\jre\21.0.9-win32-x86_64\bin\nio.dll
Event: 0.800 Loaded shared library C:\Users\dadig\.antigravity\extensions\redhat.java-1.50.0-win32-x64\jre\21.0.9-win32-x86_64\bin\zip.dll
Event: 0.867 Loaded shared library C:\Users\dadig\.antigravity\extensions\redhat.java-1.50.0-win32-x64\jre\21.0.9-win32-x86_64\bin\jimage.dll
Event: 1.082 Loaded shared library c:\Users\dadig\.antigravity\extensions\redhat.java-1.50.0-win32-x64\jre\21.0.9-win32-x86_64\bin\verify.dll

Deoptimization events (20 events):
Event: 6.235 Thread 0x00000177da1ba9f0 Uncommon trap: trap_request=0xffffffc6 fr.pc=0x00000177e4ecc3d0 relative=0x0000000000000290
Event: 6.235 Thread 0x00000177da1ba9f0 Uncommon trap: reason=bimorphic_or_optimized_type_check action=maybe_recompile pc=0x00000177e4ecc3d0 method=java.util.Collections$UnmodifiableCollection$1.next()Ljava/lang/Object; @ 4 c2
Event: 6.235 Thread 0x00000177da1ba9f0 DEOPT PACKING pc=0x00000177e4ecc3d0 sp=0x00000041d99fea50
Event: 6.235 Thread 0x00000177da1ba9f0 DEOPT UNPACKING pc=0x00000177e4943aa2 sp=0x00000041d99fea00 mode 2
Event: 6.346 Thread 0x00000177da1ba9f0 Uncommon trap: trap_request=0xffffff45 fr.pc=0x00000177e4eeff2c relative=0x00000000000009ac
Event: 6.346 Thread 0x00000177da1ba9f0 Uncommon trap: reason=unstable_if action=reinterpret pc=0x00000177e4eeff2c method=java.util.HashMap.hash(Ljava/lang/Object;)I @ 1 c2
Event: 6.346 Thread 0x00000177da1ba9f0 DEOPT PACKING pc=0x00000177e4eeff2c sp=0x00000041d99fe8a0
Event: 6.346 Thread 0x00000177da1ba9f0 DEOPT UNPACKING pc=0x00000177e4943aa2 sp=0x00000041d99fe820 mode 2
Event: 6.347 Thread 0x00000177da1ba9f0 Uncommon trap: trap_request=0xffffff45 fr.pc=0x00000177e4f01338 relative=0x0000000000000278
Event: 6.347 Thread 0x00000177da1ba9f0 Uncommon trap: reason=unstable_if action=reinterpret pc=0x00000177e4f01338 method=java.util.HashMap.hash(Ljava/lang/Object;)I @ 1 c2
Event: 6.347 Thread 0x00000177da1ba9f0 DEOPT PACKING pc=0x00000177e4f01338 sp=0x00000041d99fe7d0
Event: 6.347 Thread 0x00000177da1ba9f0 DEOPT UNPACKING pc=0x00000177e4943aa2 sp=0x00000041d99fe668 mode 2
Event: 6.350 Thread 0x00000177da1ba9f0 Uncommon trap: trap_request=0xffffff45 fr.pc=0x00000177e4efb23c relative=0x000000000000027c
Event: 6.350 Thread 0x00000177da1ba9f0 Uncommon trap: reason=unstable_if action=reinterpret pc=0x00000177e4efb23c method=java.util.HashMap.hash(Ljava/lang/Object;)I @ 1 c2
Event: 6.350 Thread 0x00000177da1ba9f0 DEOPT PACKING pc=0x00000177e4efb23c sp=0x00000041d99fe740
Event: 6.350 Thread 0x00000177da1ba9f0 DEOPT UNPACKING pc=0x00000177e4943aa2 sp=0x00000041d99fe648 mode 2
Event: 6.350 Thread 0x00000177da1ba9f0 Uncommon trap: trap_request=0xffffff45 fr.pc=0x00000177e4ef09d0 relative=0x00000000000000b0
Event: 6.350 Thread 0x00000177da1ba9f0 Uncommon trap: reason=unstable_if action=reinterpret pc=0x00000177e4ef09d0 method=java.util.HashMap.hash(Ljava/lang/Object;)I @ 1 c2
Event: 6.350 Thread 0x00000177da1ba9f0 DEOPT PACKING pc=0x00000177e4ef09d0 sp=0x00000041d99fe7f0
Event: 6.350 Thread 0x00000177da1ba9f0 DEOPT UNPACKING pc=0x00000177e4943aa2 sp=0x00000041d99fe788 mode 2

Classes loaded (20 events):
Event: 6.594 Loading class sun/nio/ch/NativeThreadSet
Event: 6.594 Loading class sun/nio/ch/NativeThreadSet done
Event: 6.595 Loading class sun/nio/ch/FileLockImpl
Event: 6.595 Loading class java/nio/channels/FileLock
Event: 6.595 Loading class java/nio/channels/FileLock done
Event: 6.595 Loading class sun/nio/ch/FileLockImpl done
Event: 6.595 Loading class sun/nio/ch/NativeThread
Event: 6.595 Loading class sun/nio/ch/NativeThread done
Event: 6.595 Loading class sun/nio/ch/FileLockTable
Event: 6.595 Loading class sun/nio/ch/FileLockTable done
Event: 6.595 Loading class sun/nio/ch/FileKey
Event: 6.596 Loading class sun/nio/ch/FileKey done
Event: 6.596 Loading class sun/nio/ch/FileLockTable$FileLockReference
Event: 6.596 Loading class sun/nio/ch/FileLockTable$FileLockReference done
Event: 6.601 Loading class java/io/DeleteOnExitHook
Event: 6.605 Loading class java/io/DeleteOnExitHook done
Event: 6.605 Loading class java/io/DeleteOnExitHook$1
Event: 6.605 Loading class java/io/DeleteOnExitHook$1 done
Event: 6.608 Loading class java/util/ComparableTimSort
Event: 6.608 Loading class java/util/ComparableTimSort done

Classes unloaded (0 events):
No events

Classes redefined (0 events):
No events

Internal exceptions (20 events):
Event: 4.950 Thread 0x00000177da1ba9f0 Exception <a 'java/io/FileNotFoundException'{0x00000000d64b3380}> (0x00000000d64b3380) 
thrown [s\src\hotspot\share\prims\jni.cpp, line 520]
Event: 4.951 Thread 0x00000177da1ba9f0 Exception <a 'java/io/FileNotFoundException'{0x00000000d64b46b8}> (0x00000000d64b46b8) 
thrown [s\src\hotspot\share\prims\jni.cpp, line 520]
Event: 4.951 Thread 0x00000177da1ba9f0 Exception <a 'java/io/FileNotFoundException'{0x00000000d64b5340}> (0x00000000d64b5340) 
thrown [s\src\hotspot\share\prims\jni.cpp, line 520]
Event: 4.951 Thread 0x00000177da1ba9f0 Exception <a 'java/io/FileNotFoundException'{0x00000000d64b5eb0}> (0x00000000d64b5eb0) 
thrown [s\src\hotspot\share\prims\jni.cpp, line 520]
Event: 4.962 Thread 0x00000177da1ba9f0 Implicit null exception at 0x00000177e4ebffa4 to 0x00000177e4ec0538
Event: 4.967 Thread 0x00000177da1ba9f0 Exception <a 'java/io/FileNotFoundException'{0x00000000d64ee340}> (0x00000000d64ee340) 
thrown [s\src\hotspot\share\prims\jni.cpp, line 520]
Event: 5.061 Thread 0x00000177da1ba9f0 Exception <a 'java/lang/NoSuchMethodError'{0x00000000d65266a8}: 'java.lang.Object java.lang.invoke.DirectMethodHandle$Holder.invokeInterface(java.lang.Object, java.lang.Object)'> (0x00000000d65266a8) 
thrown [s\src\hotspot\share\interpreter\linkResolver.cpp, line 773]
Event: 5.067 Thread 0x00000177da1ba9f0 Exception <a 'java/lang/NoSuchMethodError'{0x00000000d6539c60}: 'java.lang.Object java.lang.invoke.Invokers$Holder.invokeExact_MT(java.lang.Object, java.lang.Object, java.lang.Object, java.lang.Object, java.lang.Object, java.lang.Object)'> (0x00000000d6539c60) 
thrown [s\src\hotspot\share\interpreter\linkResolver.cpp, line 773]
Event: 5.077 Thread 0x00000177da1ba9f0 Exception <a 'java/lang/NoSuchMethodError'{0x00000000d6550d38}: 'int java.lang.invoke.DirectMethodHandle$Holder.invokeStatic(java.lang.Object, java.lang.Object, java.lang.Object, java.lang.Object, java.lang.Object)'> (0x00000000d6550d38) 
thrown [s\src\hotspot\share\interpreter\linkResolver.cpp, line 773]
Event: 5.133 Thread 0x00000177da1ba9f0 Exception <a 'java/lang/NoSuchMethodError'{0x00000000d65e6368}: 'java.lang.Object java.lang.invoke.DirectMethodHandle$Holder.invokeInterface(java.lang.Object, java.lang.Object, int)'> (0x00000000d65e6368) 
thrown [s\src\hotspot\share\interpreter\linkResolver.cpp, line 773]
Event: 5.963 Thread 0x00000177da1ba9f0 Exception <a 'java/lang/NoSuchMethodError'{0x00000000d6a4c940}: 'java.lang.ClassLoader java.lang.ClassLoader.getPlatformClassLoader(java.lang.Class)'> (0x00000000d6a4c940) 
thrown [s\src\hotspot\share\interpreter\linkResolver.cpp, line 773]
Event: 6.192 Thread 0x00000177da1ba9f0 Exception <a 'java/lang/ClassNotFoundException'{0x00000000d6e6beb0}: sun/net/www/protocol/c/Handler> (0x00000000d6e6beb0) 
thrown [s\src\hotspot\share\classfile\systemDictionary.cpp, line 312]
Event: 6.193 Thread 0x00000177da1ba9f0 Exception <a 'java/lang/ClassNotFoundException'{0x00000000d6e6d270}: sun/net/www/protocol/c/Handler> (0x00000000d6e6d270) 
thrown [s\src\hotspot\share\classfile\systemDictionary.cpp, line 312]
Event: 6.193 Thread 0x00000177da1ba9f0 Exception <a 'java/lang/ClassNotFoundException'{0x00000000d6e6e480}: sun/net/www/protocol/c/Handler> (0x00000000d6e6e480) 
thrown [s\src\hotspot\share\classfile\systemDictionary.cpp, line 312]
Event: 6.235 Thread 0x00000177da1ba9f0 Exception <a 'java/io/FileNotFoundException'{0x00000000d5597208}> (0x00000000d5597208) 
thrown [s\src\hotspot\share\prims\jni.cpp, line 520]
Event: 6.346 Thread 0x00000177da1ba9f0 Implicit null exception at 0x00000177e4eef5c9 to 0x00000177e4eeff14
Event: 6.347 Thread 0x00000177da1ba9f0 Implicit null exception at 0x00000177e4f0111a to 0x00000177e4f01320
Event: 6.348 Thread 0x00000177da1ba9f0 Exception <a 'java/lang/NoSuchMethodError'{0x00000000d56c7718}: 'void java.lang.invoke.DirectMethodHandle$Holder.invokeStatic(java.lang.Object, java.lang.Object, java.lang.Object, java.lang.Object)'> (0x00000000d56c7718) 
thrown [s\src\hotspot\share\interpreter\linkResolver.cpp, line 773]
Event: 6.350 Thread 0x00000177da1ba9f0 Implicit null exception at 0x00000177e4efb01a to 0x00000177e4efb224
Event: 6.350 Thread 0x00000177da1ba9f0 Implicit null exception at 0x00000177e4ef093d to 0x00000177e4ef09c1

ZGC Phase Switch (0 events):
No events

VM Operations (20 events):
Event: 0.723 Executing VM operation: HandshakeAllThreads (Deoptimize)
Event: 0.723 Executing VM operation: HandshakeAllThreads (Deoptimize) done
Event: 0.894 Executing VM operation: HandshakeAllThreads (Deoptimize)
Event: 0.894 Executing VM operation: HandshakeAllThreads (Deoptimize) done
Event: 1.901 Executing VM operation: Cleanup
Event: 1.918 Executing VM operation: Cleanup done
Event: 2.922 Executing VM operation: Cleanup
Event: 2.953 Executing VM operation: Cleanup done
Event: 3.961 Executing VM operation: Cleanup
Event: 3.979 Executing VM operation: Cleanup done
Event: 4.618 Executing VM operation: HandshakeAllThreads (Deoptimize)
Event: 4.618 Executing VM operation: HandshakeAllThreads (Deoptimize) done
Event: 4.753 Executing VM operation: HandshakeAllThreads (Deoptimize)
Event: 4.753 Executing VM operation: HandshakeAllThreads (Deoptimize) done
Event: 5.757 Executing VM operation: Cleanup
Event: 5.757 Executing VM operation: Cleanup done
Event: 6.149 Executing VM operation: HandshakeAllThreads (Deoptimize)
Event: 6.149 Executing VM operation: HandshakeAllThreads (Deoptimize) done
Event: 6.207 Executing VM operation: ParallelGCFailedAllocation (Allocation Failure)
Event: 6.222 Executing VM operation: ParallelGCFailedAllocation (Allocation Failure) done

Memory protections (0 events):
No events

Nmethod flushes (0 events):
No events

Events (11 events):
Event: 0.234 Thread 0x00000177da1ba9f0 Thread added: 0x00000177da1ba9f0
Event: 0.412 Thread 0x00000177da1ba9f0 Thread added: 0x00000177da0ab420
Event: 0.413 Thread 0x00000177da1ba9f0 Thread added: 0x00000177da0ad960
Event: 0.413 Thread 0x00000177da1ba9f0 Thread added: 0x00000177da0b0120
Event: 0.413 Thread 0x00000177da1ba9f0 Thread added: 0x00000177da0b3c90
Event: 0.414 Thread 0x00000177da1ba9f0 Thread added: 0x00000177da0b6af0
Event: 0.414 Thread 0x00000177da1ba9f0 Thread added: 0x00000177da0b7540
Event: 0.414 Thread 0x00000177da1ba9f0 Thread added: 0x00000177da0b8370
Event: 0.463 Thread 0x00000177da1ba9f0 Thread added: 0x00000177da12d1c0
Event: 0.778 Thread 0x00000177da1ba9f0 Thread added: 0x00000177f18d3630
Event: 1.939 Thread 0x00000177da1ba9f0 Thread added: 0x00000177f19ebfb0


Dynamic libraries:
0x00007ff73e720000 - 0x00007ff73e72e000 	c:\Users\dadig\.antigravity\extensions\redhat.java-1.50.0-win32-x64\jre\21.0.9-win32-x86_64\bin\java.exe
0x00007ffe8ba60000 - 0x00007ffe8bcc7000 	C:\WINDOWS\SYSTEM32\ntdll.dll
0x00007ffe8a360000 - 0x00007ffe8a429000 	C:\WINDOWS\System32\KERNEL32.DLL
0x00007ffe88c60000 - 0x00007ffe8904f000 	C:\WINDOWS\System32\KERNELBASE.dll
0x00007ffe89470000 - 0x00007ffe895bb000 	C:\WINDOWS\System32\ucrtbase.dll
0x00007ffe7c310000 - 0x00007ffe7c328000 	c:\Users\dadig\.antigravity\extensions\redhat.java-1.50.0-win32-x64\jre\21.0.9-win32-x86_64\bin\jli.dll
0x00007ffe899e0000 - 0x00007ffe89ba5000 	C:\WINDOWS\System32\USER32.dll
0x00007ffe89060000 - 0x00007ffe89087000 	C:\WINDOWS\System32\win32u.dll
0x00007ffe89f40000 - 0x00007ffe89f6b000 	C:\WINDOWS\System32\GDI32.dll
0x00007ffe891d0000 - 0x00007ffe892fc000 	C:\WINDOWS\System32\gdi32full.dll
0x00007ffe88bb0000 - 0x00007ffe88c53000 	C:\WINDOWS\System32\msvcp_win.dll
0x00007ffe7c0d0000 - 0x00007ffe7c0ee000 	c:\Users\dadig\.antigravity\extensions\redhat.java-1.50.0-win32-x64\jre\21.0.9-win32-x86_64\bin\VCRUNTIME140.dll
0x00007ffe6f0d0000 - 0x00007ffe6f363000 	C:\WINDOWS\WinSxS\amd64_microsoft.windows.common-controls_6595b64144ccf1df_6.0.26100.7309_none_3e05feeae336a044\COMCTL32.dll
0x00007ffe8a640000 - 0x00007ffe8a6e9000 	C:\WINDOWS\System32\msvcrt.dll
0x00007ffe8b440000 - 0x00007ffe8b471000 	C:\WINDOWS\System32\IMM32.DLL
0x00007ffe83d90000 - 0x00007ffe83d9c000 	c:\Users\dadig\.antigravity\extensions\redhat.java-1.50.0-win32-x64\jre\21.0.9-win32-x86_64\bin\vcruntime140_1.dll
0x00007ffe67530000 - 0x00007ffe675bd000 	c:\Users\dadig\.antigravity\extensions\redhat.java-1.50.0-win32-x64\jre\21.0.9-win32-x86_64\bin\msvcp140.dll
0x00007ffe13470000 - 0x00007ffe14210000 	c:\Users\dadig\.antigravity\extensions\redhat.java-1.50.0-win32-x64\jre\21.0.9-win32-x86_64\bin\server\jvm.dll
0x00007ffe8b500000 - 0x00007ffe8b5b4000 	C:\WINDOWS\System32\ADVAPI32.dll
0x00007ffe8b970000 - 0x00007ffe8ba16000 	C:\WINDOWS\System32\sechost.dll
0x00007ffe8b850000 - 0x00007ffe8b968000 	C:\WINDOWS\System32\RPCRT4.dll
0x00007ffe8b480000 - 0x00007ffe8b4f4000 	C:\WINDOWS\System32\WS2_32.dll
0x00007ffe88a10000 - 0x00007ffe88a6e000 	C:\WINDOWS\SYSTEM32\POWRPROF.dll
0x00007ffe821c0000 - 0x00007ffe821f5000 	C:\WINDOWS\SYSTEM32\WINMM.dll
0x00007ffe82200000 - 0x00007ffe8220b000 	C:\WINDOWS\SYSTEM32\VERSION.dll
0x00007ffe889f0000 - 0x00007ffe88a04000 	C:\WINDOWS\SYSTEM32\UMPDC.dll
0x00007ffe87960000 - 0x00007ffe8797b000 	C:\WINDOWS\SYSTEM32\kernel.appcore.dll
0x00007ffe83c00000 - 0x00007ffe83c0a000 	c:\Users\dadig\.antigravity\extensions\redhat.java-1.50.0-win32-x64\jre\21.0.9-win32-x86_64\bin\jimage.dll
0x00007ffe7ecd0000 - 0x00007ffe7ef12000 	C:\WINDOWS\SYSTEM32\DBGHELP.DLL
0x00007ffe89fd0000 - 0x00007ffe8a355000 	C:\WINDOWS\System32\combase.dll
0x00007ffe8a560000 - 0x00007ffe8a636000 	C:\WINDOWS\System32\OLEAUT32.dll
0x00007ffe6e560000 - 0x00007ffe6e59c000 	C:\WINDOWS\SYSTEM32\dbgcore.DLL
0x00007ffe89120000 - 0x00007ffe891c5000 	C:\WINDOWS\System32\bcryptPrimitives.dll
0x00007ffe83db0000 - 0x00007ffe83dbf000 	c:\Users\dadig\.antigravity\extensions\redhat.java-1.50.0-win32-x64\jre\21.0.9-win32-x86_64\bin\instrument.dll
0x00007ffe7be90000 - 0x00007ffe7beb0000 	c:\Users\dadig\.antigravity\extensions\redhat.java-1.50.0-win32-x64\jre\21.0.9-win32-x86_64\bin\java.dll
0x00007ffe8ace0000 - 0x00007ffe8b433000 	C:\WINDOWS\System32\SHELL32.dll
0x00007ffe89300000 - 0x00007ffe8946a000 	C:\WINDOWS\System32\wintypes.dll
0x00007ffe867f0000 - 0x00007ffe8704e000 	C:\WINDOWS\SYSTEM32\windows.storage.dll
0x00007ffe8b5c0000 - 0x00007ffe8b6b5000 	C:\WINDOWS\System32\SHCORE.dll
0x00007ffe8a4f0000 - 0x00007ffe8a556000 	C:\WINDOWS\System32\shlwapi.dll
0x00007ffe88ad0000 - 0x00007ffe88af9000 	C:\WINDOWS\SYSTEM32\profapi.dll
0x00007ffe7b400000 - 0x00007ffe7b418000 	c:\Users\dadig\.antigravity\extensions\redhat.java-1.50.0-win32-x64\jre\21.0.9-win32-x86_64\bin\zip.dll
0x00007ffe83650000 - 0x00007ffe83660000 	C:\Users\dadig\.antigravity\extensions\redhat.java-1.50.0-win32-x64\jre\21.0.9-win32-x86_64\bin\net.dll
0x00007ffe7e610000 - 0x00007ffe7e738000 	C:\WINDOWS\SYSTEM32\WINHTTP.dll
0x00007ffe87ed0000 - 0x00007ffe87f3b000 	C:\WINDOWS\system32\mswsock.dll
0x00007ffe78b80000 - 0x00007ffe78b96000 	C:\Users\dadig\.antigravity\extensions\redhat.java-1.50.0-win32-x64\jre\21.0.9-win32-x86_64\bin\nio.dll
0x00007ffe83da0000 - 0x00007ffe83db0000 	c:\Users\dadig\.antigravity\extensions\redhat.java-1.50.0-win32-x64\jre\21.0.9-win32-x86_64\bin\verify.dll

JVMTI agents:
c:\Users\dadig\.antigravity\extensions\redhat.java-1.50.0-win32-x64\lombok\lombok-1.18.39-4050.jar path:c:\Users\dadig\.antigravity\extensions\redhat.java-1.50.0-win32-x64\jre\21.0.9-win32-x86_64\bin\instrument.dll, loaded, initialized, instrumentlib options:none

dbghelp: loaded successfully - version: 4.0.5 - missing functions: none
symbol engine: initialized successfully - sym options: 0x614 - pdb path: .;c:\Users\dadig\.antigravity\extensions\redhat.java-1.50.0-win32-x64\jre\21.0.9-win32-x86_64\bin;C:\WINDOWS\SYSTEM32;C:\WINDOWS\WinSxS\amd64_microsoft.windows.common-controls_6595b64144ccf1df_6.0.26100.7309_none_3e05feeae336a044;c:\Users\dadig\.antigravity\extensions\redhat.java-1.50.0-win32-x64\jre\21.0.9-win32-x86_64\bin\server

VM Arguments:
jvm_args: --add-modules=ALL-SYSTEM --add-opens=java.base/java.util=ALL-UNNAMED --add-opens=java.base/java.lang=ALL-UNNAMED --add-opens=java.base/sun.nio.fs=ALL-UNNAMED -Declipse.application=org.eclipse.jdt.ls.core.id1 -Dosgi.bundles.defaultStartLevel=4 -Declipse.product=org.eclipse.jdt.ls.core.product -Djava.import.generatesMetadataFilesAtProjectRoot=false -DDetectVMInstallationsJob.disabled=true -Dfile.encoding=utf8 -XX:+UseParallelGC -XX:GCTimeRatio=4 -XX:AdaptiveSizePolicyWeight=90 -Dsun.zip.disableMemoryMapping=true -Xmx2G -Xms100m -Xlog:disable -javaagent:c:\Users\dadig\.antigravity\extensions\redhat.java-1.50.0-win32-x64\lombok\lombok-1.18.39-4050.jar -XX:+HeapDumpOnOutOfMemoryError -XX:HeapDumpPath=c:\Users\dadig\AppData\Roaming\Antigravity\User\workspaceStorage\62095a4e5875a9a9aec93d5e91d77f3c\redhat.java -Daether.dependencyCollector.impl=bf 
java_command: c:\Users\dadig\.antigravity\extensions\redhat.java-1.50.0-win32-x64\server\plugins\org.eclipse.equinox.launcher_1.7.100.v20251111-0406.jar -configuration c:\Users\dadig\AppData\Roaming\Antigravity\User\globalStorage\redhat.java\1.50.0\config_win -data c:\Users\dadig\AppData\Roaming\Antigravity\User\workspaceStorage\62095a4e5875a9a9aec93d5e91d77f3c\redhat.java\jdt_ws --pipe=\\.\pipe\lsp-bd85757c35ce1ef975a455be177cd51f-sock
java_class_path (initial): c:\Users\dadig\.antigravity\extensions\redhat.java-1.50.0-win32-x64\server\plugins\org.eclipse.equinox.launcher_1.7.100.v20251111-0406.jar
Launcher Type: SUN_STANDARD

[Global flags]
    uintx AdaptiveSizePolicyWeight                 = 90                                        {product} {command line}
     intx CICompilerCount                          = 3                                         {product} {ergonomic}
    uintx GCTimeRatio                              = 4                                         {product} {command line}
     bool HeapDumpOnOutOfMemoryError               = true                                   {manageable} {command line}
    ccstr HeapDumpPath                             = c:\Users\dadig\AppData\Roaming\Antigravity\User\workspaceStorage\62095a4e5875a9a9aec93d5e91d77f3c\redhat.java         {manageable} {command line}
   size_t InitialHeapSize                          = 104857600                                 {product} {command line}
   size_t MaxHeapSize                              = 2147483648                                {product} {command line}
   size_t MaxNewSize                               = 715653120                                 {product} {ergonomic}
   size_t MinHeapDeltaBytes                        = 524288                                    {product} {ergonomic}
   size_t MinHeapSize                              = 104857600                                 {product} {command line}
   size_t NewSize                                  = 34603008                                  {product} {ergonomic}
    uintx NonNMethodCodeHeapSize                   = 5832780                                {pd product} {ergonomic}
    uintx NonProfiledCodeHeapSize                  = 122912730                              {pd product} {ergonomic}
   size_t OldSize                                  = 70254592                                  {product} {ergonomic}
    uintx ProfiledCodeHeapSize                     = 122912730                              {pd product} {ergonomic}
    uintx ReservedCodeCacheSize                    = 251658240                              {pd product} {ergonomic}
     bool SegmentedCodeCache                       = true                                      {product} {ergonomic}
   size_t SoftMaxHeapSize                          = 2147483648                             {manageable} {ergonomic}
     bool UseCompressedOops                        = true                           {product lp64_product} {ergonomic}
     bool UseLargePagesIndividualAllocation        = false                                  {pd product} {ergonomic}
     bool UseParallelGC                            = true                                      {product} {command line}

Logging:
Log output configuration:
 #0: stdout all=off uptime,level,tags foldmultilines=false
 #1: stderr all=off uptime,level,tags foldmultilines=false

Release file:
JAVA_VERSION="21.0.9" 
MODULES="java.base java.compiler java.datatransfer java.xml java.prefs java.desktop java.instrument java.logging java.management java.security.sasl java.naming java.rmi java.management.rmi java.net.http java.scripting java.security.jgss java.transaction.xa java.sql java.sql.rowset java.xml.crypto java.se java.smartcardio jdk.accessibility jdk.internal.jvmstat jdk.attach jdk.charsets jdk.internal.opt jdk.zipfs jdk.compiler jdk.crypto.ec jdk.crypto.cryptoki jdk.crypto.mscapi jdk.dynalink jdk.internal.ed jdk.editpad jdk.hotspot.agent jdk.httpserver jdk.internal.le jdk.internal.vm.ci jdk.internal.vm.compiler jdk.internal.vm.compiler.management jdk.jartool jdk.javadoc jdk.jcmd jdk.management jdk.management.agent jdk.jconsole jdk.jdeps jdk.jdwp.agent jdk.jdi jdk.jfr jdk.jshell jdk.jsobject jdk.jstatd jdk.localedata jdk.management.jfr jdk.naming.dns jdk.naming.rmi jdk.net jdk.nio.mapmode jdk.random jdk.sctp jdk.security.auth jdk.security.jgss jdk.unsupported jdk.unsupported.desktop jdk.xml.dom" 

Environment Variables:
JAVA_HOME=C:\Users\dadig\AppData\Local\Programs\Eclipse Adoptium\jdk-17.0.11.9-hotspot\
PATH=C:\WINDOWS\system32;C:\WINDOWS;C:\WINDOWS\System32\Wbem;C:\WINDOWS\System32\WindowsPowerShell\v1.0\;C:\WINDOWS\System32\OpenSSH\;C:\Program Files\PuTTY\;C:\Program Files\MySQL\MySQL Server 8.0\bin;C:\Program Files\PostgreSQL\10\bin;;C:\Program Files\HP\HP One Agent;C:\Program Files\nodejs\;%SystemRoot%\system32;%SystemRoot%;%SystemRoot%\System32\Wbem;%SYSTEMROOT%\System32\WindowsPowerShell\v1.0\;%SYSTEMROOT%\System32\OpenSSH\;C:\Program Files\MySQL\MySQL Shell 8.0\bin\;C:\Users\dadig\AppData\Local\Programs\Eclipse Adoptium\jdk-17.0.11.9-hotspot\bin;C:\Users\dadig\AppData\Local\Microsoft\WindowsApps;C:\Users\dadig\AppData\Local\Programs\Microsoft VS Code\bin;C:\Users\dadig\AppData\Roaming\npm;C:\Users\dadig\AppData\Local\Programs\Antigravity\bin
USERNAME=dadig
OS=Windows_NT
PROCESSOR_IDENTIFIER=AMD64 Family 23 Model 24 Stepping 1, AuthenticAMD
TMP=C:\Users\dadig\AppData\Local\Temp
TEMP=C:\Users\dadig\AppData\Local\Temp




Periodic native trim disabled

---------------  S Y S T E M  ---------------

OS:
 Windows 11 , 64 bit Build 26100 (10.0.26100.7309)
OS uptime: 0 days 14:54 hours

CPU: total 4 (initial active 4) (4 cores per cpu, 2 threads per core) family 23 model 24 stepping 1 microcode 0x8108109, cx8, cmov, fxsr, ht, mmx, 3dnowpref, sse, sse2, sse3, ssse3, sse4a, sse4.1, sse4.2, popcnt, lzcnt, tsc, tscinvbit, avx, avx2, aes, clmul, bmi1, bmi2, adx, sha, fma, vzeroupper, clflush, clflushopt, rdtscp, f16c
Processor Information for the first 4 processors :
  Max Mhz: 2600, Current Mhz: 2600, Mhz Limit: 2600

Memory: 4k page, system-wide physical 3526M (197M free)
TotalPageFile size 14278M (AvailPageFile size 3M)
current process WorkingSet (physical memory assigned to process): 76M, peak: 81M
current process commit charge ("private bytes"): 217M, peak: 221M

vm_info: OpenJDK 64-Bit Server VM (21.0.9+10-LTS) for windows-amd64 JRE (21.0.9+10-LTS), built on 2025-10-21T00:00:00Z by "admin" with unknown MS VC++:1942

END.
