#
# There is insufficient memory for the Java Runtime Environment to continue.
# Native memory allocation (malloc) failed to allocate 1955200 bytes. Error detail: Chunk::new
# Possible reasons:
#   The system is out of physical RAM or swap space
#   This process is running with CompressedOops enabled, and the Java Heap may be blocking the growth of the native heap
# Possible solutions:
#   Reduce memory load on the system
#   Increase physical memory or swap space
#   Check if swap backing store is full
#   Decrease Java heap size (-Xmx/-Xms)
#   Decrease number of Java threads
#   Decrease Java thread stack sizes (-Xss)
#   Set larger code cache with -XX:ReservedCodeCacheSize=
#   JVM is running with Unscaled Compressed Oops mode in which the Java heap is
#     placed in the first 4GB address space. The Java Heap base address is the
#     maximum limit for the native heap growth. Please use -XX:HeapBaseMinAddress
#     to set the Java Heap base and to place the Java Heap above 4GB virtual address.
# This output file may be truncated or incomplete.
#
#  Out of Memory Error (arena.cpp:168), pid=3012, tid=18764
#
# JRE version: OpenJDK Runtime Environment Temurin-21.0.9+10 (21.0.9+10) (build 21.0.9+10-LTS)
# Java VM: OpenJDK 64-Bit Server VM Temurin-21.0.9+10 (21.0.9+10-LTS, mixed mode, sharing, tiered, compressed oops, compressed class ptrs, parallel gc, windows-amd64)
# No core dump will be written. Minidumps are not enabled by default on client versions of Windows
#

---------------  S U M M A R Y ------------

Command Line: --add-modules=ALL-SYSTEM --add-opens=java.base/java.util=ALL-UNNAMED --add-opens=java.base/java.lang=ALL-UNNAMED --add-opens=java.base/sun.nio.fs=ALL-UNNAMED -Declipse.application=org.eclipse.jdt.ls.core.id1 -Dosgi.bundles.defaultStartLevel=4 -Declipse.product=org.eclipse.jdt.ls.core.product -Djava.import.generatesMetadataFilesAtProjectRoot=false -DDetectVMInstallationsJob.disabled=true -Dfile.encoding=utf8 -XX:+UseParallelGC -XX:GCTimeRatio=4 -XX:AdaptiveSizePolicyWeight=90 -Dsun.zip.disableMemoryMapping=true -Xmx2G -Xms100m -Xlog:disable -javaagent:c:\Users\dadig\.antigravity\extensions\redhat.java-1.50.0-win32-x64\lombok\lombok-1.18.39-4050.jar c:\Users\dadig\.antigravity\extensions\redhat.java-1.50.0-win32-x64\server\plugins\org.eclipse.equinox.launcher_1.7.100.v20251111-0406.jar -configuration c:\Users\dadig\AppData\Roaming\Antigravity\User\globalStorage\redhat.java\1.50.0\config_ss_win -data c:\Users\dadig\AppData\Roaming\Antigravity\User\workspaceStorage\62095a4e5875a9a9aec93d5e91d77f3c\redhat.java\ss_ws --pipe=\\.\pipe\lsp-fb7d3b3c9ad0275ea5d311cbbef7b7e9-sock

Host: AMD Ryzen 3 3250U with Radeon Graphics         , 4 cores, 3G,  Windows 11 , 64 bit Build 26100 (10.0.26100.7309)
Time: Fri Jan  2 09:09:06 2026 India Standard Time elapsed time: 19.312386 seconds (0d 0h 0m 19s)

---------------  T H R E A D  ---------------

Current thread (0x0000018c5d145c30):  JavaThread "C2 CompilerThread0" daemon [_thread_in_native, id=18764, stack(0x000000221fd00000,0x000000221fe00000) (1024K)]


Current CompileTask:
C2:19312 2738       4       org.lombokweb.asm.ClassReader::readMethod (1070 bytes)

Stack: [0x000000221fd00000,0x000000221fe00000]
Native frames: (J=compiled Java code, j=interpreted, Vv=VM code, C=native code)
V  [jvm.dll+0x6d6e29]
V  [jvm.dll+0x8b4b76]
V  [jvm.dll+0x8b712e]
V  [jvm.dll+0x8b7813]
V  [jvm.dll+0x283d86]
V  [jvm.dll+0xc66ed]
V  [jvm.dll+0xc6c31]
V  [jvm.dll+0x3be53b]
V  [jvm.dll+0x1e3d59]
V  [jvm.dll+0x24c0f3]
V  [jvm.dll+0x24b580]
V  [jvm.dll+0x1cb13e]
V  [jvm.dll+0x25b29d]
V  [jvm.dll+0x25982a]
V  [jvm.dll+0x3f7ea6]
V  [jvm.dll+0x85e9ad]
V  [jvm.dll+0x6d565d]
C  [ucrtbase.dll+0x37b0]
C  [KERNEL32.DLL+0x2e8d7]
C  [ntdll.dll+0x8c53c]


---------------  P R O C E S S  ---------------

Threads class SMR info:
_java_thread_list=0x0000018c62349140, length=19, elements={
0x0000018c03a3e1e0, 0x0000018c5d138010, 0x0000018c5d13b820, 0x0000018c5d140f00,
0x0000018c5d141950, 0x0000018c5d1423a0, 0x0000018c5d142df0, 0x0000018c5d145c30,
0x0000018c5d1c20a0, 0x0000018c6216afe0, 0x0000018c622846c0, 0x0000018c6247f3b0,
0x0000018c625d1a50, 0x0000018c625d4d60, 0x0000018c62750220, 0x0000018c6212d4d0,
0x0000018c626bfaa0, 0x0000018c6255c010, 0x0000018c626c6940
}

Java Threads: ( => current thread )
  0x0000018c03a3e1e0 JavaThread "main"                              [_thread_blocked, id=11384, stack(0x000000221f300000,0x000000221f400000) (1024K)]
  0x0000018c5d138010 JavaThread "Reference Handler"          daemon [_thread_blocked, id=5764, stack(0x000000221f700000,0x000000221f800000) (1024K)]
  0x0000018c5d13b820 JavaThread "Finalizer"                  daemon [_thread_blocked, id=1208, stack(0x000000221f800000,0x000000221f900000) (1024K)]
  0x0000018c5d140f00 JavaThread "Signal Dispatcher"          daemon [_thread_blocked, id=18996, stack(0x000000221f900000,0x000000221fa00000) (1024K)]
  0x0000018c5d141950 JavaThread "Attach Listener"            daemon [_thread_blocked, id=17236, stack(0x000000221fa00000,0x000000221fb00000) (1024K)]
  0x0000018c5d1423a0 JavaThread "Service Thread"             daemon [_thread_blocked, id=19260, stack(0x000000221fb00000,0x000000221fc00000) (1024K)]
  0x0000018c5d142df0 JavaThread "Monitor Deflation Thread"   daemon [_thread_blocked, id=3204, stack(0x000000221fc00000,0x000000221fd00000) (1024K)]
=>0x0000018c5d145c30 JavaThread "C2 CompilerThread0"         daemon [_thread_in_native, id=18764, stack(0x000000221fd00000,0x000000221fe00000) (1024K)]
  0x0000018c5d1c20a0 JavaThread "C1 CompilerThread0"         daemon [_thread_blocked, id=4912, stack(0x000000221fe00000,0x000000221ff00000) (1024K)]
  0x0000018c6216afe0 JavaThread "Common-Cleaner"             daemon [_thread_blocked, id=9348, stack(0x000000221ff00000,0x0000002220000000) (1024K)]
  0x0000018c622846c0 JavaThread "Notification Thread"        daemon [_thread_blocked, id=19956, stack(0x0000002220000000,0x0000002220100000) (1024K)]
  0x0000018c6247f3b0 JavaThread "Active Thread: Equinox Container: 870f9ccd-b8e7-4b91-957c-6b6b1842723e"        [_thread_blocked, id=12868, stack(0x0000002220400000,0x0000002220500000) (1024K)]
  0x0000018c625d1a50 JavaThread "Framework Event Dispatcher: Equinox Container: 870f9ccd-b8e7-4b91-957c-6b6b1842723e" daemon [_thread_blocked, id=19132, stack(0x0000002220500000,0x0000002220600000) (1024K)]
  0x0000018c625d4d60 JavaThread "Start Level: Equinox Container: 870f9ccd-b8e7-4b91-957c-6b6b1842723e" daemon [_thread_in_Java, id=19744, stack(0x0000002220600000,0x0000002220700000) (1024K)]
  0x0000018c62750220 JavaThread "SCR Component Actor"        daemon [_thread_blocked, id=19096, stack(0x0000002220700000,0x0000002220800000) (1024K)]
  0x0000018c6212d4d0 JavaThread "Worker-JM"                         [_thread_blocked, id=10080, stack(0x0000002220800000,0x0000002220900000) (1024K)]
  0x0000018c626bfaa0 JavaThread "JNA Cleaner"                daemon [_thread_blocked, id=9704, stack(0x0000002220900000,0x0000002220a00000) (1024K)]
  0x0000018c6255c010 JavaThread "Worker-0"                          [_thread_blocked, id=8420, stack(0x0000002220a00000,0x0000002220b00000) (1024K)]
  0x0000018c626c6940 JavaThread "Worker-1"                          [_thread_blocked, id=12924, stack(0x0000002220b00000,0x0000002220c00000) (1024K)]
Total: 19

Other Threads:
  0x0000018c03afbe50 VMThread "VM Thread"                           [id=10636, stack(0x000000221f600000,0x000000221f700000) (1024K)]
  0x0000018c5d0dca10 WatcherThread "VM Periodic Task Thread"        [id=836, stack(0x000000221f500000,0x000000221f600000) (1024K)]
  0x0000018c03a5ee70 WorkerThread "GC Thread#0"                     [id=12760, stack(0x000000221f400000,0x000000221f500000) (1024K)]
  0x0000018c62586df0 WorkerThread "GC Thread#1"                     [id=2556, stack(0x0000002220100000,0x0000002220200000) (1024K)]
  0x0000018c629128c0 WorkerThread "GC Thread#2"                     [id=11564, stack(0x0000002220200000,0x0000002220300000) (1024K)]
  0x0000018c62912c60 WorkerThread "GC Thread#3"                     [id=18340, stack(0x0000002220300000,0x0000002220400000) (1024K)]
Total: 6

Threads with active compile tasks:
C2 CompilerThread0  19373 2738       4       org.lombokweb.asm.ClassReader::readMethod (1070 bytes)
Total: 1

VM state: not at safepoint (normal execution)

VM Mutex/Monitor currently owned by a thread: None

Heap address: 0x0000000080000000, size: 2048 MB, Compressed Oops mode: 32-bit

CDS archive(s) mapped at: [0x0000018c1c000000-0x0000018c1cba0000-0x0000018c1cba0000), size 12189696, SharedBaseAddress: 0x0000018c1c000000, ArchiveRelocationMode: 1.
Compressed class space mapped at: 0x0000018c1d000000-0x0000018c5d000000, reserved size: 1073741824
Narrow klass base: 0x0000018c1c000000, Narrow klass shift: 0, Narrow klass range: 0x100000000

GC Precious Log:
 CardTable entry size: 512
 CPUs: 4 total, 4 available
 Memory: 3526M
 Large Page Support: Disabled
 NUMA Support: Disabled
 Compressed Oops: Enabled (32-bit)
 Alignments: Space 512K, Generation 512K, Heap 2M
 Heap Min Capacity: 100M
 Heap Initial Capacity: 100M
 Heap Max Capacity: 2G
 Pre-touch: Disabled
 Parallel Workers: 4

Heap:
 PSYoungGen      total 29696K, used 21235K [0x00000000d5580000, 0x00000000d7780000, 0x0000000100000000)
  eden space 25088K, 84% used [0x00000000d5580000,0x00000000d6a3cfa0,0x00000000d6e00000)
  from space 4608K, 0% used [0x00000000d7300000,0x00000000d7300000,0x00000000d7780000)
  to   space 4608K, 0% used [0x00000000d6e80000,0x00000000d6e80000,0x00000000d7300000)
 ParOldGen       total 68608K, used 8915K [0x0000000080000000, 0x0000000084300000, 0x00000000d5580000)
  object space 68608K, 12% used [0x0000000080000000,0x00000000808b4d10,0x0000000084300000)
 Metaspace       used 22230K, committed 22912K, reserved 1114112K
  class space    used 2146K, committed 2432K, reserved 1048576K

Card table byte_map: [0x0000018c17430000,0x0000018c17840000] _byte_map_base: 0x0000018c17030000

Marking Bits: (ParMarkBitMap*) 0x00007ffe14132460
 Begin Bits: [0x0000018c17af0000, 0x0000018c19af0000)
 End Bits:   [0x0000018c19af0000, 0x0000018c1baf0000)

Polling page: 0x0000018c037e0000

Metaspace:

Usage:
  Non-class:     19.61 MB used.
      Class:      2.10 MB used.
       Both:     21.71 MB used.

Virtual space:
  Non-class space:       64.00 MB reserved,      20.00 MB ( 31%) committed,  1 nodes.
      Class space:        1.00 GB reserved,       2.38 MB ( <1%) committed,  1 nodes.
             Both:        1.06 GB reserved,      22.38 MB (  2%) committed. 

Chunk freelists:
   Non-Class:  11.64 MB
       Class:  13.44 MB
        Both:  25.08 MB

MaxMetaspaceSize: unlimited
CompressedClassSpaceSize: 1.00 GB
Initial GC threshold: 21.00 MB
Current GC threshold: 35.00 MB
CDS: on
 - commit_granule_bytes: 65536.
 - commit_granule_words: 8192.
 - virtual_space_node_default_size: 8388608.
 - enlarge_chunks_in_place: 1.
 - use_allocation_guard: 0.


Internal statistics:

num_allocs_failed_limit: 3.
num_arena_births: 506.
num_arena_deaths: 14.
num_vsnodes_births: 2.
num_vsnodes_deaths: 0.
num_space_committed: 358.
num_space_uncommitted: 0.
num_chunks_returned_to_freelist: 17.
num_chunks_taken_from_freelist: 1365.
num_chunk_merges: 9.
num_chunk_splits: 887.
num_chunks_enlarged: 565.
num_inconsistent_stats: 0.

CodeHeap 'non-profiled nmethods': size=120000Kb used=1182Kb max_used=1182Kb free=118818Kb
 bounds [0x0000018c0fd20000, 0x0000018c0ff90000, 0x0000018c17250000]
CodeHeap 'profiled nmethods': size=120000Kb used=5618Kb max_used=5618Kb free=114381Kb
 bounds [0x0000018c08250000, 0x0000018c087d0000, 0x0000018c0f780000]
CodeHeap 'non-nmethods': size=5760Kb used=1316Kb max_used=1318Kb free=4443Kb
 bounds [0x0000018c0f780000, 0x0000018c0f9f0000, 0x0000018c0fd20000]
CodeCache: size=245760Kb, used=8116Kb, max_used=8118Kb, free=237642Kb
 total_blobs=3425, nmethods=2823, adapters=508, full_count=0
Compilation: enabled, stopped_count=0, restarted_count=0

Compilation events (20 events):
Event: 18.990 Thread 0x0000018c5d1c20a0 2822       3       org.lombokweb.asm.SymbolTable::addConstantMemberReference (147 bytes)
Event: 18.991 Thread 0x0000018c5d1c20a0 nmethod 2822 0x0000018c087c7a90 code [0x0000018c087c7d20, 0x0000018c087c85b8]
Event: 18.991 Thread 0x0000018c5d1c20a0 2820       3       org.lombokweb.asm.MethodVisitor::visitLocalVariable (24 bytes)
Event: 18.991 Thread 0x0000018c5d1c20a0 nmethod 2820 0x0000018c087c8b10 code [0x0000018c087c8cc0, 0x0000018c087c8ed0]
Event: 18.991 Thread 0x0000018c5d1c20a0 2821       3       java.util.regex.Matcher::group (65 bytes)
Event: 18.992 Thread 0x0000018c5d1c20a0 nmethod 2821 0x0000018c087c8f90 code [0x0000018c087c91c0, 0x0000018c087c9830]
Event: 18.992 Thread 0x0000018c5d1c20a0 2823       3       org.lombokweb.asm.MethodWriter::endCurrentBasicBlockWithNoSuccessor (98 bytes)
Event: 18.992 Thread 0x0000018c5d1c20a0 nmethod 2823 0x0000018c087c9a90 code [0x0000018c087c9c80, 0x0000018c087ca148]
Event: 18.993 Thread 0x0000018c5d1c20a0 2824       3       org.lombokweb.asm.MethodVisitor::visitTypeInsn (17 bytes)
Event: 18.994 Thread 0x0000018c5d1c20a0 nmethod 2824 0x0000018c087ca310 code [0x0000018c087ca4c0, 0x0000018c087ca6c8]
Event: 19.005 Thread 0x0000018c5d1c20a0 2825       3       jdk.internal.loader.BuiltinClassLoader$2::run (5 bytes)
Event: 19.005 Thread 0x0000018c5d1c20a0 nmethod 2825 0x0000018c087ca790 code [0x0000018c087ca940, 0x0000018c087caa98]
Event: 19.005 Thread 0x0000018c5d1c20a0 2826   !   3       jdk.internal.loader.BuiltinClassLoader$2::run (114 bytes)
Event: 19.006 Thread 0x0000018c5d1c20a0 nmethod 2826 0x0000018c087cab90 code [0x0000018c087cae40, 0x0000018c087cbc40]
Event: 19.018 Thread 0x0000018c5d1c20a0 2827       3       org.eclipse.osgi.internal.hookregistry.ClassLoaderHook::preFindLocalResource (1 bytes)
Event: 19.019 Thread 0x0000018c5d1c20a0 nmethod 2827 0x0000018c087cc110 code [0x0000018c087cc2a0, 0x0000018c087cc3a8]
Event: 19.019 Thread 0x0000018c5d1c20a0 2828       3       org.eclipse.osgi.internal.hookregistry.ClassLoaderHook::postFindLocalResource (1 bytes)
Event: 19.019 Thread 0x0000018c5d1c20a0 nmethod 2828 0x0000018c087cc410 code [0x0000018c087cc5a0, 0x0000018c087cc6a8]
Event: 19.023 Thread 0x0000018c5d1c20a0 2830       3       java.util.concurrent.locks.AbstractQueuedSynchronizer::casTail (13 bytes)
Event: 19.024 Thread 0x0000018c5d1c20a0 nmethod 2830 0x0000018c087cc790 code [0x0000018c087cc920, 0x0000018c087cca60]

GC Heap History (14 events):
Event: 5.452 GC heap before
{Heap before GC invocations=1 (full 0):
 PSYoungGen      total 29696K, used 25600K [0x00000000d5580000, 0x00000000d7680000, 0x0000000100000000)
  eden space 25600K, 100% used [0x00000000d5580000,0x00000000d6e80000,0x00000000d6e80000)
  from space 4096K, 0% used [0x00000000d7280000,0x00000000d7280000,0x00000000d7680000)
  to   space 4096K, 0% used [0x00000000d6e80000,0x00000000d6e80000,0x00000000d7280000)
 ParOldGen       total 68608K, used 0K [0x0000000080000000, 0x0000000084300000, 0x00000000d5580000)
  object space 68608K, 0% used [0x0000000080000000,0x0000000080000000,0x0000000084300000)
 Metaspace       used 4375K, committed 4608K, reserved 1114112K
  class space    used 473K, committed 576K, reserved 1048576K
}
Event: 5.485 GC heap after
{Heap after GC invocations=1 (full 0):
 PSYoungGen      total 29696K, used 3280K [0x00000000d5580000, 0x00000000d7680000, 0x0000000100000000)
  eden space 25600K, 0% used [0x00000000d5580000,0x00000000d5580000,0x00000000d6e80000)
  from space 4096K, 80% used [0x00000000d6e80000,0x00000000d71b4148,0x00000000d7280000)
  to   space 4096K, 0% used [0x00000000d7280000,0x00000000d7280000,0x00000000d7680000)
 ParOldGen       total 68608K, used 0K [0x0000000080000000, 0x0000000084300000, 0x00000000d5580000)
  object space 68608K, 0% used [0x0000000080000000,0x0000000080000000,0x0000000084300000)
 Metaspace       used 4375K, committed 4608K, reserved 1114112K
  class space    used 473K, committed 576K, reserved 1048576K
}
Event: 10.458 GC heap before
{Heap before GC invocations=2 (full 0):
 PSYoungGen      total 29696K, used 28880K [0x00000000d5580000, 0x00000000d7680000, 0x0000000100000000)
  eden space 25600K, 100% used [0x00000000d5580000,0x00000000d6e80000,0x00000000d6e80000)
  from space 4096K, 80% used [0x00000000d6e80000,0x00000000d71b4148,0x00000000d7280000)
  to   space 4096K, 0% used [0x00000000d7280000,0x00000000d7280000,0x00000000d7680000)
 ParOldGen       total 68608K, used 0K [0x0000000080000000, 0x0000000084300000, 0x00000000d5580000)
  object space 68608K, 0% used [0x0000000080000000,0x0000000080000000,0x0000000084300000)
 Metaspace       used 8257K, committed 8576K, reserved 1114112K
  class space    used 876K, committed 1024K, reserved 1048576K
}
Event: 10.475 GC heap after
{Heap after GC invocations=2 (full 0):
 PSYoungGen      total 29696K, used 4080K [0x00000000d5580000, 0x00000000d7680000, 0x0000000100000000)
  eden space 25600K, 0% used [0x00000000d5580000,0x00000000d5580000,0x00000000d6e80000)
  from space 4096K, 99% used [0x00000000d7280000,0x00000000d767c148,0x00000000d7680000)
  to   space 4096K, 0% used [0x00000000d6e80000,0x00000000d6e80000,0x00000000d7280000)
 ParOldGen       total 68608K, used 893K [0x0000000080000000, 0x0000000084300000, 0x00000000d5580000)
  object space 68608K, 1% used [0x0000000080000000,0x00000000800df498,0x0000000084300000)
 Metaspace       used 8257K, committed 8576K, reserved 1114112K
  class space    used 876K, committed 1024K, reserved 1048576K
}
Event: 13.228 GC heap before
{Heap before GC invocations=3 (full 0):
 PSYoungGen      total 29696K, used 29680K [0x00000000d5580000, 0x00000000d7680000, 0x0000000100000000)
  eden space 25600K, 100% used [0x00000000d5580000,0x00000000d6e80000,0x00000000d6e80000)
  from space 4096K, 99% used [0x00000000d7280000,0x00000000d767c148,0x00000000d7680000)
  to   space 4096K, 0% used [0x00000000d6e80000,0x00000000d6e80000,0x00000000d7280000)
 ParOldGen       total 68608K, used 893K [0x0000000080000000, 0x0000000084300000, 0x00000000d5580000)
  object space 68608K, 1% used [0x0000000080000000,0x00000000800df498,0x0000000084300000)
 Metaspace       used 13050K, committed 13568K, reserved 1114112K
  class space    used 1382K, committed 1600K, reserved 1048576K
}
Event: 13.246 GC heap after
{Heap after GC invocations=3 (full 0):
 PSYoungGen      total 29696K, used 4070K [0x00000000d5580000, 0x00000000d7680000, 0x0000000100000000)
  eden space 25600K, 0% used [0x00000000d5580000,0x00000000d5580000,0x00000000d6e80000)
  from space 4096K, 99% used [0x00000000d6e80000,0x00000000d7279a90,0x00000000d7280000)
  to   space 4096K, 0% used [0x00000000d7280000,0x00000000d7280000,0x00000000d7680000)
 ParOldGen       total 68608K, used 2819K [0x0000000080000000, 0x0000000084300000, 0x00000000d5580000)
  object space 68608K, 4% used [0x0000000080000000,0x00000000802c0d68,0x0000000084300000)
 Metaspace       used 13050K, committed 13568K, reserved 1114112K
  class space    used 1382K, committed 1600K, reserved 1048576K
}
Event: 16.856 GC heap before
{Heap before GC invocations=4 (full 0):
 PSYoungGen      total 29696K, used 29670K [0x00000000d5580000, 0x00000000d7680000, 0x0000000100000000)
  eden space 25600K, 100% used [0x00000000d5580000,0x00000000d6e80000,0x00000000d6e80000)
  from space 4096K, 99% used [0x00000000d6e80000,0x00000000d7279a90,0x00000000d7280000)
  to   space 4096K, 0% used [0x00000000d7280000,0x00000000d7280000,0x00000000d7680000)
 ParOldGen       total 68608K, used 2819K [0x0000000080000000, 0x0000000084300000, 0x00000000d5580000)
  object space 68608K, 4% used [0x0000000080000000,0x00000000802c0d68,0x0000000084300000)
 Metaspace       used 17228K, committed 17920K, reserved 1114112K
  class space    used 1802K, committed 2112K, reserved 1048576K
}
Event: 16.865 GC heap after
{Heap after GC invocations=4 (full 0):
 PSYoungGen      total 29696K, used 4075K [0x00000000d5580000, 0x00000000d7680000, 0x0000000100000000)
  eden space 25600K, 0% used [0x00000000d5580000,0x00000000d5580000,0x00000000d6e80000)
  from space 4096K, 99% used [0x00000000d7280000,0x00000000d767ae98,0x00000000d7680000)
  to   space 4096K, 0% used [0x00000000d6e80000,0x00000000d6e80000,0x00000000d7280000)
 ParOldGen       total 68608K, used 4551K [0x0000000080000000, 0x0000000084300000, 0x00000000d5580000)
  object space 68608K, 6% used [0x0000000080000000,0x0000000080471d10,0x0000000084300000)
 Metaspace       used 17228K, committed 17920K, reserved 1114112K
  class space    used 1802K, committed 2112K, reserved 1048576K
}
Event: 18.067 GC heap before
{Heap before GC invocations=5 (full 0):
 PSYoungGen      total 29696K, used 29675K [0x00000000d5580000, 0x00000000d7680000, 0x0000000100000000)
  eden space 25600K, 100% used [0x00000000d5580000,0x00000000d6e80000,0x00000000d6e80000)
  from space 4096K, 99% used [0x00000000d7280000,0x00000000d767ae98,0x00000000d7680000)
  to   space 4096K, 0% used [0x00000000d6e80000,0x00000000d6e80000,0x00000000d7280000)
 ParOldGen       total 68608K, used 4551K [0x0000000080000000, 0x0000000084300000, 0x00000000d5580000)
  object space 68608K, 6% used [0x0000000080000000,0x0000000080471d10,0x0000000084300000)
 Metaspace       used 20454K, committed 21184K, reserved 1114112K
  class space    used 2022K, committed 2368K, reserved 1048576K
}
Event: 18.091 GC heap after
{Heap after GC invocations=5 (full 0):
 PSYoungGen      total 29184K, used 4067K [0x00000000d5580000, 0x00000000d7800000, 0x0000000100000000)
  eden space 25088K, 0% used [0x00000000d5580000,0x00000000d5580000,0x00000000d6e00000)
  from space 4096K, 99% used [0x00000000d6e80000,0x00000000d7278e00,0x00000000d7280000)
  to   space 5120K, 0% used [0x00000000d7300000,0x00000000d7300000,0x00000000d7800000)
 ParOldGen       total 68608K, used 4742K [0x0000000080000000, 0x0000000084300000, 0x00000000d5580000)
  object space 68608K, 6% used [0x0000000080000000,0x00000000804a1a28,0x0000000084300000)
 Metaspace       used 20454K, committed 21184K, reserved 1114112K
  class space    used 2022K, committed 2368K, reserved 1048576K
}
Event: 18.405 GC heap before
{Heap before GC invocations=6 (full 0):
 PSYoungGen      total 29184K, used 9447K [0x00000000d5580000, 0x00000000d7800000, 0x0000000100000000)
  eden space 25088K, 21% used [0x00000000d5580000,0x00000000d5ac1030,0x00000000d6e00000)
  from space 4096K, 99% used [0x00000000d6e80000,0x00000000d7278e00,0x00000000d7280000)
  to   space 5120K, 0% used [0x00000000d7300000,0x00000000d7300000,0x00000000d7800000)
 ParOldGen       total 68608K, used 4742K [0x0000000080000000, 0x0000000084300000, 0x00000000d5580000)
  object space 68608K, 6% used [0x0000000080000000,0x00000000804a1a28,0x0000000084300000)
 Metaspace       used 20824K, committed 21504K, reserved 1114112K
  class space    used 2047K, committed 2368K, reserved 1048576K
}
Event: 18.415 GC heap after
{Heap after GC invocations=6 (full 0):
 PSYoungGen      total 29696K, used 4438K [0x00000000d5580000, 0x00000000d7780000, 0x0000000100000000)
  eden space 25088K, 0% used [0x00000000d5580000,0x00000000d5580000,0x00000000d6e00000)
  from space 4608K, 96% used [0x00000000d7300000,0x00000000d77559d0,0x00000000d7780000)
  to   space 4608K, 0% used [0x00000000d6e80000,0x00000000d6e80000,0x00000000d7300000)
 ParOldGen       total 68608K, used 4742K [0x0000000080000000, 0x0000000084300000, 0x00000000d5580000)
  object space 68608K, 6% used [0x0000000080000000,0x00000000804a1a28,0x0000000084300000)
 Metaspace       used 20824K, committed 21504K, reserved 1114112K
  class space    used 2047K, committed 2368K, reserved 1048576K
}
Event: 18.415 GC heap before
{Heap before GC invocations=7 (full 1):
 PSYoungGen      total 29696K, used 4438K [0x00000000d5580000, 0x00000000d7780000, 0x0000000100000000)
  eden space 25088K, 0% used [0x00000000d5580000,0x00000000d5580000,0x00000000d6e00000)
  from space 4608K, 96% used [0x00000000d7300000,0x00000000d77559d0,0x00000000d7780000)
  to   space 4608K, 0% used [0x00000000d6e80000,0x00000000d6e80000,0x00000000d7300000)
 ParOldGen       total 68608K, used 4742K [0x0000000080000000, 0x0000000084300000, 0x00000000d5580000)
  object space 68608K, 6% used [0x0000000080000000,0x00000000804a1a28,0x0000000084300000)
 Metaspace       used 20824K, committed 21504K, reserved 1114112K
  class space    used 2047K, committed 2368K, reserved 1048576K
}
Event: 18.479 GC heap after
{Heap after GC invocations=7 (full 1):
 PSYoungGen      total 29696K, used 0K [0x00000000d5580000, 0x00000000d7780000, 0x0000000100000000)
  eden space 25088K, 0% used [0x00000000d5580000,0x00000000d5580000,0x00000000d6e00000)
  from space 4608K, 0% used [0x00000000d7300000,0x00000000d7300000,0x00000000d7780000)
  to   space 4608K, 0% used [0x00000000d6e80000,0x00000000d6e80000,0x00000000d7300000)
 ParOldGen       total 68608K, used 8915K [0x0000000080000000, 0x0000000084300000, 0x00000000d5580000)
  object space 68608K, 12% used [0x0000000080000000,0x00000000808b4d10,0x0000000084300000)
 Metaspace       used 20811K, committed 21504K, reserved 1114112K
  class space    used 2043K, committed 2368K, reserved 1048576K
}

Dll operation events (10 events):
Event: 0.033 Loaded shared library c:\Users\dadig\.antigravity\extensions\redhat.java-1.50.0-win32-x64\jre\21.0.9-win32-x86_64\bin\java.dll
Event: 0.557 Loaded shared library c:\Users\dadig\.antigravity\extensions\redhat.java-1.50.0-win32-x64\jre\21.0.9-win32-x86_64\bin\zip.dll
Event: 0.659 Loaded shared library C:\Users\dadig\.antigravity\extensions\redhat.java-1.50.0-win32-x64\jre\21.0.9-win32-x86_64\bin\instrument.dll
Event: 0.671 Loaded shared library C:\Users\dadig\.antigravity\extensions\redhat.java-1.50.0-win32-x64\jre\21.0.9-win32-x86_64\bin\net.dll
Event: 0.676 Loaded shared library C:\Users\dadig\.antigravity\extensions\redhat.java-1.50.0-win32-x64\jre\21.0.9-win32-x86_64\bin\nio.dll
Event: 0.686 Loaded shared library C:\Users\dadig\.antigravity\extensions\redhat.java-1.50.0-win32-x64\jre\21.0.9-win32-x86_64\bin\zip.dll
Event: 0.769 Loaded shared library C:\Users\dadig\.antigravity\extensions\redhat.java-1.50.0-win32-x64\jre\21.0.9-win32-x86_64\bin\jimage.dll
Event: 1.639 Loaded shared library c:\Users\dadig\.antigravity\extensions\redhat.java-1.50.0-win32-x64\jre\21.0.9-win32-x86_64\bin\verify.dll
Event: 10.160 Loaded shared library C:\Users\dadig\AppData\Roaming\Antigravity\User\globalStorage\redhat.java\1.50.0\config_ss_win\org.eclipse.equinox.launcher\org.eclipse.equinox.launcher.win32.win32.x86_64_1.2.1400.v20250801-0854\eclipse_11916.dll
Event: 16.135 Loaded shared library C:\Users\dadig\AppData\Local\Temp\jna-95341285\jna18104329063775589405.dll

Deoptimization events (20 events):
Event: 16.705 Thread 0x0000018c625d4d60 Uncommon trap: trap_request=0xffffffde fr.pc=0x0000018c0fe0e894 relative=0x00000000000003b4
Event: 16.705 Thread 0x0000018c625d4d60 Uncommon trap: reason=class_check action=maybe_recompile pc=0x0000018c0fe0e894 method=java.util.regex.Pattern$BmpCharPropertyGreedy.match(Ljava/util/regex/Matcher;ILjava/lang/CharSequence;)Z @ 70 c2
Event: 16.705 Thread 0x0000018c625d4d60 DEOPT PACKING pc=0x0000018c0fe0e894 sp=0x00000022206f3110
Event: 16.705 Thread 0x0000018c625d4d60 DEOPT UNPACKING pc=0x0000018c0f7d3aa2 sp=0x00000022206f30b8 mode 2
Event: 16.705 Thread 0x0000018c625d4d60 Uncommon trap: trap_request=0xffffffde fr.pc=0x0000018c0fe0e894 relative=0x00000000000003b4
Event: 16.705 Thread 0x0000018c625d4d60 Uncommon trap: reason=class_check action=maybe_recompile pc=0x0000018c0fe0e894 method=java.util.regex.Pattern$BmpCharPropertyGreedy.match(Ljava/util/regex/Matcher;ILjava/lang/CharSequence;)Z @ 70 c2
Event: 16.705 Thread 0x0000018c625d4d60 DEOPT PACKING pc=0x0000018c0fe0e894 sp=0x00000022206f32d0
Event: 16.705 Thread 0x0000018c625d4d60 DEOPT UNPACKING pc=0x0000018c0f7d3aa2 sp=0x00000022206f3278 mode 2
Event: 16.705 Thread 0x0000018c625d4d60 Uncommon trap: trap_request=0xffffffde fr.pc=0x0000018c0fe0e894 relative=0x00000000000003b4
Event: 16.705 Thread 0x0000018c625d4d60 Uncommon trap: reason=class_check action=maybe_recompile pc=0x0000018c0fe0e894 method=java.util.regex.Pattern$BmpCharPropertyGreedy.match(Ljava/util/regex/Matcher;ILjava/lang/CharSequence;)Z @ 70 c2
Event: 16.705 Thread 0x0000018c625d4d60 DEOPT PACKING pc=0x0000018c0fe0e894 sp=0x00000022206f3120
Event: 16.705 Thread 0x0000018c625d4d60 DEOPT UNPACKING pc=0x0000018c0f7d3aa2 sp=0x00000022206f30c8 mode 2
Event: 18.021 Thread 0x0000018c625d4d60 Uncommon trap: trap_request=0xffffff45 fr.pc=0x0000018c0fe4596c relative=0x000000000000014c
Event: 18.021 Thread 0x0000018c625d4d60 Uncommon trap: reason=unstable_if action=reinterpret pc=0x0000018c0fe4596c method=org.lombokweb.asm.ByteVector.putByteArray([BII)Lorg/lombokweb/asm/ByteVector; @ 20 c2
Event: 18.021 Thread 0x0000018c625d4d60 DEOPT PACKING pc=0x0000018c0fe4596c sp=0x00000022206f27e0
Event: 18.021 Thread 0x0000018c625d4d60 DEOPT UNPACKING pc=0x0000018c0f7d3aa2 sp=0x00000022206f27b0 mode 2
Event: 18.021 Thread 0x0000018c625d4d60 Uncommon trap: trap_request=0xffffff45 fr.pc=0x0000018c0fe44224 relative=0x0000000000000364
Event: 18.021 Thread 0x0000018c625d4d60 Uncommon trap: reason=unstable_if action=reinterpret pc=0x0000018c0fe44224 method=org.lombokweb.asm.Label.resolve([BLorg/lombokweb/asm/ByteVector;I)Z @ 81 c2
Event: 18.021 Thread 0x0000018c625d4d60 DEOPT PACKING pc=0x0000018c0fe44224 sp=0x00000022206f2870
Event: 18.021 Thread 0x0000018c625d4d60 DEOPT UNPACKING pc=0x0000018c0f7d3aa2 sp=0x00000022206f2778 mode 2

Classes loaded (20 events):
Event: 16.741 Loading class java/io/StringReader
Event: 16.741 Loading class java/io/StringReader done
Event: 16.755 Loading class java/net/SocketTimeoutException
Event: 16.756 Loading class java/io/InterruptedIOException
Event: 16.756 Loading class java/io/InterruptedIOException done
Event: 16.756 Loading class java/net/SocketTimeoutException done
Event: 16.756 Loading class java/net/SocketException
Event: 16.756 Loading class java/net/SocketException done
Event: 16.757 Loading class java/net/UnknownHostException
Event: 16.757 Loading class java/net/UnknownHostException done
Event: 16.757 Loading class java/net/ProtocolException
Event: 16.757 Loading class java/net/ProtocolException done
Event: 16.813 Loading class java/lang/ThreadLocal$SuppliedThreadLocal
Event: 16.813 Loading class java/lang/ThreadLocal$SuppliedThreadLocal done
Event: 16.827 Loading class java/io/FileWriter
Event: 16.827 Loading class java/io/FileWriter done
Event: 16.827 Loading class java/lang/NegativeArraySizeException
Event: 16.827 Loading class java/lang/NegativeArraySizeException done
Event: 18.754 Loading class org/w3c/dom/DOMException
Event: 18.755 Loading class org/w3c/dom/DOMException done

Classes unloaded (7 events):
Event: 18.424 Thread 0x0000018c03afbe50 Unloading class 0x0000018c1d18cc00 'java/lang/invoke/LambdaForm$MH+0x0000018c1d18cc00'
Event: 18.424 Thread 0x0000018c03afbe50 Unloading class 0x0000018c1d18c800 'java/lang/invoke/LambdaForm$MH+0x0000018c1d18c800'
Event: 18.424 Thread 0x0000018c03afbe50 Unloading class 0x0000018c1d18c400 'java/lang/invoke/LambdaForm$MH+0x0000018c1d18c400'
Event: 18.424 Thread 0x0000018c03afbe50 Unloading class 0x0000018c1d18c000 'java/lang/invoke/LambdaForm$MH+0x0000018c1d18c000'
Event: 18.424 Thread 0x0000018c03afbe50 Unloading class 0x0000018c1d18bc00 'java/lang/invoke/LambdaForm$BMH+0x0000018c1d18bc00'
Event: 18.424 Thread 0x0000018c03afbe50 Unloading class 0x0000018c1d18b800 'java/lang/invoke/LambdaForm$DMH+0x0000018c1d18b800'
Event: 18.424 Thread 0x0000018c03afbe50 Unloading class 0x0000018c1d18a400 'java/lang/invoke/LambdaForm$DMH+0x0000018c1d18a400'

Classes redefined (0 events):
No events

Internal exceptions (20 events):
Event: 16.189 Thread 0x0000018c625d4d60 Exception <a 'java/lang/NoSuchMethodError'{0x00000000d6350bf0}: 'void java.lang.invoke.DelegatingMethodHandle$Holder.reinvoke_L(java.lang.Object, java.lang.Object, int)'> (0x00000000d6350bf0) 
thrown [s\src\hotspot\share\interpreter\linkResolver.cpp, line 773]
Event: 16.190 Thread 0x0000018c625d4d60 Exception <a 'java/lang/NoSuchMethodError'{0x00000000d63578d8}: 'int java.lang.invoke.Invokers$Holder.invokeExact_MT(java.lang.Object, java.lang.Object, java.lang.Object)'> (0x00000000d63578d8) 
thrown [s\src\hotspot\share\interpreter\linkResolver.cpp, line 773]
Event: 16.253 Thread 0x0000018c625d4d60 Exception <a 'java/lang/NoSuchMethodError'{0x00000000d6464d90}: 'void java.lang.invoke.Invokers$Holder.invokeExact_MT(java.lang.Object, java.lang.Object, int, java.lang.Object)'> (0x00000000d6464d90) 
thrown [s\src\hotspot\share\interpreter\linkResolver.cpp, line 773]
Event: 16.301 Thread 0x0000018c625d4d60 Exception <a 'java/lang/NoSuchMethodError'{0x00000000d6551d58}: 'java.lang.Object java.lang.invoke.DirectMethodHandle$Holder.invokeSpecial(java.lang.Object, java.lang.Object, java.lang.Object, long, java.lang.Object)'> (0x00000000d6551d58) 
thrown [s\src\hotspot\share\interpreter\linkResolver.cpp, line 773]
Event: 16.302 Thread 0x0000018c625d4d60 Exception <a 'java/lang/NoSuchMethodError'{0x00000000d65595a0}: 'java.lang.Object java.lang.invoke.DirectMethodHandle$Holder.newInvokeSpecial(java.lang.Object, java.lang.Object, java.lang.Object, long)'> (0x00000000d65595a0) 
thrown [s\src\hotspot\share\interpreter\linkResolver.cpp, line 773]
Event: 16.303 Thread 0x0000018c625d4d60 Exception <a 'java/lang/NoSuchMethodError'{0x00000000d655d950}: 'java.lang.Object java.lang.invoke.DirectMethodHandle$Holder.invokeSpecial(java.lang.Object, java.lang.Object, java.lang.Object, java.lang.Object, long)'> (0x00000000d655d950) 
thrown [s\src\hotspot\share\interpreter\linkResolver.cpp, line 773]
Event: 16.303 Thread 0x0000018c625d4d60 Exception <a 'java/lang/NoSuchMethodError'{0x00000000d6561570}: 'java.lang.Object java.lang.invoke.Invokers$Holder.linkToTargetMethod(java.lang.Object, java.lang.Object, long, java.lang.Object)'> (0x00000000d6561570) 
thrown [s\src\hotspot\share\interpreter\linkResolver.cpp, line 773]
Event: 16.329 Thread 0x0000018c625d4d60 Exception <a 'java/lang/NoSuchMethodError'{0x00000000d65d35f0}: 'int java.lang.invoke.DirectMethodHandle$Holder.invokeStaticInit(java.lang.Object, java.lang.Object, java.lang.Object)'> (0x00000000d65d35f0) 
thrown [s\src\hotspot\share\interpreter\linkResolver.cpp, line 773]
Event: 16.352 Thread 0x0000018c625d4d60 Exception <a 'java/lang/IncompatibleClassChangeError'{0x00000000d665dc28}: Found class java.lang.Object, but interface was expected> (0x00000000d665dc28) 
thrown [s\src\hotspot\share\interpreter\linkResolver.cpp, line 840]
Event: 16.522 Thread 0x0000018c625d4d60 Exception <a 'java/lang/NoSuchMethodError'{0x00000000d66d0d50}: 'java.lang.Object java.lang.invoke.DirectMethodHandle$Holder.invokeSpecial(java.lang.Object, java.lang.Object, java.lang.Object, int, java.lang.Object, java.lang.Object)'> (0x00000000d66d0d50) 
thrown [s\src\hotspot\share\interpreter\linkResolver.cpp, line 773]
Event: 16.523 Thread 0x0000018c625d4d60 Exception <a 'java/lang/NoSuchMethodError'{0x00000000d66d8828}: 'java.lang.Object java.lang.invoke.DirectMethodHandle$Holder.newInvokeSpecial(java.lang.Object, java.lang.Object, java.lang.Object, int, java.lang.Object)'> (0x00000000d66d8828) 
thrown [s\src\hotspot\share\interpreter\linkResolver.cpp, line 773]
Event: 16.524 Thread 0x0000018c625d4d60 Exception <a 'java/lang/NoSuchMethodError'{0x00000000d66dc7a8}: 'java.lang.Object java.lang.invoke.DirectMethodHandle$Holder.invokeSpecial(java.lang.Object, java.lang.Object, java.lang.Object, java.lang.Object, int, java.lang.Object)'> (0x00000000d66dc7a8) 
thrown [s\src\hotspot\share\interpreter\linkResolver.cpp, line 773]
Event: 16.524 Thread 0x0000018c625d4d60 Exception <a 'java/lang/NoSuchMethodError'{0x00000000d66e02e8}: 'java.lang.Object java.lang.invoke.Invokers$Holder.linkToTargetMethod(java.lang.Object, java.lang.Object, int, java.lang.Object, java.lang.Object)'> (0x00000000d66e02e8) 
thrown [s\src\hotspot\share\interpreter\linkResolver.cpp, line 773]
Event: 16.525 Thread 0x0000018c6255c010 Exception <a 'java/lang/NoSuchMethodError'{0x00000000d65b02a0}: 'java.lang.Object java.lang.invoke.DirectMethodHandle$Holder.invokeSpecial(java.lang.Object, java.lang.Object, int, java.lang.Object, java.lang.Object)'> (0x00000000d65b02a0) 
thrown [s\src\hotspot\share\interpreter\linkResolver.cpp, line 773]
Event: 16.526 Thread 0x0000018c6255c010 Exception <a 'java/lang/NoSuchMethodError'{0x00000000d65b6fd8}: 'java.lang.Object java.lang.invoke.DirectMethodHandle$Holder.newInvokeSpecial(java.lang.Object, java.lang.Object, int, java.lang.Object)'> (0x00000000d65b6fd8) 
thrown [s\src\hotspot\share\interpreter\linkResolver.cpp, line 773]
Event: 16.526 Thread 0x0000018c6255c010 Exception <a 'java/lang/NoSuchMethodError'{0x00000000d65ba8b8}: 'java.lang.Object java.lang.invoke.DirectMethodHandle$Holder.invokeSpecial(java.lang.Object, java.lang.Object, java.lang.Object, int, java.lang.Object)'> (0x00000000d65ba8b8) 
thrown [s\src\hotspot\share\interpreter\linkResolver.cpp, line 773]
Event: 16.571 Thread 0x0000018c625d4d60 Exception <a 'java/lang/NoSuchMethodError'{0x00000000d67fe7a8}: 'void java.lang.invoke.DirectMethodHandle$Holder.invokeSpecial(java.lang.Object, java.lang.Object, java.lang.Object, java.lang.Object, java.lang.Object)'> (0x00000000d67fe7a8) 
thrown [s\src\hotspot\share\interpreter\linkResolver.cpp, line 773]
Event: 16.660 Thread 0x0000018c625d4d60 Exception <a 'java/lang/NoSuchMethodError'{0x00000000d6a06f70}: 'double java.lang.invoke.DirectMethodHandle$Holder.invokeStatic(java.lang.Object, java.lang.Object)'> (0x00000000d6a06f70) 
thrown [s\src\hotspot\share\interpreter\linkResolver.cpp, line 773]
Event: 16.661 Thread 0x0000018c625d4d60 Exception <a 'java/lang/NoSuchMethodError'{0x00000000d6a0a630}: 'double java.lang.invoke.DirectMethodHandle$Holder.invokeStaticInit(java.lang.Object, java.lang.Object)'> (0x00000000d6a0a630) 
thrown [s\src\hotspot\share\interpreter\linkResolver.cpp, line 773]
Event: 18.021 Thread 0x0000018c625d4d60 Implicit null exception at 0x0000018c0fe45875 to 0x0000018c0fe45950

ZGC Phase Switch (0 events):
No events

VM Operations (20 events):
Event: 13.676 Executing VM operation: HandshakeAllThreads (Deoptimize)
Event: 13.676 Executing VM operation: HandshakeAllThreads (Deoptimize) done
Event: 13.715 Executing VM operation: HandshakeAllThreads (Deoptimize)
Event: 13.715 Executing VM operation: HandshakeAllThreads (Deoptimize) done
Event: 13.798 Executing VM operation: HandshakeAllThreads (Deoptimize)
Event: 13.798 Executing VM operation: HandshakeAllThreads (Deoptimize) done
Event: 14.811 Executing VM operation: Cleanup
Event: 14.811 Executing VM operation: Cleanup done
Event: 15.825 Executing VM operation: Cleanup
Event: 15.825 Executing VM operation: Cleanup done
Event: 16.158 Executing VM operation: HandshakeAllThreads (Deoptimize)
Event: 16.158 Executing VM operation: HandshakeAllThreads (Deoptimize) done
Event: 16.856 Executing VM operation: ParallelGCFailedAllocation (Allocation Failure)
Event: 16.865 Executing VM operation: ParallelGCFailedAllocation (Allocation Failure) done
Event: 17.865 Executing VM operation: Cleanup
Event: 17.869 Executing VM operation: Cleanup done
Event: 18.067 Executing VM operation: ParallelGCFailedAllocation (Allocation Failure)
Event: 18.091 Executing VM operation: ParallelGCFailedAllocation (Allocation Failure) done
Event: 18.404 Executing VM operation: CollectForMetadataAllocation (Metadata GC Threshold)
Event: 18.479 Executing VM operation: CollectForMetadataAllocation (Metadata GC Threshold) done

Memory protections (0 events):
No events

Nmethod flushes (0 events):
No events

Events (19 events):
Event: 0.102 Thread 0x0000018c03a3e1e0 Thread added: 0x0000018c03a3e1e0
Event: 0.190 Thread 0x0000018c03a3e1e0 Thread added: 0x0000018c5d138010
Event: 0.191 Thread 0x0000018c03a3e1e0 Thread added: 0x0000018c5d13b820
Event: 0.192 Thread 0x0000018c03a3e1e0 Thread added: 0x0000018c5d140f00
Event: 0.192 Thread 0x0000018c03a3e1e0 Thread added: 0x0000018c5d141950
Event: 0.192 Thread 0x0000018c03a3e1e0 Thread added: 0x0000018c5d1423a0
Event: 0.192 Thread 0x0000018c03a3e1e0 Thread added: 0x0000018c5d142df0
Event: 0.193 Thread 0x0000018c03a3e1e0 Thread added: 0x0000018c5d145c30
Event: 0.207 Thread 0x0000018c03a3e1e0 Thread added: 0x0000018c5d1c20a0
Event: 0.667 Thread 0x0000018c03a3e1e0 Thread added: 0x0000018c6216afe0
Event: 1.905 Thread 0x0000018c03a3e1e0 Thread added: 0x0000018c622846c0
Event: 8.660 Thread 0x0000018c03a3e1e0 Thread added: 0x0000018c6247f3b0
Event: 10.078 Thread 0x0000018c03a3e1e0 Thread added: 0x0000018c625d1a50
Event: 10.095 Thread 0x0000018c03a3e1e0 Thread added: 0x0000018c625d4d60
Event: 10.960 Thread 0x0000018c625d4d60 Thread added: 0x0000018c62750220
Event: 12.337 Thread 0x0000018c625d4d60 Thread added: 0x0000018c6212d4d0
Event: 16.205 Thread 0x0000018c625d4d60 Thread added: 0x0000018c626bfaa0
Event: 16.318 Thread 0x0000018c625d4d60 Thread added: 0x0000018c6255c010
Event: 16.526 Thread 0x0000018c625d4d60 Thread added: 0x0000018c626c6940


Dynamic libraries:
0x00007ff73e720000 - 0x00007ff73e72e000 	c:\Users\dadig\.antigravity\extensions\redhat.java-1.50.0-win32-x64\jre\21.0.9-win32-x86_64\bin\java.exe
0x00007ffe8ba60000 - 0x00007ffe8bcc7000 	C:\WINDOWS\SYSTEM32\ntdll.dll
0x00007ffe8a360000 - 0x00007ffe8a429000 	C:\WINDOWS\System32\KERNEL32.DLL
0x00007ffe88c60000 - 0x00007ffe8904f000 	C:\WINDOWS\System32\KERNELBASE.dll
0x00007ffe89470000 - 0x00007ffe895bb000 	C:\WINDOWS\System32\ucrtbase.dll
0x00007ffe7c310000 - 0x00007ffe7c328000 	c:\Users\dadig\.antigravity\extensions\redhat.java-1.50.0-win32-x64\jre\21.0.9-win32-x86_64\bin\jli.dll
0x00007ffe899e0000 - 0x00007ffe89ba5000 	C:\WINDOWS\System32\USER32.dll
0x00007ffe89060000 - 0x00007ffe89087000 	C:\WINDOWS\System32\win32u.dll
0x00007ffe89f40000 - 0x00007ffe89f6b000 	C:\WINDOWS\System32\GDI32.dll
0x00007ffe7c0d0000 - 0x00007ffe7c0ee000 	c:\Users\dadig\.antigravity\extensions\redhat.java-1.50.0-win32-x64\jre\21.0.9-win32-x86_64\bin\VCRUNTIME140.dll
0x00007ffe891d0000 - 0x00007ffe892fc000 	C:\WINDOWS\System32\gdi32full.dll
0x00007ffe88bb0000 - 0x00007ffe88c53000 	C:\WINDOWS\System32\msvcp_win.dll
0x00007ffe6f0d0000 - 0x00007ffe6f363000 	C:\WINDOWS\WinSxS\amd64_microsoft.windows.common-controls_6595b64144ccf1df_6.0.26100.7309_none_3e05feeae336a044\COMCTL32.dll
0x00007ffe8a640000 - 0x00007ffe8a6e9000 	C:\WINDOWS\System32\msvcrt.dll
0x00007ffe8b440000 - 0x00007ffe8b471000 	C:\WINDOWS\System32\IMM32.DLL
0x00007ffe83d90000 - 0x00007ffe83d9c000 	c:\Users\dadig\.antigravity\extensions\redhat.java-1.50.0-win32-x64\jre\21.0.9-win32-x86_64\bin\vcruntime140_1.dll
0x00007ffe67530000 - 0x00007ffe675bd000 	c:\Users\dadig\.antigravity\extensions\redhat.java-1.50.0-win32-x64\jre\21.0.9-win32-x86_64\bin\msvcp140.dll
0x00007ffe13470000 - 0x00007ffe14210000 	c:\Users\dadig\.antigravity\extensions\redhat.java-1.50.0-win32-x64\jre\21.0.9-win32-x86_64\bin\server\jvm.dll
0x00007ffe8b500000 - 0x00007ffe8b5b4000 	C:\WINDOWS\System32\ADVAPI32.dll
0x00007ffe8b970000 - 0x00007ffe8ba16000 	C:\WINDOWS\System32\sechost.dll
0x00007ffe8b850000 - 0x00007ffe8b968000 	C:\WINDOWS\System32\RPCRT4.dll
0x00007ffe8b480000 - 0x00007ffe8b4f4000 	C:\WINDOWS\System32\WS2_32.dll
0x00007ffe88a10000 - 0x00007ffe88a6e000 	C:\WINDOWS\SYSTEM32\POWRPROF.dll
0x00007ffe821c0000 - 0x00007ffe821f5000 	C:\WINDOWS\SYSTEM32\WINMM.dll
0x00007ffe82200000 - 0x00007ffe8220b000 	C:\WINDOWS\SYSTEM32\VERSION.dll
0x00007ffe889f0000 - 0x00007ffe88a04000 	C:\WINDOWS\SYSTEM32\UMPDC.dll
0x00007ffe87960000 - 0x00007ffe8797b000 	C:\WINDOWS\SYSTEM32\kernel.appcore.dll
0x00007ffe83c00000 - 0x00007ffe83c0a000 	c:\Users\dadig\.antigravity\extensions\redhat.java-1.50.0-win32-x64\jre\21.0.9-win32-x86_64\bin\jimage.dll
0x00007ffe7ecd0000 - 0x00007ffe7ef12000 	C:\WINDOWS\SYSTEM32\DBGHELP.DLL
0x00007ffe89fd0000 - 0x00007ffe8a355000 	C:\WINDOWS\System32\combase.dll
0x00007ffe8a560000 - 0x00007ffe8a636000 	C:\WINDOWS\System32\OLEAUT32.dll
0x00007ffe6e560000 - 0x00007ffe6e59c000 	C:\WINDOWS\SYSTEM32\dbgcore.DLL
0x00007ffe89120000 - 0x00007ffe891c5000 	C:\WINDOWS\System32\bcryptPrimitives.dll
0x00007ffe7d8a0000 - 0x00007ffe7d8af000 	c:\Users\dadig\.antigravity\extensions\redhat.java-1.50.0-win32-x64\jre\21.0.9-win32-x86_64\bin\instrument.dll
0x00007ffe7be90000 - 0x00007ffe7beb0000 	c:\Users\dadig\.antigravity\extensions\redhat.java-1.50.0-win32-x64\jre\21.0.9-win32-x86_64\bin\java.dll
0x00007ffe8ace0000 - 0x00007ffe8b433000 	C:\WINDOWS\System32\SHELL32.dll
0x00007ffe89300000 - 0x00007ffe8946a000 	C:\WINDOWS\System32\wintypes.dll
0x00007ffe867f0000 - 0x00007ffe8704e000 	C:\WINDOWS\SYSTEM32\windows.storage.dll
0x00007ffe8b5c0000 - 0x00007ffe8b6b5000 	C:\WINDOWS\System32\SHCORE.dll
0x00007ffe8a4f0000 - 0x00007ffe8a556000 	C:\WINDOWS\System32\shlwapi.dll
0x00007ffe88ad0000 - 0x00007ffe88af9000 	C:\WINDOWS\SYSTEM32\profapi.dll
0x00007ffe7b400000 - 0x00007ffe7b418000 	c:\Users\dadig\.antigravity\extensions\redhat.java-1.50.0-win32-x64\jre\21.0.9-win32-x86_64\bin\zip.dll
0x00007ffe83650000 - 0x00007ffe83660000 	C:\Users\dadig\.antigravity\extensions\redhat.java-1.50.0-win32-x64\jre\21.0.9-win32-x86_64\bin\net.dll
0x00007ffe7e610000 - 0x00007ffe7e738000 	C:\WINDOWS\SYSTEM32\WINHTTP.dll
0x00007ffe87ed0000 - 0x00007ffe87f3b000 	C:\WINDOWS\system32\mswsock.dll
0x00007ffe78b80000 - 0x00007ffe78b96000 	C:\Users\dadig\.antigravity\extensions\redhat.java-1.50.0-win32-x64\jre\21.0.9-win32-x86_64\bin\nio.dll
0x00007ffe7ced0000 - 0x00007ffe7cee0000 	c:\Users\dadig\.antigravity\extensions\redhat.java-1.50.0-win32-x64\jre\21.0.9-win32-x86_64\bin\verify.dll
0x00007ffe6cd70000 - 0x00007ffe6cdb4000 	C:\Users\dadig\AppData\Roaming\Antigravity\User\globalStorage\redhat.java\1.50.0\config_ss_win\org.eclipse.equinox.launcher\org.eclipse.equinox.launcher.win32.win32.x86_64_1.2.1400.v20250801-0854\eclipse_11916.dll
0x00007ffe89840000 - 0x00007ffe899d7000 	C:\WINDOWS\System32\ole32.dll
0x00007ffe88190000 - 0x00007ffe881ab000 	C:\WINDOWS\SYSTEM32\CRYPTSP.dll
0x00007ffe878c0000 - 0x00007ffe878fa000 	C:\WINDOWS\system32\rsaenh.dll
0x00007ffe87f80000 - 0x00007ffe87fab000 	C:\WINDOWS\SYSTEM32\USERENV.dll
0x00007ffe88aa0000 - 0x00007ffe88aca000 	C:\WINDOWS\SYSTEM32\bcrypt.dll
0x00007ffe881b0000 - 0x00007ffe881bc000 	C:\WINDOWS\SYSTEM32\CRYPTBASE.dll
0x00007ffe87370000 - 0x00007ffe873a4000 	C:\WINDOWS\SYSTEM32\IPHLPAPI.DLL
0x00007ffe89fc0000 - 0x00007ffe89fca000 	C:\WINDOWS\System32\NSI.dll
0x00007ffe6cae0000 - 0x00007ffe6cb29000 	C:\Users\dadig\AppData\Local\Temp\jna-95341285\jna18104329063775589405.dll
0x00007ffe89f30000 - 0x00007ffe89f38000 	C:\WINDOWS\System32\PSAPI.DLL

JVMTI agents:
c:\Users\dadig\.antigravity\extensions\redhat.java-1.50.0-win32-x64\lombok\lombok-1.18.39-4050.jar path:c:\Users\dadig\.antigravity\extensions\redhat.java-1.50.0-win32-x64\jre\21.0.9-win32-x86_64\bin\instrument.dll, loaded, initialized, instrumentlib options:none

dbghelp: loaded successfully - version: 4.0.5 - missing functions: none
symbol engine: initialized successfully - sym options: 0x614 - pdb path: .;c:\Users\dadig\.antigravity\extensions\redhat.java-1.50.0-win32-x64\jre\21.0.9-win32-x86_64\bin;C:\WINDOWS\SYSTEM32;C:\WINDOWS\WinSxS\amd64_microsoft.windows.common-controls_6595b64144ccf1df_6.0.26100.7309_none_3e05feeae336a044;c:\Users\dadig\.antigravity\extensions\redhat.java-1.50.0-win32-x64\jre\21.0.9-win32-x86_64\bin\server;C:\Users\dadig\AppData\Roaming\Antigravity\User\globalStorage\redhat.java\1.50.0\config_ss_win\org.eclipse.equinox.launcher\org.eclipse.equinox.launcher.win32.win32.x86_64_1.2.1400.v20250801-0854;C:\Users\dadig\AppData\Local\Temp\jna-95341285

VM Arguments:
jvm_args: --add-modules=ALL-SYSTEM --add-opens=java.base/java.util=ALL-UNNAMED --add-opens=java.base/java.lang=ALL-UNNAMED --add-opens=java.base/sun.nio.fs=ALL-UNNAMED -Declipse.application=org.eclipse.jdt.ls.core.id1 -Dosgi.bundles.defaultStartLevel=4 -Declipse.product=org.eclipse.jdt.ls.core.product -Djava.import.generatesMetadataFilesAtProjectRoot=false -DDetectVMInstallationsJob.disabled=true -Dfile.encoding=utf8 -XX:+UseParallelGC -XX:GCTimeRatio=4 -XX:AdaptiveSizePolicyWeight=90 -Dsun.zip.disableMemoryMapping=true -Xmx2G -Xms100m -Xlog:disable -javaagent:c:\Users\dadig\.antigravity\extensions\redhat.java-1.50.0-win32-x64\lombok\lombok-1.18.39-4050.jar 
java_command: c:\Users\dadig\.antigravity\extensions\redhat.java-1.50.0-win32-x64\server\plugins\org.eclipse.equinox.launcher_1.7.100.v20251111-0406.jar -configuration c:\Users\dadig\AppData\Roaming\Antigravity\User\globalStorage\redhat.java\1.50.0\config_ss_win -data c:\Users\dadig\AppData\Roaming\Antigravity\User\workspaceStorage\62095a4e5875a9a9aec93d5e91d77f3c\redhat.java\ss_ws --pipe=\\.\pipe\lsp-fb7d3b3c9ad0275ea5d311cbbef7b7e9-sock
java_class_path (initial): c:\Users\dadig\.antigravity\extensions\redhat.java-1.50.0-win32-x64\server\plugins\org.eclipse.equinox.launcher_1.7.100.v20251111-0406.jar
Launcher Type: SUN_STANDARD

[Global flags]
    uintx AdaptiveSizePolicyWeight                 = 90                                        {product} {command line}
     intx CICompilerCount                          = 3                                         {product} {ergonomic}
    uintx GCTimeRatio                              = 4                                         {product} {command line}
   size_t InitialHeapSize                          = 104857600                                 {product} {command line}
   size_t MaxHeapSize                              = 2147483648                                {product} {command line}
   size_t MaxNewSize                               = 715653120                                 {product} {ergonomic}
   size_t MinHeapDeltaBytes                        = 524288                                    {product} {ergonomic}
   size_t MinHeapSize                              = 104857600                                 {product} {command line}
   size_t NewSize                                  = 34603008                                  {product} {ergonomic}
    uintx NonNMethodCodeHeapSize                   = 5832780                                {pd product} {ergonomic}
    uintx NonProfiledCodeHeapSize                  = 122912730                              {pd product} {ergonomic}
   size_t OldSize                                  = 70254592                                  {product} {ergonomic}
    uintx ProfiledCodeHeapSize                     = 122912730                              {pd product} {ergonomic}
    uintx ReservedCodeCacheSize                    = 251658240                              {pd product} {ergonomic}
     bool SegmentedCodeCache                       = true                                      {product} {ergonomic}
   size_t SoftMaxHeapSize                          = 2147483648                             {manageable} {ergonomic}
     bool UseCompressedOops                        = true                           {product lp64_product} {ergonomic}
     bool UseLargePagesIndividualAllocation        = false                                  {pd product} {ergonomic}
     bool UseParallelGC                            = true                                      {product} {command line}

Logging:
Log output configuration:
 #0: stdout all=off uptime,level,tags foldmultilines=false
 #1: stderr all=off uptime,level,tags foldmultilines=false

Release file:
JAVA_VERSION="21.0.9" 
MODULES="java.base java.compiler java.datatransfer java.xml java.prefs java.desktop java.instrument java.logging java.management java.security.sasl java.naming java.rmi java.management.rmi java.net.http java.scripting java.security.jgss java.transaction.xa java.sql java.sql.rowset java.xml.crypto java.se java.smartcardio jdk.accessibility jdk.internal.jvmstat jdk.attach jdk.charsets jdk.internal.opt jdk.zipfs jdk.compiler jdk.crypto.ec jdk.crypto.cryptoki jdk.crypto.mscapi jdk.dynalink jdk.internal.ed jdk.editpad jdk.hotspot.agent jdk.httpserver jdk.internal.le jdk.internal.vm.ci jdk.internal.vm.compiler jdk.internal.vm.compiler.management jdk.jartool jdk.javadoc jdk.jcmd jdk.management jdk.management.agent jdk.jconsole jdk.jdeps jdk.jdwp.agent jdk.jdi jdk.jfr jdk.jshell jdk.jsobject jdk.jstatd jdk.localedata jdk.management.jfr jdk.naming.dns jdk.naming.rmi jdk.net jdk.nio.mapmode jdk.random jdk.sctp jdk.security.auth jdk.security.jgss jdk.unsupported jdk.unsupported.desktop jdk.xml.dom" 

Environment Variables:
JAVA_HOME=C:\Users\dadig\AppData\Local\Programs\Eclipse Adoptium\jdk-17.0.11.9-hotspot\
PATH=C:\WINDOWS\system32;C:\WINDOWS;C:\WINDOWS\System32\Wbem;C:\WINDOWS\System32\WindowsPowerShell\v1.0\;C:\WINDOWS\System32\OpenSSH\;C:\Program Files\PuTTY\;C:\Program Files\MySQL\MySQL Server 8.0\bin;C:\Program Files\PostgreSQL\10\bin;;C:\Program Files\HP\HP One Agent;C:\Program Files\nodejs\;%SystemRoot%\system32;%SystemRoot%;%SystemRoot%\System32\Wbem;%SYSTEMROOT%\System32\WindowsPowerShell\v1.0\;%SYSTEMROOT%\System32\OpenSSH\;C:\Program Files\MySQL\MySQL Shell 8.0\bin\;C:\Users\dadig\AppData\Local\Programs\Eclipse Adoptium\jdk-17.0.11.9-hotspot\bin;C:\Users\dadig\AppData\Local\Microsoft\WindowsApps;C:\Users\dadig\AppData\Local\Programs\Microsoft VS Code\bin;C:\Users\dadig\AppData\Roaming\npm;C:\Users\dadig\AppData\Local\Programs\Antigravity\bin
USERNAME=dadig
OS=Windows_NT
PROCESSOR_IDENTIFIER=AMD64 Family 23 Model 24 Stepping 1, AuthenticAMD
TMP=C:\Users\dadig\AppData\Local\Temp
TEMP=C:\Users\dadig\AppData\Local\Temp




Periodic native trim disabled

---------------  S Y S T E M  ---------------

OS:
 Windows 11 , 64 bit Build 26100 (10.0.26100.7309)
OS uptime: 0 days 14:51 hours

CPU: total 4 (initial active 4) (4 cores per cpu, 2 threads per core) family 23 model 24 stepping 1 microcode 0x8108109, cx8, cmov, fxsr, ht, mmx, 3dnowpref, sse, sse2, sse3, ssse3, sse4a, sse4.1, sse4.2, popcnt, lzcnt, tsc, tscinvbit, avx, avx2, aes, clmul, bmi1, bmi2, adx, sha, fma, vzeroupper, clflush, clflushopt, rdtscp, f16c
Processor Information for the first 4 processors :
  Max Mhz: 2600, Current Mhz: 2600, Mhz Limit: 2600

Memory: 4k page, system-wide physical 3526M (245M free)
TotalPageFile size 14278M (AvailPageFile size 0M)
current process WorkingSet (physical memory assigned to process): 133M, peak: 136M
current process commit charge ("private bytes"): 268M, peak: 270M

vm_info: OpenJDK 64-Bit Server VM (21.0.9+10-LTS) for windows-amd64 JRE (21.0.9+10-LTS), built on 2025-10-21T00:00:00Z by "admin" with unknown MS VC++:1942

END.
