#
# There is insufficient memory for the Java Runtime Environment to continue.
# Native memory allocation (malloc) failed to allocate 1418928 bytes. Error detail: Chunk::new
# Possible reasons:
#   The system is out of physical RAM or swap space
#   This process is running with CompressedOops enabled, and the Java Heap may be blocking the growth of the native heap
# Possible solutions:
#   Reduce memory load on the system
#   Increase physical memory or swap space
#   Check if swap backing store is full
#   Decrease Java heap size (-Xmx/-Xms)
#   Decrease number of Java threads
#   Decrease Java thread stack sizes (-Xss)
#   Set larger code cache with -XX:ReservedCodeCacheSize=
#   JVM is running with Unscaled Compressed Oops mode in which the Java heap is
#     placed in the first 4GB address space. The Java Heap base address is the
#     maximum limit for the native heap growth. Please use -XX:HeapBaseMinAddress
#     to set the Java Heap base and to place the Java Heap above 4GB virtual address.
# This output file may be truncated or incomplete.
#
#  Out of Memory Error (arena.cpp:191), pid=12108, tid=3280
#
# JRE version: OpenJDK Runtime Environment Temurin-17.0.11+9 (17.0.11+9) (build 17.0.11+9)
# Java VM: OpenJDK 64-Bit Server VM Temurin-17.0.11+9 (17.0.11+9, mixed mode, sharing, tiered, compressed oops, compressed class ptrs, g1 gc, windows-amd64)
# No core dump will be written. Minidumps are not enabled by default on client versions of Windows
#

---------------  S U M M A R Y ------------

Command Line: --add-opens=java.base/java.lang=ALL-UNNAMED --add-opens=java.base/java.lang.invoke=ALL-UNNAMED --add-opens=java.base/java.util=ALL-UNNAMED --add-opens=java.prefs/java.util.prefs=ALL-UNNAMED --add-exports=jdk.compiler/com.sun.tools.javac.api=ALL-UNNAMED --add-exports=jdk.compiler/com.sun.tools.javac.util=ALL-UNNAMED --add-opens=java.base/java.util=ALL-UNNAMED --add-opens=java.prefs/java.util.prefs=ALL-UNNAMED --add-opens=java.base/java.nio.charset=ALL-UNNAMED --add-opens=java.base/java.net=ALL-UNNAMED --add-opens=java.base/java.util.concurrent.atomic=ALL-UNNAMED --add-opens=java.xml/javax.xml.namespace=ALL-UNNAMED -XX:MaxMetaspaceSize=512m -Xmx1536m -Dfile.encoding=windows-1252 -Duser.country=US -Duser.language=en -Duser.variant -javaagent:C:\Users\dadig\.gradle\wrapper\dists\gradle-8.13-bin\5xuhj0ry160q40clulazy9h7d\gradle-8.13\lib\agents\gradle-instrumentation-agent-8.13.jar org.gradle.launcher.daemon.bootstrap.GradleDaemon 8.13

Host: AMD Ryzen 3 3250U with Radeon Graphics         , 4 cores, 3G,  Windows 11 , 64 bit Build 26100 (10.0.26100.7309)
Time: Fri Jan  2 14:08:05 2026 India Standard Time elapsed time: 20.982991 seconds (0d 0h 0m 20s)

---------------  T H R E A D  ---------------

Current thread (0x000002746bdb31a0):  JavaThread "C2 CompilerThread0" daemon [_thread_in_native, id=3280, stack(0x000000e287300000,0x000000e287400000)]


Current CompileTask:
C2:  20983 2313       4       jdk.internal.org.objectweb.asm.Frame::execute (2305 bytes)

Stack: [0x000000e287300000,0x000000e287400000]
Native frames: (J=compiled Java code, j=interpreted, Vv=VM code, C=native code)
V  [jvm.dll+0x67d429]
V  [jvm.dll+0x834b7a]
V  [jvm.dll+0x83663e]
V  [jvm.dll+0x836ca3]
V  [jvm.dll+0x247dbf]
V  [jvm.dll+0xac534]
V  [jvm.dll+0xacb7c]
V  [jvm.dll+0x366647]
V  [jvm.dll+0x1bd272]
V  [jvm.dll+0x21a5c9]
V  [jvm.dll+0x2198b1]
V  [jvm.dll+0x1a534d]
V  [jvm.dll+0x2295cd]
V  [jvm.dll+0x22779c]
V  [jvm.dll+0x7e9d07]
V  [jvm.dll+0x7e410a]
V  [jvm.dll+0x67c315]
C  [ucrtbase.dll+0x37b0]
C  [KERNEL32.DLL+0x2e8d7]
C  [ntdll.dll+0x8c53c]


---------------  P R O C E S S  ---------------

Threads class SMR info:
_java_thread_list=0x00000274718c1d10, length=22, elements={
0x000002744f50c4b0, 0x000002746bd938f0, 0x000002746bd94e30, 0x000002746bdaeb20,
0x000002746bdb1400, 0x000002746bdb1cd0, 0x000002746bdb25a0, 0x000002746bdb31a0,
0x000002746bdb7490, 0x000002746be2cfb0, 0x00000274700599a0, 0x000002747012d130,
0x0000027470e335e0, 0x00000274705ca620, 0x000002747181af50, 0x00000274718ae370,
0x00000274718859b0, 0x000002747072db80, 0x000002747072cc50, 0x000002747072c230,
0x000002747072d670, 0x000002747072e090
}

Java Threads: ( => current thread )
  0x000002744f50c4b0 JavaThread "main" [_thread_blocked, id=2908, stack(0x000000e286600000,0x000000e286700000)]
  0x000002746bd938f0 JavaThread "Reference Handler" daemon [_thread_blocked, id=14648, stack(0x000000e286d00000,0x000000e286e00000)]
  0x000002746bd94e30 JavaThread "Finalizer" daemon [_thread_blocked, id=12752, stack(0x000000e286e00000,0x000000e286f00000)]
  0x000002746bdaeb20 JavaThread "Signal Dispatcher" daemon [_thread_blocked, id=864, stack(0x000000e286f00000,0x000000e287000000)]
  0x000002746bdb1400 JavaThread "Attach Listener" daemon [_thread_blocked, id=10832, stack(0x000000e287000000,0x000000e287100000)]
  0x000002746bdb1cd0 JavaThread "Service Thread" daemon [_thread_blocked, id=5080, stack(0x000000e287100000,0x000000e287200000)]
  0x000002746bdb25a0 JavaThread "Monitor Deflation Thread" daemon [_thread_blocked, id=1324, stack(0x000000e287200000,0x000000e287300000)]
=>0x000002746bdb31a0 JavaThread "C2 CompilerThread0" daemon [_thread_in_native, id=3280, stack(0x000000e287300000,0x000000e287400000)]
  0x000002746bdb7490 JavaThread "C1 CompilerThread0" daemon [_thread_blocked, id=8344, stack(0x000000e287400000,0x000000e287500000)]
  0x000002746be2cfb0 JavaThread "Sweeper thread" daemon [_thread_blocked, id=15296, stack(0x000000e287500000,0x000000e287600000)]
  0x00000274700599a0 JavaThread "Common-Cleaner" daemon [_thread_blocked, id=14208, stack(0x000000e287600000,0x000000e287700000)]
  0x000002747012d130 JavaThread "Notification Thread" daemon [_thread_blocked, id=8668, stack(0x000000e287700000,0x000000e287800000)]
  0x0000027470e335e0 JavaThread "Daemon health stats" [_thread_blocked, id=8136, stack(0x000000e287d00000,0x000000e287e00000)]
  0x00000274705ca620 JavaThread "Incoming local TCP Connector on port 63487" [_thread_in_native, id=15324, stack(0x000000e287e00000,0x000000e287f00000)]
  0x000002747181af50 JavaThread "Daemon periodic checks" [_thread_blocked, id=13620, stack(0x000000e287f00000,0x000000e288000000)]
  0x00000274718ae370 JavaThread "Daemon" [_thread_blocked, id=7548, stack(0x000000e288000000,0x000000e288100000)]
  0x00000274718859b0 JavaThread "Handler for socket connection from /127.0.0.1:63487 to /127.0.0.1:63489" [_thread_in_native, id=15476, stack(0x000000e288100000,0x000000e288200000)]
  0x000002747072db80 JavaThread "Cancel handler" [_thread_blocked, id=14852, stack(0x000000e288200000,0x000000e288300000)]
  0x000002747072cc50 JavaThread "Daemon worker" [_thread_in_Java, id=4240, stack(0x000000e288300000,0x000000e288400000)]
  0x000002747072c230 JavaThread "Asynchronous log dispatcher for DefaultDaemonConnection: socket connection from /127.0.0.1:63487 to /127.0.0.1:63489" [_thread_blocked, id=8112, stack(0x000000e288400000,0x000000e288500000)]
  0x000002747072d670 JavaThread "Stdin handler" [_thread_blocked, id=4036, stack(0x000000e288500000,0x000000e288600000)]
  0x000002747072e090 JavaThread "Daemon client event forwarder" [_thread_blocked, id=5296, stack(0x000000e288600000,0x000000e288700000)]

Other Threads:
  0x000002746bd8e070 VMThread "VM Thread" [stack: 0x000000e286c00000,0x000000e286d00000] [id=15148]
  0x00000274700d3bb0 WatcherThread [stack: 0x000000e287800000,0x000000e287900000] [id=10456]
  0x000002744f55a470 GCTaskThread "GC Thread#0" [stack: 0x000000e286700000,0x000000e286800000] [id=15872]
  0x00000274701f6670 GCTaskThread "GC Thread#1" [stack: 0x000000e287900000,0x000000e287a00000] [id=13716]
  0x000002747021a210 GCTaskThread "GC Thread#2" [stack: 0x000000e287a00000,0x000000e287b00000] [id=6072]
  0x0000027470d10d60 GCTaskThread "GC Thread#3" [stack: 0x000000e287b00000,0x000000e287c00000] [id=15444]
  0x000002744f5672d0 ConcurrentGCThread "G1 Main Marker" [stack: 0x000000e286800000,0x000000e286900000] [id=9960]
  0x000002744f5688d0 ConcurrentGCThread "G1 Conc#0" [stack: 0x000000e286900000,0x000000e286a00000] [id=13436]
  0x000002744f5a3870 ConcurrentGCThread "G1 Refine#0" [stack: 0x000000e286a00000,0x000000e286b00000] [id=5680]
  0x0000027470d11020 ConcurrentGCThread "G1 Refine#1" [stack: 0x000000e287c00000,0x000000e287d00000] [id=15340]
  0x000002744f5a41b0 ConcurrentGCThread "G1 Service" [stack: 0x000000e286b00000,0x000000e286c00000] [id=14724]

Threads with active compile tasks:
C2 CompilerThread0    21043 2313       4       jdk.internal.org.objectweb.asm.Frame::execute (2305 bytes)

VM state: not at safepoint (normal execution)

VM Mutex/Monitor currently owned by a thread: None

Heap address: 0x00000000a0000000, size: 1536 MB, Compressed Oops mode: 32-bit

CDS archive(s) mapped at: [0x0000027400000000-0x0000027400bb0000-0x0000027400bb0000), size 12255232, SharedBaseAddress: 0x0000027400000000, ArchiveRelocationMode: 1.
Compressed class space mapped at: 0x0000027401000000-0x000002741b000000, reserved size: 436207616
Narrow klass base: 0x0000027400000000, Narrow klass shift: 0, Narrow klass range: 0x100000000

GC Precious Log:
 CPUs: 4 total, 4 available
 Memory: 3526M
 Large Page Support: Disabled
 NUMA Support: Disabled
 Compressed Oops: Enabled (32-bit)
 Heap Region Size: 1M
 Heap Min Capacity: 8M
 Heap Initial Capacity: 56M
 Heap Max Capacity: 1536M
 Pre-touch: Disabled
 Parallel Workers: 4
 Concurrent Workers: 1
 Concurrent Refinement Workers: 4
 Periodic GC: Disabled

Heap:
 garbage-first heap   total 57344K, used 28488K [0x00000000a0000000, 0x0000000100000000)
  region size 1024K, 11 young (11264K), 2 survivors (2048K)
 Metaspace       used 14025K, committed 14336K, reserved 491520K
  class space    used 1921K, committed 2048K, reserved 425984K

Heap Regions: E=young(eden), S=young(survivor), O=old, HS=humongous(starts), HC=humongous(continues), CS=collection set, F=free, OA=open archive, CA=closed archive, TAMS=top-at-mark-start (previous, next)
|   0|0x00000000a0000000, 0x00000000a0100000, 0x00000000a0100000|100%|HS|  |TAMS 0x00000000a0000000, 0x00000000a0000000| Complete 
|   1|0x00000000a0100000, 0x00000000a0200000, 0x00000000a0200000|100%|HC|  |TAMS 0x00000000a0100000, 0x00000000a0100000| Complete 
|   2|0x00000000a0200000, 0x00000000a0300000, 0x00000000a0300000|100%|HC|  |TAMS 0x00000000a0200000, 0x00000000a0200000| Complete 
|   3|0x00000000a0300000, 0x00000000a0400000, 0x00000000a0400000|100%| O|  |TAMS 0x00000000a0300000, 0x00000000a0300000| Untracked 
|   4|0x00000000a0400000, 0x00000000a0500000, 0x00000000a0500000|100%| O|  |TAMS 0x00000000a0400000, 0x00000000a0400000| Untracked 
|   5|0x00000000a0500000, 0x00000000a0600000, 0x00000000a0600000|100%| O|  |TAMS 0x00000000a0500000, 0x00000000a0500000| Untracked 
|   6|0x00000000a0600000, 0x00000000a0700000, 0x00000000a0700000|100%| O|  |TAMS 0x00000000a0600000, 0x00000000a0600000| Untracked 
|   7|0x00000000a0700000, 0x00000000a0800000, 0x00000000a0800000|100%| O|  |TAMS 0x00000000a0700000, 0x00000000a0700000| Untracked 
|   8|0x00000000a0800000, 0x00000000a0900000, 0x00000000a0900000|100%| O|  |TAMS 0x00000000a0800000, 0x00000000a0800000| Untracked 
|   9|0x00000000a0900000, 0x00000000a0a00000, 0x00000000a0a00000|100%| O|  |TAMS 0x00000000a0900000, 0x00000000a0900000| Untracked 
|  10|0x00000000a0a00000, 0x00000000a0b00000, 0x00000000a0b00000|100%|HS|  |TAMS 0x00000000a0a00000, 0x00000000a0a00000| Complete 
|  11|0x00000000a0b00000, 0x00000000a0c00000, 0x00000000a0c00000|100%| O|  |TAMS 0x00000000a0b00000, 0x00000000a0b00000| Untracked 
|  12|0x00000000a0c00000, 0x00000000a0d00000, 0x00000000a0d00000|100%| O|  |TAMS 0x00000000a0c00000, 0x00000000a0c00000| Untracked 
|  13|0x00000000a0d00000, 0x00000000a0e00000, 0x00000000a0e00000|100%| O|  |TAMS 0x00000000a0d00000, 0x00000000a0d00000| Untracked 
|  14|0x00000000a0e00000, 0x00000000a0f00000, 0x00000000a0f00000|100%| O|  |TAMS 0x00000000a0e00000, 0x00000000a0e00000| Untracked 
|  15|0x00000000a0f00000, 0x00000000a1000000, 0x00000000a1000000|100%| O|  |TAMS 0x00000000a0f00000, 0x00000000a0f00000| Untracked 
|  16|0x00000000a1000000, 0x00000000a1100000, 0x00000000a1100000|100%| O|  |TAMS 0x00000000a1000000, 0x00000000a1000000| Untracked 
|  17|0x00000000a1100000, 0x00000000a11d2000, 0x00000000a1200000| 82%| O|  |TAMS 0x00000000a1100000, 0x00000000a1100000| Untracked 
|  18|0x00000000a1200000, 0x00000000a1200000, 0x00000000a1300000|  0%| F|  |TAMS 0x00000000a1200000, 0x00000000a1200000| Untracked 
|  19|0x00000000a1300000, 0x00000000a1300000, 0x00000000a1400000|  0%| F|  |TAMS 0x00000000a1300000, 0x00000000a1300000| Untracked 
|  20|0x00000000a1400000, 0x00000000a1400000, 0x00000000a1500000|  0%| F|  |TAMS 0x00000000a1400000, 0x00000000a1400000| Untracked 
|  21|0x00000000a1500000, 0x00000000a1500000, 0x00000000a1600000|  0%| F|  |TAMS 0x00000000a1500000, 0x00000000a1500000| Untracked 
|  22|0x00000000a1600000, 0x00000000a1600000, 0x00000000a1700000|  0%| F|  |TAMS 0x00000000a1600000, 0x00000000a1600000| Untracked 
|  23|0x00000000a1700000, 0x00000000a1700000, 0x00000000a1800000|  0%| F|  |TAMS 0x00000000a1700000, 0x00000000a1700000| Untracked 
|  24|0x00000000a1800000, 0x00000000a1800000, 0x00000000a1900000|  0%| F|  |TAMS 0x00000000a1800000, 0x00000000a1800000| Untracked 
|  25|0x00000000a1900000, 0x00000000a1900000, 0x00000000a1a00000|  0%| F|  |TAMS 0x00000000a1900000, 0x00000000a1900000| Untracked 
|  26|0x00000000a1a00000, 0x00000000a1a00000, 0x00000000a1b00000|  0%| F|  |TAMS 0x00000000a1a00000, 0x00000000a1a00000| Untracked 
|  27|0x00000000a1b00000, 0x00000000a1b00000, 0x00000000a1c00000|  0%| F|  |TAMS 0x00000000a1b00000, 0x00000000a1b00000| Untracked 
|  28|0x00000000a1c00000, 0x00000000a1c00000, 0x00000000a1d00000|  0%| F|  |TAMS 0x00000000a1c00000, 0x00000000a1c00000| Untracked 
|  29|0x00000000a1d00000, 0x00000000a1d00000, 0x00000000a1e00000|  0%| F|  |TAMS 0x00000000a1d00000, 0x00000000a1d00000| Untracked 
|  30|0x00000000a1e00000, 0x00000000a1e00000, 0x00000000a1f00000|  0%| F|  |TAMS 0x00000000a1e00000, 0x00000000a1e00000| Untracked 
|  31|0x00000000a1f00000, 0x00000000a2000000, 0x00000000a2000000|100%| S|CS|TAMS 0x00000000a1f00000, 0x00000000a1f00000| Complete 
|  32|0x00000000a2000000, 0x00000000a2100000, 0x00000000a2100000|100%| S|CS|TAMS 0x00000000a2000000, 0x00000000a2000000| Complete 
|  33|0x00000000a2100000, 0x00000000a2100000, 0x00000000a2200000|  0%| F|  |TAMS 0x00000000a2100000, 0x00000000a2100000| Untracked 
|  34|0x00000000a2200000, 0x00000000a2200000, 0x00000000a2300000|  0%| F|  |TAMS 0x00000000a2200000, 0x00000000a2200000| Untracked 
|  35|0x00000000a2300000, 0x00000000a2300000, 0x00000000a2400000|  0%| F|  |TAMS 0x00000000a2300000, 0x00000000a2300000| Untracked 
|  36|0x00000000a2400000, 0x00000000a2400000, 0x00000000a2500000|  0%| F|  |TAMS 0x00000000a2400000, 0x00000000a2400000| Untracked 
|  37|0x00000000a2500000, 0x00000000a2500000, 0x00000000a2600000|  0%| F|  |TAMS 0x00000000a2500000, 0x00000000a2500000| Untracked 
|  38|0x00000000a2600000, 0x00000000a2600000, 0x00000000a2700000|  0%| F|  |TAMS 0x00000000a2600000, 0x00000000a2600000| Untracked 
|  39|0x00000000a2700000, 0x00000000a2700000, 0x00000000a2800000|  0%| F|  |TAMS 0x00000000a2700000, 0x00000000a2700000| Untracked 
|  40|0x00000000a2800000, 0x00000000a2800000, 0x00000000a2900000|  0%| F|  |TAMS 0x00000000a2800000, 0x00000000a2800000| Untracked 
|  41|0x00000000a2900000, 0x00000000a2900000, 0x00000000a2a00000|  0%| F|  |TAMS 0x00000000a2900000, 0x00000000a2900000| Untracked 
|  42|0x00000000a2a00000, 0x00000000a2a00000, 0x00000000a2b00000|  0%| F|  |TAMS 0x00000000a2a00000, 0x00000000a2a00000| Untracked 
|  43|0x00000000a2b00000, 0x00000000a2b00000, 0x00000000a2c00000|  0%| F|  |TAMS 0x00000000a2b00000, 0x00000000a2b00000| Untracked 
|  44|0x00000000a2c00000, 0x00000000a2c00000, 0x00000000a2d00000|  0%| F|  |TAMS 0x00000000a2c00000, 0x00000000a2c00000| Untracked 
|  45|0x00000000a2d00000, 0x00000000a2d00000, 0x00000000a2e00000|  0%| F|  |TAMS 0x00000000a2d00000, 0x00000000a2d00000| Untracked 
|  46|0x00000000a2e00000, 0x00000000a2e00000, 0x00000000a2f00000|  0%| F|  |TAMS 0x00000000a2e00000, 0x00000000a2e00000| Untracked 
|  47|0x00000000a2f00000, 0x00000000a3000000, 0x00000000a3000000|100%| E|CS|TAMS 0x00000000a2f00000, 0x00000000a2f00000| Complete 
|  48|0x00000000a3000000, 0x00000000a3100000, 0x00000000a3100000|100%| E|CS|TAMS 0x00000000a3000000, 0x00000000a3000000| Complete 
|  49|0x00000000a3100000, 0x00000000a3200000, 0x00000000a3200000|100%| E|CS|TAMS 0x00000000a3100000, 0x00000000a3100000| Complete 
|  50|0x00000000a3200000, 0x00000000a3300000, 0x00000000a3300000|100%| E|CS|TAMS 0x00000000a3200000, 0x00000000a3200000| Complete 
|  51|0x00000000a3300000, 0x00000000a3400000, 0x00000000a3400000|100%| E|CS|TAMS 0x00000000a3300000, 0x00000000a3300000| Complete 
|  52|0x00000000a3400000, 0x00000000a3500000, 0x00000000a3500000|100%| E|CS|TAMS 0x00000000a3400000, 0x00000000a3400000| Complete 
|  53|0x00000000a3500000, 0x00000000a3600000, 0x00000000a3600000|100%| E|CS|TAMS 0x00000000a3500000, 0x00000000a3500000| Complete 
|  54|0x00000000a3600000, 0x00000000a3700000, 0x00000000a3700000|100%| E|CS|TAMS 0x00000000a3600000, 0x00000000a3600000| Complete 
|  55|0x00000000a3700000, 0x00000000a3800000, 0x00000000a3800000|100%| E|CS|TAMS 0x00000000a3700000, 0x00000000a3700000| Complete 

Card table byte_map: [0x0000027466330000,0x0000027466630000] _byte_map_base: 0x0000027465e30000

Marking Bits (Prev, Next): (CMBitMap*) 0x000002744f55a9a0, (CMBitMap*) 0x000002744f55a9e0
 Prev Bits: [0x0000027466930000, 0x0000027468130000)
 Next Bits: [0x0000027468130000, 0x0000027469930000)

Polling page: 0x000002744d4a0000

Metaspace:

Usage:
  Non-class:     11.83 MB used.
      Class:      1.88 MB used.
       Both:     13.71 MB used.

Virtual space:
  Non-class space:       64.00 MB reserved,      12.00 MB ( 19%) committed,  1 nodes.
      Class space:      416.00 MB reserved,       2.00 MB ( <1%) committed,  1 nodes.
             Both:      480.00 MB reserved,      14.00 MB (  3%) committed. 

Chunk freelists:
   Non-Class:  3.47 MB
       Class:  13.98 MB
        Both:  17.45 MB

MaxMetaspaceSize: 512.00 MB
CompressedClassSpaceSize: 416.00 MB
Initial GC threshold: 21.00 MB
Current GC threshold: 21.00 MB
CDS: on
MetaspaceReclaimPolicy: balanced
 - commit_granule_bytes: 65536.
 - commit_granule_words: 8192.
 - virtual_space_node_default_size: 8388608.
 - enlarge_chunks_in_place: 1.
 - new_chunks_are_fully_committed: 0.
 - uncommit_free_chunks: 1.
 - use_allocation_guard: 0.
 - handle_deallocations: 1.


Internal statistics:

num_allocs_failed_limit: 0.
num_arena_births: 168.
num_arena_deaths: 0.
num_vsnodes_births: 2.
num_vsnodes_deaths: 0.
num_space_committed: 224.
num_space_uncommitted: 0.
num_chunks_returned_to_freelist: 0.
num_chunks_taken_from_freelist: 593.
num_chunk_merges: 0.
num_chunk_splits: 396.
num_chunks_enlarged: 301.
num_inconsistent_stats: 0.

CodeHeap 'non-profiled nmethods': size=120000Kb used=1173Kb max_used=1173Kb free=118826Kb
 bounds [0x000002745eb00000, 0x000002745ed70000, 0x0000027466030000]
CodeHeap 'profiled nmethods': size=120000Kb used=4939Kb max_used=4939Kb free=115060Kb
 bounds [0x0000027457030000, 0x0000027457510000, 0x000002745e560000]
CodeHeap 'non-nmethods': size=5760Kb used=1213Kb max_used=1228Kb free=4546Kb
 bounds [0x000002745e560000, 0x000002745e7d0000, 0x000002745eb00000]
 total_blobs=2910 nmethods=2388 adapters=434
 compilation: enabled
              stopped_count=0, restarted_count=0
 full_count=0

Compilation events (20 events):
Event: 19.950 Thread 0x000002746bdb7490 2375       3       jdk.internal.reflect.ReflectionFactory::copyConstructor (11 bytes)
Event: 19.951 Thread 0x000002746bdb7490 nmethod 2375 0x00000274574f8b90 code [0x00000274574f8d40, 0x00000274574f8f28]
Event: 19.951 Thread 0x000002746bdb7490 2376       3       java.lang.reflect.ReflectAccess::copyConstructor (5 bytes)
Event: 19.951 Thread 0x000002746bdb7490 nmethod 2376 0x00000274574f9090 code [0x00000274574f9240, 0x00000274574f9388]
Event: 19.951 Thread 0x000002746bdb7490 2377       3       java.lang.Class::privateGetDeclaredConstructors (79 bytes)
Event: 19.952 Thread 0x000002746bdb7490 nmethod 2377 0x00000274574f9490 code [0x00000274574f9680, 0x00000274574f9bc8]
Event: 20.254 Thread 0x000002746bdb7490 2379       3       java.util.stream.ReferencePipeline$3$1::accept (23 bytes)
Event: 20.254 Thread 0x000002746bdb7490 nmethod 2379 0x00000274574f9d90 code [0x00000274574f9f40, 0x00000274574fa1f8]
Event: 20.311 Thread 0x000002746bdb7490 2380       3       jdk.internal.misc.Unsafe::putReferenceOpaque (9 bytes)
Event: 20.311 Thread 0x000002746bdb7490 nmethod 2380 0x00000274574fa310 code [0x00000274574fa4a0, 0x00000274574fa5f8]
Event: 20.327 Thread 0x000002746bdb7490 2381       3       java.util.concurrent.locks.AbstractQueuedSynchronizer$ConditionObject::canReacquire (38 bytes)
Event: 20.328 Thread 0x000002746bdb7490 nmethod 2381 0x00000274574fa690 code [0x00000274574fa840, 0x00000274574fabd8]
Event: 20.356 Thread 0x000002746bdb7490 2382       3       java.util.concurrent.locks.LockSupport::setBlocker (12 bytes)
Event: 20.356 Thread 0x000002746bdb7490 nmethod 2382 0x00000274574fad90 code [0x00000274574faf40, 0x00000274574fb168]
Event: 20.480 Thread 0x000002746bdb7490 2383       1       org.gradle.launcher.daemon.server.exec.DaemonConnectionBackedEventConsumer::access$000 (5 bytes)
Event: 20.480 Thread 0x000002746bdb7490 nmethod 2383 0x000002745ec24d90 code [0x000002745ec24f20, 0x000002745ec24fd8]
Event: 20.698 Thread 0x000002746bdb7490 2384       3       java.util.concurrent.locks.ReentrantLock$NonfairSync::initialTryLock (58 bytes)
Event: 20.699 Thread 0x000002746bdb7490 nmethod 2384 0x00000274574fb210 code [0x00000274574fb3e0, 0x00000274574fb7f8]
Event: 20.806 Thread 0x000002746bdb7490 2385       3       java.util.concurrent.locks.ReentrantLock::unlock (10 bytes)
Event: 20.807 Thread 0x000002746bdb7490 nmethod 2385 0x00000274574fb910 code [0x00000274574fbae0, 0x00000274574fbdb8]

GC Heap History (12 events):
Event: 3.941 GC heap before
{Heap before GC invocations=0 (full 0):
 garbage-first heap   total 57344K, used 12288K [0x00000000a0000000, 0x0000000100000000)
  region size 1024K, 13 young (13312K), 0 survivors (0K)
 Metaspace       used 750K, committed 832K, reserved 491520K
  class space    used 61K, committed 128K, reserved 425984K
}
Event: 3.971 GC heap after
{Heap after GC invocations=1 (full 0):
 garbage-first heap   total 57344K, used 1240K [0x00000000a0000000, 0x0000000100000000)
  region size 1024K, 2 young (2048K), 2 survivors (2048K)
 Metaspace       used 750K, committed 832K, reserved 491520K
  class space    used 61K, committed 128K, reserved 425984K
}
Event: 8.299 GC heap before
{Heap before GC invocations=1 (full 0):
 garbage-first heap   total 57344K, used 22744K [0x00000000a0000000, 0x0000000100000000)
  region size 1024K, 21 young (21504K), 2 survivors (2048K)
 Metaspace       used 2316K, committed 2432K, reserved 491520K
  class space    used 255K, committed 320K, reserved 425984K
}
Event: 8.308 GC heap after
{Heap after GC invocations=2 (full 0):
 garbage-first heap   total 57344K, used 9574K [0x00000000a0000000, 0x0000000100000000)
  region size 1024K, 3 young (3072K), 3 survivors (3072K)
 Metaspace       used 2316K, committed 2432K, reserved 491520K
  class space    used 255K, committed 320K, reserved 425984K
}
Event: 11.640 GC heap before
{Heap before GC invocations=2 (full 0):
 garbage-first heap   total 57344K, used 39270K [0x00000000a0000000, 0x0000000100000000)
  region size 1024K, 32 young (32768K), 3 survivors (3072K)
 Metaspace       used 4424K, committed 4608K, reserved 491520K
  class space    used 548K, committed 640K, reserved 425984K
}
Event: 11.650 GC heap after
{Heap after GC invocations=3 (full 0):
 garbage-first heap   total 57344K, used 11197K [0x00000000a0000000, 0x0000000100000000)
  region size 1024K, 2 young (2048K), 2 survivors (2048K)
 Metaspace       used 4424K, committed 4608K, reserved 491520K
  class space    used 548K, committed 640K, reserved 425984K
}
Event: 13.029 GC heap before
{Heap before GC invocations=3 (full 0):
 garbage-first heap   total 57344K, used 40893K [0x00000000a0000000, 0x0000000100000000)
  region size 1024K, 29 young (29696K), 2 survivors (2048K)
 Metaspace       used 4473K, committed 4608K, reserved 491520K
  class space    used 548K, committed 640K, reserved 425984K
}
Event: 13.035 GC heap after
{Heap after GC invocations=4 (full 0):
 garbage-first heap   total 57344K, used 13468K [0x00000000a0000000, 0x0000000100000000)
  region size 1024K, 3 young (3072K), 3 survivors (3072K)
 Metaspace       used 4473K, committed 4608K, reserved 491520K
  class space    used 548K, committed 640K, reserved 425984K
}
Event: 15.386 GC heap before
{Heap before GC invocations=4 (full 0):
 garbage-first heap   total 57344K, used 41116K [0x00000000a0000000, 0x0000000100000000)
  region size 1024K, 30 young (30720K), 3 survivors (3072K)
 Metaspace       used 8183K, committed 8384K, reserved 491520K
  class space    used 1093K, committed 1152K, reserved 425984K
}
Event: 15.400 GC heap after
{Heap after GC invocations=5 (full 0):
 garbage-first heap   total 57344K, used 18013K [0x00000000a0000000, 0x0000000100000000)
  region size 1024K, 4 young (4096K), 4 survivors (4096K)
 Metaspace       used 8183K, committed 8384K, reserved 491520K
  class space    used 1093K, committed 1152K, reserved 425984K
}
Event: 19.414 GC heap before
{Heap before GC invocations=5 (full 0):
 garbage-first heap   total 57344K, used 40541K [0x00000000a0000000, 0x0000000100000000)
  region size 1024K, 27 young (27648K), 4 survivors (4096K)
 Metaspace       used 12820K, committed 12992K, reserved 491520K
  class space    used 1729K, committed 1792K, reserved 425984K
}
Event: 19.424 GC heap after
{Heap after GC invocations=6 (full 0):
 garbage-first heap   total 57344K, used 20296K [0x00000000a0000000, 0x0000000100000000)
  region size 1024K, 2 young (2048K), 2 survivors (2048K)
 Metaspace       used 12820K, committed 12992K, reserved 491520K
  class space    used 1729K, committed 1792K, reserved 425984K
}

Dll operation events (15 events):
Event: 0.041 Loaded shared library C:\Users\dadig\AppData\Local\Programs\Eclipse Adoptium\jdk-17.0.11.9-hotspot\bin\java.dll
Event: 0.139 Loaded shared library C:\Users\dadig\AppData\Local\Programs\Eclipse Adoptium\jdk-17.0.11.9-hotspot\bin\jsvml.dll
Event: 1.457 Loaded shared library C:\Users\dadig\AppData\Local\Programs\Eclipse Adoptium\jdk-17.0.11.9-hotspot\bin\zip.dll
Event: 1.580 Loaded shared library C:\Users\dadig\AppData\Local\Programs\Eclipse Adoptium\jdk-17.0.11.9-hotspot\bin\instrument.dll
Event: 1.599 Loaded shared library C:\Users\dadig\AppData\Local\Programs\Eclipse Adoptium\jdk-17.0.11.9-hotspot\bin\net.dll
Event: 1.607 Loaded shared library C:\Users\dadig\AppData\Local\Programs\Eclipse Adoptium\jdk-17.0.11.9-hotspot\bin\nio.dll
Event: 1.613 Loaded shared library C:\Users\dadig\AppData\Local\Programs\Eclipse Adoptium\jdk-17.0.11.9-hotspot\bin\zip.dll
Event: 4.402 Loaded shared library C:\Users\dadig\AppData\Local\Programs\Eclipse Adoptium\jdk-17.0.11.9-hotspot\bin\jimage.dll
Event: 7.218 Loaded shared library C:\Users\dadig\AppData\Local\Programs\Eclipse Adoptium\jdk-17.0.11.9-hotspot\bin\verify.dll
Event: 8.127 Loaded shared library C:\Users\dadig\.gradle\native\1def1411415f61bf3af743bc5b6707747c0891f09f0c88961ee8f79bc544acac\windows-amd64\native-platform.dll
Event: 8.230 Loaded shared library C:\Users\dadig\.gradle\native\0.2.7\x86_64-windows-gnu\gradle-fileevents.dll
Event: 14.117 Loaded shared library C:\Users\dadig\AppData\Local\Programs\Eclipse Adoptium\jdk-17.0.11.9-hotspot\bin\management.dll
Event: 14.128 Loaded shared library C:\Users\dadig\AppData\Local\Programs\Eclipse Adoptium\jdk-17.0.11.9-hotspot\bin\management_ext.dll
Event: 15.051 Loaded shared library C:\Users\dadig\AppData\Local\Programs\Eclipse Adoptium\jdk-17.0.11.9-hotspot\bin\extnet.dll
Event: 16.458 Loaded shared library C:\Users\dadig\AppData\Local\Programs\Eclipse Adoptium\jdk-17.0.11.9-hotspot\bin\sunmscapi.dll

Deoptimization events (20 events):
Event: 19.100 Thread 0x000002747072cc50 Uncommon trap: trap_request=0xffffff45 fr.pc=0x000002745ebee36c relative=0x00000000000003ec
Event: 19.100 Thread 0x000002747072cc50 Uncommon trap: reason=unstable_if action=reinterpret pc=0x000002745ebee36c method=java.util.HashMap.getNode(Ljava/lang/Object;)Ljava/util/HashMap$Node; @ 66 c2
Event: 19.100 Thread 0x000002747072cc50 DEOPT PACKING pc=0x000002745ebee36c sp=0x000000e2883fbe20
Event: 19.100 Thread 0x000002747072cc50 DEOPT UNPACKING pc=0x000002745e5b69a3 sp=0x000000e2883fbd70 mode 2
Event: 19.100 Thread 0x000002747072cc50 Uncommon trap: trap_request=0xffffffc6 fr.pc=0x000002745ec05c38 relative=0x0000000000001278
Event: 19.100 Thread 0x000002747072cc50 Uncommon trap: reason=bimorphic_or_optimized_type_check action=maybe_recompile pc=0x000002745ec05c38 method=java.util.HashMap.putVal(ILjava/lang/Object;Ljava/lang/Object;ZZ)Ljava/lang/Object; @ 91 c2
Event: 19.100 Thread 0x000002747072cc50 DEOPT PACKING pc=0x000002745ec05c38 sp=0x000000e2883fbdc0
Event: 19.100 Thread 0x000002747072cc50 DEOPT UNPACKING pc=0x000002745e5b69a3 sp=0x000000e2883fbd60 mode 2
Event: 19.100 Thread 0x000002747072cc50 Uncommon trap: trap_request=0xffffff45 fr.pc=0x000002745eb309f4 relative=0x00000000000003b4
Event: 19.100 Thread 0x000002747072cc50 Uncommon trap: reason=unstable_if action=reinterpret pc=0x000002745eb309f4 method=java.util.HashMap.getNode(Ljava/lang/Object;)Ljava/util/HashMap$Node; @ 66 c2
Event: 19.100 Thread 0x000002747072cc50 DEOPT PACKING pc=0x000002745eb309f4 sp=0x000000e2883fbde0
Event: 19.100 Thread 0x000002747072cc50 DEOPT UNPACKING pc=0x000002745e5b69a3 sp=0x000000e2883fbd70 mode 2
Event: 19.100 Thread 0x000002747072cc50 Uncommon trap: trap_request=0xffffffc6 fr.pc=0x000002745ec05c38 relative=0x0000000000001278
Event: 19.100 Thread 0x000002747072cc50 Uncommon trap: reason=bimorphic_or_optimized_type_check action=maybe_recompile pc=0x000002745ec05c38 method=java.util.HashMap.putVal(ILjava/lang/Object;Ljava/lang/Object;ZZ)Ljava/lang/Object; @ 91 c2
Event: 19.100 Thread 0x000002747072cc50 DEOPT PACKING pc=0x000002745ec05c38 sp=0x000000e2883fbdc0
Event: 19.100 Thread 0x000002747072cc50 DEOPT UNPACKING pc=0x000002745e5b69a3 sp=0x000000e2883fbd60 mode 2
Event: 19.131 Thread 0x000002747072cc50 Uncommon trap: trap_request=0xffffff45 fr.pc=0x000002745eb9f6e8 relative=0x0000000000000248
Event: 19.131 Thread 0x000002747072cc50 Uncommon trap: reason=unstable_if action=reinterpret pc=0x000002745eb9f6e8 method=java.util.concurrent.ConcurrentHashMap.get(Ljava/lang/Object;)Ljava/lang/Object; @ 76 c2
Event: 19.131 Thread 0x000002747072cc50 DEOPT PACKING pc=0x000002745eb9f6e8 sp=0x000000e2883fb2d0
Event: 19.131 Thread 0x000002747072cc50 DEOPT UNPACKING pc=0x000002745e5b69a3 sp=0x000000e2883fb238 mode 2

Classes unloaded (0 events):
No events

Classes redefined (0 events):
No events

Internal exceptions (20 events):
Event: 8.529 Thread 0x000002744f50c4b0 Exception <a 'java/lang/NoSuchMethodError'{0x00000000a361b668}: 'java.lang.Object java.lang.invoke.DirectMethodHandle$Holder.invokeVirtual(java.lang.Object, java.lang.Object, java.lang.Object)'> (0x00000000a361b668) 
thrown [s\src\hotspot\share\interpreter\linkResolver.cpp, line 759]
Event: 8.684 Thread 0x000002744f50c4b0 Exception <a 'java/lang/NoSuchMethodError'{0x00000000a352a7f8}: 'int java.lang.invoke.DirectMethodHandle$Holder.invokeStatic(java.lang.Object)'> (0x00000000a352a7f8) 
thrown [s\src\hotspot\share\interpreter\linkResolver.cpp, line 759]
Event: 8.687 Thread 0x000002744f50c4b0 Exception <a 'java/lang/NoSuchMethodError'{0x00000000a352dca8}: 'int java.lang.invoke.DirectMethodHandle$Holder.invokeStaticInit(java.lang.Object)'> (0x00000000a352dca8) 
thrown [s\src\hotspot\share\interpreter\linkResolver.cpp, line 759]
Event: 14.112 Thread 0x000002744f50c4b0 Exception <a 'java/lang/NoSuchMethodError'{0x00000000a2315d50}: 'java.lang.Object java.lang.invoke.DirectMethodHandle$Holder.invokeStaticInit(java.lang.Object)'> (0x00000000a2315d50) 
thrown [s\src\hotspot\share\interpreter\linkResolver.cpp, line 759]
Event: 14.194 Thread 0x000002744f50c4b0 Exception <a 'java/lang/NoSuchMethodError'{0x00000000a239edc8}: 'java.lang.Object java.lang.invoke.DirectMethodHandle$Holder.invokeInterface(java.lang.Object, java.lang.Object)'> (0x00000000a239edc8) 
thrown [s\src\hotspot\share\interpreter\linkResolver.cpp, line 759]
Event: 15.060 Thread 0x000002744f50c4b0 Exception <a 'java/lang/NoSuchMethodError'{0x00000000a1f3e490}: 'void java.lang.invoke.DirectMethodHandle$Holder.invokeStatic(java.lang.Object, java.lang.Object, java.lang.Object)'> (0x00000000a1f3e490) 
thrown [s\src\hotspot\share\interpreter\linkResolver.cpp, line 759]
Event: 15.306 Thread 0x000002744f50c4b0 Exception <a 'java/lang/NoSuchMethodError'{0x00000000a1dcb880}: 'java.lang.Object java.lang.invoke.DirectMethodHandle$Holder.invokeStaticInit(java.lang.Object, int, int, int, int)'> (0x00000000a1dcb880) 
thrown [s\src\hotspot\share\interpreter\linkResolver.cpp, line 759]
Event: 15.810 Thread 0x000002744f50c4b0 Exception <a 'java/lang/NoSuchMethodError'{0x00000000a378efc8}: 'java.lang.Object java.lang.invoke.DirectMethodHandle$Holder.invokeStaticInit(java.lang.Object, java.lang.Object, int, int, int, int)'> (0x00000000a378efc8) 
thrown [s\src\hotspot\share\interpreter\linkResolver.cpp, line 759]
Event: 16.186 Thread 0x000002744f50c4b0 Exception <a 'java/io/IOException'{0x00000000a3468700}> (0x00000000a3468700) 
thrown [s\src\hotspot\share\prims\jni.cpp, line 516]
Event: 16.220 Thread 0x000002744f50c4b0 Implicit null exception at 0x000002745eba4555 to 0x000002745eba4b0c
Event: 16.240 Thread 0x000002744f50c4b0 Exception <a 'java/lang/NoSuchMethodError'{0x00000000a34ce410}: 'java.lang.Object java.lang.invoke.DirectMethodHandle$Holder.newInvokeSpecial(java.lang.Object, java.lang.Object, java.lang.Object, java.lang.Object, java.lang.Object)'> (0x00000000a34ce410) 
thrown [s\src\hotspot\share\interpreter\linkResolver.cpp, line 759]
Event: 18.090 Thread 0x00000274718ae370 Exception <a 'java/lang/NoSuchMethodError'{0x00000000a2e044c8}: 'void java.lang.invoke.DirectMethodHandle$Holder.invokeSpecial(java.lang.Object, java.lang.Object, java.lang.Object)'> (0x00000000a2e044c8) 
thrown [s\src\hotspot\share\interpreter\linkResolver.cpp, line 759]
Event: 18.553 Thread 0x000002747072cc50 Exception <a 'java/lang/NoSuchMethodError'{0x00000000a2ba1d18}: 'long java.lang.invoke.DirectMethodHandle$Holder.invokeInterface(java.lang.Object, java.lang.Object)'> (0x00000000a2ba1d18) 
thrown [s\src\hotspot\share\interpreter\linkResolver.cpp, line 759]
Event: 18.992 Thread 0x000002747072cc50 Exception <a 'java/lang/NoSuchMethodError'{0x00000000a264a478}: 'void java.lang.invoke.DirectMethodHandle$Holder.invokeStatic(java.lang.Object, java.lang.Object)'> (0x00000000a264a478) 
thrown [s\src\hotspot\share\interpreter\linkResolver.cpp, line 759]
Event: 19.155 Thread 0x000002747072cc50 Exception <a 'java/lang/NoSuchMethodError'{0x00000000a24ab768}: 'int java.lang.invoke.DirectMethodHandle$Holder.invokeVirtual(java.lang.Object, java.lang.Object, java.lang.Object)'> (0x00000000a24ab768) 
thrown [s\src\hotspot\share\interpreter\linkResolver.cpp, line 759]
Event: 19.321 Thread 0x000002747072cc50 Exception <a 'java/lang/NoSuchMethodError'{0x00000000a21442d0}: 'java.lang.Object java.lang.invoke.DirectMethodHandle$Holder.newInvokeSpecial(java.lang.Object, java.lang.Object, java.lang.Object, java.lang.Object, java.lang.Object, java.lang.Object)'> (0x00000000a21442d0) 
thrown [s\src\hotspot\share\interpreter\linkResolver.cpp, line 759]
Event: 19.553 Thread 0x000002747072cc50 Exception <a 'java/lang/NoSuchMethodError'{0x00000000a3572148}: 'void java.lang.invoke.DelegatingMethodHandle$Holder.reinvoke_L(java.lang.Object, java.lang.Object, java.lang.Object, java.lang.Object, java.lang.Object, java.lang.Object, java.lang.Object, java.lang.Object, java.lang.Object, java.lang.Object)'> (0x00000000a3572148) 
thrown [s\src\hotspot\share\interpreter\linkResolver.cpp, line 759]
Event: 19.554 Thread 0x000002747072cc50 Exception <a 'java/lang/NoSuchMethodError'{0x00000000a357a8b0}: 'java.lang.Object java.lang.invoke.DirectMethodHandle$Holder.invokeSpecial(java.lang.Object, java.lang.Object, java.lang.Object, java.lang.Object, java.lang.Object, java.lang.Object, java.lang.Object, java.lang.Object, java.lang.Object, java.lang.Object)'> (0x00000000a357a8b0) 
thrown [s\src\hotspot\share\interpreter\linkResolver.cpp, line 759]
Event: 19.554 Thread 0x000002747072cc50 Exception <a 'java/lang/NoSuchMethodError'{0x00000000a357f180}: 'java.lang.Object java.lang.invoke.Invokers$Holder.invoker(java.lang.Object, java.lang.Object, java.lang.Object, java.lang.Object, java.lang.Object, java.lang.Object, java.lang.Object, java.lang.Object, java.lang.Object, java.lang.Object)'> (0x00000000a357f180) 
thrown [s\src\hotspot\share\interpreter\linkResolver.cpp, line 759]
Event: 19.554 Thread 0x000002747072cc50 Exception <a 'java/lang/NoSuchMethodError'{0x00000000a3584d88}: 'java.lang.Object java.lang.invoke.DirectMethodHandle$Holder.invokeSpecial(java.lang.Object, java.lang.Object, java.lang.Object, java.lang.Object, java.lang.Object, java.lang.Object, java.lang.Object, java.lang.Object, java.lang.Object, java.lang.Object, java.lang.Object)'> (0x00000000a3584d88) 
thrown [s\src\hotspot\share\interpreter\linkResolver.cpp, line 759]

VM Operations (20 events):
Event: 15.212 Executing VM operation: HandshakeAllThreads
Event: 15.212 Executing VM operation: HandshakeAllThreads done
Event: 15.212 Executing VM operation: Cleanup
Event: 15.213 Executing VM operation: Cleanup done
Event: 15.361 Executing VM operation: HandshakeAllThreads
Event: 15.361 Executing VM operation: HandshakeAllThreads done
Event: 15.386 Executing VM operation: G1CollectForAllocation
Event: 15.400 Executing VM operation: G1CollectForAllocation done
Event: 15.652 Executing VM operation: HandshakeAllThreads
Event: 15.652 Executing VM operation: HandshakeAllThreads done
Event: 16.493 Executing VM operation: HandshakeAllThreads
Event: 16.493 Executing VM operation: HandshakeAllThreads done
Event: 16.493 Executing VM operation: Cleanup
Event: 16.494 Executing VM operation: Cleanup done
Event: 18.505 Executing VM operation: Cleanup
Event: 18.505 Executing VM operation: Cleanup done
Event: 19.414 Executing VM operation: G1CollectForAllocation
Event: 19.427 Executing VM operation: G1CollectForAllocation done
Event: 20.434 Executing VM operation: Cleanup
Event: 20.434 Executing VM operation: Cleanup done

Events (20 events):
Event: 19.129 loading class jdk/internal/vm/annotation/IntrinsicCandidate
Event: 19.130 loading class jdk/internal/vm/annotation/IntrinsicCandidate done
Event: 19.135 loading class java/util/stream/MatchOps$MatchKind
Event: 19.137 loading class java/util/stream/MatchOps$MatchKind done
Event: 19.137 loading class java/util/stream/MatchOps
Event: 19.139 loading class java/util/stream/MatchOps done
Event: 19.139 loading class java/util/stream/MatchOps$MatchOp
Event: 19.139 loading class java/util/stream/MatchOps$MatchOp done
Event: 19.139 loading class java/util/stream/MatchOps$BooleanTerminalSink
Event: 19.139 loading class java/util/stream/MatchOps$BooleanTerminalSink done
Event: 19.140 loading class java/util/stream/MatchOps$1MatchSink
Event: 19.144 loading class java/util/stream/MatchOps$1MatchSink done
Event: 19.221 loading class java/lang/TypeNotPresentException
Event: 19.221 loading class java/lang/TypeNotPresentException done
Event: 19.311 loading class java/lang/invoke/MethodHandle$1
Event: 19.313 loading class java/lang/invoke/MethodHandle$1 done
Event: 19.439 loading class java/util/ConcurrentModificationException
Event: 19.440 loading class java/util/ConcurrentModificationException done
Event: 19.494 loading class sun/reflect/generics/scope/ConstructorScope
Event: 19.496 loading class sun/reflect/generics/scope/ConstructorScope done


Dynamic libraries:
0x00007ff678f80000 - 0x00007ff678f8e000 	C:\Users\dadig\AppData\Local\Programs\Eclipse Adoptium\jdk-17.0.11.9-hotspot\bin\java.exe
0x00007ffce45e0000 - 0x00007ffce4847000 	C:\WINDOWS\SYSTEM32\ntdll.dll
0x00007ffce30f0000 - 0x00007ffce31b9000 	C:\WINDOWS\System32\KERNEL32.DLL
0x00007ffce1c20000 - 0x00007ffce200f000 	C:\WINDOWS\System32\KERNELBASE.dll
0x00007ffce17e0000 - 0x00007ffce192b000 	C:\WINDOWS\System32\ucrtbase.dll
0x00007ffccb970000 - 0x00007ffccb987000 	C:\Users\dadig\AppData\Local\Programs\Eclipse Adoptium\jdk-17.0.11.9-hotspot\bin\jli.dll
0x00007ffce29b0000 - 0x00007ffce2b75000 	C:\WINDOWS\System32\USER32.dll
0x00007ffce1bf0000 - 0x00007ffce1c17000 	C:\WINDOWS\System32\win32u.dll
0x00007ffce2790000 - 0x00007ffce27bb000 	C:\WINDOWS\System32\GDI32.dll
0x00007ffce2250000 - 0x00007ffce237c000 	C:\WINDOWS\System32\gdi32full.dll
0x00007ffce21a0000 - 0x00007ffce2243000 	C:\WINDOWS\System32\msvcp_win.dll
0x00007ffcc3f30000 - 0x00007ffcc3f4b000 	C:\Users\dadig\AppData\Local\Programs\Eclipse Adoptium\jdk-17.0.11.9-hotspot\bin\VCRUNTIME140.dll
0x00007ffcc68d0000 - 0x00007ffcc6b63000 	C:\WINDOWS\WinSxS\amd64_microsoft.windows.common-controls_6595b64144ccf1df_6.0.26100.7309_none_3e05feeae336a044\COMCTL32.dll
0x00007ffce2660000 - 0x00007ffce2709000 	C:\WINDOWS\System32\msvcrt.dll
0x00007ffce4560000 - 0x00007ffce4591000 	C:\WINDOWS\System32\IMM32.DLL
0x00007ffcd4d80000 - 0x00007ffcd4d8c000 	C:\Users\dadig\AppData\Local\Programs\Eclipse Adoptium\jdk-17.0.11.9-hotspot\bin\vcruntime140_1.dll
0x00007ffc8ac80000 - 0x00007ffc8ad0d000 	C:\Users\dadig\AppData\Local\Programs\Eclipse Adoptium\jdk-17.0.11.9-hotspot\bin\msvcp140.dll
0x00007ffc5bdf0000 - 0x00007ffc5ca52000 	C:\Users\dadig\AppData\Local\Programs\Eclipse Adoptium\jdk-17.0.11.9-hotspot\bin\server\jvm.dll
0x00007ffce37f0000 - 0x00007ffce38a4000 	C:\WINDOWS\System32\ADVAPI32.dll
0x00007ffce44b0000 - 0x00007ffce4556000 	C:\WINDOWS\System32\sechost.dll
0x00007ffce2f50000 - 0x00007ffce3068000 	C:\WINDOWS\System32\RPCRT4.dll
0x00007ffce1590000 - 0x00007ffce15ee000 	C:\WINDOWS\SYSTEM32\POWRPROF.dll
0x00007ffcc33e0000 - 0x00007ffcc33ea000 	C:\WINDOWS\SYSTEM32\WSOCK32.dll
0x00007ffce38b0000 - 0x00007ffce3924000 	C:\WINDOWS\System32\WS2_32.dll
0x00007ffcda940000 - 0x00007ffcda975000 	C:\WINDOWS\SYSTEM32\WINMM.dll
0x00007ffcda980000 - 0x00007ffcda98b000 	C:\WINDOWS\SYSTEM32\VERSION.dll
0x00007ffce1570000 - 0x00007ffce1584000 	C:\WINDOWS\SYSTEM32\UMPDC.dll
0x00007ffce04e0000 - 0x00007ffce04fb000 	C:\WINDOWS\SYSTEM32\kernel.appcore.dll
0x00007ffcd4a80000 - 0x00007ffcd4a8a000 	C:\Users\dadig\AppData\Local\Programs\Eclipse Adoptium\jdk-17.0.11.9-hotspot\bin\jimage.dll
0x00007ffcd6ee0000 - 0x00007ffcd7122000 	C:\WINDOWS\SYSTEM32\DBGHELP.DLL
0x00007ffce39c0000 - 0x00007ffce3d45000 	C:\WINDOWS\System32\combase.dll
0x00007ffce2480000 - 0x00007ffce2556000 	C:\WINDOWS\System32\OLEAUT32.dll
0x00007ffcc5d20000 - 0x00007ffcc5d5c000 	C:\WINDOWS\SYSTEM32\dbgcore.DLL
0x00007ffce1730000 - 0x00007ffce17d5000 	C:\WINDOWS\System32\bcryptPrimitives.dll
0x00007ffcd35a0000 - 0x00007ffcd35ae000 	C:\Users\dadig\AppData\Local\Programs\Eclipse Adoptium\jdk-17.0.11.9-hotspot\bin\instrument.dll
0x00007ffcb0a90000 - 0x00007ffcb0ab5000 	C:\Users\dadig\AppData\Local\Programs\Eclipse Adoptium\jdk-17.0.11.9-hotspot\bin\java.dll
0x00007ffc8a6f0000 - 0x00007ffc8a7c7000 	C:\Users\dadig\AppData\Local\Programs\Eclipse Adoptium\jdk-17.0.11.9-hotspot\bin\jsvml.dll
0x00007ffce3d50000 - 0x00007ffce44a3000 	C:\WINDOWS\System32\SHELL32.dll
0x00007ffce1930000 - 0x00007ffce1a9a000 	C:\WINDOWS\System32\wintypes.dll
0x00007ffcdf370000 - 0x00007ffcdfbce000 	C:\WINDOWS\SYSTEM32\windows.storage.dll
0x00007ffce2380000 - 0x00007ffce2475000 	C:\WINDOWS\System32\SHCORE.dll
0x00007ffce2cf0000 - 0x00007ffce2d56000 	C:\WINDOWS\System32\shlwapi.dll
0x00007ffce1650000 - 0x00007ffce1679000 	C:\WINDOWS\SYSTEM32\profapi.dll
0x00007ffcb70e0000 - 0x00007ffcb70f8000 	C:\Users\dadig\AppData\Local\Programs\Eclipse Adoptium\jdk-17.0.11.9-hotspot\bin\zip.dll
0x00007ffca7250000 - 0x00007ffca7269000 	C:\Users\dadig\AppData\Local\Programs\Eclipse Adoptium\jdk-17.0.11.9-hotspot\bin\net.dll
0x00007ffcd7f30000 - 0x00007ffcd8058000 	C:\WINDOWS\SYSTEM32\WINHTTP.dll
0x00007ffce0a50000 - 0x00007ffce0abb000 	C:\WINDOWS\system32\mswsock.dll
0x00007ffc9ff70000 - 0x00007ffc9ff86000 	C:\Users\dadig\AppData\Local\Programs\Eclipse Adoptium\jdk-17.0.11.9-hotspot\bin\nio.dll
0x00007ffcd2ef0000 - 0x00007ffcd2f00000 	C:\Users\dadig\AppData\Local\Programs\Eclipse Adoptium\jdk-17.0.11.9-hotspot\bin\verify.dll
0x00007ffcd36f0000 - 0x00007ffcd3717000 	C:\Users\dadig\.gradle\native\1def1411415f61bf3af743bc5b6707747c0891f09f0c88961ee8f79bc544acac\windows-amd64\native-platform.dll
0x00007ffc8a220000 - 0x00007ffc8a298000 	C:\Users\dadig\.gradle\native\0.2.7\x86_64-windows-gnu\gradle-fileevents.dll
0x00007ffcd4db0000 - 0x00007ffcd4db9000 	C:\Users\dadig\AppData\Local\Programs\Eclipse Adoptium\jdk-17.0.11.9-hotspot\bin\management.dll
0x00007ffccba90000 - 0x00007ffccba9b000 	C:\Users\dadig\AppData\Local\Programs\Eclipse Adoptium\jdk-17.0.11.9-hotspot\bin\management_ext.dll
0x00007ffce39a0000 - 0x00007ffce39a8000 	C:\WINDOWS\System32\PSAPI.DLL
0x00007ffcdff40000 - 0x00007ffcdff74000 	C:\WINDOWS\SYSTEM32\IPHLPAPI.DLL
0x00007ffce27c0000 - 0x00007ffce27ca000 	C:\WINDOWS\System32\NSI.dll
0x00007ffcd7ed0000 - 0x00007ffcd7eee000 	C:\WINDOWS\SYSTEM32\dhcpcsvc6.DLL
0x00007ffcd7ea0000 - 0x00007ffcd7ec3000 	C:\WINDOWS\SYSTEM32\dhcpcsvc.DLL
0x00007ffcdffe0000 - 0x00007ffce010c000 	C:\WINDOWS\SYSTEM32\DNSAPI.dll
0x00007ffccb9d0000 - 0x00007ffccb9d9000 	C:\Users\dadig\AppData\Local\Programs\Eclipse Adoptium\jdk-17.0.11.9-hotspot\bin\extnet.dll
0x00007ffce0d10000 - 0x00007ffce0d2b000 	C:\WINDOWS\SYSTEM32\CRYPTSP.dll
0x00007ffce0440000 - 0x00007ffce047a000 	C:\WINDOWS\system32\rsaenh.dll
0x00007ffce0b00000 - 0x00007ffce0b2b000 	C:\WINDOWS\SYSTEM32\USERENV.dll
0x00007ffce1620000 - 0x00007ffce164a000 	C:\WINDOWS\SYSTEM32\bcrypt.dll
0x00007ffce0d30000 - 0x00007ffce0d3c000 	C:\WINDOWS\SYSTEM32\CRYPTBASE.dll
0x00007ffccaf80000 - 0x00007ffccaf8e000 	C:\Users\dadig\AppData\Local\Programs\Eclipse Adoptium\jdk-17.0.11.9-hotspot\bin\sunmscapi.dll
0x00007ffce2020000 - 0x00007ffce2197000 	C:\WINDOWS\System32\CRYPT32.dll
0x00007ffce0eb0000 - 0x00007ffce0ee0000 	C:\WINDOWS\SYSTEM32\ncrypt.dll
0x00007ffce0e60000 - 0x00007ffce0e9f000 	C:\WINDOWS\SYSTEM32\NTASN1.dll
0x00007ffcd2ce0000 - 0x00007ffcd2ce8000 	C:\WINDOWS\system32\wshunix.dll

dbghelp: loaded successfully - version: 4.0.5 - missing functions: none
symbol engine: initialized successfully - sym options: 0x614 - pdb path: .;C:\Users\dadig\AppData\Local\Programs\Eclipse Adoptium\jdk-17.0.11.9-hotspot\bin;C:\WINDOWS\SYSTEM32;C:\WINDOWS\WinSxS\amd64_microsoft.windows.common-controls_6595b64144ccf1df_6.0.26100.7309_none_3e05feeae336a044;C:\Users\dadig\AppData\Local\Programs\Eclipse Adoptium\jdk-17.0.11.9-hotspot\bin\server;C:\Users\dadig\.gradle\native\1def1411415f61bf3af743bc5b6707747c0891f09f0c88961ee8f79bc544acac\windows-amd64;C:\Users\dadig\.gradle\native\0.2.7\x86_64-windows-gnu

VM Arguments:
jvm_args: --add-opens=java.base/java.lang=ALL-UNNAMED --add-opens=java.base/java.lang.invoke=ALL-UNNAMED --add-opens=java.base/java.util=ALL-UNNAMED --add-opens=java.prefs/java.util.prefs=ALL-UNNAMED --add-exports=jdk.compiler/com.sun.tools.javac.api=ALL-UNNAMED --add-exports=jdk.compiler/com.sun.tools.javac.util=ALL-UNNAMED --add-opens=java.base/java.util=ALL-UNNAMED --add-opens=java.prefs/java.util.prefs=ALL-UNNAMED --add-opens=java.base/java.nio.charset=ALL-UNNAMED --add-opens=java.base/java.net=ALL-UNNAMED --add-opens=java.base/java.util.concurrent.atomic=ALL-UNNAMED --add-opens=java.xml/javax.xml.namespace=ALL-UNNAMED -XX:MaxMetaspaceSize=512m -Xmx1536m -Dfile.encoding=windows-1252 -Duser.country=US -Duser.language=en -Duser.variant -javaagent:C:\Users\dadig\.gradle\wrapper\dists\gradle-8.13-bin\5xuhj0ry160q40clulazy9h7d\gradle-8.13\lib\agents\gradle-instrumentation-agent-8.13.jar 
java_command: org.gradle.launcher.daemon.bootstrap.GradleDaemon 8.13
java_class_path (initial): C:\Users\dadig\.gradle\wrapper\dists\gradle-8.13-bin\5xuhj0ry160q40clulazy9h7d\gradle-8.13\lib\gradle-daemon-main-8.13.jar
Launcher Type: SUN_STANDARD

[Global flags]
     intx CICompilerCount                          = 3                                         {product} {ergonomic}
   size_t CompressedClassSpaceSize                 = 436207616                                 {product} {ergonomic}
     uint ConcGCThreads                            = 1                                         {product} {ergonomic}
     uint G1ConcRefinementThreads                  = 4                                         {product} {ergonomic}
   size_t G1HeapRegionSize                         = 1048576                                   {product} {ergonomic}
    uintx GCDrainStackTargetSize                   = 64                                        {product} {ergonomic}
   size_t InitialHeapSize                          = 58720256                                  {product} {ergonomic}
   size_t MarkStackSize                            = 4194304                                   {product} {ergonomic}
   size_t MaxHeapSize                              = 1610612736                                {product} {command line}
   size_t MaxMetaspaceSize                         = 536870912                                 {product} {command line}
   size_t MaxNewSize                               = 965738496                                 {product} {ergonomic}
   size_t MinHeapDeltaBytes                        = 1048576                                   {product} {ergonomic}
   size_t MinHeapSize                              = 8388608                                   {product} {ergonomic}
    uintx NonNMethodCodeHeapSize                   = 5832780                                {pd product} {ergonomic}
    uintx NonProfiledCodeHeapSize                  = 122912730                              {pd product} {ergonomic}
    uintx ProfiledCodeHeapSize                     = 122912730                              {pd product} {ergonomic}
    uintx ReservedCodeCacheSize                    = 251658240                              {pd product} {ergonomic}
     bool SegmentedCodeCache                       = true                                      {product} {ergonomic}
   size_t SoftMaxHeapSize                          = 1610612736                             {manageable} {ergonomic}
     bool UseCompressedClassPointers               = true                           {product lp64_product} {ergonomic}
     bool UseCompressedOops                        = true                           {product lp64_product} {ergonomic}
     bool UseG1GC                                  = true                                      {product} {ergonomic}
     bool UseLargePagesIndividualAllocation        = false                                  {pd product} {ergonomic}

Logging:
Log output configuration:
 #0: stdout all=warning uptime,level,tags
 #1: stderr all=off uptime,level,tags

Environment Variables:
JAVA_HOME=C:\Users\dadig\AppData\Local\Programs\Eclipse Adoptium\jdk-17.0.11.9-hotspot\
PATH=C:\WINDOWS\system32;C:\WINDOWS;C:\WINDOWS\System32\Wbem;C:\WINDOWS\System32\WindowsPowerShell\v1.0\;C:\WINDOWS\System32\OpenSSH\;C:\Program Files\PuTTY\;C:\Program Files\MySQL\MySQL Server 8.0\bin;C:\Program Files\PostgreSQL\10\bin;;C:\Program Files\HP\HP One Agent;C:\Program Files\nodejs\;%SystemRoot%\system32;%SystemRoot%;%SystemRoot%\System32\Wbem;%SYSTEMROOT%\System32\WindowsPowerShell\v1.0\;%SYSTEMROOT%\System32\OpenSSH\;C:\Program Files\MySQL\MySQL Shell 8.0\bin\;C:\Users\dadig\AppData\Local\Programs\Eclipse Adoptium\jdk-17.0.11.9-hotspot\bin;C:\Users\dadig\AppData\Local\Microsoft\WindowsApps;C:\Users\dadig\AppData\Local\Programs\Microsoft VS Code\bin;C:\Users\dadig\AppData\Roaming\npm;C:\Users\dadig\AppData\Local\Programs\Antigravity\bin
USERNAME=dadig
OS=Windows_NT
PROCESSOR_IDENTIFIER=AMD64 Family 23 Model 24 Stepping 1, AuthenticAMD
TMP=C:\Users\dadig\AppData\Local\Temp
TEMP=C:\Users\dadig\AppData\Local\Temp



Periodic native trim disabled


---------------  S Y S T E M  ---------------

OS:
 Windows 11 , 64 bit Build 26100 (10.0.26100.7309)
OS uptime: 0 days 4:48 hours

CPU: total 4 (initial active 4) (4 cores per cpu, 2 threads per core) family 23 model 24 stepping 1 microcode 0x8108109, cx8, cmov, fxsr, ht, mmx, 3dnowpref, sse, sse2, sse3, ssse3, sse4a, sse4.1, sse4.2, popcnt, lzcnt, tsc, tscinvbit, avx, avx2, aes, clmul, bmi1, bmi2, adx, sha, fma, vzeroupper, clflush, clflushopt
Processor Information for all 4 processors :
  Max Mhz: 2600, Current Mhz: 2600, Mhz Limit: 2600

Memory: 4k page, system-wide physical 3526M (129M free)
TotalPageFile size 14278M (AvailPageFile size 2M)
current process WorkingSet (physical memory assigned to process): 133M, peak: 135M
current process commit charge ("private bytes"): 186M, peak: 187M

vm_info: OpenJDK 64-Bit Server VM (17.0.11+9) for windows-amd64 JRE (17.0.11+9), built on Apr 17 2024 06:07:48 by "admin" with MS VC++ 16.10 / 16.11 (VS2019)

END.
