#
# There is insufficient memory for the Java Runtime Environment to continue.
# Native memory allocation (mmap) failed to map 97517568 bytes. Error detail: G1 virtual space
# Possible reasons:
#   The system is out of physical RAM or swap space
#   This process is running with CompressedOops enabled, and the Java Heap may be blocking the growth of the native heap
# Possible solutions:
#   Reduce memory load on the system
#   Increase physical memory or swap space
#   Check if swap backing store is full
#   Decrease Java heap size (-Xmx/-Xms)
#   Decrease number of Java threads
#   Decrease Java thread stack sizes (-Xss)
#   Set larger code cache with -XX:ReservedCodeCacheSize=
#   JVM is running with Unscaled Compressed Oops mode in which the Java heap is
#     placed in the first 4GB address space. The Java Heap base address is the
#     maximum limit for the native heap growth. Please use -XX:HeapBaseMinAddress
#     to set the Java Heap base and to place the Java Heap above 4GB virtual address.
# This output file may be truncated or incomplete.
#
#  Out of Memory Error (os_windows.cpp:3613), pid=9312, tid=15416
#
# JRE version: OpenJDK Runtime Environment Temurin-17.0.11+9 (17.0.11+9) (build 17.0.11+9)
# Java VM: OpenJDK 64-Bit Server VM Temurin-17.0.11+9 (17.0.11+9, mixed mode, sharing, tiered, compressed oops, compressed class ptrs, g1 gc, windows-amd64)
# No core dump will be written. Minidumps are not enabled by default on client versions of Windows
#

---------------  S U M M A R Y ------------

Command Line: --add-opens=java.base/java.lang=ALL-UNNAMED --add-opens=java.base/java.lang.invoke=ALL-UNNAMED --add-opens=java.base/java.util=ALL-UNNAMED --add-opens=java.prefs/java.util.prefs=ALL-UNNAMED --add-exports=jdk.compiler/com.sun.tools.javac.api=ALL-UNNAMED --add-exports=jdk.compiler/com.sun.tools.javac.util=ALL-UNNAMED --add-opens=java.base/java.util=ALL-UNNAMED --add-opens=java.prefs/java.util.prefs=ALL-UNNAMED --add-opens=java.base/java.nio.charset=ALL-UNNAMED --add-opens=java.base/java.net=ALL-UNNAMED --add-opens=java.base/java.util.concurrent.atomic=ALL-UNNAMED --add-opens=java.xml/javax.xml.namespace=ALL-UNNAMED -XX:MaxMetaspaceSize=512m -Xmx1536m -Dfile.encoding=windows-1252 -Duser.country=US -Duser.language=en -Duser.variant -javaagent:C:\Users\dadig\.gradle\wrapper\dists\gradle-8.13-bin\5xuhj0ry160q40clulazy9h7d\gradle-8.13\lib\agents\gradle-instrumentation-agent-8.13.jar org.gradle.launcher.daemon.bootstrap.GradleDaemon 8.13

Host: AMD Ryzen 3 3250U with Radeon Graphics         , 4 cores, 3G,  Windows 11 , 64 bit Build 26100 (10.0.26100.7309)
Time: Fri Jan  2 13:38:47 2026 India Standard Time elapsed time: 118.387073 seconds (0d 0h 1m 58s)

---------------  T H R E A D  ---------------

Current thread (0x000002b29de1a910):  VMThread "VM Thread" [stack: 0x000000b4f1900000,0x000000b4f1a00000] [id=15416]

Stack: [0x000000b4f1900000,0x000000b4f1a00000]
Native frames: (J=compiled Java code, j=interpreted, Vv=VM code, C=native code)
V  [jvm.dll+0x67d429]
V  [jvm.dll+0x834b7a]
V  [jvm.dll+0x83663e]
V  [jvm.dll+0x836ca3]
V  [jvm.dll+0x247dbf]
V  [jvm.dll+0x67a269]
V  [jvm.dll+0x66ecda]
V  [jvm.dll+0x30797b]
V  [jvm.dll+0x30ee26]
V  [jvm.dll+0x35e80e]
V  [jvm.dll+0x35ea3f]
V  [jvm.dll+0x2de6b8]
V  [jvm.dll+0x2dcac4]
V  [jvm.dll+0x2dc0cc]
V  [jvm.dll+0x31facb]
V  [jvm.dll+0x83b19b]
V  [jvm.dll+0x83bed2]
V  [jvm.dll+0x83c3ed]
V  [jvm.dll+0x83c7c4]
V  [jvm.dll+0x83c890]
V  [jvm.dll+0x7e410a]
V  [jvm.dll+0x67c315]
C  [ucrtbase.dll+0x37b0]
C  [KERNEL32.DLL+0x2e8d7]
C  [ntdll.dll+0x8c53c]

VM_Operation (0x000000b4f36fe830): G1CollectForAllocation, mode: safepoint, requested by thread 0x000002b2be4f5fe0


---------------  P R O C E S S  ---------------

Threads class SMR info:
_java_thread_list=0x000002b2c07d82f0, length=56, elements={
0x000002b2ff97f850, 0x000002b29de1ee80, 0x000002b29de1f950, 0x000002b29de37c40,
0x000002b29de3a520, 0x000002b29de3adf0, 0x000002b29de3b6c0, 0x000002b29de3c2c0,
0x000002b29de55380, 0x000002b29deb7910, 0x000002b2bd0183c0, 0x000002b2bd181c80,
0x000002b2bdb4ad80, 0x000002b2be01fa90, 0x000002b2bd20ecd0, 0x000002b2be400440,
0x000002b2bd8f96d0, 0x000002b2be4f4690, 0x000002b2be4f4ba0, 0x000002b2be4f64f0,
0x000002b2be4f50b0, 0x000002b2be4f55c0, 0x000002b2be4f6a00, 0x000002b2be4f5ad0,
0x000002b2be4f5fe0, 0x000002b2be4f7420, 0x000002b2be4f7930, 0x000002b2c111c300,
0x000002b2c111d740, 0x000002b2c111f090, 0x000002b2c111c810, 0x000002b2c111eb80,
0x000002b2c111b8e0, 0x000002b2c111dc50, 0x000002b2c111e670, 0x000002b2c111e160,
0x000002b2be985ce0, 0x000002b2be9848a0, 0x000002b2be9861f0, 0x000002b2be984db0,
0x000002b2be9857d0, 0x000002b2be983e80, 0x000002b2be983460, 0x000002b2be983970,
0x000002b2c1c3c820, 0x000002b2c1c3be00, 0x000002b2c1c3b8f0, 0x000002b2c1c39fa0,
0x000002b2c1c39a90, 0x000002b2c1c3c310, 0x000002b2c1c3a4b0, 0x000002b2c1c3b3e0,
0x000002b2c1c3a9c0, 0x000002b2c1c3aed0, 0x000002b2c1c3d240, 0x000002b2c1c3f5b0
}

Java Threads: ( => current thread )
  0x000002b2ff97f850 JavaThread "main" [_thread_blocked, id=1868, stack(0x000000b4f1300000,0x000000b4f1400000)]
  0x000002b29de1ee80 JavaThread "Reference Handler" daemon [_thread_blocked, id=8532, stack(0x000000b4f1a00000,0x000000b4f1b00000)]
  0x000002b29de1f950 JavaThread "Finalizer" daemon [_thread_blocked, id=16264, stack(0x000000b4f1b00000,0x000000b4f1c00000)]
  0x000002b29de37c40 JavaThread "Signal Dispatcher" daemon [_thread_blocked, id=15504, stack(0x000000b4f1c00000,0x000000b4f1d00000)]
  0x000002b29de3a520 JavaThread "Attach Listener" daemon [_thread_blocked, id=2056, stack(0x000000b4f1d00000,0x000000b4f1e00000)]
  0x000002b29de3adf0 JavaThread "Service Thread" daemon [_thread_blocked, id=16016, stack(0x000000b4f1e00000,0x000000b4f1f00000)]
  0x000002b29de3b6c0 JavaThread "Monitor Deflation Thread" daemon [_thread_blocked, id=14992, stack(0x000000b4f1f00000,0x000000b4f2000000)]
  0x000002b29de3c2c0 JavaThread "C2 CompilerThread0" daemon [_thread_blocked, id=5952, stack(0x000000b4f2000000,0x000000b4f2100000)]
  0x000002b29de55380 JavaThread "C1 CompilerThread0" daemon [_thread_blocked, id=15744, stack(0x000000b4f2100000,0x000000b4f2200000)]
  0x000002b29deb7910 JavaThread "Sweeper thread" daemon [_thread_blocked, id=12236, stack(0x000000b4f2200000,0x000000b4f2300000)]
  0x000002b2bd0183c0 JavaThread "Common-Cleaner" daemon [_thread_blocked, id=8676, stack(0x000000b4f2300000,0x000000b4f2400000)]
  0x000002b2bd181c80 JavaThread "Notification Thread" daemon [_thread_blocked, id=16268, stack(0x000000b4f2400000,0x000000b4f2500000)]
  0x000002b2bdb4ad80 JavaThread "Daemon health stats" [_thread_blocked, id=16128, stack(0x000000b4f2a00000,0x000000b4f2b00000)]
  0x000002b2be01fa90 JavaThread "Incoming local TCP Connector on port 64913" [_thread_in_native, id=15424, stack(0x000000b4f2b00000,0x000000b4f2c00000)]
  0x000002b2bd20ecd0 JavaThread "Daemon periodic checks" [_thread_blocked, id=9688, stack(0x000000b4f2c00000,0x000000b4f2d00000)]
  0x000002b2be400440 JavaThread "Daemon" [_thread_blocked, id=6072, stack(0x000000b4f2d00000,0x000000b4f2e00000)]
  0x000002b2bd8f96d0 JavaThread "Handler for socket connection from /127.0.0.1:64913 to /127.0.0.1:64914" [_thread_in_native, id=4184, stack(0x000000b4f2e00000,0x000000b4f2f00000)]
  0x000002b2be4f4690 JavaThread "Cancel handler" [_thread_blocked, id=4260, stack(0x000000b4f2f00000,0x000000b4f3000000)]
  0x000002b2be4f4ba0 JavaThread "Daemon worker" [_thread_blocked, id=8732, stack(0x000000b4f3000000,0x000000b4f3100000)]
  0x000002b2be4f64f0 JavaThread "Asynchronous log dispatcher for DefaultDaemonConnection: socket connection from /127.0.0.1:64913 to /127.0.0.1:64914" [_thread_blocked, id=13856, stack(0x000000b4f3100000,0x000000b4f3200000)]
  0x000002b2be4f50b0 JavaThread "Stdin handler" [_thread_blocked, id=468, stack(0x000000b4f3200000,0x000000b4f3300000)]
  0x000002b2be4f55c0 JavaThread "Daemon client event forwarder" [_thread_blocked, id=15728, stack(0x000000b4f3300000,0x000000b4f3400000)]
  0x000002b2be4f6a00 JavaThread "Cache worker for journal cache (C:\Users\dadig\.gradle\caches\journal-1)" [_thread_blocked, id=12688, stack(0x000000b4f3400000,0x000000b4f3500000)]
  0x000002b2be4f5ad0 JavaThread "File lock request listener" [_thread_in_native, id=16148, stack(0x000000b4f3500000,0x000000b4f3600000)]
  0x000002b2be4f5fe0 JavaThread "Cache worker for file hash cache (C:\Users\dadig\.gradle\caches\8.13\fileHashes)" [_thread_blocked, id=12060, stack(0x000000b4f3600000,0x000000b4f3700000)]
  0x000002b2be4f7420 JavaThread "Cache worker for file hash cache (C:\VYBE\android\.gradle\8.13\fileHashes)" [_thread_blocked, id=15580, stack(0x000000b4f3700000,0x000000b4f3800000)]
  0x000002b2be4f7930 JavaThread "Cache worker for Build Output Cleanup Cache (C:\VYBE\android\.gradle\buildOutputCleanup)" [_thread_blocked, id=14332, stack(0x000000b4f3800000,0x000000b4f3900000)]
  0x000002b2c111c300 JavaThread "jar transforms" [_thread_blocked, id=4980, stack(0x000000b4f3900000,0x000000b4f3a00000)]
  0x000002b2c111d740 JavaThread "Cache worker for checksums cache (C:\VYBE\android\.gradle\8.13\checksums)" [_thread_blocked, id=15364, stack(0x000000b4f3a00000,0x000000b4f3b00000)]
  0x000002b2c111f090 JavaThread "Cache worker for file content cache (C:\Users\dadig\.gradle\caches\8.13\fileContent)" [_thread_blocked, id=15324, stack(0x000000b4f3b00000,0x000000b4f3c00000)]
  0x000002b2c111c810 JavaThread "Cache worker for cache directory md-supplier (C:\Users\dadig\.gradle\caches\8.13\md-supplier)" [_thread_blocked, id=14612, stack(0x000000b4f1000000,0x000000b4f1100000)]
  0x000002b2c111eb80 JavaThread "Cache worker for cache directory md-rule (C:\Users\dadig\.gradle\caches\8.13\md-rule)" [_thread_blocked, id=15960, stack(0x000000b4f3c00000,0x000000b4f3d00000)]
  0x000002b2c111b8e0 JavaThread "Cache worker for Build Output Cleanup Cache (C:\VYBE\node_modules\@react-native\gradle-plugin\.gradle\buildOutputCleanup)" [_thread_blocked, id=2872, stack(0x000000b4f3d00000,0x000000b4f3e00000)]
  0x000002b2c111dc50 JavaThread "Unconstrained build operations" [_thread_blocked, id=16272, stack(0x000000b4f3e00000,0x000000b4f3f00000)]
  0x000002b2c111e670 JavaThread "Unconstrained build operations Thread 2" [_thread_blocked, id=8776, stack(0x000000b4f3f00000,0x000000b4f4000000)]
  0x000002b2c111e160 JavaThread "Unconstrained build operations Thread 3" [_thread_blocked, id=14320, stack(0x000000b4f4000000,0x000000b4f4100000)]
  0x000002b2be985ce0 JavaThread "Unconstrained build operations Thread 4" [_thread_blocked, id=14384, stack(0x000000b4f4300000,0x000000b4f4400000)]
  0x000002b2be9848a0 JavaThread "Unconstrained build operations Thread 5" [_thread_blocked, id=5296, stack(0x000000b4f4400000,0x000000b4f4500000)]
  0x000002b2be9861f0 JavaThread "Unconstrained build operations Thread 6" [_thread_blocked, id=10072, stack(0x000000b4f4500000,0x000000b4f4600000)]
  0x000002b2be984db0 JavaThread "build event listener" [_thread_blocked, id=15712, stack(0x000000b4f1100000,0x000000b4f1200000)]
  0x000002b2be9857d0 JavaThread "Memory manager" [_thread_blocked, id=13736, stack(0x000000b4f1200000,0x000000b4f1300000)]
  0x000002b2be983e80 JavaThread "ForkJoinPool.commonPool-worker-1" daemon [_thread_blocked, id=14804, stack(0x000000b4f4600000,0x000000b4f4700000)]
  0x000002b2be983460 JavaThread "ForkJoinPool.commonPool-worker-2" daemon [_thread_blocked, id=16088, stack(0x000000b4f4700000,0x000000b4f4800000)]
  0x000002b2be983970 JavaThread "ForkJoinPool.commonPool-worker-3" daemon [_thread_blocked, id=8668, stack(0x000000b4f4800000,0x000000b4f4900000)]
  0x000002b2c1c3c820 JavaThread "Exec process" daemon [_thread_blocked, id=15736, stack(0x000000b4f4900000,0x000000b4f4a00000)]
  0x000002b2c1c3be00 JavaThread "Exec process Thread 2" daemon [_thread_blocked, id=8660, stack(0x000000b4f4a00000,0x000000b4f4b00000)]
  0x000002b2c1c3b8f0 JavaThread "Exec process Thread 3" daemon [_thread_blocked, id=9244, stack(0x000000b4f4b00000,0x000000b4f4c00000)]
  0x000002b2c1c39fa0 JavaThread "included builds" [_thread_blocked, id=7656, stack(0x000000b4f4c00000,0x000000b4f4d00000)]
  0x000002b2c1c39a90 JavaThread "Cache worker for execution history cache (C:\VYBE\node_modules\@react-native\gradle-plugin\.gradle\8.13\executionHistory)" [_thread_blocked, id=15152, stack(0x000000b4f4d00000,0x000000b4f4e00000)]
  0x000002b2c1c3c310 JavaThread "Unconstrained build operations Thread 7" [_thread_blocked, id=12048, stack(0x000000b4f4e00000,0x000000b4f4f00000)]
  0x000002b2c1c3a4b0 JavaThread "Unconstrained build operations Thread 8" [_thread_blocked, id=15296, stack(0x000000b4f4f00000,0x000000b4f5000000)]
  0x000002b2c1c3b3e0 JavaThread "Unconstrained build operations Thread 9" [_thread_blocked, id=11324, stack(0x000000b4f5000000,0x000000b4f5100000)]
  0x000002b2c1c3a9c0 JavaThread "Unconstrained build operations Thread 10" [_thread_blocked, id=13192, stack(0x000000b4f5100000,0x000000b4f5200000)]
  0x000002b2c1c3aed0 JavaThread "jar transforms Thread 2" [_thread_blocked, id=13236, stack(0x000000b4f5200000,0x000000b4f5300000)]
  0x000002b2c1c3d240 JavaThread "jar transforms Thread 3" [_thread_blocked, id=15312, stack(0x000000b4f5300000,0x000000b4f5400000)]
  0x000002b2c1c3f5b0 JavaThread "File lock release action executor" [_thread_blocked, id=12728, stack(0x000000b4f5400000,0x000000b4f5500000)]

Other Threads:
=>0x000002b29de1a910 VMThread "VM Thread" [stack: 0x000000b4f1900000,0x000000b4f1a00000] [id=15416]
  0x000002b2ff980380 WatcherThread [stack: 0x000000b4f2500000,0x000000b4f2600000] [id=9704]
  0x000002b2ff9cf6f0 GCTaskThread "GC Thread#0" [stack: 0x000000b4f1400000,0x000000b4f1500000] [id=5704]
  0x000002b2bd389d50 GCTaskThread "GC Thread#1" [stack: 0x000000b4f2600000,0x000000b4f2700000] [id=256]
  0x000002b2bd22f870 GCTaskThread "GC Thread#2" [stack: 0x000000b4f2700000,0x000000b4f2800000] [id=10928]
  0x000002b2be3d8840 GCTaskThread "GC Thread#3" [stack: 0x000000b4f2800000,0x000000b4f2900000] [id=7472]
  0x000002b2ff9dc550 ConcurrentGCThread "G1 Main Marker" [stack: 0x000000b4f1500000,0x000000b4f1600000] [id=4188]
  0x000002b2ff9ddb50 ConcurrentGCThread "G1 Conc#0" [stack: 0x000000b4f1600000,0x000000b4f1700000] [id=13880]
  0x000002b2ffa20eb0 ConcurrentGCThread "G1 Refine#0" [stack: 0x000000b4f1700000,0x000000b4f1800000] [id=9304]
  0x000002b2be1dbba0 ConcurrentGCThread "G1 Refine#1" [stack: 0x000000b4f2900000,0x000000b4f2a00000] [id=3348]
  0x000002b2ffa2a810 ConcurrentGCThread "G1 Service" [stack: 0x000000b4f1800000,0x000000b4f1900000] [id=16180]

Threads with active compile tasks:

VM state: at safepoint (normal execution)

VM Mutex/Monitor currently owned by a thread:  ([mutex/lock_event])
[0x000002b2ff97b2f0] Threads_lock - owner thread: 0x000002b29de1a910
[0x000002b2ff97a960] Heap_lock - owner thread: 0x000002b2be4f5fe0

Heap address: 0x00000000a0000000, size: 1536 MB, Compressed Oops mode: 32-bit

CDS archive(s) mapped at: [0x000002b29e000000-0x000002b29ebb0000-0x000002b29ebb0000), size 12255232, SharedBaseAddress: 0x000002b29e000000, ArchiveRelocationMode: 1.
Compressed class space mapped at: 0x000002b29f000000-0x000002b2b9000000, reserved size: 436207616
Narrow klass base: 0x000002b29e000000, Narrow klass shift: 0, Narrow klass range: 0x100000000

GC Precious Log:
 CPUs: 4 total, 4 available
 Memory: 3526M
 Large Page Support: Disabled
 NUMA Support: Disabled
 Compressed Oops: Enabled (32-bit)
 Heap Region Size: 1M
 Heap Min Capacity: 8M
 Heap Initial Capacity: 56M
 Heap Max Capacity: 1536M
 Pre-touch: Disabled
 Parallel Workers: 4
 Concurrent Workers: 1
 Concurrent Refinement Workers: 4
 Periodic GC: Disabled

Heap:
 garbage-first heap   total 149504K, used 85772K [0x00000000a0000000, 0x0000000100000000)
  region size 1024K, 4 young (4096K), 4 survivors (4096K)
 Metaspace       used 79730K, committed 80576K, reserved 557056K
  class space    used 10995K, committed 11456K, reserved 425984K

Heap Regions: E=young(eden), S=young(survivor), O=old, HS=humongous(starts), HC=humongous(continues), CS=collection set, F=free, OA=open archive, CA=closed archive, TAMS=top-at-mark-start (previous, next)
|   0|0x00000000a0000000, 0x00000000a0100000, 0x00000000a0100000|100%|HS|  |TAMS 0x00000000a0100000, 0x00000000a0100000| Complete 
|   1|0x00000000a0100000, 0x00000000a0200000, 0x00000000a0200000|100%|HC|  |TAMS 0x00000000a0200000, 0x00000000a0200000| Complete 
|   2|0x00000000a0200000, 0x00000000a0300000, 0x00000000a0300000|100%|HC|  |TAMS 0x00000000a0300000, 0x00000000a0300000| Complete 
|   3|0x00000000a0300000, 0x00000000a0400000, 0x00000000a0400000|100%| O|  |TAMS 0x00000000a0400000, 0x00000000a0400000| Untracked 
|   4|0x00000000a0400000, 0x00000000a0500000, 0x00000000a0500000|100%| O|  |TAMS 0x00000000a0500000, 0x00000000a0500000| Untracked 
|   5|0x00000000a0500000, 0x00000000a0600000, 0x00000000a0600000|100%| O|  |TAMS 0x00000000a0600000, 0x00000000a0600000| Untracked 
|   6|0x00000000a0600000, 0x00000000a0700000, 0x00000000a0700000|100%| O|  |TAMS 0x00000000a0700000, 0x00000000a0700000| Untracked 
|   7|0x00000000a0700000, 0x00000000a0800000, 0x00000000a0800000|100%| O|  |TAMS 0x00000000a0800000, 0x00000000a0800000| Untracked 
|   8|0x00000000a0800000, 0x00000000a0900000, 0x00000000a0900000|100%| O|  |TAMS 0x00000000a0900000, 0x00000000a0900000| Untracked 
|   9|0x00000000a0900000, 0x00000000a0a00000, 0x00000000a0a00000|100%| O|  |TAMS 0x00000000a0a00000, 0x00000000a0a00000| Untracked 
|  10|0x00000000a0a00000, 0x00000000a0b00000, 0x00000000a0b00000|100%|HS|  |TAMS 0x00000000a0b00000, 0x00000000a0b00000| Complete 
|  11|0x00000000a0b00000, 0x00000000a0c00000, 0x00000000a0c00000|100%| O|  |TAMS 0x00000000a0c00000, 0x00000000a0c00000| Untracked 
|  12|0x00000000a0c00000, 0x00000000a0d00000, 0x00000000a0d00000|100%| O|  |TAMS 0x00000000a0d00000, 0x00000000a0d00000| Untracked 
|  13|0x00000000a0d00000, 0x00000000a0e00000, 0x00000000a0e00000|100%| O|  |TAMS 0x00000000a0e00000, 0x00000000a0e00000| Untracked 
|  14|0x00000000a0e00000, 0x00000000a0f00000, 0x00000000a0f00000|100%| O|  |TAMS 0x00000000a0f00000, 0x00000000a0f00000| Untracked 
|  15|0x00000000a0f00000, 0x00000000a1000000, 0x00000000a1000000|100%| O|  |TAMS 0x00000000a1000000, 0x00000000a1000000| Untracked 
|  16|0x00000000a1000000, 0x00000000a1100000, 0x00000000a1100000|100%| O|  |TAMS 0x00000000a1100000, 0x00000000a1100000| Untracked 
|  17|0x00000000a1100000, 0x00000000a1200000, 0x00000000a1200000|100%| O|  |TAMS 0x00000000a1200000, 0x00000000a1200000| Untracked 
|  18|0x00000000a1200000, 0x00000000a1300000, 0x00000000a1300000|100%| O|  |TAMS 0x00000000a1300000, 0x00000000a1300000| Untracked 
|  19|0x00000000a1300000, 0x00000000a1400000, 0x00000000a1400000|100%| O|  |TAMS 0x00000000a1400000, 0x00000000a1400000| Untracked 
|  20|0x00000000a1400000, 0x00000000a1500000, 0x00000000a1500000|100%| O|  |TAMS 0x00000000a1500000, 0x00000000a1500000| Untracked 
|  21|0x00000000a1500000, 0x00000000a1600000, 0x00000000a1600000|100%| O|  |TAMS 0x00000000a1600000, 0x00000000a1600000| Untracked 
|  22|0x00000000a1600000, 0x00000000a1700000, 0x00000000a1700000|100%| O|  |TAMS 0x00000000a1700000, 0x00000000a1700000| Untracked 
|  23|0x00000000a1700000, 0x00000000a1800000, 0x00000000a1800000|100%| O|  |TAMS 0x00000000a1800000, 0x00000000a1800000| Untracked 
|  24|0x00000000a1800000, 0x00000000a1900000, 0x00000000a1900000|100%| O|  |TAMS 0x00000000a1900000, 0x00000000a1900000| Untracked 
|  25|0x00000000a1900000, 0x00000000a1a00000, 0x00000000a1a00000|100%| O|  |TAMS 0x00000000a1a00000, 0x00000000a1a00000| Untracked 
|  26|0x00000000a1a00000, 0x00000000a1b00000, 0x00000000a1b00000|100%| O|  |TAMS 0x00000000a1b00000, 0x00000000a1b00000| Untracked 
|  27|0x00000000a1b00000, 0x00000000a1c00000, 0x00000000a1c00000|100%| O|  |TAMS 0x00000000a1c00000, 0x00000000a1c00000| Untracked 
|  28|0x00000000a1c00000, 0x00000000a1d00000, 0x00000000a1d00000|100%| O|  |TAMS 0x00000000a1d00000, 0x00000000a1d00000| Untracked 
|  29|0x00000000a1d00000, 0x00000000a1e00000, 0x00000000a1e00000|100%| O|  |TAMS 0x00000000a1e00000, 0x00000000a1e00000| Untracked 
|  30|0x00000000a1e00000, 0x00000000a1f00000, 0x00000000a1f00000|100%| O|  |TAMS 0x00000000a1f00000, 0x00000000a1f00000| Untracked 
|  31|0x00000000a1f00000, 0x00000000a2000000, 0x00000000a2000000|100%| O|  |TAMS 0x00000000a2000000, 0x00000000a2000000| Untracked 
|  32|0x00000000a2000000, 0x00000000a2100000, 0x00000000a2100000|100%| O|  |TAMS 0x00000000a2100000, 0x00000000a2100000| Untracked 
|  33|0x00000000a2100000, 0x00000000a2200000, 0x00000000a2200000|100%| O|  |TAMS 0x00000000a2200000, 0x00000000a2200000| Untracked 
|  34|0x00000000a2200000, 0x00000000a2300000, 0x00000000a2300000|100%| O|  |TAMS 0x00000000a2300000, 0x00000000a2300000| Untracked 
|  35|0x00000000a2300000, 0x00000000a2400000, 0x00000000a2400000|100%| O|  |TAMS 0x00000000a2400000, 0x00000000a2400000| Untracked 
|  36|0x00000000a2400000, 0x00000000a2500000, 0x00000000a2500000|100%| O|  |TAMS 0x00000000a2500000, 0x00000000a2500000| Untracked 
|  37|0x00000000a2500000, 0x00000000a2600000, 0x00000000a2600000|100%| O|  |TAMS 0x00000000a2600000, 0x00000000a2600000| Untracked 
|  38|0x00000000a2600000, 0x00000000a2700000, 0x00000000a2700000|100%| O|  |TAMS 0x00000000a2700000, 0x00000000a2700000| Untracked 
|  39|0x00000000a2700000, 0x00000000a2800000, 0x00000000a2800000|100%| O|  |TAMS 0x00000000a2800000, 0x00000000a2800000| Untracked 
|  40|0x00000000a2800000, 0x00000000a2900000, 0x00000000a2900000|100%| O|  |TAMS 0x00000000a2900000, 0x00000000a2900000| Untracked 
|  41|0x00000000a2900000, 0x00000000a2a00000, 0x00000000a2a00000|100%| O|  |TAMS 0x00000000a2a00000, 0x00000000a2a00000| Untracked 
|  42|0x00000000a2a00000, 0x00000000a2b00000, 0x00000000a2b00000|100%|HS|  |TAMS 0x00000000a2b00000, 0x00000000a2b00000| Complete 
|  43|0x00000000a2b00000, 0x00000000a2c00000, 0x00000000a2c00000|100%|HC|  |TAMS 0x00000000a2c00000, 0x00000000a2c00000| Complete 
|  44|0x00000000a2c00000, 0x00000000a2d00000, 0x00000000a2d00000|100%|HC|  |TAMS 0x00000000a2d00000, 0x00000000a2d00000| Complete 
|  45|0x00000000a2d00000, 0x00000000a2e00000, 0x00000000a2e00000|100%|HS|  |TAMS 0x00000000a2e00000, 0x00000000a2e00000| Complete 
|  46|0x00000000a2e00000, 0x00000000a2f00000, 0x00000000a2f00000|100%|HC|  |TAMS 0x00000000a2f00000, 0x00000000a2f00000| Complete 
|  47|0x00000000a2f00000, 0x00000000a3000000, 0x00000000a3000000|100%|HC|  |TAMS 0x00000000a3000000, 0x00000000a3000000| Complete 
|  48|0x00000000a3000000, 0x00000000a3100000, 0x00000000a3100000|100%| O|  |TAMS 0x00000000a302a200, 0x00000000a3100000| Untracked 
|  49|0x00000000a3100000, 0x00000000a3200000, 0x00000000a3200000|100%| O|  |TAMS 0x00000000a3100000, 0x00000000a3200000| Untracked 
|  50|0x00000000a3200000, 0x00000000a3300000, 0x00000000a3300000|100%| O|  |TAMS 0x00000000a3300000, 0x00000000a3300000| Untracked 
|  51|0x00000000a3300000, 0x00000000a3400000, 0x00000000a3400000|100%| O|  |TAMS 0x00000000a3400000, 0x00000000a3400000| Untracked 
|  52|0x00000000a3400000, 0x00000000a3500000, 0x00000000a3500000|100%| O|  |TAMS 0x00000000a3500000, 0x00000000a3500000| Untracked 
|  53|0x00000000a3500000, 0x00000000a3600000, 0x00000000a3600000|100%| O|  |TAMS 0x00000000a3600000, 0x00000000a3600000| Untracked 
|  54|0x00000000a3600000, 0x00000000a3700000, 0x00000000a3700000|100%| O|  |TAMS 0x00000000a3700000, 0x00000000a3700000| Untracked 
|  55|0x00000000a3700000, 0x00000000a3800000, 0x00000000a3800000|100%| O|  |TAMS 0x00000000a3800000, 0x00000000a3800000| Untracked 
|  56|0x00000000a3800000, 0x00000000a3900000, 0x00000000a3900000|100%| O|  |TAMS 0x00000000a3900000, 0x00000000a3900000| Untracked 
|  57|0x00000000a3900000, 0x00000000a3a00000, 0x00000000a3a00000|100%| O|  |TAMS 0x00000000a3a00000, 0x00000000a3a00000| Untracked 
|  58|0x00000000a3a00000, 0x00000000a3b00000, 0x00000000a3b00000|100%| O|  |TAMS 0x00000000a3b00000, 0x00000000a3b00000| Untracked 
|  59|0x00000000a3b00000, 0x00000000a3c00000, 0x00000000a3c00000|100%| O|  |TAMS 0x00000000a3c00000, 0x00000000a3c00000| Untracked 
|  60|0x00000000a3c00000, 0x00000000a3d00000, 0x00000000a3d00000|100%| O|  |TAMS 0x00000000a3d00000, 0x00000000a3d00000| Untracked 
|  61|0x00000000a3d00000, 0x00000000a3e00000, 0x00000000a3e00000|100%|HS|  |TAMS 0x00000000a3e00000, 0x00000000a3e00000| Complete 
|  62|0x00000000a3e00000, 0x00000000a3f00000, 0x00000000a3f00000|100%|HC|  |TAMS 0x00000000a3f00000, 0x00000000a3f00000| Complete 
|  63|0x00000000a3f00000, 0x00000000a4000000, 0x00000000a4000000|100%|HC|  |TAMS 0x00000000a4000000, 0x00000000a4000000| Complete 
|  64|0x00000000a4000000, 0x00000000a4100000, 0x00000000a4100000|100%| O|  |TAMS 0x00000000a4100000, 0x00000000a4100000| Untracked 
|  65|0x00000000a4100000, 0x00000000a4100000, 0x00000000a4200000|  0%| F|  |TAMS 0x00000000a4100000, 0x00000000a4100000| Untracked 
|  66|0x00000000a4200000, 0x00000000a4300000, 0x00000000a4300000|100%| O|  |TAMS 0x00000000a4300000, 0x00000000a4300000| Untracked 
|  67|0x00000000a4300000, 0x00000000a4400000, 0x00000000a4400000|100%| O|  |TAMS 0x00000000a4400000, 0x00000000a4400000| Untracked 
|  68|0x00000000a4400000, 0x00000000a4400000, 0x00000000a4500000|  0%| F|  |TAMS 0x00000000a4400000, 0x00000000a4400000| Untracked 
|  69|0x00000000a4500000, 0x00000000a4600000, 0x00000000a4600000|100%| O|  |TAMS 0x00000000a4600000, 0x00000000a4600000| Untracked 
|  70|0x00000000a4600000, 0x00000000a4700000, 0x00000000a4700000|100%| O|  |TAMS 0x00000000a4700000, 0x00000000a4700000| Untracked 
|  71|0x00000000a4700000, 0x00000000a4800000, 0x00000000a4800000|100%| O|  |TAMS 0x00000000a4800000, 0x00000000a4800000| Untracked 
|  72|0x00000000a4800000, 0x00000000a4800000, 0x00000000a4900000|  0%| F|  |TAMS 0x00000000a4800000, 0x00000000a4800000| Untracked 
|  73|0x00000000a4900000, 0x00000000a4a00000, 0x00000000a4a00000|100%| O|  |TAMS 0x00000000a4900000, 0x00000000a4a00000| Untracked 
|  74|0x00000000a4a00000, 0x00000000a4b00000, 0x00000000a4b00000|100%| O|  |TAMS 0x00000000a4a00000, 0x00000000a4b00000| Untracked 
|  75|0x00000000a4b00000, 0x00000000a4c00000, 0x00000000a4c00000|100%| O|  |TAMS 0x00000000a4b00000, 0x00000000a4c00000| Untracked 
|  76|0x00000000a4c00000, 0x00000000a4d00000, 0x00000000a4d00000|100%| O|  |TAMS 0x00000000a4c00000, 0x00000000a4d00000| Untracked 
|  77|0x00000000a4d00000, 0x00000000a4e00000, 0x00000000a4e00000|100%| O|  |TAMS 0x00000000a4d00000, 0x00000000a4e00000| Untracked 
|  78|0x00000000a4e00000, 0x00000000a4f00000, 0x00000000a4f00000|100%| O|  |TAMS 0x00000000a4e00000, 0x00000000a4f00000| Untracked 
|  79|0x00000000a4f00000, 0x00000000a5000000, 0x00000000a5000000|100%| O|  |TAMS 0x00000000a4f00000, 0x00000000a5000000| Untracked 
|  80|0x00000000a5000000, 0x00000000a5100000, 0x00000000a5100000|100%| O|  |TAMS 0x00000000a5000000, 0x00000000a5100000| Untracked 
|  81|0x00000000a5100000, 0x00000000a5200000, 0x00000000a5200000|100%| O|  |TAMS 0x00000000a5100000, 0x00000000a5200000| Untracked 
|  82|0x00000000a5200000, 0x00000000a5300000, 0x00000000a5300000|100%| O|  |TAMS 0x00000000a5200000, 0x00000000a5300000| Untracked 
|  83|0x00000000a5300000, 0x00000000a53b6a00, 0x00000000a5400000| 71%| O|  |TAMS 0x00000000a5300000, 0x00000000a53b6a00| Untracked 
|  84|0x00000000a5400000, 0x00000000a5400000, 0x00000000a5500000|  0%| F|  |TAMS 0x00000000a5400000, 0x00000000a5400000| Untracked 
|  85|0x00000000a5500000, 0x00000000a5500000, 0x00000000a5600000|  0%| F|  |TAMS 0x00000000a5500000, 0x00000000a5500000| Untracked 
|  86|0x00000000a5600000, 0x00000000a5600000, 0x00000000a5700000|  0%| F|  |TAMS 0x00000000a5600000, 0x00000000a5600000| Untracked 
|  87|0x00000000a5700000, 0x00000000a5700000, 0x00000000a5800000|  0%| F|  |TAMS 0x00000000a5700000, 0x00000000a5700000| Untracked 
|  88|0x00000000a5800000, 0x00000000a5800000, 0x00000000a5900000|  0%| F|  |TAMS 0x00000000a5800000, 0x00000000a5800000| Untracked 
|  89|0x00000000a5900000, 0x00000000a5900000, 0x00000000a5a00000|  0%| F|  |TAMS 0x00000000a5900000, 0x00000000a5900000| Untracked 
|  90|0x00000000a5a00000, 0x00000000a5a00000, 0x00000000a5b00000|  0%| F|  |TAMS 0x00000000a5a00000, 0x00000000a5a00000| Untracked 
|  91|0x00000000a5b00000, 0x00000000a5b00000, 0x00000000a5c00000|  0%| F|  |TAMS 0x00000000a5b00000, 0x00000000a5b00000| Untracked 
|  92|0x00000000a5c00000, 0x00000000a5c00000, 0x00000000a5d00000|  0%| F|  |TAMS 0x00000000a5c00000, 0x00000000a5c00000| Untracked 
|  93|0x00000000a5d00000, 0x00000000a5d00000, 0x00000000a5e00000|  0%| F|  |TAMS 0x00000000a5d00000, 0x00000000a5d00000| Untracked 
|  94|0x00000000a5e00000, 0x00000000a5e00000, 0x00000000a5f00000|  0%| F|  |TAMS 0x00000000a5e00000, 0x00000000a5e00000| Untracked 
|  95|0x00000000a5f00000, 0x00000000a5f00000, 0x00000000a6000000|  0%| F|  |TAMS 0x00000000a5f00000, 0x00000000a5f00000| Untracked 
|  96|0x00000000a6000000, 0x00000000a6000000, 0x00000000a6100000|  0%| F|  |TAMS 0x00000000a6000000, 0x00000000a6000000| Untracked 
|  97|0x00000000a6100000, 0x00000000a6100000, 0x00000000a6200000|  0%| F|  |TAMS 0x00000000a6100000, 0x00000000a6100000| Untracked 
|  98|0x00000000a6200000, 0x00000000a6200000, 0x00000000a6300000|  0%| F|  |TAMS 0x00000000a6200000, 0x00000000a6200000| Untracked 
|  99|0x00000000a6300000, 0x00000000a6300000, 0x00000000a6400000|  0%| F|  |TAMS 0x00000000a6300000, 0x00000000a6300000| Untracked 
| 100|0x00000000a6400000, 0x00000000a6400000, 0x00000000a6500000|  0%| F|  |TAMS 0x00000000a6400000, 0x00000000a6400000| Untracked 
| 101|0x00000000a6500000, 0x00000000a6500000, 0x00000000a6600000|  0%| F|  |TAMS 0x00000000a6500000, 0x00000000a6500000| Untracked 
| 102|0x00000000a6600000, 0x00000000a6600000, 0x00000000a6700000|  0%| F|  |TAMS 0x00000000a6600000, 0x00000000a6600000| Untracked 
| 103|0x00000000a6700000, 0x00000000a670c818, 0x00000000a6800000|  4%| S|CS|TAMS 0x00000000a6700000, 0x00000000a6700000| Complete 
| 104|0x00000000a6800000, 0x00000000a6900000, 0x00000000a6900000|100%| S|CS|TAMS 0x00000000a6800000, 0x00000000a6800000| Complete 
| 105|0x00000000a6900000, 0x00000000a6a00000, 0x00000000a6a00000|100%| S|CS|TAMS 0x00000000a6900000, 0x00000000a6900000| Complete 
| 106|0x00000000a6a00000, 0x00000000a6b00000, 0x00000000a6b00000|100%| S|CS|TAMS 0x00000000a6a00000, 0x00000000a6a00000| Complete 
| 107|0x00000000a6b00000, 0x00000000a6b00000, 0x00000000a6c00000|  0%| F|  |TAMS 0x00000000a6b00000, 0x00000000a6b00000| Untracked 
| 108|0x00000000a6c00000, 0x00000000a6c00000, 0x00000000a6d00000|  0%| F|  |TAMS 0x00000000a6c00000, 0x00000000a6c00000| Untracked 
| 109|0x00000000a6d00000, 0x00000000a6d00000, 0x00000000a6e00000|  0%| F|  |TAMS 0x00000000a6d00000, 0x00000000a6d00000| Untracked 
| 110|0x00000000a6e00000, 0x00000000a6e00000, 0x00000000a6f00000|  0%| F|  |TAMS 0x00000000a6e00000, 0x00000000a6e00000| Untracked 
| 111|0x00000000a6f00000, 0x00000000a6f00000, 0x00000000a7000000|  0%| F|  |TAMS 0x00000000a6f00000, 0x00000000a6f00000| Untracked 
| 112|0x00000000a7000000, 0x00000000a7000000, 0x00000000a7100000|  0%| F|  |TAMS 0x00000000a7000000, 0x00000000a7000000| Untracked 
| 113|0x00000000a7100000, 0x00000000a7100000, 0x00000000a7200000|  0%| F|  |TAMS 0x00000000a7100000, 0x00000000a7100000| Untracked 
| 114|0x00000000a7200000, 0x00000000a7200000, 0x00000000a7300000|  0%| F|  |TAMS 0x00000000a7200000, 0x00000000a7200000| Untracked 
| 115|0x00000000a7300000, 0x00000000a7300000, 0x00000000a7400000|  0%| F|  |TAMS 0x00000000a7300000, 0x00000000a7300000| Untracked 
| 116|0x00000000a7400000, 0x00000000a7400000, 0x00000000a7500000|  0%| F|  |TAMS 0x00000000a7400000, 0x00000000a7400000| Untracked 
| 117|0x00000000a7500000, 0x00000000a7500000, 0x00000000a7600000|  0%| F|  |TAMS 0x00000000a7500000, 0x00000000a7500000| Untracked 
| 118|0x00000000a7600000, 0x00000000a7600000, 0x00000000a7700000|  0%| F|  |TAMS 0x00000000a7600000, 0x00000000a7600000| Untracked 
| 119|0x00000000a7700000, 0x00000000a7700000, 0x00000000a7800000|  0%| F|  |TAMS 0x00000000a7700000, 0x00000000a7700000| Untracked 
| 120|0x00000000a7800000, 0x00000000a7800000, 0x00000000a7900000|  0%| F|  |TAMS 0x00000000a7800000, 0x00000000a7800000| Untracked 
| 121|0x00000000a7900000, 0x00000000a7900000, 0x00000000a7a00000|  0%| F|  |TAMS 0x00000000a7900000, 0x00000000a7900000| Untracked 
| 122|0x00000000a7a00000, 0x00000000a7a00000, 0x00000000a7b00000|  0%| F|  |TAMS 0x00000000a7a00000, 0x00000000a7a00000| Untracked 
| 123|0x00000000a7b00000, 0x00000000a7b00000, 0x00000000a7c00000|  0%| F|  |TAMS 0x00000000a7b00000, 0x00000000a7b00000| Untracked 
| 124|0x00000000a7c00000, 0x00000000a7c00000, 0x00000000a7d00000|  0%| F|  |TAMS 0x00000000a7c00000, 0x00000000a7c00000| Untracked 
| 125|0x00000000a7d00000, 0x00000000a7d00000, 0x00000000a7e00000|  0%| F|  |TAMS 0x00000000a7d00000, 0x00000000a7d00000| Untracked 
| 126|0x00000000a7e00000, 0x00000000a7e00000, 0x00000000a7f00000|  0%| F|  |TAMS 0x00000000a7e00000, 0x00000000a7e00000| Untracked 
| 127|0x00000000a7f00000, 0x00000000a7f00000, 0x00000000a8000000|  0%| F|  |TAMS 0x00000000a7f00000, 0x00000000a7f00000| Untracked 
| 128|0x00000000a8000000, 0x00000000a8000000, 0x00000000a8100000|  0%| F|  |TAMS 0x00000000a8000000, 0x00000000a8000000| Untracked 
| 129|0x00000000a8100000, 0x00000000a8100000, 0x00000000a8200000|  0%| F|  |TAMS 0x00000000a8100000, 0x00000000a8100000| Untracked 
| 130|0x00000000a8200000, 0x00000000a8200000, 0x00000000a8300000|  0%| F|  |TAMS 0x00000000a8200000, 0x00000000a8200000| Untracked 
| 131|0x00000000a8300000, 0x00000000a8300000, 0x00000000a8400000|  0%| F|  |TAMS 0x00000000a8300000, 0x00000000a8300000| Untracked 
| 132|0x00000000a8400000, 0x00000000a8400000, 0x00000000a8500000|  0%| F|  |TAMS 0x00000000a8400000, 0x00000000a8400000| Untracked 
| 133|0x00000000a8500000, 0x00000000a8500000, 0x00000000a8600000|  0%| F|  |TAMS 0x00000000a8500000, 0x00000000a8500000| Untracked 
| 134|0x00000000a8600000, 0x00000000a8600000, 0x00000000a8700000|  0%| F|  |TAMS 0x00000000a8600000, 0x00000000a8600000| Untracked 
| 135|0x00000000a8700000, 0x00000000a8700000, 0x00000000a8800000|  0%| F|  |TAMS 0x00000000a8700000, 0x00000000a8700000| Untracked 
| 136|0x00000000a8800000, 0x00000000a8800000, 0x00000000a8900000|  0%| F|  |TAMS 0x00000000a8800000, 0x00000000a8800000| Untracked 
| 137|0x00000000a8900000, 0x00000000a8900000, 0x00000000a8a00000|  0%| F|  |TAMS 0x00000000a8900000, 0x00000000a8900000| Untracked 
| 138|0x00000000a8a00000, 0x00000000a8a00000, 0x00000000a8b00000|  0%| F|  |TAMS 0x00000000a8a00000, 0x00000000a8a00000| Untracked 
| 139|0x00000000a8b00000, 0x00000000a8b00000, 0x00000000a8c00000|  0%| F|  |TAMS 0x00000000a8b00000, 0x00000000a8b00000| Untracked 
| 140|0x00000000a8c00000, 0x00000000a8c00000, 0x00000000a8d00000|  0%| F|  |TAMS 0x00000000a8c00000, 0x00000000a8c00000| Untracked 
| 141|0x00000000a8d00000, 0x00000000a8d00000, 0x00000000a8e00000|  0%| F|  |TAMS 0x00000000a8d00000, 0x00000000a8d00000| Untracked 
| 142|0x00000000a8e00000, 0x00000000a8e00000, 0x00000000a8f00000|  0%| F|  |TAMS 0x00000000a8e00000, 0x00000000a8e00000| Untracked 
| 143|0x00000000a8f00000, 0x00000000a8f00000, 0x00000000a9000000|  0%| F|  |TAMS 0x00000000a8f00000, 0x00000000a8f00000| Untracked 
| 144|0x00000000a9000000, 0x00000000a9000000, 0x00000000a9100000|  0%| F|  |TAMS 0x00000000a9000000, 0x00000000a9000000| Untracked 
| 145|0x00000000a9100000, 0x00000000a9100000, 0x00000000a9200000|  0%| F|  |TAMS 0x00000000a9100000, 0x00000000a9100000| Untracked 

Card table byte_map: [0x000002b298290000,0x000002b298590000] _byte_map_base: 0x000002b297d90000

Marking Bits (Prev, Next): (CMBitMap*) 0x000002b2ff9cfc60, (CMBitMap*) 0x000002b2ff9cfc20
 Prev Bits: [0x000002b29a090000, 0x000002b29b890000)
 Next Bits: [0x000002b298890000, 0x000002b29a090000)

Polling page: 0x000002b2ffa30000

Metaspace:

Usage:
  Non-class:     67.12 MB used.
      Class:     10.74 MB used.
       Both:     77.86 MB used.

Virtual space:
  Non-class space:      128.00 MB reserved,      67.50 MB ( 53%) committed,  2 nodes.
      Class space:      416.00 MB reserved,      11.19 MB (  3%) committed,  1 nodes.
             Both:      544.00 MB reserved,      78.69 MB ( 14%) committed. 

Chunk freelists:
   Non-Class:  12.38 MB
       Class:  4.86 MB
        Both:  17.23 MB

MaxMetaspaceSize: 512.00 MB
CompressedClassSpaceSize: 416.00 MB
Initial GC threshold: 21.00 MB
Current GC threshold: 131.19 MB
CDS: on
MetaspaceReclaimPolicy: balanced
 - commit_granule_bytes: 65536.
 - commit_granule_words: 8192.
 - virtual_space_node_default_size: 8388608.
 - enlarge_chunks_in_place: 1.
 - new_chunks_are_fully_committed: 0.
 - uncommit_free_chunks: 1.
 - use_allocation_guard: 0.
 - handle_deallocations: 1.


Internal statistics:

num_allocs_failed_limit: 3.
num_arena_births: 1128.
num_arena_deaths: 0.
num_vsnodes_births: 3.
num_vsnodes_deaths: 0.
num_space_committed: 1259.
num_space_uncommitted: 0.
num_chunks_returned_to_freelist: 3.
num_chunks_taken_from_freelist: 4664.
num_chunk_merges: 3.
num_chunk_splits: 2990.
num_chunks_enlarged: 1899.
num_inconsistent_stats: 0.

CodeHeap 'non-profiled nmethods': size=120000Kb used=6035Kb max_used=6064Kb free=113964Kb
 bounds [0x000002b290950000, 0x000002b290f40000, 0x000002b297e80000]
CodeHeap 'profiled nmethods': size=120000Kb used=18884Kb max_used=20270Kb free=101115Kb
 bounds [0x000002b288e80000, 0x000002b28a250000, 0x000002b2903b0000]
CodeHeap 'non-nmethods': size=5760Kb used=2378Kb max_used=2424Kb free=3382Kb
 bounds [0x000002b2903b0000, 0x000002b290620000, 0x000002b290950000]
 total_blobs=10903 nmethods=9995 adapters=820
 compilation: enabled
              stopped_count=0, restarted_count=0
 full_count=0

Compilation events (20 events):
Event: 117.006 Thread 0x000002b29de3c2c0 11611       4       sun.nio.fs.WindowsNativeDispatcher::asNativeBuffer (103 bytes)
Event: 117.029 Thread 0x000002b29de3c2c0 nmethod 11611 0x000002b290bb6f10 code [0x000002b290bb7100, 0x000002b290bb79b0]
Event: 117.074 Thread 0x000002b29de3c2c0 11612   !   4       sun.nio.fs.WindowsPath::getPathForWin32Calls (135 bytes)
Event: 117.076 Thread 0x000002b29de3c2c0 nmethod 11612 0x000002b290bbfa90 code [0x000002b290bbfc20, 0x000002b290bbfd18]
Event: 117.174 Thread 0x000002b29de3c2c0 11613       4       org.gradle.internal.snapshot.AbstractIncompleteFileSystemNode$2::handleAsDescendantOfChild (10 bytes)
Event: 117.177 Thread 0x000002b29de3c2c0 nmethod 11613 0x000002b290bb6990 code [0x000002b290bb6b20, 0x000002b290bb6d18]
Event: 117.177 Thread 0x000002b29de3c2c0 11614       4       org.gradle.internal.snapshot.AbstractIncompleteFileSystemNode$2::handleAsDescendantOfChild (20 bytes)
Event: 117.180 Thread 0x000002b29de3c2c0 nmethod 11614 0x000002b290bb6410 code [0x000002b290bb65a0, 0x000002b290bb67b8]
Event: 117.268 Thread 0x000002b29de3c2c0 11615       4       com.google.common.collect.ImmutableMultimap$Builder::newMutableValueCollection (8 bytes)
Event: 117.270 Thread 0x000002b29de3c2c0 nmethod 11615 0x000002b290bb6110 code [0x000002b290bb62a0, 0x000002b290bb6378]
Event: 117.333 Thread 0x000002b29de3c2c0 11616       4       org.gradle.cache.internal.btree.CachingBlockStore::read (56 bytes)
Event: 117.415 Thread 0x000002b29de3c2c0 nmethod 11616 0x000002b290bb2f10 code [0x000002b290bb3240, 0x000002b290bb4db8]
Event: 117.416 Thread 0x000002b29de3c2c0 11617       4       java.nio.ByteBuffer::arrayOffset (35 bytes)
Event: 117.417 Thread 0x000002b29de3c2c0 nmethod 11617 0x000002b290bb2c10 code [0x000002b290bb2d80, 0x000002b290bb2e38]
Event: 117.418 Thread 0x000002b29de3c2c0 11618   !   4       java.util.concurrent.locks.AbstractQueuedSynchronizer::acquire (407 bytes)
Event: 117.506 Thread 0x000002b29de3c2c0 nmethod 11618 0x000002b290d1a990 code [0x000002b290d1abe0, 0x000002b290d1c6c0]
Event: 117.506 Thread 0x000002b29de3c2c0 11619   !   4       java.util.concurrent.ArrayBlockingQueue::poll (83 bytes)
Event: 117.551 Thread 0x000002b29de3c2c0 nmethod 11619 0x000002b290d18b90 code [0x000002b290d18dc0, 0x000002b290d19f50]
Event: 117.551 Thread 0x000002b29de3c2c0 11620   !   4       org.gradle.cache.internal.ExclusiveCacheAccessingWorker::addToQueue (37 bytes)
Event: 117.592 Thread 0x000002b29de3c2c0 nmethod 11620 0x000002b290bb1090 code [0x000002b290bb12a0, 0x000002b290bb22c0]

GC Heap History (20 events):
Event: 67.351 GC heap after
{Heap after GC invocations=52 (full 0):
 garbage-first heap   total 149504K, used 57110K [0x00000000a0000000, 0x0000000100000000)
  region size 1024K, 2 young (2048K), 2 survivors (2048K)
 Metaspace       used 64719K, committed 65472K, reserved 491520K
  class space    used 9111K, committed 9472K, reserved 425984K
}
Event: 72.600 GC heap before
{Heap before GC invocations=52 (full 0):
 garbage-first heap   total 149504K, used 120598K [0x00000000a0000000, 0x0000000100000000)
  region size 1024K, 64 young (65536K), 2 survivors (2048K)
 Metaspace       used 68126K, committed 68864K, reserved 491520K
  class space    used 9549K, committed 9920K, reserved 425984K
}
Event: 72.622 GC heap after
{Heap after GC invocations=53 (full 0):
 garbage-first heap   total 149504K, used 62704K [0x00000000a0000000, 0x0000000100000000)
  region size 1024K, 8 young (8192K), 8 survivors (8192K)
 Metaspace       used 68126K, committed 68864K, reserved 491520K
  class space    used 9549K, committed 9920K, reserved 425984K
}
Event: 78.011 GC heap before
{Heap before GC invocations=53 (full 0):
 garbage-first heap   total 149504K, used 119024K [0x00000000a0000000, 0x0000000100000000)
  region size 1024K, 63 young (64512K), 8 survivors (8192K)
 Metaspace       used 71843K, committed 72640K, reserved 491520K
  class space    used 10157K, committed 10496K, reserved 425984K
}
Event: 78.043 GC heap after
{Heap after GC invocations=54 (full 0):
 garbage-first heap   total 149504K, used 67670K [0x00000000a0000000, 0x0000000100000000)
  region size 1024K, 6 young (6144K), 6 survivors (6144K)
 Metaspace       used 71843K, committed 72640K, reserved 491520K
  class space    used 10157K, committed 10496K, reserved 425984K
}
Event: 92.659 GC heap before
{Heap before GC invocations=55 (full 0):
 garbage-first heap   total 149504K, used 122966K [0x00000000a0000000, 0x0000000100000000)
  region size 1024K, 56 young (57344K), 6 survivors (6144K)
 Metaspace       used 77567K, committed 78400K, reserved 557056K
  class space    used 10796K, committed 11200K, reserved 425984K
}
Event: 92.689 GC heap after
{Heap after GC invocations=56 (full 0):
 garbage-first heap   total 149504K, used 73492K [0x00000000a0000000, 0x0000000100000000)
  region size 1024K, 4 young (4096K), 4 survivors (4096K)
 Metaspace       used 77567K, committed 78400K, reserved 557056K
  class space    used 10796K, committed 11200K, reserved 425984K
}
Event: 93.903 GC heap before
{Heap before GC invocations=56 (full 0):
 garbage-first heap   total 149504K, used 76564K [0x00000000a0000000, 0x0000000100000000)
  region size 1024K, 7 young (7168K), 4 survivors (4096K)
 Metaspace       used 77726K, committed 78592K, reserved 557056K
  class space    used 10818K, committed 11264K, reserved 425984K
}
Event: 93.918 GC heap after
{Heap after GC invocations=57 (full 0):
 garbage-first heap   total 149504K, used 73344K [0x00000000a0000000, 0x0000000100000000)
  region size 1024K, 1 young (1024K), 1 survivors (1024K)
 Metaspace       used 77726K, committed 78592K, reserved 557056K
  class space    used 10818K, committed 11264K, reserved 425984K
}
Event: 99.113 GC heap before
{Heap before GC invocations=57 (full 0):
 garbage-first heap   total 149504K, used 120448K [0x00000000a0000000, 0x0000000100000000)
  region size 1024K, 48 young (49152K), 1 survivors (1024K)
 Metaspace       used 79460K, committed 80320K, reserved 557056K
  class space    used 10990K, committed 11392K, reserved 425984K
}
Event: 99.163 GC heap after
{Heap after GC invocations=58 (full 0):
 garbage-first heap   total 149504K, used 79016K [0x00000000a0000000, 0x0000000100000000)
  region size 1024K, 6 young (6144K), 6 survivors (6144K)
 Metaspace       used 79460K, committed 80320K, reserved 557056K
  class space    used 10990K, committed 11392K, reserved 425984K
}
Event: 105.729 GC heap before
{Heap before GC invocations=58 (full 0):
 garbage-first heap   total 149504K, used 119976K [0x00000000a0000000, 0x0000000100000000)
  region size 1024K, 47 young (48128K), 6 survivors (6144K)
 Metaspace       used 79716K, committed 80576K, reserved 557056K
  class space    used 10994K, committed 11456K, reserved 425984K
}
Event: 107.349 GC heap after
{Heap after GC invocations=59 (full 0):
 garbage-first heap   total 149504K, used 82005K [0x00000000a0000000, 0x0000000100000000)
  region size 1024K, 4 young (4096K), 4 survivors (4096K)
 Metaspace       used 79716K, committed 80576K, reserved 557056K
  class space    used 10994K, committed 11456K, reserved 425984K
}
Event: 110.933 GC heap before
{Heap before GC invocations=59 (full 0):
 garbage-first heap   total 149504K, used 88149K [0x00000000a0000000, 0x0000000100000000)
  region size 1024K, 11 young (11264K), 4 survivors (4096K)
 Metaspace       used 79717K, committed 80576K, reserved 557056K
  class space    used 10994K, committed 11456K, reserved 425984K
}
Event: 110.993 GC heap after
{Heap after GC invocations=60 (full 0):
 garbage-first heap   total 149504K, used 82297K [0x00000000a0000000, 0x0000000100000000)
  region size 1024K, 2 young (2048K), 2 survivors (2048K)
 Metaspace       used 79717K, committed 80576K, reserved 557056K
  class space    used 10994K, committed 11456K, reserved 425984K
}
Event: 113.932 GC heap before
{Heap before GC invocations=61 (full 0):
 garbage-first heap   total 149504K, used 105849K [0x00000000a0000000, 0x0000000100000000)
  region size 1024K, 25 young (25600K), 2 survivors (2048K)
 Metaspace       used 79728K, committed 80576K, reserved 557056K
  class space    used 10995K, committed 11456K, reserved 425984K
}
Event: 113.939 GC heap after
{Heap after GC invocations=62 (full 0):
 garbage-first heap   total 149504K, used 84397K [0x00000000a0000000, 0x0000000100000000)
  region size 1024K, 4 young (4096K), 4 survivors (4096K)
 Metaspace       used 79728K, committed 80576K, reserved 557056K
  class space    used 10995K, committed 11456K, reserved 425984K
}
Event: 114.222 GC heap before
{Heap before GC invocations=62 (full 0):
 garbage-first heap   total 149504K, used 86445K [0x00000000a0000000, 0x0000000100000000)
  region size 1024K, 7 young (7168K), 4 survivors (4096K)
 Metaspace       used 79728K, committed 80576K, reserved 557056K
  class space    used 10995K, committed 11456K, reserved 425984K
}
Event: 114.293 GC heap after
{Heap after GC invocations=63 (full 0):
 garbage-first heap   total 149504K, used 83378K [0x00000000a0000000, 0x0000000100000000)
  region size 1024K, 1 young (1024K), 1 survivors (1024K)
 Metaspace       used 79728K, committed 80576K, reserved 557056K
  class space    used 10995K, committed 11456K, reserved 425984K
}
Event: 117.964 GC heap before
{Heap before GC invocations=63 (full 0):
 garbage-first heap   total 149504K, used 122290K [0x00000000a0000000, 0x0000000100000000)
  region size 1024K, 39 young (39936K), 1 survivors (1024K)
 Metaspace       used 79730K, committed 80576K, reserved 557056K
  class space    used 10995K, committed 11456K, reserved 425984K
}

Dll operation events (15 events):
Event: 0.033 Loaded shared library C:\Users\dadig\AppData\Local\Programs\Eclipse Adoptium\jdk-17.0.11.9-hotspot\bin\java.dll
Event: 0.135 Loaded shared library C:\Users\dadig\AppData\Local\Programs\Eclipse Adoptium\jdk-17.0.11.9-hotspot\bin\jsvml.dll
Event: 0.869 Loaded shared library C:\Users\dadig\AppData\Local\Programs\Eclipse Adoptium\jdk-17.0.11.9-hotspot\bin\zip.dll
Event: 0.880 Loaded shared library C:\Users\dadig\AppData\Local\Programs\Eclipse Adoptium\jdk-17.0.11.9-hotspot\bin\instrument.dll
Event: 0.897 Loaded shared library C:\Users\dadig\AppData\Local\Programs\Eclipse Adoptium\jdk-17.0.11.9-hotspot\bin\net.dll
Event: 0.904 Loaded shared library C:\Users\dadig\AppData\Local\Programs\Eclipse Adoptium\jdk-17.0.11.9-hotspot\bin\nio.dll
Event: 0.912 Loaded shared library C:\Users\dadig\AppData\Local\Programs\Eclipse Adoptium\jdk-17.0.11.9-hotspot\bin\zip.dll
Event: 4.504 Loaded shared library C:\Users\dadig\AppData\Local\Programs\Eclipse Adoptium\jdk-17.0.11.9-hotspot\bin\jimage.dll
Event: 6.567 Loaded shared library C:\Users\dadig\AppData\Local\Programs\Eclipse Adoptium\jdk-17.0.11.9-hotspot\bin\verify.dll
Event: 7.236 Loaded shared library C:\Users\dadig\.gradle\native\1def1411415f61bf3af743bc5b6707747c0891f09f0c88961ee8f79bc544acac\windows-amd64\native-platform.dll
Event: 7.429 Loaded shared library C:\Users\dadig\.gradle\native\0.2.7\x86_64-windows-gnu\gradle-fileevents.dll
Event: 15.039 Loaded shared library C:\Users\dadig\AppData\Local\Programs\Eclipse Adoptium\jdk-17.0.11.9-hotspot\bin\management.dll
Event: 15.052 Loaded shared library C:\Users\dadig\AppData\Local\Programs\Eclipse Adoptium\jdk-17.0.11.9-hotspot\bin\management_ext.dll
Event: 16.481 Loaded shared library C:\Users\dadig\AppData\Local\Programs\Eclipse Adoptium\jdk-17.0.11.9-hotspot\bin\extnet.dll
Event: 18.495 Loaded shared library C:\Users\dadig\AppData\Local\Programs\Eclipse Adoptium\jdk-17.0.11.9-hotspot\bin\sunmscapi.dll

Deoptimization events (20 events):
Event: 114.998 Thread 0x000002b2be4f4ba0 Uncommon trap: trap_request=0xffffffd6 fr.pc=0x000002b290be87e8 relative=0x00000000000027e8
Event: 114.998 Thread 0x000002b2be4f4ba0 Uncommon trap: reason=array_check action=maybe_recompile pc=0x000002b290be87e8 method=java.util.TimSort.reverseRange([Ljava/lang/Object;II)V @ 20 c2
Event: 114.998 Thread 0x000002b2be4f4ba0 DEOPT PACKING pc=0x000002b290be87e8 sp=0x000000b4f30f69d0
Event: 114.998 Thread 0x000002b2be4f4ba0 DEOPT UNPACKING pc=0x000002b2904069a3 sp=0x000000b4f30f6898 mode 2
Event: 115.005 Thread 0x000002b2be4f4ba0 Uncommon trap: trap_request=0xffffffd6 fr.pc=0x000002b290be87e8 relative=0x00000000000027e8
Event: 115.005 Thread 0x000002b2be4f4ba0 Uncommon trap: reason=array_check action=maybe_recompile pc=0x000002b290be87e8 method=java.util.TimSort.reverseRange([Ljava/lang/Object;II)V @ 20 c2
Event: 115.005 Thread 0x000002b2be4f4ba0 DEOPT PACKING pc=0x000002b290be87e8 sp=0x000000b4f30f69d0
Event: 115.005 Thread 0x000002b2be4f4ba0 DEOPT UNPACKING pc=0x000002b2904069a3 sp=0x000000b4f30f6898 mode 2
Event: 115.074 Thread 0x000002b2be4f4ba0 Uncommon trap: trap_request=0xffffff45 fr.pc=0x000002b290f318c8 relative=0x0000000000000368
Event: 115.074 Thread 0x000002b2be4f4ba0 Uncommon trap: reason=unstable_if action=reinterpret pc=0x000002b290f318c8 method=org.gradle.cache.internal.LockOnDemandCrossProcessCacheAccess.decrementLockCount()V @ 54 c2
Event: 115.075 Thread 0x000002b2be4f4ba0 DEOPT PACKING pc=0x000002b290f318c8 sp=0x000000b4f30f56c0
Event: 115.075 Thread 0x000002b2be4f4ba0 DEOPT UNPACKING pc=0x000002b2904069a3 sp=0x000000b4f30f5600 mode 2
Event: 115.629 Thread 0x000002b2be4f4ba0 Uncommon trap: trap_request=0xffffffd6 fr.pc=0x000002b290bf1d94 relative=0x0000000000002a94
Event: 115.629 Thread 0x000002b2be4f4ba0 Uncommon trap: reason=array_check action=maybe_recompile pc=0x000002b290bf1d94 method=java.util.TimSort.reverseRange([Ljava/lang/Object;II)V @ 27 c2
Event: 115.629 Thread 0x000002b2be4f4ba0 DEOPT PACKING pc=0x000002b290bf1d94 sp=0x000000b4f30f69c0
Event: 115.629 Thread 0x000002b2be4f4ba0 DEOPT UNPACKING pc=0x000002b2904069a3 sp=0x000000b4f30f6898 mode 2
Event: 115.645 Thread 0x000002b2be4f4ba0 Uncommon trap: trap_request=0xffffffd6 fr.pc=0x000002b290bf1d94 relative=0x0000000000002a94
Event: 115.645 Thread 0x000002b2be4f4ba0 Uncommon trap: reason=array_check action=maybe_recompile pc=0x000002b290bf1d94 method=java.util.TimSort.reverseRange([Ljava/lang/Object;II)V @ 27 c2
Event: 115.645 Thread 0x000002b2be4f4ba0 DEOPT PACKING pc=0x000002b290bf1d94 sp=0x000000b4f30f69c0
Event: 115.645 Thread 0x000002b2be4f4ba0 DEOPT UNPACKING pc=0x000002b2904069a3 sp=0x000000b4f30f6898 mode 2

Classes unloaded (0 events):
No events

Classes redefined (0 events):
No events

Internal exceptions (20 events):
Event: 96.150 Thread 0x000002b2be4f4ba0 Exception <a 'java/lang/ClassNotFoundException'{0x00000000a721ebe8}: org/gradle/api/internal/DefaultNamedDomainObjectListBeanInfo> (0x00000000a721ebe8) 
thrown [s\src\hotspot\share\classfile\systemDictionary.cpp, line 256]
Event: 96.152 Thread 0x000002b2be4f4ba0 Exception <a 'java/lang/ClassNotFoundException'{0x00000000a7234dd8}: org/gradle/api/internal/DefaultNamedDomainObjectCollectionBeanInfo> (0x00000000a7234dd8) 
thrown [s\src\hotspot\share\classfile\systemDictionary.cpp, line 256]
Event: 96.154 Thread 0x000002b2be4f4ba0 Exception <a 'java/lang/ClassNotFoundException'{0x00000000a724adb8}: org/gradle/api/internal/DefaultDomainObjectCollectionBeanInfo> (0x00000000a724adb8) 
thrown [s\src\hotspot\share\classfile\systemDictionary.cpp, line 256]
Event: 96.155 Thread 0x000002b2be4f4ba0 Exception <a 'java/lang/ClassNotFoundException'{0x00000000a7252ba0}: java/util/AbstractCollectionBeanInfo> (0x00000000a7252ba0) 
thrown [s\src\hotspot\share\classfile\systemDictionary.cpp, line 256]
Event: 96.155 Thread 0x000002b2be4f4ba0 Exception <a 'java/lang/ClassNotFoundException'{0x00000000a725a950}: java/util/AbstractCollectionCustomizer> (0x00000000a725a950) 
thrown [s\src\hotspot\share\classfile\systemDictionary.cpp, line 256]
Event: 96.159 Thread 0x000002b2be4f4ba0 Exception <a 'java/lang/ClassNotFoundException'{0x00000000a727a508}: org/gradle/api/internal/DefaultDomainObjectCollectionCustomizer> (0x00000000a727a508) 
thrown [s\src\hotspot\share\classfile\systemDictionary.cpp, line 256]
Event: 96.162 Thread 0x000002b2be4f4ba0 Exception <a 'java/lang/ClassNotFoundException'{0x00000000a72b2208}: org/gradle/api/internal/DefaultNamedDomainObjectCollectionCustomizer> (0x00000000a72b2208) 
thrown [s\src\hotspot\share\classfile\systemDictionary.cpp, line 256]
Event: 96.175 Thread 0x000002b2be4f4ba0 Exception <a 'java/lang/ClassNotFoundException'{0x00000000a72f1478}: org/gradle/api/internal/DefaultNamedDomainObjectListCustomizer> (0x00000000a72f1478) 
thrown [s\src\hotspot\share\classfile\systemDictionary.cpp, line 256]
Event: 96.178 Thread 0x000002b2be4f4ba0 Exception <a 'java/lang/ClassNotFoundException'{0x00000000a71271d8}: org/gradle/api/internal/artifacts/DefaultArtifactRepositoryContainerCustomizer> (0x00000000a71271d8) 
thrown [s\src\hotspot\share\classfile\systemDictionary.cpp, line 256]
Event: 96.181 Thread 0x000002b2be4f4ba0 Exception <a 'java/lang/ClassNotFoundException'{0x00000000a7151188}: org/gradle/api/internal/artifacts/dsl/DefaultRepositoryHandlerCustomizer> (0x00000000a7151188) 
thrown [s\src\hotspot\share\classfile\systemDictionary.cpp, line 256]
Event: 96.185 Thread 0x000002b2be4f4ba0 Exception <a 'java/lang/ClassNotFoundException'{0x00000000a7189700}: org/gradle/api/internal/artifacts/dsl/DefaultRepositoryHandler_DecoratedCustomizer> (0x00000000a7189700) 
thrown [s\src\hotspot\share\classfile\systemDictionary.cpp, line 256]
Event: 96.204 Thread 0x000002b2be4f4ba0 Exception <a 'java/lang/ClassNotFoundException'{0x00000000a7036780}: org/gradle/api/internal/artifacts/dsl/dependencies/DefaultDependencyHandler_DecoratedBeanInfo> (0x00000000a7036780) 
thrown [s\src\hotspot\share\classfile\systemDictionary.cpp, line 256]
Event: 96.208 Thread 0x000002b2be4f4ba0 Exception <a 'java/lang/ClassNotFoundException'{0x00000000a704e460}: org/gradle/api/internal/artifacts/dsl/dependencies/DefaultDependencyHandlerBeanInfo> (0x00000000a704e460) 
thrown [s\src\hotspot\share\classfile\systemDictionary.cpp, line 256]
Event: 96.210 Thread 0x000002b2be4f4ba0 Exception <a 'java/lang/ClassNotFoundException'{0x00000000a7065660}: org/gradle/api/internal/artifacts/dsl/dependencies/DefaultDependencyHandlerCustomizer> (0x00000000a7065660) 
thrown [s\src\hotspot\share\classfile\systemDictionary.cpp, line 256]
Event: 96.213 Thread 0x000002b2be4f4ba0 Exception <a 'java/lang/ClassNotFoundException'{0x00000000a70a8540}: org/gradle/api/internal/artifacts/dsl/dependencies/DefaultDependencyHandler_DecoratedCustomizer> (0x00000000a70a8540) 
thrown [s\src\hotspot\share\classfile\systemDictionary.cpp, line 256]
Event: 100.356 Thread 0x000002b2c1c39fa0 Exception <a 'sun/nio/fs/WindowsException'{0x00000000a8c6c108}> (0x00000000a8c6c108) 
thrown [s\src\hotspot\share\prims\jni.cpp, line 516]
Event: 100.361 Thread 0x000002b2c1c39fa0 Exception <a 'sun/nio/fs/WindowsException'{0x00000000a8c6e6a0}> (0x00000000a8c6e6a0) 
thrown [s\src\hotspot\share\prims\jni.cpp, line 516]
Event: 100.377 Thread 0x000002b2c1c39fa0 Exception <a 'sun/nio/fs/WindowsException'{0x00000000a8c70b88}> (0x00000000a8c70b88) 
thrown [s\src\hotspot\share\prims\jni.cpp, line 516]
Event: 100.381 Thread 0x000002b2c1c39fa0 Exception <a 'sun/nio/fs/WindowsException'{0x00000000a8c72b98}> (0x00000000a8c72b98) 
thrown [s\src\hotspot\share\prims\jni.cpp, line 516]
Event: 102.143 Thread 0x000002b2be4f4ba0 Implicit null exception at 0x000002b290d4e3a3 to 0x000002b290d4eb0c

VM Operations (20 events):
Event: 110.055 Executing VM operation: G1PauseRemark done
Event: 110.920 Executing VM operation: G1CollectForAllocation
Event: 110.994 Executing VM operation: G1CollectForAllocation done
Event: 111.285 Executing VM operation: G1PauseCleanup
Event: 111.304 Executing VM operation: G1PauseCleanup done
Event: 112.304 Executing VM operation: Cleanup
Event: 112.320 Executing VM operation: Cleanup done
Event: 113.328 Executing VM operation: Cleanup
Event: 113.328 Executing VM operation: Cleanup done
Event: 113.932 Executing VM operation: G1CollectForAllocation
Event: 113.939 Executing VM operation: G1CollectForAllocation done
Event: 114.222 Executing VM operation: G1CollectForAllocation
Event: 114.298 Executing VM operation: G1CollectForAllocation done
Event: 115.303 Executing VM operation: Cleanup
Event: 115.303 Executing VM operation: Cleanup done
Event: 116.310 Executing VM operation: Cleanup
Event: 116.310 Executing VM operation: Cleanup done
Event: 117.322 Executing VM operation: Cleanup
Event: 117.322 Executing VM operation: Cleanup done
Event: 117.964 Executing VM operation: G1CollectForAllocation

Events (20 events):
Event: 100.169 Thread 0x000002b29deb7910 flushing nmethod 0x000002b289e95c10
Event: 100.169 Thread 0x000002b29deb7910 flushing nmethod 0x000002b289ea2210
Event: 100.169 Thread 0x000002b29deb7910 flushing nmethod 0x000002b289ebac10
Event: 100.169 Thread 0x000002b29deb7910 flushing nmethod 0x000002b289ebb490
Event: 100.169 Thread 0x000002b29deb7910 flushing nmethod 0x000002b289ee5d10
Event: 100.170 Thread 0x000002b29deb7910 flushing nmethod 0x000002b289f12910
Event: 100.170 Thread 0x000002b29deb7910 flushing nmethod 0x000002b289f3c710
Event: 100.170 Thread 0x000002b29deb7910 flushing nmethod 0x000002b289f3ed90
Event: 100.170 Thread 0x000002b29deb7910 flushing nmethod 0x000002b289f3f410
Event: 100.170 Thread 0x000002b29deb7910 flushing nmethod 0x000002b289f4b010
Event: 100.170 Thread 0x000002b29deb7910 flushing nmethod 0x000002b289f51210
Event: 100.170 Thread 0x000002b29deb7910 flushing nmethod 0x000002b289f92410
Event: 100.170 Thread 0x000002b29deb7910 flushing nmethod 0x000002b289f92c10
Event: 100.170 Thread 0x000002b29deb7910 flushing nmethod 0x000002b289f94810
Event: 100.170 Thread 0x000002b29deb7910 flushing nmethod 0x000002b289f97290
Event: 100.170 Thread 0x000002b29deb7910 flushing nmethod 0x000002b289f98790
Event: 100.170 Thread 0x000002b29deb7910 flushing nmethod 0x000002b289f9b010
Event: 100.171 Thread 0x000002b29deb7910 flushing nmethod 0x000002b28a001b90
Event: 100.171 Thread 0x000002b29deb7910 flushing nmethod 0x000002b28a078790
Event: 111.250 Thread 0x000002b2c1c3f5b0 Thread added: 0x000002b2c1c3f5b0


Dynamic libraries:
0x00007ff678f80000 - 0x00007ff678f8e000 	C:\Users\dadig\AppData\Local\Programs\Eclipse Adoptium\jdk-17.0.11.9-hotspot\bin\java.exe
0x00007ffce45e0000 - 0x00007ffce4847000 	C:\WINDOWS\SYSTEM32\ntdll.dll
0x00007ffce30f0000 - 0x00007ffce31b9000 	C:\WINDOWS\System32\KERNEL32.DLL
0x00007ffce1c20000 - 0x00007ffce200f000 	C:\WINDOWS\System32\KERNELBASE.dll
0x00007ffce17e0000 - 0x00007ffce192b000 	C:\WINDOWS\System32\ucrtbase.dll
0x00007ffcc3f30000 - 0x00007ffcc3f4b000 	C:\Users\dadig\AppData\Local\Programs\Eclipse Adoptium\jdk-17.0.11.9-hotspot\bin\VCRUNTIME140.dll
0x00007ffccb970000 - 0x00007ffccb987000 	C:\Users\dadig\AppData\Local\Programs\Eclipse Adoptium\jdk-17.0.11.9-hotspot\bin\jli.dll
0x00007ffce29b0000 - 0x00007ffce2b75000 	C:\WINDOWS\System32\USER32.dll
0x00007ffce1bf0000 - 0x00007ffce1c17000 	C:\WINDOWS\System32\win32u.dll
0x00007ffce2790000 - 0x00007ffce27bb000 	C:\WINDOWS\System32\GDI32.dll
0x00007ffce2250000 - 0x00007ffce237c000 	C:\WINDOWS\System32\gdi32full.dll
0x00007ffce21a0000 - 0x00007ffce2243000 	C:\WINDOWS\System32\msvcp_win.dll
0x00007ffcc68d0000 - 0x00007ffcc6b63000 	C:\WINDOWS\WinSxS\amd64_microsoft.windows.common-controls_6595b64144ccf1df_6.0.26100.7309_none_3e05feeae336a044\COMCTL32.dll
0x00007ffce2660000 - 0x00007ffce2709000 	C:\WINDOWS\System32\msvcrt.dll
0x00007ffce4560000 - 0x00007ffce4591000 	C:\WINDOWS\System32\IMM32.DLL
0x00007ffcd4d80000 - 0x00007ffcd4d8c000 	C:\Users\dadig\AppData\Local\Programs\Eclipse Adoptium\jdk-17.0.11.9-hotspot\bin\vcruntime140_1.dll
0x00007ffc8ac80000 - 0x00007ffc8ad0d000 	C:\Users\dadig\AppData\Local\Programs\Eclipse Adoptium\jdk-17.0.11.9-hotspot\bin\msvcp140.dll
0x00007ffc5bdf0000 - 0x00007ffc5ca52000 	C:\Users\dadig\AppData\Local\Programs\Eclipse Adoptium\jdk-17.0.11.9-hotspot\bin\server\jvm.dll
0x00007ffce37f0000 - 0x00007ffce38a4000 	C:\WINDOWS\System32\ADVAPI32.dll
0x00007ffce44b0000 - 0x00007ffce4556000 	C:\WINDOWS\System32\sechost.dll
0x00007ffce2f50000 - 0x00007ffce3068000 	C:\WINDOWS\System32\RPCRT4.dll
0x00007ffce1590000 - 0x00007ffce15ee000 	C:\WINDOWS\SYSTEM32\POWRPROF.dll
0x00007ffcda980000 - 0x00007ffcda98b000 	C:\WINDOWS\SYSTEM32\VERSION.dll
0x00007ffcda940000 - 0x00007ffcda975000 	C:\WINDOWS\SYSTEM32\WINMM.dll
0x00007ffcc33e0000 - 0x00007ffcc33ea000 	C:\WINDOWS\SYSTEM32\WSOCK32.dll
0x00007ffce38b0000 - 0x00007ffce3924000 	C:\WINDOWS\System32\WS2_32.dll
0x00007ffce1570000 - 0x00007ffce1584000 	C:\WINDOWS\SYSTEM32\UMPDC.dll
0x00007ffce04e0000 - 0x00007ffce04fb000 	C:\WINDOWS\SYSTEM32\kernel.appcore.dll
0x00007ffcd4a80000 - 0x00007ffcd4a8a000 	C:\Users\dadig\AppData\Local\Programs\Eclipse Adoptium\jdk-17.0.11.9-hotspot\bin\jimage.dll
0x00007ffcd6ee0000 - 0x00007ffcd7122000 	C:\WINDOWS\SYSTEM32\DBGHELP.DLL
0x00007ffce39c0000 - 0x00007ffce3d45000 	C:\WINDOWS\System32\combase.dll
0x00007ffce2480000 - 0x00007ffce2556000 	C:\WINDOWS\System32\OLEAUT32.dll
0x00007ffcc5d20000 - 0x00007ffcc5d5c000 	C:\WINDOWS\SYSTEM32\dbgcore.DLL
0x00007ffce1730000 - 0x00007ffce17d5000 	C:\WINDOWS\System32\bcryptPrimitives.dll
0x00007ffcd35a0000 - 0x00007ffcd35ae000 	C:\Users\dadig\AppData\Local\Programs\Eclipse Adoptium\jdk-17.0.11.9-hotspot\bin\instrument.dll
0x00007ffcb0a90000 - 0x00007ffcb0ab5000 	C:\Users\dadig\AppData\Local\Programs\Eclipse Adoptium\jdk-17.0.11.9-hotspot\bin\java.dll
0x00007ffc8a6f0000 - 0x00007ffc8a7c7000 	C:\Users\dadig\AppData\Local\Programs\Eclipse Adoptium\jdk-17.0.11.9-hotspot\bin\jsvml.dll
0x00007ffce3d50000 - 0x00007ffce44a3000 	C:\WINDOWS\System32\SHELL32.dll
0x00007ffce1930000 - 0x00007ffce1a9a000 	C:\WINDOWS\System32\wintypes.dll
0x00007ffcdf370000 - 0x00007ffcdfbce000 	C:\WINDOWS\SYSTEM32\windows.storage.dll
0x00007ffce2380000 - 0x00007ffce2475000 	C:\WINDOWS\System32\SHCORE.dll
0x00007ffce2cf0000 - 0x00007ffce2d56000 	C:\WINDOWS\System32\shlwapi.dll
0x00007ffce1650000 - 0x00007ffce1679000 	C:\WINDOWS\SYSTEM32\profapi.dll
0x00007ffcb70e0000 - 0x00007ffcb70f8000 	C:\Users\dadig\AppData\Local\Programs\Eclipse Adoptium\jdk-17.0.11.9-hotspot\bin\zip.dll
0x00007ffca7250000 - 0x00007ffca7269000 	C:\Users\dadig\AppData\Local\Programs\Eclipse Adoptium\jdk-17.0.11.9-hotspot\bin\net.dll
0x00007ffcd7f30000 - 0x00007ffcd8058000 	C:\WINDOWS\SYSTEM32\WINHTTP.dll
0x00007ffce0a50000 - 0x00007ffce0abb000 	C:\WINDOWS\system32\mswsock.dll
0x00007ffc9ff70000 - 0x00007ffc9ff86000 	C:\Users\dadig\AppData\Local\Programs\Eclipse Adoptium\jdk-17.0.11.9-hotspot\bin\nio.dll
0x00007ffcd2ef0000 - 0x00007ffcd2f00000 	C:\Users\dadig\AppData\Local\Programs\Eclipse Adoptium\jdk-17.0.11.9-hotspot\bin\verify.dll
0x00007ffcd36f0000 - 0x00007ffcd3717000 	C:\Users\dadig\.gradle\native\1def1411415f61bf3af743bc5b6707747c0891f09f0c88961ee8f79bc544acac\windows-amd64\native-platform.dll
0x00007ffc8a220000 - 0x00007ffc8a298000 	C:\Users\dadig\.gradle\native\0.2.7\x86_64-windows-gnu\gradle-fileevents.dll
0x00007ffcd4db0000 - 0x00007ffcd4db9000 	C:\Users\dadig\AppData\Local\Programs\Eclipse Adoptium\jdk-17.0.11.9-hotspot\bin\management.dll
0x00007ffccba90000 - 0x00007ffccba9b000 	C:\Users\dadig\AppData\Local\Programs\Eclipse Adoptium\jdk-17.0.11.9-hotspot\bin\management_ext.dll
0x00007ffce39a0000 - 0x00007ffce39a8000 	C:\WINDOWS\System32\PSAPI.DLL
0x00007ffcdff40000 - 0x00007ffcdff74000 	C:\WINDOWS\SYSTEM32\IPHLPAPI.DLL
0x00007ffce27c0000 - 0x00007ffce27ca000 	C:\WINDOWS\System32\NSI.dll
0x00007ffcd7ed0000 - 0x00007ffcd7eee000 	C:\WINDOWS\SYSTEM32\dhcpcsvc6.DLL
0x00007ffcd7ea0000 - 0x00007ffcd7ec3000 	C:\WINDOWS\SYSTEM32\dhcpcsvc.DLL
0x00007ffcdffe0000 - 0x00007ffce010c000 	C:\WINDOWS\SYSTEM32\DNSAPI.dll
0x00007ffccb9d0000 - 0x00007ffccb9d9000 	C:\Users\dadig\AppData\Local\Programs\Eclipse Adoptium\jdk-17.0.11.9-hotspot\bin\extnet.dll
0x00007ffce0d10000 - 0x00007ffce0d2b000 	C:\WINDOWS\SYSTEM32\CRYPTSP.dll
0x00007ffce0440000 - 0x00007ffce047a000 	C:\WINDOWS\system32\rsaenh.dll
0x00007ffce0b00000 - 0x00007ffce0b2b000 	C:\WINDOWS\SYSTEM32\USERENV.dll
0x00007ffce1620000 - 0x00007ffce164a000 	C:\WINDOWS\SYSTEM32\bcrypt.dll
0x00007ffce0d30000 - 0x00007ffce0d3c000 	C:\WINDOWS\SYSTEM32\CRYPTBASE.dll
0x00007ffccaf80000 - 0x00007ffccaf8e000 	C:\Users\dadig\AppData\Local\Programs\Eclipse Adoptium\jdk-17.0.11.9-hotspot\bin\sunmscapi.dll
0x00007ffce2020000 - 0x00007ffce2197000 	C:\WINDOWS\System32\CRYPT32.dll
0x00007ffce0eb0000 - 0x00007ffce0ee0000 	C:\WINDOWS\SYSTEM32\ncrypt.dll
0x00007ffce0e60000 - 0x00007ffce0e9f000 	C:\WINDOWS\SYSTEM32\NTASN1.dll
0x00007ffcd2ce0000 - 0x00007ffcd2ce8000 	C:\WINDOWS\system32\wshunix.dll

dbghelp: loaded successfully - version: 4.0.5 - missing functions: none
symbol engine: initialized successfully - sym options: 0x614 - pdb path: .;C:\Users\dadig\AppData\Local\Programs\Eclipse Adoptium\jdk-17.0.11.9-hotspot\bin;C:\WINDOWS\SYSTEM32;C:\WINDOWS\WinSxS\amd64_microsoft.windows.common-controls_6595b64144ccf1df_6.0.26100.7309_none_3e05feeae336a044;C:\Users\dadig\AppData\Local\Programs\Eclipse Adoptium\jdk-17.0.11.9-hotspot\bin\server;C:\Users\dadig\.gradle\native\1def1411415f61bf3af743bc5b6707747c0891f09f0c88961ee8f79bc544acac\windows-amd64;C:\Users\dadig\.gradle\native\0.2.7\x86_64-windows-gnu

VM Arguments:
jvm_args: --add-opens=java.base/java.lang=ALL-UNNAMED --add-opens=java.base/java.lang.invoke=ALL-UNNAMED --add-opens=java.base/java.util=ALL-UNNAMED --add-opens=java.prefs/java.util.prefs=ALL-UNNAMED --add-exports=jdk.compiler/com.sun.tools.javac.api=ALL-UNNAMED --add-exports=jdk.compiler/com.sun.tools.javac.util=ALL-UNNAMED --add-opens=java.base/java.util=ALL-UNNAMED --add-opens=java.prefs/java.util.prefs=ALL-UNNAMED --add-opens=java.base/java.nio.charset=ALL-UNNAMED --add-opens=java.base/java.net=ALL-UNNAMED --add-opens=java.base/java.util.concurrent.atomic=ALL-UNNAMED --add-opens=java.xml/javax.xml.namespace=ALL-UNNAMED -XX:MaxMetaspaceSize=512m -Xmx1536m -Dfile.encoding=windows-1252 -Duser.country=US -Duser.language=en -Duser.variant -javaagent:C:\Users\dadig\.gradle\wrapper\dists\gradle-8.13-bin\5xuhj0ry160q40clulazy9h7d\gradle-8.13\lib\agents\gradle-instrumentation-agent-8.13.jar 
java_command: org.gradle.launcher.daemon.bootstrap.GradleDaemon 8.13
java_class_path (initial): C:\Users\dadig\.gradle\wrapper\dists\gradle-8.13-bin\5xuhj0ry160q40clulazy9h7d\gradle-8.13\lib\gradle-daemon-main-8.13.jar
Launcher Type: SUN_STANDARD

[Global flags]
     intx CICompilerCount                          = 3                                         {product} {ergonomic}
   size_t CompressedClassSpaceSize                 = 436207616                                 {product} {ergonomic}
     uint ConcGCThreads                            = 1                                         {product} {ergonomic}
     uint G1ConcRefinementThreads                  = 4                                         {product} {ergonomic}
   size_t G1HeapRegionSize                         = 1048576                                   {product} {ergonomic}
    uintx GCDrainStackTargetSize                   = 64                                        {product} {ergonomic}
   size_t InitialHeapSize                          = 58720256                                  {product} {ergonomic}
   size_t MarkStackSize                            = 4194304                                   {product} {ergonomic}
   size_t MaxHeapSize                              = 1610612736                                {product} {command line}
   size_t MaxMetaspaceSize                         = 536870912                                 {product} {command line}
   size_t MaxNewSize                               = 965738496                                 {product} {ergonomic}
   size_t MinHeapDeltaBytes                        = 1048576                                   {product} {ergonomic}
   size_t MinHeapSize                              = 8388608                                   {product} {ergonomic}
    uintx NonNMethodCodeHeapSize                   = 5832780                                {pd product} {ergonomic}
    uintx NonProfiledCodeHeapSize                  = 122912730                              {pd product} {ergonomic}
    uintx ProfiledCodeHeapSize                     = 122912730                              {pd product} {ergonomic}
    uintx ReservedCodeCacheSize                    = 251658240                              {pd product} {ergonomic}
     bool SegmentedCodeCache                       = true                                      {product} {ergonomic}
   size_t SoftMaxHeapSize                          = 1610612736                             {manageable} {ergonomic}
     bool UseCompressedClassPointers               = true                           {product lp64_product} {ergonomic}
     bool UseCompressedOops                        = true                           {product lp64_product} {ergonomic}
     bool UseG1GC                                  = true                                      {product} {ergonomic}
     bool UseLargePagesIndividualAllocation        = false                                  {pd product} {ergonomic}

Logging:
Log output configuration:
 #0: stdout all=warning uptime,level,tags
 #1: stderr all=off uptime,level,tags

Environment Variables:
JAVA_HOME=C:\Users\dadig\AppData\Local\Programs\Eclipse Adoptium\jdk-17.0.11.9-hotspot\
PATH=C:\WINDOWS\system32;C:\WINDOWS;C:\WINDOWS\System32\Wbem;C:\WINDOWS\System32\WindowsPowerShell\v1.0\;C:\WINDOWS\System32\OpenSSH\;C:\Program Files\PuTTY\;C:\Program Files\MySQL\MySQL Server 8.0\bin;C:\Program Files\PostgreSQL\10\bin;;C:\Program Files\HP\HP One Agent;C:\Program Files\nodejs\;%SystemRoot%\system32;%SystemRoot%;%SystemRoot%\System32\Wbem;%SYSTEMROOT%\System32\WindowsPowerShell\v1.0\;%SYSTEMROOT%\System32\OpenSSH\;C:\Program Files\MySQL\MySQL Shell 8.0\bin\;C:\Users\dadig\AppData\Local\Programs\Eclipse Adoptium\jdk-17.0.11.9-hotspot\bin;C:\Users\dadig\AppData\Local\Microsoft\WindowsApps;C:\Users\dadig\AppData\Local\Programs\Microsoft VS Code\bin;C:\Users\dadig\AppData\Roaming\npm;C:\Users\dadig\AppData\Local\Programs\Antigravity\bin
USERNAME=dadig
OS=Windows_NT
PROCESSOR_IDENTIFIER=AMD64 Family 23 Model 24 Stepping 1, AuthenticAMD
TMP=C:\Users\dadig\AppData\Local\Temp
TEMP=C:\Users\dadig\AppData\Local\Temp



Periodic native trim disabled


---------------  S Y S T E M  ---------------

OS:
 Windows 11 , 64 bit Build 26100 (10.0.26100.7309)
OS uptime: 0 days 4:19 hours

CPU: total 4 (initial active 4) (4 cores per cpu, 2 threads per core) family 23 model 24 stepping 1 microcode 0x8108109, cx8, cmov, fxsr, ht, mmx, 3dnowpref, sse, sse2, sse3, ssse3, sse4a, sse4.1, sse4.2, popcnt, lzcnt, tsc, tscinvbit, avx, avx2, aes, clmul, bmi1, bmi2, adx, sha, fma, vzeroupper, clflush, clflushopt
Processor Information for all 4 processors :
  Max Mhz: 2600, Current Mhz: 2600, Mhz Limit: 2600

Memory: 4k page, system-wide physical 3526M (159M free)
TotalPageFile size 14278M (AvailPageFile size 74M)
current process WorkingSet (physical memory assigned to process): 204M, peak: 275M
current process commit charge ("private bytes"): 388M, peak: 481M

vm_info: OpenJDK 64-Bit Server VM (17.0.11+9) for windows-amd64 JRE (17.0.11+9), built on Apr 17 2024 06:07:48 by "admin" with MS VC++ 16.10 / 16.11 (VS2019)

END.
