#
# There is insufficient memory for the Java Runtime Environment to continue.
# Native memory allocation (malloc) failed to allocate 1368416 bytes. Error detail: Chunk::new
# Possible reasons:
#   The system is out of physical RAM or swap space
#   This process is running with CompressedOops enabled, and the Java Heap may be blocking the growth of the native heap
# Possible solutions:
#   Reduce memory load on the system
#   Increase physical memory or swap space
#   Check if swap backing store is full
#   Decrease Java heap size (-Xmx/-Xms)
#   Decrease number of Java threads
#   Decrease Java thread stack sizes (-Xss)
#   Set larger code cache with -XX:ReservedCodeCacheSize=
#   JVM is running with Zero Based Compressed Oops mode in which the Java heap is
#     placed in the first 32GB address space. The Java Heap base address is the
#     maximum limit for the native heap growth. Please use -XX:HeapBaseMinAddress
#     to set the Java Heap base and to place the Java Heap above 32GB virtual address.
# This output file may be truncated or incomplete.
#
#  Out of Memory Error (arena.cpp:191), pid=1724, tid=13656
#
# JRE version: OpenJDK Runtime Environment Temurin-17.0.11+9 (17.0.11+9) (build 17.0.11+9)
# Java VM: OpenJDK 64-Bit Server VM Temurin-17.0.11+9 (17.0.11+9, mixed mode, sharing, tiered, compressed oops, compressed class ptrs, g1 gc, windows-amd64)
# No core dump will be written. Minidumps are not enabled by default on client versions of Windows
#

---------------  S U M M A R Y ------------

Command Line: --add-opens=java.base/java.lang=ALL-UNNAMED --add-opens=java.base/java.lang.invoke=ALL-UNNAMED --add-opens=java.base/java.util=ALL-UNNAMED --add-opens=java.prefs/java.util.prefs=ALL-UNNAMED --add-exports=jdk.compiler/com.sun.tools.javac.api=ALL-UNNAMED --add-exports=jdk.compiler/com.sun.tools.javac.util=ALL-UNNAMED --add-opens=java.base/java.util=ALL-UNNAMED --add-opens=java.prefs/java.util.prefs=ALL-UNNAMED --add-opens=java.base/java.nio.charset=ALL-UNNAMED --add-opens=java.base/java.net=ALL-UNNAMED --add-opens=java.base/java.util.concurrent.atomic=ALL-UNNAMED --add-opens=java.xml/javax.xml.namespace=ALL-UNNAMED -XX:MaxMetaspaceSize=1g -Xmx4g -Dfile.encoding=windows-1252 -Duser.country=US -Duser.language=en -Duser.variant -javaagent:C:\Users\dadig\.gradle\wrapper\dists\gradle-8.13-bin\5xuhj0ry160q40clulazy9h7d\gradle-8.13\lib\agents\gradle-instrumentation-agent-8.13.jar org.gradle.launcher.daemon.bootstrap.GradleDaemon 8.13

Host: AMD Ryzen 3 3250U with Radeon Graphics         , 4 cores, 3G,  Windows 11 , 64 bit Build 26100 (10.0.26100.7309)
Time: Fri Jan  2 13:27:48 2026 India Standard Time elapsed time: 1117.414436 seconds (0d 0h 18m 37s)

---------------  T H R E A D  ---------------

Current thread (0x000001d4ffec16d0):  JavaThread "C2 CompilerThread0" daemon [_thread_in_native, id=13656, stack(0x0000009f7c800000,0x0000009f7c900000)]


Current CompileTask:
C2:1117414 19907       4       com.android.ide.common.blame.MergingLogPersistUtil$SourcePositionsSerializer::append (67 bytes)

Stack: [0x0000009f7c800000,0x0000009f7c900000]
Native frames: (J=compiled Java code, j=interpreted, Vv=VM code, C=native code)
V  [jvm.dll+0x67d429]
V  [jvm.dll+0x834b7a]
V  [jvm.dll+0x83663e]
V  [jvm.dll+0x836ca3]
V  [jvm.dll+0x247dbf]
V  [jvm.dll+0xac534]
V  [jvm.dll+0xacb7c]
V  [jvm.dll+0x366647]
V  [jvm.dll+0x330bba]
V  [jvm.dll+0x33005a]
V  [jvm.dll+0x21a471]
V  [jvm.dll+0x2198b1]
V  [jvm.dll+0x1a534d]
V  [jvm.dll+0x2295cd]
V  [jvm.dll+0x22779c]
V  [jvm.dll+0x7e9d07]
V  [jvm.dll+0x7e410a]
V  [jvm.dll+0x67c315]
C  [ucrtbase.dll+0x37b0]
C  [KERNEL32.DLL+0x2e8d7]
C  [ntdll.dll+0x8c53c]


---------------  P R O C E S S  ---------------

Threads class SMR info:
_java_thread_list=0x000001d4d1e9abf0, length=59, elements={
0x000001d4f06cdbb0, 0x000001d4ffe82e70, 0x000001d4ffe854c0, 0x000001d4ffebd050,
0x000001d4ffebf930, 0x000001d4ffec0200, 0x000001d4ffec0ad0, 0x000001d4ffec16d0,
0x000001d4ffec59c0, 0x000001d4cc130040, 0x000001d4cc1b0310, 0x000001d4cc2e2a60,
0x000001d4cd5b28f0, 0x000001d4cc4736e0, 0x000001d4cd8d0f60, 0x000001d4cc223440,
0x000001d4cc48a2b0, 0x000001d4cc336840, 0x000001d4cc333ab0, 0x000001d4cc335400,
0x000001d4cc333fc0, 0x000001d4cc334ef0, 0x000001d4cc336330, 0x000001d4cc335910,
0x000001d4cc3344d0, 0x000001d4cc3335a0, 0x000001d4cc335e20, 0x000001d4cfab6680,
0x000001d4cfab75b0, 0x000001d4cfab7ac0, 0x000001d4cfab6170, 0x000001d4cfab4820,
0x000001d4cfab7fd0, 0x000001d4cfab6b90, 0x000001d4cfab5750, 0x000001d4cfab84e0,
0x000001d4cfab9e30, 0x000001d4cfaba850, 0x000001d4cfabad60, 0x000001d4cfabb270,
0x000001d4cfab89f0, 0x000001d4cf758fc0, 0x000001d4cf7594d0, 0x000001d4cf7599e0,
0x000001d4cf75a400, 0x000001d4cf0257a0, 0x000001d4cf025cb0, 0x000001d4cf026be0,
0x000001d4cf027600, 0x000001d4cf0270f0, 0x000001d4cf027b10, 0x000001d4cf024d80,
0x000001d4cf02a390, 0x000001d4cf0266d0, 0x000001d4cf029970, 0x000001d4cf02b2c0,
0x000001d4d173c090, 0x000001d4d173cab0, 0x000001d4d17383d0
}

Java Threads: ( => current thread )
  0x000001d4f06cdbb0 JavaThread "main" [_thread_blocked, id=5568, stack(0x0000009f7bb00000,0x0000009f7bc00000)]
  0x000001d4ffe82e70 JavaThread "Reference Handler" daemon [_thread_blocked, id=14320, stack(0x0000009f7c200000,0x0000009f7c300000)]
  0x000001d4ffe854c0 JavaThread "Finalizer" daemon [_thread_blocked, id=4816, stack(0x0000009f7c300000,0x0000009f7c400000)]
  0x000001d4ffebd050 JavaThread "Signal Dispatcher" daemon [_thread_blocked, id=14012, stack(0x0000009f7c400000,0x0000009f7c500000)]
  0x000001d4ffebf930 JavaThread "Attach Listener" daemon [_thread_blocked, id=10700, stack(0x0000009f7c500000,0x0000009f7c600000)]
  0x000001d4ffec0200 JavaThread "Service Thread" daemon [_thread_blocked, id=13496, stack(0x0000009f7c600000,0x0000009f7c700000)]
  0x000001d4ffec0ad0 JavaThread "Monitor Deflation Thread" daemon [_thread_blocked, id=828, stack(0x0000009f7c700000,0x0000009f7c800000)]
=>0x000001d4ffec16d0 JavaThread "C2 CompilerThread0" daemon [_thread_in_native, id=13656, stack(0x0000009f7c800000,0x0000009f7c900000)]
  0x000001d4ffec59c0 JavaThread "C1 CompilerThread0" daemon [_thread_blocked, id=11908, stack(0x0000009f7c900000,0x0000009f7ca00000)]
  0x000001d4cc130040 JavaThread "Sweeper thread" daemon [_thread_blocked, id=11112, stack(0x0000009f7ca00000,0x0000009f7cb00000)]
  0x000001d4cc1b0310 JavaThread "Common-Cleaner" daemon [_thread_blocked, id=5688, stack(0x0000009f7cb00000,0x0000009f7cc00000)]
  0x000001d4cc2e2a60 JavaThread "Notification Thread" daemon [_thread_blocked, id=14212, stack(0x0000009f7cc00000,0x0000009f7cd00000)]
  0x000001d4cd5b28f0 JavaThread "Daemon health stats" [_thread_blocked, id=7456, stack(0x0000009f7d100000,0x0000009f7d200000)]
  0x000001d4cc4736e0 JavaThread "Incoming local TCP Connector on port 63433" [_thread_in_native, id=9900, stack(0x0000009f7d200000,0x0000009f7d300000)]
  0x000001d4cd8d0f60 JavaThread "Daemon periodic checks" [_thread_blocked, id=5272, stack(0x0000009f7d300000,0x0000009f7d400000)]
  0x000001d4cc223440 JavaThread "Daemon" [_thread_blocked, id=1972, stack(0x0000009f7d400000,0x0000009f7d500000)]
  0x000001d4cc48a2b0 JavaThread "Handler for socket connection from /127.0.0.1:63433 to /127.0.0.1:63434" [_thread_in_native, id=9548, stack(0x0000009f7d500000,0x0000009f7d600000)]
  0x000001d4cc336840 JavaThread "Cancel handler" [_thread_blocked, id=10460, stack(0x0000009f7d600000,0x0000009f7d700000)]
  0x000001d4cc333ab0 JavaThread "Daemon worker" [_thread_blocked, id=3652, stack(0x0000009f7d700000,0x0000009f7d800000)]
  0x000001d4cc335400 JavaThread "Asynchronous log dispatcher for DefaultDaemonConnection: socket connection from /127.0.0.1:63433 to /127.0.0.1:63434" [_thread_blocked, id=11208, stack(0x0000009f7d800000,0x0000009f7d900000)]
  0x000001d4cc333fc0 JavaThread "Stdin handler" [_thread_blocked, id=10516, stack(0x0000009f7d900000,0x0000009f7da00000)]
  0x000001d4cc334ef0 JavaThread "Daemon client event forwarder" [_thread_blocked, id=15112, stack(0x0000009f7da00000,0x0000009f7db00000)]
  0x000001d4cc336330 JavaThread "Cache worker for journal cache (C:\Users\dadig\.gradle\caches\journal-1)" [_thread_blocked, id=12076, stack(0x0000009f7db00000,0x0000009f7dc00000)]
  0x000001d4cc335910 JavaThread "File lock request listener" [_thread_in_native, id=15120, stack(0x0000009f7dc00000,0x0000009f7dd00000)]
  0x000001d4cc3344d0 JavaThread "Cache worker for file hash cache (C:\Users\dadig\.gradle\caches\8.13\fileHashes)" [_thread_blocked, id=1928, stack(0x0000009f7dd00000,0x0000009f7de00000)]
  0x000001d4cc3335a0 JavaThread "Cache worker for file hash cache (C:\VYBE\android\.gradle\8.13\fileHashes)" [_thread_blocked, id=3712, stack(0x0000009f7de00000,0x0000009f7df00000)]
  0x000001d4cc335e20 JavaThread "Cache worker for Build Output Cleanup Cache (C:\VYBE\android\.gradle\buildOutputCleanup)" [_thread_blocked, id=11012, stack(0x0000009f7df00000,0x0000009f7e000000)]
  0x000001d4cfab6680 JavaThread "jar transforms" [_thread_blocked, id=6020, stack(0x0000009f7e000000,0x0000009f7e100000)]
  0x000001d4cfab75b0 JavaThread "Cache worker for checksums cache (C:\VYBE\android\.gradle\8.13\checksums)" [_thread_blocked, id=14476, stack(0x0000009f7e100000,0x0000009f7e200000)]
  0x000001d4cfab7ac0 JavaThread "Cache worker for file content cache (C:\Users\dadig\.gradle\caches\8.13\fileContent)" [_thread_blocked, id=14972, stack(0x0000009f7e200000,0x0000009f7e300000)]
  0x000001d4cfab6170 JavaThread "Cache worker for cache directory md-supplier (C:\Users\dadig\.gradle\caches\8.13\md-supplier)" [_thread_blocked, id=14272, stack(0x0000009f7e500000,0x0000009f7e600000)]
  0x000001d4cfab4820 JavaThread "Cache worker for cache directory md-rule (C:\Users\dadig\.gradle\caches\8.13\md-rule)" [_thread_blocked, id=4636, stack(0x0000009f7e600000,0x0000009f7e700000)]
  0x000001d4cfab7fd0 JavaThread "Cache worker for Build Output Cleanup Cache (C:\VYBE\node_modules\@react-native\gradle-plugin\.gradle\buildOutputCleanup)" [_thread_blocked, id=11540, stack(0x0000009f7e700000,0x0000009f7e800000)]
  0x000001d4cfab6b90 JavaThread "Unconstrained build operations" [_thread_blocked, id=6568, stack(0x0000009f7e800000,0x0000009f7e900000)]
  0x000001d4cfab5750 JavaThread "Unconstrained build operations Thread 2" [_thread_blocked, id=13672, stack(0x0000009f7e900000,0x0000009f7ea00000)]
  0x000001d4cfab84e0 JavaThread "Unconstrained build operations Thread 3" [_thread_blocked, id=1992, stack(0x0000009f7ea00000,0x0000009f7eb00000)]
  0x000001d4cfab9e30 JavaThread "Unconstrained build operations Thread 4" [_thread_blocked, id=9844, stack(0x0000009f7b900000,0x0000009f7ba00000)]
  0x000001d4cfaba850 JavaThread "Unconstrained build operations Thread 5" [_thread_blocked, id=2824, stack(0x0000009f7ba00000,0x0000009f7bb00000)]
  0x000001d4cfabad60 JavaThread "Unconstrained build operations Thread 6" [_thread_blocked, id=1544, stack(0x0000009f7eb00000,0x0000009f7ec00000)]
  0x000001d4cfabb270 JavaThread "build event listener" [_thread_blocked, id=4004, stack(0x0000009f7ec00000,0x0000009f7ed00000)]
  0x000001d4cfab89f0 JavaThread "Memory manager" [_thread_blocked, id=292, stack(0x0000009f7ed00000,0x0000009f7ee00000)]
  0x000001d4cf758fc0 JavaThread "Cache worker for execution history cache (C:\VYBE\node_modules\@react-native\gradle-plugin\.gradle\8.13\executionHistory)" [_thread_blocked, id=2688, stack(0x0000009f7f500000,0x0000009f7f600000)]
  0x000001d4cf7594d0 JavaThread "Unconstrained build operations Thread 7" [_thread_blocked, id=10856, stack(0x0000009f7f600000,0x0000009f7f700000)]
  0x000001d4cf7599e0 JavaThread "Unconstrained build operations Thread 8" [_thread_blocked, id=11568, stack(0x0000009f7f700000,0x0000009f7f800000)]
  0x000001d4cf75a400 JavaThread "Unconstrained build operations Thread 9" [_thread_blocked, id=8732, stack(0x0000009f7f800000,0x0000009f7f900000)]
  0x000001d4cf0257a0 JavaThread "WorkerExecutor Queue" [_thread_blocked, id=15132, stack(0x0000009f7f900000,0x0000009f7fa00000)]
  0x000001d4cf025cb0 JavaThread "RMI Scheduler(0)" daemon [_thread_blocked, id=14672, stack(0x0000009f7fa00000,0x0000009f7fb00000)]
  0x000001d4cf026be0 JavaThread "RMI GC Daemon" daemon [_thread_blocked, id=14900, stack(0x0000009f7fc00000,0x0000009f7fd00000)]
  0x000001d4cf027600 JavaThread "RMI TCP Accept-0" daemon [_thread_in_native, id=8312, stack(0x0000009f7fd00000,0x0000009f7fe00000)]
  0x000001d4cf0270f0 JavaThread "RMI Reaper" [_thread_blocked, id=13284, stack(0x0000009f7fe00000,0x0000009f7ff00000)]
  0x000001d4cf027b10 JavaThread "Unconstrained build operations Thread 10" [_thread_blocked, id=256, stack(0x0000009f7e300000,0x0000009f7e400000)]
  0x000001d4cf024d80 JavaThread "jar transforms Thread 2" [_thread_blocked, id=9472, stack(0x0000009f7e400000,0x0000009f7e500000)]
  0x000001d4cf02a390 JavaThread "jar transforms Thread 3" [_thread_blocked, id=4632, stack(0x0000009f7f300000,0x0000009f7f400000)]
  0x000001d4cf0266d0 JavaThread "jar transforms Thread 4" [_thread_blocked, id=2900, stack(0x0000009f7f000000,0x0000009f7f100000)]
  0x000001d4cf029970 JavaThread "build event listener" [_thread_blocked, id=14612, stack(0x0000009f7ee00000,0x0000009f7ef00000)]
  0x000001d4cf02b2c0 JavaThread "Problems report writer" [_thread_blocked, id=13660, stack(0x0000009f7f100000,0x0000009f7f200000)]
  0x000001d4d173c090 JavaThread "included builds Thread 3" [_thread_in_vm, id=14148, stack(0x0000009f00100000,0x0000009f00200000)]
  0x000001d4d173cab0 JavaThread "Cache worker for execution history cache (C:\VYBE\android\.gradle\8.13\executionHistory)" [_thread_blocked, id=15768, stack(0x0000009f00200000,0x0000009f00300000)]
  0x000001d4d17383d0 JavaThread "File lock release action executor Thread 4" [_thread_blocked, id=9688, stack(0x0000009f00000000,0x0000009f00100000)]

Other Threads:
  0x000001d4ffe7c4e0 VMThread "VM Thread" [stack: 0x0000009f7c100000,0x0000009f7c200000] [id=1252]
  0x000001d4f06ce6e0 WatcherThread [stack: 0x0000009f7cd00000,0x0000009f7ce00000] [id=1760]
  0x000001d4f073a570 GCTaskThread "GC Thread#0" [stack: 0x0000009f7bc00000,0x0000009f7bd00000] [id=13208]
  0x000001d4cc2e8780 GCTaskThread "GC Thread#1" [stack: 0x0000009f7ce00000,0x0000009f7cf00000] [id=9596]
  0x000001d4cc373380 GCTaskThread "GC Thread#2" [stack: 0x0000009f7cf00000,0x0000009f7d000000] [id=14912]
  0x000001d4cc7a65c0 GCTaskThread "GC Thread#3" [stack: 0x0000009f7d000000,0x0000009f7d100000] [id=13128]
  0x000001d4f074c3e0 ConcurrentGCThread "G1 Main Marker" [stack: 0x0000009f7bd00000,0x0000009f7be00000] [id=3220]
  0x000001d4f074d9e0 ConcurrentGCThread "G1 Conc#0" [stack: 0x0000009f7be00000,0x0000009f7bf00000] [id=14228]
  0x000001d4ffd40090 ConcurrentGCThread "G1 Refine#0" [stack: 0x0000009f7bf00000,0x0000009f7c000000] [id=11020]
  0x000001d4d1640d80 ConcurrentGCThread "G1 Refine#1" [stack: 0x0000009f7ff00000,0x0000009f80000000] [id=1744]
  0x000001d4d13f29b0 ConcurrentGCThread "G1 Refine#2" [stack: 0x0000009f00300000,0x0000009f00400000] [id=13436]
  0x000001d4ffd409d0 ConcurrentGCThread "G1 Service" [stack: 0x0000009f7c000000,0x0000009f7c100000] [id=7868]

Threads with active compile tasks:
C2 CompilerThread0  1117516 19907       4       com.android.ide.common.blame.MergingLogPersistUtil$SourcePositionsSerializer::append (67 bytes)

VM state: not at safepoint (normal execution)

VM Mutex/Monitor currently owned by a thread: None

Heap address: 0x0000000700000000, size: 4096 MB, Compressed Oops mode: Zero based, Oop shift amount: 3

CDS archive(s) mapped at: [0x000001d493000000-0x000001d493bb0000-0x000001d493bb0000), size 12255232, SharedBaseAddress: 0x000001d493000000, ArchiveRelocationMode: 1.
Compressed class space mapped at: 0x000001d494000000-0x000001d4c8000000, reserved size: 872415232
Narrow klass base: 0x000001d493000000, Narrow klass shift: 0, Narrow klass range: 0x100000000

GC Precious Log:
 CPUs: 4 total, 4 available
 Memory: 3526M
 Large Page Support: Disabled
 NUMA Support: Disabled
 Compressed Oops: Enabled (Zero based)
 Heap Region Size: 2M
 Heap Min Capacity: 8M
 Heap Initial Capacity: 56M
 Heap Max Capacity: 4G
 Pre-touch: Disabled
 Parallel Workers: 4
 Concurrent Workers: 1
 Concurrent Refinement Workers: 4
 Periodic GC: Disabled

Heap:
 garbage-first heap   total 559104K, used 237820K [0x0000000700000000, 0x0000000800000000)
  region size 2048K, 8 young (16384K), 2 survivors (4096K)
 Metaspace       used 127792K, committed 129280K, reserved 983040K
  class space    used 17265K, committed 17920K, reserved 851968K

Heap Regions: E=young(eden), S=young(survivor), O=old, HS=humongous(starts), HC=humongous(continues), CS=collection set, F=free, OA=open archive, CA=closed archive, TAMS=top-at-mark-start (previous, next)
|   0|0x0000000700000000, 0x0000000700200000, 0x0000000700200000|100%|HS|  |TAMS 0x0000000700200000, 0x0000000700000000| Complete 
|   1|0x0000000700200000, 0x0000000700400000, 0x0000000700400000|100%|HC|  |TAMS 0x0000000700400000, 0x0000000700200000| Complete 
|   2|0x0000000700400000, 0x0000000700600000, 0x0000000700600000|100%| O|  |TAMS 0x0000000700600000, 0x0000000700400000| Untracked 
|   3|0x0000000700600000, 0x0000000700800000, 0x0000000700800000|100%| O|  |TAMS 0x0000000700800000, 0x0000000700600000| Untracked 
|   4|0x0000000700800000, 0x0000000700a00000, 0x0000000700a00000|100%| O|  |TAMS 0x0000000700a00000, 0x0000000700800000| Untracked 
|   5|0x0000000700a00000, 0x0000000700c00000, 0x0000000700c00000|100%| O|  |TAMS 0x0000000700c00000, 0x0000000700a00000| Untracked 
|   6|0x0000000700c00000, 0x0000000700e00000, 0x0000000700e00000|100%| O|  |TAMS 0x0000000700e00000, 0x0000000700c00000| Untracked 
|   7|0x0000000700e00000, 0x0000000701000000, 0x0000000701000000|100%| O|  |TAMS 0x0000000701000000, 0x0000000700e00000| Untracked 
|   8|0x0000000701000000, 0x0000000701200000, 0x0000000701200000|100%| O|  |TAMS 0x0000000701200000, 0x0000000701000000| Untracked 
|   9|0x0000000701200000, 0x0000000701400000, 0x0000000701400000|100%| O|  |TAMS 0x0000000701400000, 0x0000000701200000| Untracked 
|  10|0x0000000701400000, 0x0000000701600000, 0x0000000701600000|100%| O|  |TAMS 0x0000000701600000, 0x0000000701400000| Untracked 
|  11|0x0000000701600000, 0x0000000701800000, 0x0000000701800000|100%| O|  |TAMS 0x0000000701800000, 0x0000000701600000| Untracked 
|  12|0x0000000701800000, 0x0000000701a00000, 0x0000000701a00000|100%| O|  |TAMS 0x0000000701a00000, 0x0000000701800000| Untracked 
|  13|0x0000000701a00000, 0x0000000701c00000, 0x0000000701c00000|100%| O|  |TAMS 0x0000000701c00000, 0x0000000701a00000| Untracked 
|  14|0x0000000701c00000, 0x0000000701e00000, 0x0000000701e00000|100%| O|  |TAMS 0x0000000701e00000, 0x0000000701c00000| Untracked 
|  15|0x0000000701e00000, 0x0000000702000000, 0x0000000702000000|100%| O|  |TAMS 0x0000000702000000, 0x0000000701e00000| Untracked 
|  16|0x0000000702000000, 0x0000000702200000, 0x0000000702200000|100%| O|  |TAMS 0x0000000702200000, 0x0000000702000000| Untracked 
|  17|0x0000000702200000, 0x0000000702400000, 0x0000000702400000|100%| O|  |TAMS 0x0000000702400000, 0x0000000702200000| Untracked 
|  18|0x0000000702400000, 0x0000000702600000, 0x0000000702600000|100%| O|  |TAMS 0x0000000702600000, 0x0000000702400000| Untracked 
|  19|0x0000000702600000, 0x0000000702800000, 0x0000000702800000|100%| O|  |TAMS 0x0000000702800000, 0x0000000702600000| Untracked 
|  20|0x0000000702800000, 0x0000000702a00000, 0x0000000702a00000|100%|HS|  |TAMS 0x0000000702a00000, 0x0000000702800000| Complete 
|  21|0x0000000702a00000, 0x0000000702c00000, 0x0000000702c00000|100%| O|  |TAMS 0x0000000702c00000, 0x0000000702a00000| Untracked 
|  22|0x0000000702c00000, 0x0000000702e00000, 0x0000000702e00000|100%|HS|  |TAMS 0x0000000702e00000, 0x0000000702c00000| Complete 
|  23|0x0000000702e00000, 0x0000000703000000, 0x0000000703000000|100%|HC|  |TAMS 0x0000000703000000, 0x0000000702e00000| Complete 
|  24|0x0000000703000000, 0x0000000703200000, 0x0000000703200000|100%|HS|  |TAMS 0x0000000703200000, 0x0000000703000000| Complete 
|  25|0x0000000703200000, 0x0000000703400000, 0x0000000703400000|100%|HC|  |TAMS 0x0000000703400000, 0x0000000703200000| Complete 
|  26|0x0000000703400000, 0x0000000703600000, 0x0000000703600000|100%| O|  |TAMS 0x0000000703600000, 0x0000000703400000| Untracked 
|  27|0x0000000703600000, 0x0000000703800000, 0x0000000703800000|100%| O|  |TAMS 0x0000000703800000, 0x0000000703600000| Untracked 
|  28|0x0000000703800000, 0x0000000703a00000, 0x0000000703a00000|100%| O|  |TAMS 0x0000000703a00000, 0x0000000703800000| Untracked 
|  29|0x0000000703a00000, 0x0000000703c00000, 0x0000000703c00000|100%| O|  |TAMS 0x0000000703c00000, 0x0000000703a00000| Untracked 
|  30|0x0000000703c00000, 0x0000000703e00000, 0x0000000703e00000|100%| O|  |TAMS 0x0000000703e00000, 0x0000000703c00000| Untracked 
|  31|0x0000000703e00000, 0x0000000704000000, 0x0000000704000000|100%| O|  |TAMS 0x0000000704000000, 0x0000000703e00000| Untracked 
|  32|0x0000000704000000, 0x0000000704200000, 0x0000000704200000|100%| O|  |TAMS 0x0000000704200000, 0x0000000704000000| Untracked 
|  33|0x0000000704200000, 0x0000000704400000, 0x0000000704400000|100%| O|  |TAMS 0x0000000704400000, 0x0000000704200000| Untracked 
|  34|0x0000000704400000, 0x0000000704600000, 0x0000000704600000|100%| O|  |TAMS 0x0000000704600000, 0x0000000704400000| Untracked 
|  35|0x0000000704600000, 0x0000000704800000, 0x0000000704800000|100%| O|  |TAMS 0x0000000704800000, 0x0000000704600000| Untracked 
|  36|0x0000000704800000, 0x0000000704a00000, 0x0000000704a00000|100%| O|  |TAMS 0x0000000704a00000, 0x0000000704800000| Untracked 
|  37|0x0000000704a00000, 0x0000000704c00000, 0x0000000704c00000|100%| O|  |TAMS 0x0000000704c00000, 0x0000000704a00000| Untracked 
|  38|0x0000000704c00000, 0x0000000704e00000, 0x0000000704e00000|100%|HS|  |TAMS 0x0000000704e00000, 0x0000000704c00000| Complete 
|  39|0x0000000704e00000, 0x0000000705000000, 0x0000000705000000|100%|HC|  |TAMS 0x0000000705000000, 0x0000000704e00000| Complete 
|  40|0x0000000705000000, 0x0000000705200000, 0x0000000705200000|100%| O|  |TAMS 0x0000000705200000, 0x0000000705000000| Untracked 
|  41|0x0000000705200000, 0x0000000705400000, 0x0000000705400000|100%| O|  |TAMS 0x0000000705400000, 0x0000000705200000| Untracked 
|  42|0x0000000705400000, 0x0000000705600000, 0x0000000705600000|100%| O|  |TAMS 0x0000000705600000, 0x0000000705400000| Untracked 
|  43|0x0000000705600000, 0x0000000705800000, 0x0000000705800000|100%| O|  |TAMS 0x0000000705800000, 0x0000000705600000| Untracked 
|  44|0x0000000705800000, 0x0000000705a00000, 0x0000000705a00000|100%| O|  |TAMS 0x0000000705a00000, 0x0000000705800000| Untracked 
|  45|0x0000000705a00000, 0x0000000705c00000, 0x0000000705c00000|100%| O|  |TAMS 0x0000000705c00000, 0x0000000705a00000| Untracked 
|  46|0x0000000705c00000, 0x0000000705e00000, 0x0000000705e00000|100%| O|  |TAMS 0x0000000705e00000, 0x0000000705c00000| Untracked 
|  47|0x0000000705e00000, 0x0000000706000000, 0x0000000706000000|100%| O|  |TAMS 0x0000000706000000, 0x0000000705e00000| Untracked 
|  48|0x0000000706000000, 0x0000000706200000, 0x0000000706200000|100%| O|  |TAMS 0x0000000706200000, 0x0000000706000000| Untracked 
|  49|0x0000000706200000, 0x0000000706400000, 0x0000000706400000|100%| O|  |TAMS 0x0000000706400000, 0x0000000706200000| Untracked 
|  50|0x0000000706400000, 0x0000000706600000, 0x0000000706600000|100%| O|  |TAMS 0x0000000706600000, 0x0000000706400000| Untracked 
|  51|0x0000000706600000, 0x0000000706800000, 0x0000000706800000|100%| O|  |TAMS 0x0000000706800000, 0x0000000706600000| Untracked 
|  52|0x0000000706800000, 0x0000000706a00000, 0x0000000706a00000|100%| O|  |TAMS 0x0000000706a00000, 0x0000000706800000| Untracked 
|  53|0x0000000706a00000, 0x0000000706c00000, 0x0000000706c00000|100%| O|  |TAMS 0x0000000706c00000, 0x0000000706a00000| Untracked 
|  54|0x0000000706c00000, 0x0000000706e00000, 0x0000000706e00000|100%|HS|  |TAMS 0x0000000706e00000, 0x0000000706c00000| Complete 
|  55|0x0000000706e00000, 0x0000000707000000, 0x0000000707000000|100%|HC|  |TAMS 0x0000000707000000, 0x0000000706e00000| Complete 
|  56|0x0000000707000000, 0x0000000707200000, 0x0000000707200000|100%| O|  |TAMS 0x0000000707200000, 0x0000000707000000| Untracked 
|  57|0x0000000707200000, 0x0000000707400000, 0x0000000707400000|100%| O|  |TAMS 0x0000000707400000, 0x0000000707200000| Untracked 
|  58|0x0000000707400000, 0x0000000707600000, 0x0000000707600000|100%| O|  |TAMS 0x0000000707600000, 0x0000000707400000| Untracked 
|  59|0x0000000707600000, 0x0000000707800000, 0x0000000707800000|100%| O|  |TAMS 0x0000000707800000, 0x0000000707600000| Untracked 
|  60|0x0000000707800000, 0x0000000707a00000, 0x0000000707a00000|100%| O|  |TAMS 0x0000000707a00000, 0x0000000707800000| Untracked 
|  61|0x0000000707a00000, 0x0000000707c00000, 0x0000000707c00000|100%| O|  |TAMS 0x0000000707c00000, 0x0000000707a00000| Untracked 
|  62|0x0000000707c00000, 0x0000000707e00000, 0x0000000707e00000|100%| O|  |TAMS 0x0000000707e00000, 0x0000000707c00000| Untracked 
|  63|0x0000000707e00000, 0x0000000708000000, 0x0000000708000000|100%| O|  |TAMS 0x0000000708000000, 0x0000000707e00000| Untracked 
|  64|0x0000000708000000, 0x0000000708200000, 0x0000000708200000|100%| O|  |TAMS 0x0000000708200000, 0x0000000708000000| Untracked 
|  65|0x0000000708200000, 0x0000000708400000, 0x0000000708400000|100%| O|  |TAMS 0x0000000708400000, 0x0000000708200000| Untracked 
|  66|0x0000000708400000, 0x0000000708400000, 0x0000000708600000|  0%| F|  |TAMS 0x0000000708400000, 0x0000000708400000| Untracked 
|  67|0x0000000708600000, 0x0000000708800000, 0x0000000708800000|100%| O|  |TAMS 0x0000000708800000, 0x0000000708600000| Untracked 
|  68|0x0000000708800000, 0x0000000708a00000, 0x0000000708a00000|100%| O|  |TAMS 0x0000000708a00000, 0x0000000708800000| Untracked 
|  69|0x0000000708a00000, 0x0000000708c00000, 0x0000000708c00000|100%| O|  |TAMS 0x0000000708c00000, 0x0000000708a00000| Untracked 
|  70|0x0000000708c00000, 0x0000000708e00000, 0x0000000708e00000|100%| O|  |TAMS 0x0000000708e00000, 0x0000000708c00000| Untracked 
|  71|0x0000000708e00000, 0x0000000709000000, 0x0000000709000000|100%| O|  |TAMS 0x0000000709000000, 0x0000000708e00000| Untracked 
|  72|0x0000000709000000, 0x0000000709200000, 0x0000000709200000|100%| O|  |TAMS 0x0000000709200000, 0x0000000709000000| Untracked 
|  73|0x0000000709200000, 0x0000000709400000, 0x0000000709400000|100%| O|  |TAMS 0x0000000709200000, 0x0000000709200000| Untracked 
|  74|0x0000000709400000, 0x0000000709600000, 0x0000000709600000|100%| O|  |TAMS 0x0000000709600000, 0x0000000709400000| Untracked 
|  75|0x0000000709600000, 0x0000000709800000, 0x0000000709800000|100%| O|  |TAMS 0x0000000709800000, 0x0000000709600000| Untracked 
|  76|0x0000000709800000, 0x0000000709a00000, 0x0000000709a00000|100%| O|  |TAMS 0x0000000709a00000, 0x0000000709800000| Untracked 
|  77|0x0000000709a00000, 0x0000000709c00000, 0x0000000709c00000|100%| O|  |TAMS 0x0000000709a00000, 0x0000000709a00000| Untracked 
|  78|0x0000000709c00000, 0x0000000709e00000, 0x0000000709e00000|100%| O|  |TAMS 0x0000000709c00000, 0x0000000709c00000| Untracked 
|  79|0x0000000709e00000, 0x000000070a000000, 0x000000070a000000|100%| O|  |TAMS 0x000000070a000000, 0x0000000709e00000| Untracked 
|  80|0x000000070a000000, 0x000000070a200000, 0x000000070a200000|100%| O|  |TAMS 0x000000070a200000, 0x000000070a000000| Untracked 
|  81|0x000000070a200000, 0x000000070a400000, 0x000000070a400000|100%| O|  |TAMS 0x000000070a400000, 0x000000070a200000| Untracked 
|  82|0x000000070a400000, 0x000000070a600000, 0x000000070a600000|100%| O|  |TAMS 0x000000070a600000, 0x000000070a400000| Untracked 
|  83|0x000000070a600000, 0x000000070a800000, 0x000000070a800000|100%| O|  |TAMS 0x000000070a800000, 0x000000070a600000| Untracked 
|  84|0x000000070a800000, 0x000000070aa00000, 0x000000070aa00000|100%| O|  |TAMS 0x000000070aa00000, 0x000000070a800000| Untracked 
|  85|0x000000070aa00000, 0x000000070ac00000, 0x000000070ac00000|100%| O|  |TAMS 0x000000070ac00000, 0x000000070aa00000| Untracked 
|  86|0x000000070ac00000, 0x000000070ae00000, 0x000000070ae00000|100%| O|  |TAMS 0x000000070ae00000, 0x000000070ac00000| Untracked 
|  87|0x000000070ae00000, 0x000000070b000000, 0x000000070b000000|100%| O|  |TAMS 0x000000070b000000, 0x000000070ae00000| Untracked 
|  88|0x000000070b000000, 0x000000070b200000, 0x000000070b200000|100%| O|  |TAMS 0x000000070b200000, 0x000000070b000000| Untracked 
|  89|0x000000070b200000, 0x000000070b400000, 0x000000070b400000|100%| O|  |TAMS 0x000000070b400000, 0x000000070b200000| Untracked 
|  90|0x000000070b400000, 0x000000070b600000, 0x000000070b600000|100%| O|  |TAMS 0x000000070b600000, 0x000000070b400000| Untracked 
|  91|0x000000070b600000, 0x000000070b800000, 0x000000070b800000|100%| O|  |TAMS 0x000000070b800000, 0x000000070b600000| Untracked 
|  92|0x000000070b800000, 0x000000070ba00000, 0x000000070ba00000|100%| O|  |TAMS 0x000000070ba00000, 0x000000070b800000| Untracked 
|  93|0x000000070ba00000, 0x000000070bc00000, 0x000000070bc00000|100%| O|  |TAMS 0x000000070bc00000, 0x000000070ba00000| Untracked 
|  94|0x000000070bc00000, 0x000000070be00000, 0x000000070be00000|100%| O|  |TAMS 0x000000070be00000, 0x000000070bc00000| Untracked 
|  95|0x000000070be00000, 0x000000070c000000, 0x000000070c000000|100%| O|  |TAMS 0x000000070bed8c00, 0x000000070be00000| Untracked 
|  96|0x000000070c000000, 0x000000070c200000, 0x000000070c200000|100%| O|  |TAMS 0x000000070c000000, 0x000000070c000000| Untracked 
|  97|0x000000070c200000, 0x000000070c400000, 0x000000070c400000|100%| O|  |TAMS 0x000000070c200000, 0x000000070c200000| Untracked 
|  98|0x000000070c400000, 0x000000070c600000, 0x000000070c600000|100%| O|  |TAMS 0x000000070c400000, 0x000000070c400000| Untracked 
|  99|0x000000070c600000, 0x000000070c800000, 0x000000070c800000|100%| O|  |TAMS 0x000000070c600000, 0x000000070c600000| Untracked 
| 100|0x000000070c800000, 0x000000070ca00000, 0x000000070ca00000|100%| O|  |TAMS 0x000000070c800000, 0x000000070c800000| Untracked 
| 101|0x000000070ca00000, 0x000000070cc00000, 0x000000070cc00000|100%| O|  |TAMS 0x000000070ca00000, 0x000000070ca00000| Untracked 
| 102|0x000000070cc00000, 0x000000070ce00000, 0x000000070ce00000|100%| O|  |TAMS 0x000000070cc00000, 0x000000070cc00000| Untracked 
| 103|0x000000070ce00000, 0x000000070d000000, 0x000000070d000000|100%| O|  |TAMS 0x000000070ce00000, 0x000000070ce00000| Untracked 
| 104|0x000000070d000000, 0x000000070d200000, 0x000000070d200000|100%| O|  |TAMS 0x000000070d000000, 0x000000070d000000| Untracked 
| 105|0x000000070d200000, 0x000000070d400000, 0x000000070d400000|100%| O|  |TAMS 0x000000070d200000, 0x000000070d200000| Untracked 
| 106|0x000000070d400000, 0x000000070d600000, 0x000000070d600000|100%| O|  |TAMS 0x000000070d400000, 0x000000070d400000| Untracked 
| 107|0x000000070d600000, 0x000000070d800000, 0x000000070d800000|100%| O|  |TAMS 0x000000070d600000, 0x000000070d600000| Untracked 
| 108|0x000000070d800000, 0x000000070da00000, 0x000000070da00000|100%| O|  |TAMS 0x000000070d800000, 0x000000070d800000| Untracked 
| 109|0x000000070da00000, 0x000000070dc00000, 0x000000070dc00000|100%| O|  |TAMS 0x000000070da00000, 0x000000070da00000| Untracked 
| 110|0x000000070dc00000, 0x000000070ddb1c00, 0x000000070de00000| 84%| O|  |TAMS 0x000000070dc00000, 0x000000070dc00000| Untracked 
| 111|0x000000070de00000, 0x000000070de00000, 0x000000070e000000|  0%| F|  |TAMS 0x000000070de00000, 0x000000070de00000| Untracked 
| 112|0x000000070e000000, 0x000000070e000000, 0x000000070e200000|  0%| F|  |TAMS 0x000000070e000000, 0x000000070e000000| Untracked 
| 113|0x000000070e200000, 0x000000070e200000, 0x000000070e400000|  0%| F|  |TAMS 0x000000070e200000, 0x000000070e200000| Untracked 
| 114|0x000000070e400000, 0x000000070e400000, 0x000000070e600000|  0%| F|  |TAMS 0x000000070e400000, 0x000000070e400000| Untracked 
| 115|0x000000070e600000, 0x000000070e600000, 0x000000070e800000|  0%| F|  |TAMS 0x000000070e600000, 0x000000070e600000| Untracked 
| 116|0x000000070e800000, 0x000000070e800000, 0x000000070ea00000|  0%| F|  |TAMS 0x000000070e800000, 0x000000070e800000| Untracked 
| 117|0x000000070ea00000, 0x000000070ea00000, 0x000000070ec00000|  0%| F|  |TAMS 0x000000070ea00000, 0x000000070ea00000| Untracked 
| 118|0x000000070ec00000, 0x000000070ec00000, 0x000000070ee00000|  0%| F|  |TAMS 0x000000070ec00000, 0x000000070ec00000| Untracked 
| 119|0x000000070ee00000, 0x000000070ee00000, 0x000000070f000000|  0%| F|  |TAMS 0x000000070ee00000, 0x000000070ee00000| Untracked 
| 120|0x000000070f000000, 0x000000070f000000, 0x000000070f200000|  0%| F|  |TAMS 0x000000070f000000, 0x000000070f000000| Untracked 
| 121|0x000000070f200000, 0x000000070f200000, 0x000000070f400000|  0%| F|  |TAMS 0x000000070f200000, 0x000000070f200000| Untracked 
| 122|0x000000070f400000, 0x000000070f400000, 0x000000070f600000|  0%| F|  |TAMS 0x000000070f400000, 0x000000070f400000| Untracked 
| 123|0x000000070f600000, 0x000000070f600000, 0x000000070f800000|  0%| F|  |TAMS 0x000000070f600000, 0x000000070f600000| Untracked 
| 124|0x000000070f800000, 0x000000070f800000, 0x000000070fa00000|  0%| F|  |TAMS 0x000000070f800000, 0x000000070f800000| Untracked 
| 125|0x000000070fa00000, 0x000000070fa00000, 0x000000070fc00000|  0%| F|  |TAMS 0x000000070fa00000, 0x000000070fa00000| Untracked 
| 126|0x000000070fc00000, 0x000000070fc00000, 0x000000070fe00000|  0%| F|  |TAMS 0x000000070fc00000, 0x000000070fc00000| Untracked 
| 127|0x000000070fe00000, 0x000000070fe00000, 0x0000000710000000|  0%| F|  |TAMS 0x000000070fe00000, 0x000000070fe00000| Untracked 
| 128|0x0000000710000000, 0x0000000710000000, 0x0000000710200000|  0%| F|  |TAMS 0x0000000710000000, 0x0000000710000000| Untracked 
| 129|0x0000000710200000, 0x0000000710200000, 0x0000000710400000|  0%| F|  |TAMS 0x0000000710200000, 0x0000000710200000| Untracked 
| 130|0x0000000710400000, 0x0000000710400000, 0x0000000710600000|  0%| F|  |TAMS 0x0000000710400000, 0x0000000710400000| Untracked 
| 131|0x0000000710600000, 0x0000000710600000, 0x0000000710800000|  0%| F|  |TAMS 0x0000000710600000, 0x0000000710600000| Untracked 
| 132|0x0000000710800000, 0x0000000710800000, 0x0000000710a00000|  0%| F|  |TAMS 0x0000000710800000, 0x0000000710800000| Untracked 
| 133|0x0000000710a00000, 0x0000000710a00000, 0x0000000710c00000|  0%| F|  |TAMS 0x0000000710a00000, 0x0000000710a00000| Untracked 
| 134|0x0000000710c00000, 0x0000000710c00000, 0x0000000710e00000|  0%| F|  |TAMS 0x0000000710c00000, 0x0000000710c00000| Untracked 
| 135|0x0000000710e00000, 0x0000000710e00000, 0x0000000711000000|  0%| F|  |TAMS 0x0000000710e00000, 0x0000000710e00000| Untracked 
| 136|0x0000000711000000, 0x0000000711000000, 0x0000000711200000|  0%| F|  |TAMS 0x0000000711000000, 0x0000000711000000| Untracked 
| 137|0x0000000711200000, 0x0000000711200000, 0x0000000711400000|  0%| F|  |TAMS 0x0000000711200000, 0x0000000711200000| Untracked 
| 138|0x0000000711400000, 0x0000000711400000, 0x0000000711600000|  0%| F|  |TAMS 0x0000000711400000, 0x0000000711400000| Untracked 
| 139|0x0000000711600000, 0x0000000711600000, 0x0000000711800000|  0%| F|  |TAMS 0x0000000711600000, 0x0000000711600000| Untracked 
| 140|0x0000000711800000, 0x0000000711800000, 0x0000000711a00000|  0%| F|  |TAMS 0x0000000711800000, 0x0000000711800000| Untracked 
| 141|0x0000000711a00000, 0x0000000711a00000, 0x0000000711c00000|  0%| F|  |TAMS 0x0000000711a00000, 0x0000000711a00000| Untracked 
| 142|0x0000000711c00000, 0x0000000711c00000, 0x0000000711e00000|  0%| F|  |TAMS 0x0000000711c00000, 0x0000000711c00000| Untracked 
| 143|0x0000000711e00000, 0x0000000711e00000, 0x0000000712000000|  0%| F|  |TAMS 0x0000000711e00000, 0x0000000711e00000| Untracked 
| 144|0x0000000712000000, 0x0000000712000000, 0x0000000712200000|  0%| F|  |TAMS 0x0000000712000000, 0x0000000712000000| Untracked 
| 145|0x0000000712200000, 0x0000000712200000, 0x0000000712400000|  0%| F|  |TAMS 0x0000000712200000, 0x0000000712200000| Untracked 
| 146|0x0000000712400000, 0x0000000712400000, 0x0000000712600000|  0%| F|  |TAMS 0x0000000712400000, 0x0000000712400000| Untracked 
| 147|0x0000000712600000, 0x0000000712600000, 0x0000000712800000|  0%| F|  |TAMS 0x0000000712600000, 0x0000000712600000| Untracked 
| 148|0x0000000712800000, 0x0000000712800000, 0x0000000712a00000|  0%| F|  |TAMS 0x0000000712800000, 0x0000000712800000| Untracked 
| 149|0x0000000712a00000, 0x0000000712a00000, 0x0000000712c00000|  0%| F|  |TAMS 0x0000000712a00000, 0x0000000712a00000| Untracked 
| 150|0x0000000712c00000, 0x0000000712c00000, 0x0000000712e00000|  0%| F|  |TAMS 0x0000000712c00000, 0x0000000712c00000| Untracked 
| 151|0x0000000712e00000, 0x0000000712e00000, 0x0000000713000000|  0%| F|  |TAMS 0x0000000712e00000, 0x0000000712e00000| Untracked 
| 152|0x0000000713000000, 0x0000000713000000, 0x0000000713200000|  0%| F|  |TAMS 0x0000000713000000, 0x0000000713000000| Untracked 
| 153|0x0000000713200000, 0x0000000713200000, 0x0000000713400000|  0%| F|  |TAMS 0x0000000713200000, 0x0000000713200000| Untracked 
| 154|0x0000000713400000, 0x0000000713400000, 0x0000000713600000|  0%| F|  |TAMS 0x0000000713400000, 0x0000000713400000| Untracked 
| 155|0x0000000713600000, 0x0000000713600000, 0x0000000713800000|  0%| F|  |TAMS 0x0000000713600000, 0x0000000713600000| Untracked 
| 156|0x0000000713800000, 0x0000000713800000, 0x0000000713a00000|  0%| F|  |TAMS 0x0000000713800000, 0x0000000713800000| Untracked 
| 157|0x0000000713a00000, 0x0000000713a00000, 0x0000000713c00000|  0%| F|  |TAMS 0x0000000713a00000, 0x0000000713a00000| Untracked 
| 158|0x0000000713c00000, 0x0000000713c00000, 0x0000000713e00000|  0%| F|  |TAMS 0x0000000713c00000, 0x0000000713c00000| Untracked 
| 159|0x0000000713e00000, 0x0000000713e00000, 0x0000000714000000|  0%| F|  |TAMS 0x0000000713e00000, 0x0000000713e00000| Untracked 
| 160|0x0000000714000000, 0x0000000714000000, 0x0000000714200000|  0%| F|  |TAMS 0x0000000714000000, 0x0000000714000000| Untracked 
| 161|0x0000000714200000, 0x0000000714200000, 0x0000000714400000|  0%| F|  |TAMS 0x0000000714200000, 0x0000000714200000| Untracked 
| 162|0x0000000714400000, 0x0000000714400000, 0x0000000714600000|  0%| F|  |TAMS 0x0000000714400000, 0x0000000714400000| Untracked 
| 163|0x0000000714600000, 0x0000000714600000, 0x0000000714800000|  0%| F|  |TAMS 0x0000000714600000, 0x0000000714600000| Untracked 
| 164|0x0000000714800000, 0x0000000714800000, 0x0000000714a00000|  0%| F|  |TAMS 0x0000000714800000, 0x0000000714800000| Untracked 
| 165|0x0000000714a00000, 0x0000000714a00000, 0x0000000714c00000|  0%| F|  |TAMS 0x0000000714a00000, 0x0000000714a00000| Untracked 
| 166|0x0000000714c00000, 0x0000000714c00000, 0x0000000714e00000|  0%| F|  |TAMS 0x0000000714c00000, 0x0000000714c00000| Untracked 
| 167|0x0000000714e00000, 0x0000000714e00000, 0x0000000715000000|  0%| F|  |TAMS 0x0000000714e00000, 0x0000000714e00000| Untracked 
| 168|0x0000000715000000, 0x0000000715000000, 0x0000000715200000|  0%| F|  |TAMS 0x0000000715000000, 0x0000000715000000| Untracked 
| 169|0x0000000715200000, 0x0000000715200000, 0x0000000715400000|  0%| F|  |TAMS 0x0000000715200000, 0x0000000715200000| Untracked 
| 170|0x0000000715400000, 0x0000000715400000, 0x0000000715600000|  0%| F|  |TAMS 0x0000000715400000, 0x0000000715400000| Untracked 
| 171|0x0000000715600000, 0x0000000715600000, 0x0000000715800000|  0%| F|  |TAMS 0x0000000715600000, 0x0000000715600000| Untracked 
| 172|0x0000000715800000, 0x0000000715800000, 0x0000000715a00000|  0%| F|  |TAMS 0x0000000715800000, 0x0000000715800000| Untracked 
| 173|0x0000000715a00000, 0x0000000715a00000, 0x0000000715c00000|  0%| F|  |TAMS 0x0000000715a00000, 0x0000000715a00000| Untracked 
| 174|0x0000000715c00000, 0x0000000715c00000, 0x0000000715e00000|  0%| F|  |TAMS 0x0000000715c00000, 0x0000000715c00000| Untracked 
| 175|0x0000000715e00000, 0x0000000715e00000, 0x0000000716000000|  0%| F|  |TAMS 0x0000000715e00000, 0x0000000715e00000| Untracked 
| 176|0x0000000716000000, 0x0000000716000000, 0x0000000716200000|  0%| F|  |TAMS 0x0000000716000000, 0x0000000716000000| Untracked 
| 177|0x0000000716200000, 0x0000000716200000, 0x0000000716400000|  0%| F|  |TAMS 0x0000000716200000, 0x0000000716200000| Untracked 
| 178|0x0000000716400000, 0x0000000716400000, 0x0000000716600000|  0%| F|  |TAMS 0x0000000716400000, 0x0000000716400000| Untracked 
| 179|0x0000000716600000, 0x0000000716600000, 0x0000000716800000|  0%| F|  |TAMS 0x0000000716600000, 0x0000000716600000| Untracked 
| 180|0x0000000716800000, 0x0000000716800000, 0x0000000716a00000|  0%| F|  |TAMS 0x0000000716800000, 0x0000000716800000| Untracked 
| 181|0x0000000716a00000, 0x0000000716a00000, 0x0000000716c00000|  0%| F|  |TAMS 0x0000000716a00000, 0x0000000716a00000| Untracked 
| 182|0x0000000716c00000, 0x0000000716c00000, 0x0000000716e00000|  0%| F|  |TAMS 0x0000000716c00000, 0x0000000716c00000| Untracked 
| 183|0x0000000716e00000, 0x0000000716e00000, 0x0000000717000000|  0%| F|  |TAMS 0x0000000716e00000, 0x0000000716e00000| Untracked 
| 184|0x0000000717000000, 0x0000000717000000, 0x0000000717200000|  0%| F|  |TAMS 0x0000000717000000, 0x0000000717000000| Untracked 
| 185|0x0000000717200000, 0x0000000717200000, 0x0000000717400000|  0%| F|  |TAMS 0x0000000717200000, 0x0000000717200000| Untracked 
| 186|0x0000000717400000, 0x0000000717400000, 0x0000000717600000|  0%| F|  |TAMS 0x0000000717400000, 0x0000000717400000| Untracked 
| 187|0x0000000717600000, 0x0000000717600000, 0x0000000717800000|  0%| F|  |TAMS 0x0000000717600000, 0x0000000717600000| Untracked 
| 188|0x0000000717800000, 0x0000000717800000, 0x0000000717a00000|  0%| F|  |TAMS 0x0000000717800000, 0x0000000717800000| Untracked 
| 189|0x0000000717a00000, 0x0000000717a00000, 0x0000000717c00000|  0%| F|  |TAMS 0x0000000717a00000, 0x0000000717a00000| Untracked 
| 190|0x0000000717c00000, 0x0000000717c00000, 0x0000000717e00000|  0%| F|  |TAMS 0x0000000717c00000, 0x0000000717c00000| Untracked 
| 191|0x0000000717e00000, 0x0000000717e00000, 0x0000000718000000|  0%| F|  |TAMS 0x0000000717e00000, 0x0000000717e00000| Untracked 
| 192|0x0000000718000000, 0x0000000718000000, 0x0000000718200000|  0%| F|  |TAMS 0x0000000718000000, 0x0000000718000000| Untracked 
| 193|0x0000000718200000, 0x0000000718200000, 0x0000000718400000|  0%| F|  |TAMS 0x0000000718200000, 0x0000000718200000| Untracked 
| 194|0x0000000718400000, 0x0000000718400000, 0x0000000718600000|  0%| F|  |TAMS 0x0000000718400000, 0x0000000718400000| Untracked 
| 195|0x0000000718600000, 0x0000000718600000, 0x0000000718800000|  0%| F|  |TAMS 0x0000000718600000, 0x0000000718600000| Untracked 
| 196|0x0000000718800000, 0x0000000718800000, 0x0000000718a00000|  0%| F|  |TAMS 0x0000000718800000, 0x0000000718800000| Untracked 
| 197|0x0000000718a00000, 0x0000000718a00000, 0x0000000718c00000|  0%| F|  |TAMS 0x0000000718a00000, 0x0000000718a00000| Untracked 
| 198|0x0000000718c00000, 0x0000000718c00000, 0x0000000718e00000|  0%| F|  |TAMS 0x0000000718c00000, 0x0000000718c00000| Untracked 
| 199|0x0000000718e00000, 0x0000000718e00000, 0x0000000719000000|  0%| F|  |TAMS 0x0000000718e00000, 0x0000000718e00000| Untracked 
| 200|0x0000000719000000, 0x0000000719000000, 0x0000000719200000|  0%| F|  |TAMS 0x0000000719000000, 0x0000000719000000| Untracked 
| 201|0x0000000719200000, 0x0000000719200000, 0x0000000719400000|  0%| F|  |TAMS 0x0000000719200000, 0x0000000719200000| Untracked 
| 202|0x0000000719400000, 0x0000000719400000, 0x0000000719600000|  0%| F|  |TAMS 0x0000000719400000, 0x0000000719400000| Untracked 
| 203|0x0000000719600000, 0x0000000719600000, 0x0000000719800000|  0%| F|  |TAMS 0x0000000719600000, 0x0000000719600000| Untracked 
| 204|0x0000000719800000, 0x0000000719800000, 0x0000000719a00000|  0%| F|  |TAMS 0x0000000719800000, 0x0000000719800000| Untracked 
| 205|0x0000000719a00000, 0x0000000719a00000, 0x0000000719c00000|  0%| F|  |TAMS 0x0000000719a00000, 0x0000000719a00000| Untracked 
| 206|0x0000000719c00000, 0x0000000719c00000, 0x0000000719e00000|  0%| F|  |TAMS 0x0000000719c00000, 0x0000000719c00000| Untracked 
| 207|0x0000000719e00000, 0x0000000719e8d528, 0x000000071a000000| 27%| S|CS|TAMS 0x0000000719e00000, 0x0000000719e00000| Complete 
| 208|0x000000071a000000, 0x000000071a200000, 0x000000071a200000|100%| S|CS|TAMS 0x000000071a000000, 0x000000071a000000| Complete 
| 209|0x000000071a200000, 0x000000071a200000, 0x000000071a400000|  0%| F|  |TAMS 0x000000071a200000, 0x000000071a200000| Untracked 
| 210|0x000000071a400000, 0x000000071a400000, 0x000000071a600000|  0%| F|  |TAMS 0x000000071a400000, 0x000000071a400000| Untracked 
| 211|0x000000071a600000, 0x000000071a600000, 0x000000071a800000|  0%| F|  |TAMS 0x000000071a600000, 0x000000071a600000| Untracked 
| 212|0x000000071a800000, 0x000000071a800000, 0x000000071aa00000|  0%| F|  |TAMS 0x000000071a800000, 0x000000071a800000| Untracked 
| 213|0x000000071aa00000, 0x000000071aa00000, 0x000000071ac00000|  0%| F|  |TAMS 0x000000071aa00000, 0x000000071aa00000| Untracked 
| 214|0x000000071ac00000, 0x000000071ac00000, 0x000000071ae00000|  0%| F|  |TAMS 0x000000071ac00000, 0x000000071ac00000| Untracked 
| 215|0x000000071ae00000, 0x000000071ae00000, 0x000000071b000000|  0%| F|  |TAMS 0x000000071ae00000, 0x000000071ae00000| Untracked 
| 216|0x000000071b000000, 0x000000071b000000, 0x000000071b200000|  0%| F|  |TAMS 0x000000071b000000, 0x000000071b000000| Untracked 
| 217|0x000000071b200000, 0x000000071b200000, 0x000000071b400000|  0%| F|  |TAMS 0x000000071b200000, 0x000000071b200000| Untracked 
| 218|0x000000071b400000, 0x000000071b400000, 0x000000071b600000|  0%| F|  |TAMS 0x000000071b400000, 0x000000071b400000| Untracked 
| 219|0x000000071b600000, 0x000000071b600000, 0x000000071b800000|  0%| F|  |TAMS 0x000000071b600000, 0x000000071b600000| Untracked 
| 220|0x000000071b800000, 0x000000071b800000, 0x000000071ba00000|  0%| F|  |TAMS 0x000000071b800000, 0x000000071b800000| Untracked 
| 221|0x000000071ba00000, 0x000000071ba00000, 0x000000071bc00000|  0%| F|  |TAMS 0x000000071ba00000, 0x000000071ba00000| Untracked 
| 222|0x000000071bc00000, 0x000000071bc00000, 0x000000071be00000|  0%| F|  |TAMS 0x000000071bc00000, 0x000000071bc00000| Untracked 
| 223|0x000000071be00000, 0x000000071be00000, 0x000000071c000000|  0%| F|  |TAMS 0x000000071be00000, 0x000000071be00000| Untracked 
| 224|0x000000071c000000, 0x000000071c000000, 0x000000071c200000|  0%| F|  |TAMS 0x000000071c000000, 0x000000071c000000| Untracked 
| 225|0x000000071c200000, 0x000000071c200000, 0x000000071c400000|  0%| F|  |TAMS 0x000000071c200000, 0x000000071c200000| Untracked 
| 226|0x000000071c400000, 0x000000071c400000, 0x000000071c600000|  0%| F|  |TAMS 0x000000071c400000, 0x000000071c400000| Untracked 
| 227|0x000000071c600000, 0x000000071c600000, 0x000000071c800000|  0%| F|  |TAMS 0x000000071c600000, 0x000000071c600000| Untracked 
| 228|0x000000071c800000, 0x000000071c800000, 0x000000071ca00000|  0%| F|  |TAMS 0x000000071c800000, 0x000000071c800000| Untracked 
| 229|0x000000071ca00000, 0x000000071ca00000, 0x000000071cc00000|  0%| F|  |TAMS 0x000000071ca00000, 0x000000071ca00000| Untracked 
| 230|0x000000071cc00000, 0x000000071cc00000, 0x000000071ce00000|  0%| F|  |TAMS 0x000000071cc00000, 0x000000071cc00000| Untracked 
| 231|0x000000071ce00000, 0x000000071ce00000, 0x000000071d000000|  0%| F|  |TAMS 0x000000071ce00000, 0x000000071ce00000| Untracked 
| 232|0x000000071d000000, 0x000000071d000000, 0x000000071d200000|  0%| F|  |TAMS 0x000000071d000000, 0x000000071d000000| Untracked 
| 233|0x000000071d200000, 0x000000071d200000, 0x000000071d400000|  0%| F|  |TAMS 0x000000071d200000, 0x000000071d200000| Untracked 
| 234|0x000000071d400000, 0x000000071d400000, 0x000000071d600000|  0%| F|  |TAMS 0x000000071d400000, 0x000000071d400000| Untracked 
| 235|0x000000071d600000, 0x000000071d600000, 0x000000071d800000|  0%| F|  |TAMS 0x000000071d600000, 0x000000071d600000| Untracked 
| 236|0x000000071d800000, 0x000000071d800000, 0x000000071da00000|  0%| F|  |TAMS 0x000000071d800000, 0x000000071d800000| Untracked 
| 237|0x000000071da00000, 0x000000071da00000, 0x000000071dc00000|  0%| F|  |TAMS 0x000000071da00000, 0x000000071da00000| Untracked 
| 238|0x000000071dc00000, 0x000000071dc00000, 0x000000071de00000|  0%| F|  |TAMS 0x000000071dc00000, 0x000000071dc00000| Untracked 
| 239|0x000000071de00000, 0x000000071de00000, 0x000000071e000000|  0%| F|  |TAMS 0x000000071de00000, 0x000000071de00000| Untracked 
| 240|0x000000071e000000, 0x000000071e000000, 0x000000071e200000|  0%| F|  |TAMS 0x000000071e000000, 0x000000071e000000| Untracked 
| 241|0x000000071e200000, 0x000000071e200000, 0x000000071e400000|  0%| F|  |TAMS 0x000000071e200000, 0x000000071e200000| Untracked 
| 242|0x000000071e400000, 0x000000071e400000, 0x000000071e600000|  0%| F|  |TAMS 0x000000071e400000, 0x000000071e400000| Untracked 
| 243|0x000000071e600000, 0x000000071e600000, 0x000000071e800000|  0%| F|  |TAMS 0x000000071e600000, 0x000000071e600000| Untracked 
| 244|0x000000071e800000, 0x000000071e800000, 0x000000071ea00000|  0%| F|  |TAMS 0x000000071e800000, 0x000000071e800000| Untracked 
| 245|0x000000071ea00000, 0x000000071ea00000, 0x000000071ec00000|  0%| F|  |TAMS 0x000000071ea00000, 0x000000071ea00000| Untracked 
| 246|0x000000071ec00000, 0x000000071ec00000, 0x000000071ee00000|  0%| F|  |TAMS 0x000000071ec00000, 0x000000071ec00000| Untracked 
| 247|0x000000071ee00000, 0x000000071ee00000, 0x000000071f000000|  0%| F|  |TAMS 0x000000071ee00000, 0x000000071ee00000| Untracked 
| 248|0x000000071f000000, 0x000000071f000000, 0x000000071f200000|  0%| F|  |TAMS 0x000000071f000000, 0x000000071f000000| Untracked 
| 249|0x000000071f200000, 0x000000071f200000, 0x000000071f400000|  0%| F|  |TAMS 0x000000071f200000, 0x000000071f200000| Untracked 
| 250|0x000000071f400000, 0x000000071f400000, 0x000000071f600000|  0%| F|  |TAMS 0x000000071f400000, 0x000000071f400000| Untracked 
| 251|0x000000071f600000, 0x000000071f600000, 0x000000071f800000|  0%| F|  |TAMS 0x000000071f600000, 0x000000071f600000| Untracked 
| 252|0x000000071f800000, 0x000000071f800000, 0x000000071fa00000|  0%| F|  |TAMS 0x000000071f800000, 0x000000071f800000| Untracked 
| 253|0x000000071fa00000, 0x000000071fa00000, 0x000000071fc00000|  0%| F|  |TAMS 0x000000071fa00000, 0x000000071fa00000| Untracked 
| 254|0x000000071fc00000, 0x000000071fc00000, 0x000000071fe00000|  0%| F|  |TAMS 0x000000071fc00000, 0x000000071fc00000| Untracked 
| 255|0x000000071fe00000, 0x000000071fe00000, 0x0000000720000000|  0%| F|  |TAMS 0x000000071fe00000, 0x000000071fe00000| Untracked 
| 256|0x0000000720000000, 0x0000000720000000, 0x0000000720200000|  0%| F|  |TAMS 0x0000000720000000, 0x0000000720000000| Untracked 
| 257|0x0000000720200000, 0x0000000720200000, 0x0000000720400000|  0%| F|  |TAMS 0x0000000720200000, 0x0000000720200000| Untracked 
| 258|0x0000000720400000, 0x0000000720400000, 0x0000000720600000|  0%| F|  |TAMS 0x0000000720400000, 0x0000000720400000| Untracked 
| 259|0x0000000720600000, 0x0000000720600000, 0x0000000720800000|  0%| F|  |TAMS 0x0000000720600000, 0x0000000720600000| Untracked 
| 260|0x0000000720800000, 0x0000000720800000, 0x0000000720a00000|  0%| F|  |TAMS 0x0000000720800000, 0x0000000720800000| Untracked 
| 261|0x0000000720a00000, 0x0000000720a00000, 0x0000000720c00000|  0%| F|  |TAMS 0x0000000720a00000, 0x0000000720a00000| Untracked 
| 262|0x0000000720c00000, 0x0000000720c00000, 0x0000000720e00000|  0%| F|  |TAMS 0x0000000720c00000, 0x0000000720c00000| Untracked 
| 263|0x0000000720e00000, 0x0000000720e00000, 0x0000000721000000|  0%| F|  |TAMS 0x0000000720e00000, 0x0000000720e00000| Untracked 
| 264|0x0000000721000000, 0x0000000721000000, 0x0000000721200000|  0%| F|  |TAMS 0x0000000721000000, 0x0000000721000000| Untracked 
| 265|0x0000000721200000, 0x0000000721200000, 0x0000000721400000|  0%| F|  |TAMS 0x0000000721200000, 0x0000000721200000| Untracked 
| 266|0x0000000721400000, 0x0000000721400000, 0x0000000721600000|  0%| F|  |TAMS 0x0000000721400000, 0x0000000721400000| Untracked 
| 267|0x0000000721600000, 0x00000007217eee08, 0x0000000721800000| 96%| E|  |TAMS 0x0000000721600000, 0x0000000721600000| Complete 
| 268|0x0000000721800000, 0x0000000721a00000, 0x0000000721a00000|100%| E|CS|TAMS 0x0000000721800000, 0x0000000721800000| Complete 
| 269|0x0000000721a00000, 0x0000000721c00000, 0x0000000721c00000|100%| E|CS|TAMS 0x0000000721a00000, 0x0000000721a00000| Complete 
| 270|0x0000000721c00000, 0x0000000721e00000, 0x0000000721e00000|100%| E|CS|TAMS 0x0000000721c00000, 0x0000000721c00000| Complete 
| 271|0x0000000721e00000, 0x0000000722000000, 0x0000000722000000|100%| E|CS|TAMS 0x0000000721e00000, 0x0000000721e00000| Complete 
| 272|0x0000000722000000, 0x0000000722200000, 0x0000000722200000|100%| E|CS|TAMS 0x0000000722000000, 0x0000000722000000| Complete 

Card table byte_map: [0x000001d4f89f0000,0x000001d4f91f0000] _byte_map_base: 0x000001d4f51f0000

Marking Bits (Prev, Next): (CMBitMap*) 0x000001d4f073baf0, (CMBitMap*) 0x000001d4f073bab0
 Prev Bits: [0x000001d48f000000, 0x000001d493000000)
 Next Bits: [0x000001d4f99f0000, 0x000001d4fd9f0000)

Polling page: 0x000001d4ee580000

Metaspace:

Usage:
  Non-class:    107.94 MB used.
      Class:     16.86 MB used.
       Both:    124.80 MB used.

Virtual space:
  Non-class space:      128.00 MB reserved,     108.75 MB ( 85%) committed,  2 nodes.
      Class space:      832.00 MB reserved,      17.50 MB (  2%) committed,  1 nodes.
             Both:      960.00 MB reserved,     126.25 MB ( 13%) committed. 

Chunk freelists:
   Non-Class:  3.22 MB
       Class:  14.38 MB
        Both:  17.59 MB

MaxMetaspaceSize: 1.00 GB
CompressedClassSpaceSize: 832.00 MB
Initial GC threshold: 21.00 MB
Current GC threshold: 206.06 MB
CDS: on
MetaspaceReclaimPolicy: balanced
 - commit_granule_bytes: 65536.
 - commit_granule_words: 8192.
 - virtual_space_node_default_size: 8388608.
 - enlarge_chunks_in_place: 1.
 - new_chunks_are_fully_committed: 0.
 - uncommit_free_chunks: 1.
 - use_allocation_guard: 0.
 - handle_deallocations: 1.


Internal statistics:

num_allocs_failed_limit: 3.
num_arena_births: 2146.
num_arena_deaths: 0.
num_vsnodes_births: 3.
num_vsnodes_deaths: 0.
num_space_committed: 2019.
num_space_uncommitted: 0.
num_chunks_returned_to_freelist: 3.
num_chunks_taken_from_freelist: 8037.
num_chunk_merges: 3.
num_chunk_splits: 5058.
num_chunks_enlarged: 3064.
num_inconsistent_stats: 0.

CodeHeap 'non-profiled nmethods': size=120000Kb used=12839Kb max_used=13293Kb free=107160Kb
 bounds [0x000001d487ad0000, 0x000001d4887d0000, 0x000001d48f000000]
CodeHeap 'profiled nmethods': size=120000Kb used=33343Kb max_used=34206Kb free=86657Kb
 bounds [0x000001d480000000, 0x000001d482170000, 0x000001d487530000]
CodeHeap 'non-nmethods': size=5760Kb used=2485Kb max_used=2536Kb free=3274Kb
 bounds [0x000001d487530000, 0x000001d4877b0000, 0x000001d487ad0000]
 total_blobs=17544 nmethods=16510 adapters=945
 compilation: enabled
              stopped_count=0, restarted_count=0
 full_count=0

Compilation events (20 events):
Event: 1117.069 Thread 0x000001d4ffec59c0 nmethod 19902 0x000001d480954b90 code [0x000001d480954e20, 0x000001d480955918]
Event: 1117.071 Thread 0x000001d4ffec59c0 19903       3       com.google.gson.stream.JsonWriter::beginObject (12 bytes)
Event: 1117.072 Thread 0x000001d4ffec59c0 nmethod 19903 0x000001d4801dae90 code [0x000001d4801db080, 0x000001d4801db488]
Event: 1117.072 Thread 0x000001d4ffec59c0 19904       3       com.google.gson.stream.JsonWriter::endObject (9 bytes)
Event: 1117.072 Thread 0x000001d4ffec59c0 nmethod 19904 0x000001d4801b9310 code [0x000001d4801b94a0, 0x000001d4801b95e8]
Event: 1117.074 Thread 0x000001d4ffec16d0 19905   !   4       java.io.BufferedWriter::write (55 bytes)
Event: 1117.077 Thread 0x000001d4ffec16d0 nmethod 19905 0x000001d48851dd10 code [0x000001d48851dea0, 0x000001d48851e248]
Event: 1117.077 Thread 0x000001d4ffec16d0 19906       4       com.android.ide.common.blame.SourceFile::hashCode (22 bytes)
Event: 1117.079 Thread 0x000001d4ffec59c0 19908       3       com.android.ide.common.blame.MergingLogPersistUtil$SourcePositionsSerializer$JsonTypeAdapter::write (192 bytes)
Event: 1117.084 Thread 0x000001d4ffec16d0 nmethod 19906 0x000001d487f95b90 code [0x000001d487f95d20, 0x000001d487f96058]
Event: 1117.084 Thread 0x000001d4ffec16d0 19910       4       com.google.gson.stream.JsonWriter::newline (47 bytes)
Event: 1117.084 Thread 0x000001d4ffec59c0 nmethod 19908 0x000001d480e30d10 code [0x000001d480e31400, 0x000001d480e349d8]
Event: 1117.084 Thread 0x000001d4ffec59c0 19909       3       com.android.ide.common.blame.MergingLogPersistUtil$SourcePositionsSerializer::<init> (76 bytes)
Event: 1117.085 Thread 0x000001d4ffec59c0 nmethod 19909 0x000001d4809f0f10 code [0x000001d4809f1160, 0x000001d4809f1b98]
Event: 1117.085 Thread 0x000001d4ffec59c0 19911       3       java.io.Writer::append (7 bytes)
Event: 1117.086 Thread 0x000001d4ffec59c0 nmethod 19911 0x000001d480159210 code [0x000001d4801593c0, 0x000001d4801595a8]
Event: 1117.089 Thread 0x000001d4ffec59c0 19912       3       com.android.ide.common.blame.MergingLogPersistUtil$SourcePositionsSerializer::equals (155 bytes)
Event: 1117.092 Thread 0x000001d4ffec59c0 nmethod 19912 0x000001d4810ed990 code [0x000001d4810ede60, 0x000001d4810efdb8]
Event: 1117.102 Thread 0x000001d4ffec16d0 nmethod 19910 0x000001d488370b10 code [0x000001d488370ce0, 0x000001d488371ab8]
Event: 1117.102 Thread 0x000001d4ffec16d0 19907       4       com.android.ide.common.blame.MergingLogPersistUtil$SourcePositionsSerializer::append (67 bytes)

GC Heap History (20 events):
Event: 914.874 GC heap before
{Heap before GC invocations=115 (full 0):
 garbage-first heap   total 329728K, used 206769K [0x0000000700000000, 0x0000000800000000)
  region size 2048K, 13 young (26624K), 3 survivors (6144K)
 Metaspace       used 121658K, committed 123136K, reserved 983040K
  class space    used 16662K, committed 17344K, reserved 851968K
}
Event: 914.920 GC heap after
{Heap after GC invocations=116 (full 0):
 garbage-first heap   total 329728K, used 189521K [0x0000000700000000, 0x0000000800000000)
  region size 2048K, 2 young (4096K), 2 survivors (4096K)
 Metaspace       used 121658K, committed 123136K, reserved 983040K
  class space    used 16662K, committed 17344K, reserved 851968K
}
Event: 928.073 GC heap before
{Heap before GC invocations=116 (full 0):
 garbage-first heap   total 329728K, used 253009K [0x0000000700000000, 0x0000000800000000)
  region size 2048K, 33 young (67584K), 2 survivors (4096K)
 Metaspace       used 123190K, committed 124608K, reserved 983040K
  class space    used 16849K, committed 17536K, reserved 851968K
}
Event: 928.154 GC heap after
{Heap after GC invocations=117 (full 0):
 garbage-first heap   total 329728K, used 195864K [0x0000000700000000, 0x0000000800000000)
  region size 2048K, 5 young (10240K), 5 survivors (10240K)
 Metaspace       used 123190K, committed 124608K, reserved 983040K
  class space    used 16849K, committed 17536K, reserved 851968K
}
Event: 950.359 GC heap before
{Heap before GC invocations=117 (full 0):
 garbage-first heap   total 329728K, used 214296K [0x0000000700000000, 0x0000000800000000)
  region size 2048K, 14 young (28672K), 5 survivors (10240K)
 Metaspace       used 123858K, committed 125376K, reserved 983040K
  class space    used 16968K, committed 17664K, reserved 851968K
}
Event: 950.485 GC heap after
{Heap after GC invocations=118 (full 0):
 garbage-first heap   total 329728K, used 197884K [0x0000000700000000, 0x0000000800000000)
  region size 2048K, 2 young (4096K), 2 survivors (4096K)
 Metaspace       used 123858K, committed 125376K, reserved 983040K
  class space    used 16968K, committed 17664K, reserved 851968K
}
Event: 1019.632 GC heap before
{Heap before GC invocations=118 (full 0):
 garbage-first heap   total 329728K, used 269564K [0x0000000700000000, 0x0000000800000000)
  region size 2048K, 38 young (77824K), 2 survivors (4096K)
 Metaspace       used 125074K, committed 126592K, reserved 983040K
  class space    used 17021K, committed 17728K, reserved 851968K
}
Event: 1019.883 GC heap after
{Heap after GC invocations=119 (full 0):
 garbage-first heap   total 329728K, used 202688K [0x0000000700000000, 0x0000000800000000)
  region size 2048K, 4 young (8192K), 4 survivors (8192K)
 Metaspace       used 125074K, committed 126592K, reserved 983040K
  class space    used 17021K, committed 17728K, reserved 851968K
}
Event: 1035.952 GC heap before
{Heap before GC invocations=119 (full 0):
 garbage-first heap   total 329728K, used 264128K [0x0000000700000000, 0x0000000800000000)
  region size 2048K, 34 young (69632K), 4 survivors (8192K)
 Metaspace       used 125078K, committed 126592K, reserved 983040K
  class space    used 17021K, committed 17728K, reserved 851968K
}
Event: 1037.210 GC heap after
{Heap after GC invocations=120 (full 0):
 garbage-first heap   total 329728K, used 205447K [0x0000000700000000, 0x0000000800000000)
  region size 2048K, 3 young (6144K), 3 survivors (6144K)
 Metaspace       used 125078K, committed 126592K, reserved 983040K
  class space    used 17021K, committed 17728K, reserved 851968K
}
Event: 1088.378 GC heap before
{Heap before GC invocations=121 (full 0):
 garbage-first heap   total 372736K, used 273031K [0x0000000700000000, 0x0000000800000000)
  region size 2048K, 37 young (75776K), 3 survivors (6144K)
 Metaspace       used 127330K, committed 128768K, reserved 983040K
  class space    used 17251K, committed 17920K, reserved 851968K
}
Event: 1089.312 GC heap after
{Heap after GC invocations=122 (full 0):
 garbage-first heap   total 448512K, used 211340K [0x0000000700000000, 0x0000000800000000)
  region size 2048K, 5 young (10240K), 5 survivors (10240K)
 Metaspace       used 127330K, committed 128768K, reserved 983040K
  class space    used 17251K, committed 17920K, reserved 851968K
}
Event: 1091.237 GC heap before
{Heap before GC invocations=122 (full 0):
 garbage-first heap   total 448512K, used 219532K [0x0000000700000000, 0x0000000800000000)
  region size 2048K, 10 young (20480K), 5 survivors (10240K)
 Metaspace       used 127418K, committed 128896K, reserved 983040K
  class space    used 17251K, committed 17920K, reserved 851968K
}
Event: 1091.312 GC heap after
{Heap after GC invocations=123 (full 0):
 garbage-first heap   total 448512K, used 214291K [0x0000000700000000, 0x0000000800000000)
  region size 2048K, 2 young (4096K), 2 survivors (4096K)
 Metaspace       used 127418K, committed 128896K, reserved 983040K
  class space    used 17251K, committed 17920K, reserved 851968K
}
Event: 1099.440 GC heap before
{Heap before GC invocations=123 (full 0):
 garbage-first heap   total 448512K, used 228627K [0x0000000700000000, 0x0000000800000000)
  region size 2048K, 10 young (20480K), 2 survivors (4096K)
 Metaspace       used 127492K, committed 128960K, reserved 983040K
  class space    used 17251K, committed 17920K, reserved 851968K
}
Event: 1099.896 GC heap after
{Heap after GC invocations=124 (full 0):
 garbage-first heap   total 448512K, used 221184K [0x0000000700000000, 0x0000000800000000)
  region size 2048K, 2 young (4096K), 2 survivors (4096K)
 Metaspace       used 127492K, committed 128960K, reserved 983040K
  class space    used 17251K, committed 17920K, reserved 851968K
}
Event: 1107.279 GC heap before
{Heap before GC invocations=124 (full 0):
 garbage-first heap   total 448512K, used 237568K [0x0000000700000000, 0x0000000800000000)
  region size 2048K, 10 young (20480K), 2 survivors (4096K)
 Metaspace       used 127604K, committed 129088K, reserved 983040K
  class space    used 17253K, committed 17920K, reserved 851968K
}
Event: 1107.501 GC heap after
{Heap after GC invocations=125 (full 0):
 garbage-first heap   total 448512K, used 226084K [0x0000000700000000, 0x0000000800000000)
  region size 2048K, 2 young (4096K), 2 survivors (4096K)
 Metaspace       used 127604K, committed 129088K, reserved 983040K
  class space    used 17253K, committed 17920K, reserved 851968K
}
Event: 1114.049 GC heap before
{Heap before GC invocations=125 (full 0):
 garbage-first heap   total 448512K, used 240420K [0x0000000700000000, 0x0000000800000000)
  region size 2048K, 10 young (20480K), 2 survivors (4096K)
 Metaspace       used 127739K, committed 129216K, reserved 983040K
  class space    used 17259K, committed 17920K, reserved 851968K
}
Event: 1114.131 GC heap after
{Heap after GC invocations=126 (full 0):
 garbage-first heap   total 559104K, used 227580K [0x0000000700000000, 0x0000000800000000)
  region size 2048K, 2 young (4096K), 2 survivors (4096K)
 Metaspace       used 127739K, committed 129216K, reserved 983040K
  class space    used 17259K, committed 17920K, reserved 851968K
}

Dll operation events (16 events):
Event: 0.050 Loaded shared library C:\Users\dadig\AppData\Local\Programs\Eclipse Adoptium\jdk-17.0.11.9-hotspot\bin\java.dll
Event: 0.110 Loaded shared library C:\Users\dadig\AppData\Local\Programs\Eclipse Adoptium\jdk-17.0.11.9-hotspot\bin\jsvml.dll
Event: 0.581 Loaded shared library C:\Users\dadig\AppData\Local\Programs\Eclipse Adoptium\jdk-17.0.11.9-hotspot\bin\zip.dll
Event: 0.597 Loaded shared library C:\Users\dadig\AppData\Local\Programs\Eclipse Adoptium\jdk-17.0.11.9-hotspot\bin\instrument.dll
Event: 0.619 Loaded shared library C:\Users\dadig\AppData\Local\Programs\Eclipse Adoptium\jdk-17.0.11.9-hotspot\bin\net.dll
Event: 0.630 Loaded shared library C:\Users\dadig\AppData\Local\Programs\Eclipse Adoptium\jdk-17.0.11.9-hotspot\bin\nio.dll
Event: 0.637 Loaded shared library C:\Users\dadig\AppData\Local\Programs\Eclipse Adoptium\jdk-17.0.11.9-hotspot\bin\zip.dll
Event: 2.187 Loaded shared library C:\Users\dadig\AppData\Local\Programs\Eclipse Adoptium\jdk-17.0.11.9-hotspot\bin\jimage.dll
Event: 3.251 Loaded shared library C:\Users\dadig\AppData\Local\Programs\Eclipse Adoptium\jdk-17.0.11.9-hotspot\bin\verify.dll
Event: 3.989 Loaded shared library C:\Users\dadig\.gradle\native\1def1411415f61bf3af743bc5b6707747c0891f09f0c88961ee8f79bc544acac\windows-amd64\native-platform.dll
Event: 4.112 Loaded shared library C:\Users\dadig\.gradle\native\0.2.7\x86_64-windows-gnu\gradle-fileevents.dll
Event: 10.694 Loaded shared library C:\Users\dadig\AppData\Local\Programs\Eclipse Adoptium\jdk-17.0.11.9-hotspot\bin\management.dll
Event: 10.705 Loaded shared library C:\Users\dadig\AppData\Local\Programs\Eclipse Adoptium\jdk-17.0.11.9-hotspot\bin\management_ext.dll
Event: 12.628 Loaded shared library C:\Users\dadig\AppData\Local\Programs\Eclipse Adoptium\jdk-17.0.11.9-hotspot\bin\extnet.dll
Event: 14.319 Loaded shared library C:\Users\dadig\AppData\Local\Programs\Eclipse Adoptium\jdk-17.0.11.9-hotspot\bin\sunmscapi.dll
Event: 114.143 Loaded shared library C:\Users\dadig\AppData\Local\Programs\Eclipse Adoptium\jdk-17.0.11.9-hotspot\bin\rmi.dll

Deoptimization events (20 events):
Event: 1112.085 Thread 0x000001d4d173c090 DEOPT PACKING pc=0x000001d4821530d2 sp=0x0000009f001f9590
Event: 1112.086 Thread 0x000001d4d173c090 DEOPT UNPACKING pc=0x000001d487587143 sp=0x0000009f001f8a90 mode 0
Event: 1112.134 Thread 0x000001d4d173c090 DEOPT PACKING pc=0x000001d4821530d2 sp=0x0000009f001f9590
Event: 1112.134 Thread 0x000001d4d173c090 DEOPT UNPACKING pc=0x000001d487587143 sp=0x0000009f001f8a90 mode 0
Event: 1112.187 Thread 0x000001d4d173c090 DEOPT PACKING pc=0x000001d4821530d2 sp=0x0000009f001f9590
Event: 1112.188 Thread 0x000001d4d173c090 DEOPT UNPACKING pc=0x000001d487587143 sp=0x0000009f001f8a90 mode 0
Event: 1112.188 Thread 0x000001d4d173c090 Uncommon trap: trap_request=0xffffff45 fr.pc=0x000001d48879f920 relative=0x0000000000000640
Event: 1112.188 Thread 0x000001d4d173c090 Uncommon trap: reason=unstable_if action=reinterpret pc=0x000001d48879f920 method=sun.nio.cs.UTF_8$Encoder.encodeArrayLoopSlow(Ljava/nio/CharBuffer;[CIILjava/nio/ByteBuffer;[BII)Ljava/nio/charset/CoderResult; @ 64 c2
Event: 1112.188 Thread 0x000001d4d173c090 DEOPT PACKING pc=0x000001d48879f920 sp=0x0000009f001f95f0
Event: 1112.188 Thread 0x000001d4d173c090 DEOPT UNPACKING pc=0x000001d4875869a3 sp=0x0000009f001f9590 mode 2
Event: 1113.028 Thread 0x000001d4d173c090 DEOPT PACKING pc=0x000001d4821530d2 sp=0x0000009f001f9590
Event: 1113.028 Thread 0x000001d4d173c090 DEOPT UNPACKING pc=0x000001d487587143 sp=0x0000009f001f8a90 mode 0
Event: 1113.534 Thread 0x000001d4d173c090 Uncommon trap: trap_request=0xffffff6e fr.pc=0x000001d4887c1b58 relative=0x0000000000001eb8
Event: 1113.534 Thread 0x000001d4d173c090 Uncommon trap: reason=loop_limit_check action=maybe_recompile pc=0x000001d4887c1b58 method=com.sun.org.apache.xerces.internal.dom.AttributeMap.reconcileDefaults(Lcom/sun/org/apache/xerces/internal/dom/NamedNodeMapImpl;)V @ 26 c2
Event: 1113.534 Thread 0x000001d4d173c090 DEOPT PACKING pc=0x000001d4887c1b58 sp=0x0000009f001f9b30
Event: 1113.535 Thread 0x000001d4d173c090 DEOPT UNPACKING pc=0x000001d4875869a3 sp=0x0000009f001f9a08 mode 2
Event: 1113.605 Thread 0x000001d4d173c090 Uncommon trap: trap_request=0xffffff6e fr.pc=0x000001d4887ac194 relative=0x0000000000000114
Event: 1113.605 Thread 0x000001d4d173c090 Uncommon trap: reason=loop_limit_check action=maybe_recompile pc=0x000001d4887ac194 method=java.lang.StringUTF16.lastIndexOf([BII)I @ 18 c2
Event: 1113.605 Thread 0x000001d4d173c090 DEOPT PACKING pc=0x000001d4887ac194 sp=0x0000009f001f9740
Event: 1113.606 Thread 0x000001d4d173c090 DEOPT UNPACKING pc=0x000001d4875869a3 sp=0x0000009f001f96c0 mode 2

Classes unloaded (0 events):
No events

Classes redefined (0 events):
No events

Internal exceptions (20 events):
Event: 1068.430 Thread 0x000001d4d173c090 Exception <a 'sun/nio/fs/WindowsException'{0x0000000715b6a998}> (0x0000000715b6a998) 
thrown [s\src\hotspot\share\prims\jni.cpp, line 516]
Event: 1068.431 Thread 0x000001d4d173c090 Exception <a 'sun/nio/fs/WindowsException'{0x0000000715b6c390}> (0x0000000715b6c390) 
thrown [s\src\hotspot\share\prims\jni.cpp, line 516]
Event: 1068.461 Thread 0x000001d4d173c090 Exception <a 'sun/nio/fs/WindowsException'{0x0000000715ba7a88}> (0x0000000715ba7a88) 
thrown [s\src\hotspot\share\prims\jni.cpp, line 516]
Event: 1068.462 Thread 0x000001d4d173c090 Exception <a 'sun/nio/fs/WindowsException'{0x0000000715ba9990}> (0x0000000715ba9990) 
thrown [s\src\hotspot\share\prims\jni.cpp, line 516]
Event: 1068.463 Thread 0x000001d4d173c090 Exception <a 'sun/nio/fs/WindowsException'{0x0000000715babab0}> (0x0000000715babab0) 
thrown [s\src\hotspot\share\prims\jni.cpp, line 516]
Event: 1068.463 Thread 0x000001d4d173c090 Exception <a 'sun/nio/fs/WindowsException'{0x0000000715badbd0}> (0x0000000715badbd0) 
thrown [s\src\hotspot\share\prims\jni.cpp, line 516]
Event: 1068.465 Thread 0x000001d4d173c090 Exception <a 'sun/nio/fs/WindowsException'{0x0000000715bafff0}> (0x0000000715bafff0) 
thrown [s\src\hotspot\share\prims\jni.cpp, line 516]
Event: 1068.831 Thread 0x000001d4d173c090 Exception <a 'sun/nio/fs/WindowsException'{0x0000000715be4d60}> (0x0000000715be4d60) 
thrown [s\src\hotspot\share\prims\jni.cpp, line 516]
Event: 1068.833 Thread 0x000001d4d173c090 Exception <a 'sun/nio/fs/WindowsException'{0x0000000715be5ec0}> (0x0000000715be5ec0) 
thrown [s\src\hotspot\share\prims\jni.cpp, line 516]
Event: 1068.834 Thread 0x000001d4d173c090 Exception <a 'sun/nio/fs/WindowsException'{0x0000000715be5f50}> (0x0000000715be5f50) 
thrown [s\src\hotspot\share\prims\jni.cpp, line 516]
Event: 1068.834 Thread 0x000001d4d173c090 Exception <a 'sun/nio/fs/WindowsException'{0x0000000715be6370}> (0x0000000715be6370) 
thrown [s\src\hotspot\share\prims\jni.cpp, line 516]
Event: 1074.973 Thread 0x000001d4d173c090 Exception <a 'sun/nio/fs/WindowsException'{0x0000000714cca1e0}> (0x0000000714cca1e0) 
thrown [s\src\hotspot\share\prims\jni.cpp, line 516]
Event: 1074.974 Thread 0x000001d4d173c090 Exception <a 'sun/nio/fs/WindowsException'{0x0000000714ccb310}> (0x0000000714ccb310) 
thrown [s\src\hotspot\share\prims\jni.cpp, line 516]
Event: 1074.974 Thread 0x000001d4d173c090 Exception <a 'sun/nio/fs/WindowsException'{0x0000000714ccb3a0}> (0x0000000714ccb3a0) 
thrown [s\src\hotspot\share\prims\jni.cpp, line 516]
Event: 1074.974 Thread 0x000001d4d173c090 Exception <a 'sun/nio/fs/WindowsException'{0x0000000714ccb730}> (0x0000000714ccb730) 
thrown [s\src\hotspot\share\prims\jni.cpp, line 516]
Event: 1075.191 Thread 0x000001d4d173c090 Exception <a 'sun/nio/fs/WindowsException'{0x0000000714d0fed8}> (0x0000000714d0fed8) 
thrown [s\src\hotspot\share\prims\jni.cpp, line 516]
Event: 1075.191 Thread 0x000001d4d173c090 Exception <a 'sun/nio/fs/WindowsException'{0x0000000714d11050}> (0x0000000714d11050) 
thrown [s\src\hotspot\share\prims\jni.cpp, line 516]
Event: 1075.191 Thread 0x000001d4d173c090 Exception <a 'sun/nio/fs/WindowsException'{0x0000000714d110e0}> (0x0000000714d110e0) 
thrown [s\src\hotspot\share\prims\jni.cpp, line 516]
Event: 1075.191 Thread 0x000001d4d173c090 Exception <a 'sun/nio/fs/WindowsException'{0x0000000714d11558}> (0x0000000714d11558) 
thrown [s\src\hotspot\share\prims\jni.cpp, line 516]
Event: 1075.192 Thread 0x000001d4d173c090 Exception <a 'sun/nio/fs/WindowsException'{0x0000000714d14608}> (0x0000000714d14608) 
thrown [s\src\hotspot\share\prims\jni.cpp, line 516]

VM Operations (20 events):
Event: 1109.502 Executing VM operation: Cleanup
Event: 1109.504 Executing VM operation: Cleanup done
Event: 1110.504 Executing VM operation: Cleanup
Event: 1110.511 Executing VM operation: Cleanup done
Event: 1111.512 Executing VM operation: Cleanup
Event: 1111.512 Executing VM operation: Cleanup done
Event: 1112.512 Executing VM operation: Cleanup
Event: 1112.512 Executing VM operation: Cleanup done
Event: 1112.957 Executing VM operation: HandshakeAllThreads
Event: 1113.003 Executing VM operation: HandshakeAllThreads done
Event: 1114.004 Executing VM operation: Cleanup
Event: 1114.031 Executing VM operation: Cleanup done
Event: 1114.048 Executing VM operation: G1CollectForAllocation
Event: 1114.132 Executing VM operation: G1CollectForAllocation done
Event: 1115.135 Executing VM operation: Cleanup
Event: 1115.135 Executing VM operation: Cleanup done
Event: 1115.424 Executing VM operation: HandshakeAllThreads
Event: 1115.435 Executing VM operation: HandshakeAllThreads done
Event: 1116.435 Executing VM operation: Cleanup
Event: 1116.495 Executing VM operation: Cleanup done

Events (20 events):
Event: 1115.650 Thread 0x000001d4cc130040 flushing nmethod 0x000001d4817b1290
Event: 1115.651 Thread 0x000001d4cc130040 flushing nmethod 0x000001d481844190
Event: 1115.651 Thread 0x000001d4cc130040 flushing nmethod 0x000001d481883c90
Event: 1115.652 Thread 0x000001d4cc130040 flushing nmethod 0x000001d48193c010
Event: 1115.652 Thread 0x000001d4cc130040 flushing nmethod 0x000001d48193e490
Event: 1115.653 Thread 0x000001d4cc130040 flushing nmethod 0x000001d4819d0c90
Event: 1115.655 Thread 0x000001d4cc130040 flushing nmethod 0x000001d481b08990
Event: 1115.656 Thread 0x000001d4cc130040 flushing nmethod 0x000001d481bed010
Event: 1115.657 Thread 0x000001d4cc130040 flushing nmethod 0x000001d481c89e10
Event: 1115.657 Thread 0x000001d4cc130040 flushing nmethod 0x000001d481c8a310
Event: 1115.657 Thread 0x000001d4cc130040 flushing nmethod 0x000001d481c8bf90
Event: 1115.657 Thread 0x000001d4cc130040 flushing nmethod 0x000001d481c93890
Event: 1115.657 Thread 0x000001d4cc130040 flushing nmethod 0x000001d481c93f10
Event: 1115.658 Thread 0x000001d4cc130040 flushing nmethod 0x000001d481d9c410
Event: 1115.659 Thread 0x000001d4cc130040 flushing nmethod 0x000001d481e0cf90
Event: 1115.659 Thread 0x000001d4cc130040 flushing nmethod 0x000001d481e0d890
Event: 1115.659 Thread 0x000001d4cc130040 flushing nmethod 0x000001d481e0dc90
Event: 1115.659 Thread 0x000001d4cc130040 flushing nmethod 0x000001d481e51110
Event: 1115.659 Thread 0x000001d4cc130040 flushing nmethod 0x000001d481ea3490
Event: 1115.659 Thread 0x000001d4cc130040 flushing nmethod 0x000001d481ea3890


Dynamic libraries:
0x00007ff678f80000 - 0x00007ff678f8e000 	C:\Users\dadig\AppData\Local\Programs\Eclipse Adoptium\jdk-17.0.11.9-hotspot\bin\java.exe
0x00007ffce45e0000 - 0x00007ffce4847000 	C:\WINDOWS\SYSTEM32\ntdll.dll
0x00007ffce30f0000 - 0x00007ffce31b9000 	C:\WINDOWS\System32\KERNEL32.DLL
0x00007ffce1c20000 - 0x00007ffce200f000 	C:\WINDOWS\System32\KERNELBASE.dll
0x00007ffce17e0000 - 0x00007ffce192b000 	C:\WINDOWS\System32\ucrtbase.dll
0x00007ffccb970000 - 0x00007ffccb987000 	C:\Users\dadig\AppData\Local\Programs\Eclipse Adoptium\jdk-17.0.11.9-hotspot\bin\jli.dll
0x00007ffce29b0000 - 0x00007ffce2b75000 	C:\WINDOWS\System32\USER32.dll
0x00007ffce1bf0000 - 0x00007ffce1c17000 	C:\WINDOWS\System32\win32u.dll
0x00007ffcc3f30000 - 0x00007ffcc3f4b000 	C:\Users\dadig\AppData\Local\Programs\Eclipse Adoptium\jdk-17.0.11.9-hotspot\bin\VCRUNTIME140.dll
0x00007ffce2790000 - 0x00007ffce27bb000 	C:\WINDOWS\System32\GDI32.dll
0x00007ffce2250000 - 0x00007ffce237c000 	C:\WINDOWS\System32\gdi32full.dll
0x00007ffcc68d0000 - 0x00007ffcc6b63000 	C:\WINDOWS\WinSxS\amd64_microsoft.windows.common-controls_6595b64144ccf1df_6.0.26100.7309_none_3e05feeae336a044\COMCTL32.dll
0x00007ffce21a0000 - 0x00007ffce2243000 	C:\WINDOWS\System32\msvcp_win.dll
0x00007ffce2660000 - 0x00007ffce2709000 	C:\WINDOWS\System32\msvcrt.dll
0x00007ffce4560000 - 0x00007ffce4591000 	C:\WINDOWS\System32\IMM32.DLL
0x00007ffcd4d80000 - 0x00007ffcd4d8c000 	C:\Users\dadig\AppData\Local\Programs\Eclipse Adoptium\jdk-17.0.11.9-hotspot\bin\vcruntime140_1.dll
0x00007ffc8ac80000 - 0x00007ffc8ad0d000 	C:\Users\dadig\AppData\Local\Programs\Eclipse Adoptium\jdk-17.0.11.9-hotspot\bin\msvcp140.dll
0x00007ffc5bdf0000 - 0x00007ffc5ca52000 	C:\Users\dadig\AppData\Local\Programs\Eclipse Adoptium\jdk-17.0.11.9-hotspot\bin\server\jvm.dll
0x00007ffce37f0000 - 0x00007ffce38a4000 	C:\WINDOWS\System32\ADVAPI32.dll
0x00007ffce44b0000 - 0x00007ffce4556000 	C:\WINDOWS\System32\sechost.dll
0x00007ffce2f50000 - 0x00007ffce3068000 	C:\WINDOWS\System32\RPCRT4.dll
0x00007ffce1590000 - 0x00007ffce15ee000 	C:\WINDOWS\SYSTEM32\POWRPROF.dll
0x00007ffcc33e0000 - 0x00007ffcc33ea000 	C:\WINDOWS\SYSTEM32\WSOCK32.dll
0x00007ffce38b0000 - 0x00007ffce3924000 	C:\WINDOWS\System32\WS2_32.dll
0x00007ffcda940000 - 0x00007ffcda975000 	C:\WINDOWS\SYSTEM32\WINMM.dll
0x00007ffcda980000 - 0x00007ffcda98b000 	C:\WINDOWS\SYSTEM32\VERSION.dll
0x00007ffce1570000 - 0x00007ffce1584000 	C:\WINDOWS\SYSTEM32\UMPDC.dll
0x00007ffce04e0000 - 0x00007ffce04fb000 	C:\WINDOWS\SYSTEM32\kernel.appcore.dll
0x00007ffcd4a80000 - 0x00007ffcd4a8a000 	C:\Users\dadig\AppData\Local\Programs\Eclipse Adoptium\jdk-17.0.11.9-hotspot\bin\jimage.dll
0x00007ffcd6ee0000 - 0x00007ffcd7122000 	C:\WINDOWS\SYSTEM32\DBGHELP.DLL
0x00007ffce39c0000 - 0x00007ffce3d45000 	C:\WINDOWS\System32\combase.dll
0x00007ffce2480000 - 0x00007ffce2556000 	C:\WINDOWS\System32\OLEAUT32.dll
0x00007ffcc5d20000 - 0x00007ffcc5d5c000 	C:\WINDOWS\SYSTEM32\dbgcore.DLL
0x00007ffce1730000 - 0x00007ffce17d5000 	C:\WINDOWS\System32\bcryptPrimitives.dll
0x00007ffcd35a0000 - 0x00007ffcd35ae000 	C:\Users\dadig\AppData\Local\Programs\Eclipse Adoptium\jdk-17.0.11.9-hotspot\bin\instrument.dll
0x00007ffcb0a90000 - 0x00007ffcb0ab5000 	C:\Users\dadig\AppData\Local\Programs\Eclipse Adoptium\jdk-17.0.11.9-hotspot\bin\java.dll
0x00007ffc8a6f0000 - 0x00007ffc8a7c7000 	C:\Users\dadig\AppData\Local\Programs\Eclipse Adoptium\jdk-17.0.11.9-hotspot\bin\jsvml.dll
0x00007ffce3d50000 - 0x00007ffce44a3000 	C:\WINDOWS\System32\SHELL32.dll
0x00007ffce1930000 - 0x00007ffce1a9a000 	C:\WINDOWS\System32\wintypes.dll
0x00007ffcdf370000 - 0x00007ffcdfbce000 	C:\WINDOWS\SYSTEM32\windows.storage.dll
0x00007ffce2380000 - 0x00007ffce2475000 	C:\WINDOWS\System32\SHCORE.dll
0x00007ffce2cf0000 - 0x00007ffce2d56000 	C:\WINDOWS\System32\shlwapi.dll
0x00007ffce1650000 - 0x00007ffce1679000 	C:\WINDOWS\SYSTEM32\profapi.dll
0x00007ffcb70e0000 - 0x00007ffcb70f8000 	C:\Users\dadig\AppData\Local\Programs\Eclipse Adoptium\jdk-17.0.11.9-hotspot\bin\zip.dll
0x00007ffca7250000 - 0x00007ffca7269000 	C:\Users\dadig\AppData\Local\Programs\Eclipse Adoptium\jdk-17.0.11.9-hotspot\bin\net.dll
0x00007ffcd7f30000 - 0x00007ffcd8058000 	C:\WINDOWS\SYSTEM32\WINHTTP.dll
0x00007ffce0a50000 - 0x00007ffce0abb000 	C:\WINDOWS\system32\mswsock.dll
0x00007ffc9ff70000 - 0x00007ffc9ff86000 	C:\Users\dadig\AppData\Local\Programs\Eclipse Adoptium\jdk-17.0.11.9-hotspot\bin\nio.dll
0x00007ffcd2ef0000 - 0x00007ffcd2f00000 	C:\Users\dadig\AppData\Local\Programs\Eclipse Adoptium\jdk-17.0.11.9-hotspot\bin\verify.dll
0x00007ffcd36f0000 - 0x00007ffcd3717000 	C:\Users\dadig\.gradle\native\1def1411415f61bf3af743bc5b6707747c0891f09f0c88961ee8f79bc544acac\windows-amd64\native-platform.dll
0x00007ffc8a220000 - 0x00007ffc8a298000 	C:\Users\dadig\.gradle\native\0.2.7\x86_64-windows-gnu\gradle-fileevents.dll
0x00007ffcd4db0000 - 0x00007ffcd4db9000 	C:\Users\dadig\AppData\Local\Programs\Eclipse Adoptium\jdk-17.0.11.9-hotspot\bin\management.dll
0x00007ffccba90000 - 0x00007ffccba9b000 	C:\Users\dadig\AppData\Local\Programs\Eclipse Adoptium\jdk-17.0.11.9-hotspot\bin\management_ext.dll
0x00007ffce39a0000 - 0x00007ffce39a8000 	C:\WINDOWS\System32\PSAPI.DLL
0x00007ffcdff40000 - 0x00007ffcdff74000 	C:\WINDOWS\SYSTEM32\IPHLPAPI.DLL
0x00007ffce27c0000 - 0x00007ffce27ca000 	C:\WINDOWS\System32\NSI.dll
0x00007ffcd7ed0000 - 0x00007ffcd7eee000 	C:\WINDOWS\SYSTEM32\dhcpcsvc6.DLL
0x00007ffcd7ea0000 - 0x00007ffcd7ec3000 	C:\WINDOWS\SYSTEM32\dhcpcsvc.DLL
0x00007ffcdffe0000 - 0x00007ffce010c000 	C:\WINDOWS\SYSTEM32\DNSAPI.dll
0x00007ffccb9d0000 - 0x00007ffccb9d9000 	C:\Users\dadig\AppData\Local\Programs\Eclipse Adoptium\jdk-17.0.11.9-hotspot\bin\extnet.dll
0x00007ffce0d10000 - 0x00007ffce0d2b000 	C:\WINDOWS\SYSTEM32\CRYPTSP.dll
0x00007ffce0440000 - 0x00007ffce047a000 	C:\WINDOWS\system32\rsaenh.dll
0x00007ffce0b00000 - 0x00007ffce0b2b000 	C:\WINDOWS\SYSTEM32\USERENV.dll
0x00007ffce1620000 - 0x00007ffce164a000 	C:\WINDOWS\SYSTEM32\bcrypt.dll
0x00007ffce0d30000 - 0x00007ffce0d3c000 	C:\WINDOWS\SYSTEM32\CRYPTBASE.dll
0x00007ffccaf80000 - 0x00007ffccaf8e000 	C:\Users\dadig\AppData\Local\Programs\Eclipse Adoptium\jdk-17.0.11.9-hotspot\bin\sunmscapi.dll
0x00007ffce2020000 - 0x00007ffce2197000 	C:\WINDOWS\System32\CRYPT32.dll
0x00007ffce0eb0000 - 0x00007ffce0ee0000 	C:\WINDOWS\SYSTEM32\ncrypt.dll
0x00007ffce0e60000 - 0x00007ffce0e9f000 	C:\WINDOWS\SYSTEM32\NTASN1.dll
0x00007ffcd2ce0000 - 0x00007ffcd2ce8000 	C:\WINDOWS\system32\wshunix.dll
0x00007ffcdc6c0000 - 0x00007ffcdc6c7000 	C:\Users\dadig\AppData\Local\Programs\Eclipse Adoptium\jdk-17.0.11.9-hotspot\bin\rmi.dll
0x00007ffce0600000 - 0x00007ffce0636000 	C:\WINDOWS\SYSTEM32\ntmarta.dll

dbghelp: loaded successfully - version: 4.0.5 - missing functions: none
symbol engine: initialized successfully - sym options: 0x614 - pdb path: .;C:\Users\dadig\AppData\Local\Programs\Eclipse Adoptium\jdk-17.0.11.9-hotspot\bin;C:\WINDOWS\SYSTEM32;C:\WINDOWS\WinSxS\amd64_microsoft.windows.common-controls_6595b64144ccf1df_6.0.26100.7309_none_3e05feeae336a044;C:\Users\dadig\AppData\Local\Programs\Eclipse Adoptium\jdk-17.0.11.9-hotspot\bin\server;C:\Users\dadig\.gradle\native\1def1411415f61bf3af743bc5b6707747c0891f09f0c88961ee8f79bc544acac\windows-amd64;C:\Users\dadig\.gradle\native\0.2.7\x86_64-windows-gnu

VM Arguments:
jvm_args: --add-opens=java.base/java.lang=ALL-UNNAMED --add-opens=java.base/java.lang.invoke=ALL-UNNAMED --add-opens=java.base/java.util=ALL-UNNAMED --add-opens=java.prefs/java.util.prefs=ALL-UNNAMED --add-exports=jdk.compiler/com.sun.tools.javac.api=ALL-UNNAMED --add-exports=jdk.compiler/com.sun.tools.javac.util=ALL-UNNAMED --add-opens=java.base/java.util=ALL-UNNAMED --add-opens=java.prefs/java.util.prefs=ALL-UNNAMED --add-opens=java.base/java.nio.charset=ALL-UNNAMED --add-opens=java.base/java.net=ALL-UNNAMED --add-opens=java.base/java.util.concurrent.atomic=ALL-UNNAMED --add-opens=java.xml/javax.xml.namespace=ALL-UNNAMED -XX:MaxMetaspaceSize=1g -Xmx4g -Dfile.encoding=windows-1252 -Duser.country=US -Duser.language=en -Duser.variant -javaagent:C:\Users\dadig\.gradle\wrapper\dists\gradle-8.13-bin\5xuhj0ry160q40clulazy9h7d\gradle-8.13\lib\agents\gradle-instrumentation-agent-8.13.jar 
java_command: org.gradle.launcher.daemon.bootstrap.GradleDaemon 8.13
java_class_path (initial): C:\Users\dadig\.gradle\wrapper\dists\gradle-8.13-bin\5xuhj0ry160q40clulazy9h7d\gradle-8.13\lib\gradle-daemon-main-8.13.jar
Launcher Type: SUN_STANDARD

[Global flags]
     intx CICompilerCount                          = 3                                         {product} {ergonomic}
   size_t CompressedClassSpaceSize                 = 872415232                                 {product} {ergonomic}
     uint ConcGCThreads                            = 1                                         {product} {ergonomic}
     uint G1ConcRefinementThreads                  = 4                                         {product} {ergonomic}
   size_t G1HeapRegionSize                         = 2097152                                   {product} {ergonomic}
    uintx GCDrainStackTargetSize                   = 64                                        {product} {ergonomic}
   size_t InitialHeapSize                          = 58720256                                  {product} {ergonomic}
   size_t MarkStackSize                            = 4194304                                   {product} {ergonomic}
   size_t MaxHeapSize                              = 4294967296                                {product} {command line}
   size_t MaxMetaspaceSize                         = 1073741824                                {product} {command line}
   size_t MaxNewSize                               = 2575302656                                {product} {ergonomic}
   size_t MinHeapDeltaBytes                        = 2097152                                   {product} {ergonomic}
   size_t MinHeapSize                              = 8388608                                   {product} {ergonomic}
    uintx NonNMethodCodeHeapSize                   = 5832780                                {pd product} {ergonomic}
    uintx NonProfiledCodeHeapSize                  = 122912730                              {pd product} {ergonomic}
    uintx ProfiledCodeHeapSize                     = 122912730                              {pd product} {ergonomic}
    uintx ReservedCodeCacheSize                    = 251658240                              {pd product} {ergonomic}
     bool SegmentedCodeCache                       = true                                      {product} {ergonomic}
   size_t SoftMaxHeapSize                          = 4294967296                             {manageable} {ergonomic}
     bool UseCompressedClassPointers               = true                           {product lp64_product} {ergonomic}
     bool UseCompressedOops                        = true                           {product lp64_product} {ergonomic}
     bool UseG1GC                                  = true                                      {product} {ergonomic}
     bool UseLargePagesIndividualAllocation        = false                                  {pd product} {ergonomic}

Logging:
Log output configuration:
 #0: stdout all=warning uptime,level,tags
 #1: stderr all=off uptime,level,tags

Environment Variables:
JAVA_HOME=C:\Users\dadig\AppData\Local\Programs\Eclipse Adoptium\jdk-17.0.11.9-hotspot\
PATH=C:\WINDOWS\system32;C:\WINDOWS;C:\WINDOWS\System32\Wbem;C:\WINDOWS\System32\WindowsPowerShell\v1.0\;C:\WINDOWS\System32\OpenSSH\;C:\Program Files\PuTTY\;C:\Program Files\MySQL\MySQL Server 8.0\bin;C:\Program Files\PostgreSQL\10\bin;;C:\Program Files\HP\HP One Agent;C:\Program Files\nodejs\;%SystemRoot%\system32;%SystemRoot%;%SystemRoot%\System32\Wbem;%SYSTEMROOT%\System32\WindowsPowerShell\v1.0\;%SYSTEMROOT%\System32\OpenSSH\;C:\Program Files\MySQL\MySQL Shell 8.0\bin\;C:\Users\dadig\AppData\Local\Programs\Eclipse Adoptium\jdk-17.0.11.9-hotspot\bin;C:\Users\dadig\AppData\Local\Microsoft\WindowsApps;C:\Users\dadig\AppData\Local\Programs\Microsoft VS Code\bin;C:\Users\dadig\AppData\Roaming\npm;C:\Users\dadig\AppData\Local\Programs\Antigravity\bin
USERNAME=dadig
OS=Windows_NT
PROCESSOR_IDENTIFIER=AMD64 Family 23 Model 24 Stepping 1, AuthenticAMD
TMP=C:\Users\dadig\AppData\Local\Temp
TEMP=C:\Users\dadig\AppData\Local\Temp



Periodic native trim disabled


---------------  S Y S T E M  ---------------

OS:
 Windows 11 , 64 bit Build 26100 (10.0.26100.7309)
OS uptime: 0 days 4:08 hours

CPU: total 4 (initial active 4) (4 cores per cpu, 2 threads per core) family 23 model 24 stepping 1 microcode 0x8108109, cx8, cmov, fxsr, ht, mmx, 3dnowpref, sse, sse2, sse3, ssse3, sse4a, sse4.1, sse4.2, popcnt, lzcnt, tsc, tscinvbit, avx, avx2, aes, clmul, bmi1, bmi2, adx, sha, fma, vzeroupper, clflush, clflushopt
Processor Information for all 4 processors :
  Max Mhz: 2600, Current Mhz: 2600, Mhz Limit: 2600

Memory: 4k page, system-wide physical 3526M (103M free)
TotalPageFile size 14278M (AvailPageFile size 3M)
current process WorkingSet (physical memory assigned to process): 218M, peak: 344M
current process commit charge ("private bytes"): 918M, peak: 920M

vm_info: OpenJDK 64-Bit Server VM (17.0.11+9) for windows-amd64 JRE (17.0.11+9), built on Apr 17 2024 06:07:48 by "admin" with MS VC++ 16.10 / 16.11 (VS2019)

END.
