#
# There is insufficient memory for the Java Runtime Environment to continue.
# Native memory allocation (malloc) failed to allocate 409392 bytes. Error detail: Chunk::new
# Possible reasons:
#   The system is out of physical RAM or swap space
#   This process is running with CompressedOops enabled, and the Java Heap may be blocking the growth of the native heap
# Possible solutions:
#   Reduce memory load on the system
#   Increase physical memory or swap space
#   Check if swap backing store is full
#   Decrease Java heap size (-Xmx/-Xms)
#   Decrease number of Java threads
#   Decrease Java thread stack sizes (-Xss)
#   Set larger code cache with -XX:ReservedCodeCacheSize=
#   JVM is running with Unscaled Compressed Oops mode in which the Java heap is
#     placed in the first 4GB address space. The Java Heap base address is the
#     maximum limit for the native heap growth. Please use -XX:HeapBaseMinAddress
#     to set the Java Heap base and to place the Java Heap above 4GB virtual address.
# This output file may be truncated or incomplete.
#
#  Out of Memory Error (arena.cpp:191), pid=14280, tid=1940
#
# JRE version: OpenJDK Runtime Environment Temurin-17.0.11+9 (17.0.11+9) (build 17.0.11+9)
# Java VM: OpenJDK 64-Bit Server VM Temurin-17.0.11+9 (17.0.11+9, mixed mode, sharing, tiered, compressed oops, compressed class ptrs, g1 gc, windows-amd64)
# No core dump will be written. Minidumps are not enabled by default on client versions of Windows
#

---------------  S U M M A R Y ------------

Command Line: -Xmx64m -Xms64m -Dorg.gradle.appname=gradlew C:\Users\dadig\OneDrive\Desktop\Ganesh_Project\VYBE\android\\gradle\wrapper\gradle-wrapper.jar app:installDebug -PreactNativeDevServerPort=8081

Host: AMD Ryzen 3 3250U with Radeon Graphics         , 4 cores, 3G,  Windows 11 , 64 bit Build 26100 (10.0.26100.7309)
Time: Wed Dec 31 23:09:10 2025 India Standard Time elapsed time: 48.330891 seconds (0d 0h 0m 48s)

---------------  T H R E A D  ---------------

Current thread (0x000002c47a1277e0):  JavaThread "C2 CompilerThread0" daemon [_thread_in_native, id=1940, stack(0x000000f603c00000,0x000000f603d00000)]


Current CompileTask:
C2:  48331 1620   !   4       java.util.concurrent.ConcurrentHashMap::transfer (849 bytes)

Stack: [0x000000f603c00000,0x000000f603d00000]
Native frames: (J=compiled Java code, j=interpreted, Vv=VM code, C=native code)
V  [jvm.dll+0x67d429]
V  [jvm.dll+0x834b7a]
V  [jvm.dll+0x83663e]
V  [jvm.dll+0x836ca3]
V  [jvm.dll+0x247dbf]
V  [jvm.dll+0xac534]
V  [jvm.dll+0xacb7c]
V  [jvm.dll+0x366647]
V  [jvm.dll+0x330bba]
V  [jvm.dll+0x33005a]
V  [jvm.dll+0x21a471]
V  [jvm.dll+0x2198b1]
V  [jvm.dll+0x1a534d]
V  [jvm.dll+0x2295cd]
V  [jvm.dll+0x22779c]
V  [jvm.dll+0x7e9d07]
V  [jvm.dll+0x7e410a]
V  [jvm.dll+0x67c315]
C  [ucrtbase.dll+0x37b0]
C  [KERNEL32.DLL+0x2e8d7]
C  [ntdll.dll+0x8c53c]


---------------  P R O C E S S  ---------------

Threads class SMR info:
_java_thread_list=0x000002c47f22caf0, length=13, elements={
0x000002c41ff8a8f0, 0x000002c420023e80, 0x000002c420028160, 0x000002c47a11e180,
0x000002c47a120a60, 0x000002c47a122430, 0x000002c47a122df0, 0x000002c47a1277e0,
0x000002c47a12f940, 0x000002c47a151df0, 0x000002c47a375840, 0x000002c47a3861b0,
0x000002c47a65ce30
}

Java Threads: ( => current thread )
  0x000002c41ff8a8f0 JavaThread "main" [_thread_in_Java, id=7372, stack(0x000000f602f00000,0x000000f603000000)]
  0x000002c420023e80 JavaThread "Reference Handler" daemon [_thread_blocked, id=12264, stack(0x000000f603600000,0x000000f603700000)]
  0x000002c420028160 JavaThread "Finalizer" daemon [_thread_blocked, id=17496, stack(0x000000f603700000,0x000000f603800000)]
  0x000002c47a11e180 JavaThread "Signal Dispatcher" daemon [_thread_blocked, id=4484, stack(0x000000f603800000,0x000000f603900000)]
  0x000002c47a120a60 JavaThread "Attach Listener" daemon [_thread_blocked, id=17568, stack(0x000000f603900000,0x000000f603a00000)]
  0x000002c47a122430 JavaThread "Service Thread" daemon [_thread_blocked, id=1420, stack(0x000000f603a00000,0x000000f603b00000)]
  0x000002c47a122df0 JavaThread "Monitor Deflation Thread" daemon [_thread_blocked, id=15856, stack(0x000000f603b00000,0x000000f603c00000)]
=>0x000002c47a1277e0 JavaThread "C2 CompilerThread0" daemon [_thread_in_native, id=1940, stack(0x000000f603c00000,0x000000f603d00000)]
  0x000002c47a12f940 JavaThread "C1 CompilerThread0" daemon [_thread_blocked, id=1872, stack(0x000000f603d00000,0x000000f603e00000)]
  0x000002c47a151df0 JavaThread "Sweeper thread" daemon [_thread_blocked, id=3572, stack(0x000000f603e00000,0x000000f603f00000)]
  0x000002c47a375840 JavaThread "Notification Thread" daemon [_thread_blocked, id=8, stack(0x000000f603f00000,0x000000f604000000)]
  0x000002c47a3861b0 JavaThread "Common-Cleaner" daemon [_thread_blocked, id=14520, stack(0x000000f604100000,0x000000f604200000)]
  0x000002c47a65ce30 JavaThread "pool-1-thread-1" [_thread_blocked, id=4708, stack(0x000000f604500000,0x000000f604600000)]

Other Threads:
  0x000002c420020430 VMThread "VM Thread" [stack: 0x000000f603500000,0x000000f603600000] [id=2152]
  0x000002c47a383d50 WatcherThread [stack: 0x000000f604000000,0x000000f604100000] [id=15104]
  0x000002c41ffaa2f0 GCTaskThread "GC Thread#0" [stack: 0x000000f603000000,0x000000f603100000] [id=1112]
  0x000002c47a54bd30 GCTaskThread "GC Thread#1" [stack: 0x000000f604200000,0x000000f604300000] [id=9248]
  0x000002c47a65dc70 GCTaskThread "GC Thread#2" [stack: 0x000000f604300000,0x000000f604400000] [id=1856]
  0x000002c47a64e6e0 GCTaskThread "GC Thread#3" [stack: 0x000000f604400000,0x000000f604500000] [id=8672]
  0x000002c41ffaba40 ConcurrentGCThread "G1 Main Marker" [stack: 0x000000f603100000,0x000000f603200000] [id=10296]
  0x000002c41ffac460 ConcurrentGCThread "G1 Conc#0" [stack: 0x000000f603200000,0x000000f603300000] [id=11016]
  0x000002c41fffe090 ConcurrentGCThread "G1 Refine#0" [stack: 0x000000f603300000,0x000000f603400000] [id=13876]
  0x000002c41fffeac0 ConcurrentGCThread "G1 Service" [stack: 0x000000f603400000,0x000000f603500000] [id=8424]

Threads with active compile tasks:
C2 CompilerThread0    48404 1620   !   4       java.util.concurrent.ConcurrentHashMap::transfer (849 bytes)

VM state: not at safepoint (normal execution)

VM Mutex/Monitor currently owned by a thread: None

Heap address: 0x00000000fc000000, size: 64 MB, Compressed Oops mode: 32-bit

CDS archive(s) mapped at: [0x000002c439000000-0x000002c439bb0000-0x000002c439bb0000), size 12255232, SharedBaseAddress: 0x000002c439000000, ArchiveRelocationMode: 1.
Compressed class space mapped at: 0x000002c43a000000-0x000002c47a000000, reserved size: 1073741824
Narrow klass base: 0x000002c439000000, Narrow klass shift: 0, Narrow klass range: 0x100000000

GC Precious Log:
 CPUs: 4 total, 4 available
 Memory: 3526M
 Large Page Support: Disabled
 NUMA Support: Disabled
 Compressed Oops: Enabled (32-bit)
 Heap Region Size: 1M
 Heap Min Capacity: 64M
 Heap Initial Capacity: 64M
 Heap Max Capacity: 64M
 Pre-touch: Disabled
 Parallel Workers: 4
 Concurrent Workers: 1
 Concurrent Refinement Workers: 4
 Periodic GC: Disabled

Heap:
 garbage-first heap   total 65536K, used 35331K [0x00000000fc000000, 0x0000000100000000)
  region size 1024K, 29 young (29696K), 3 survivors (3072K)
 Metaspace       used 9326K, committed 9536K, reserved 1114112K
  class space    used 1230K, committed 1344K, reserved 1048576K

Heap Regions: E=young(eden), S=young(survivor), O=old, HS=humongous(starts), HC=humongous(continues), CS=collection set, F=free, OA=open archive, CA=closed archive, TAMS=top-at-mark-start (previous, next)
|   0|0x00000000fc000000, 0x00000000fc100000, 0x00000000fc100000|100%|HS|  |TAMS 0x00000000fc000000, 0x00000000fc000000| Complete 
|   1|0x00000000fc100000, 0x00000000fc200000, 0x00000000fc200000|100%|HC|  |TAMS 0x00000000fc100000, 0x00000000fc100000| Complete 
|   2|0x00000000fc200000, 0x00000000fc300000, 0x00000000fc300000|100%|HC|  |TAMS 0x00000000fc200000, 0x00000000fc200000| Complete 
|   3|0x00000000fc300000, 0x00000000fc400000, 0x00000000fc400000|100%| O|  |TAMS 0x00000000fc300000, 0x00000000fc300000| Untracked 
|   4|0x00000000fc400000, 0x00000000fc500000, 0x00000000fc500000|100%| O|  |TAMS 0x00000000fc400000, 0x00000000fc400000| Untracked 
|   5|0x00000000fc500000, 0x00000000fc600000, 0x00000000fc600000|100%| O|  |TAMS 0x00000000fc500000, 0x00000000fc500000| Untracked 
|   6|0x00000000fc600000, 0x00000000fc680e00, 0x00000000fc700000| 50%| O|  |TAMS 0x00000000fc600000, 0x00000000fc600000| Untracked 
|   7|0x00000000fc700000, 0x00000000fc700000, 0x00000000fc800000|  0%| F|  |TAMS 0x00000000fc700000, 0x00000000fc700000| Untracked 
|   8|0x00000000fc800000, 0x00000000fc800000, 0x00000000fc900000|  0%| F|  |TAMS 0x00000000fc800000, 0x00000000fc800000| Untracked 
|   9|0x00000000fc900000, 0x00000000fc900000, 0x00000000fca00000|  0%| F|  |TAMS 0x00000000fc900000, 0x00000000fc900000| Untracked 
|  10|0x00000000fca00000, 0x00000000fca00000, 0x00000000fcb00000|  0%| F|  |TAMS 0x00000000fca00000, 0x00000000fca00000| Untracked 
|  11|0x00000000fcb00000, 0x00000000fcb00000, 0x00000000fcc00000|  0%| F|  |TAMS 0x00000000fcb00000, 0x00000000fcb00000| Untracked 
|  12|0x00000000fcc00000, 0x00000000fcc00000, 0x00000000fcd00000|  0%| F|  |TAMS 0x00000000fcc00000, 0x00000000fcc00000| Untracked 
|  13|0x00000000fcd00000, 0x00000000fcd00000, 0x00000000fce00000|  0%| F|  |TAMS 0x00000000fcd00000, 0x00000000fcd00000| Untracked 
|  14|0x00000000fce00000, 0x00000000fce00000, 0x00000000fcf00000|  0%| F|  |TAMS 0x00000000fce00000, 0x00000000fce00000| Untracked 
|  15|0x00000000fcf00000, 0x00000000fcf00000, 0x00000000fd000000|  0%| F|  |TAMS 0x00000000fcf00000, 0x00000000fcf00000| Untracked 
|  16|0x00000000fd000000, 0x00000000fd000000, 0x00000000fd100000|  0%| F|  |TAMS 0x00000000fd000000, 0x00000000fd000000| Untracked 
|  17|0x00000000fd100000, 0x00000000fd100000, 0x00000000fd200000|  0%| F|  |TAMS 0x00000000fd100000, 0x00000000fd100000| Untracked 
|  18|0x00000000fd200000, 0x00000000fd200000, 0x00000000fd300000|  0%| F|  |TAMS 0x00000000fd200000, 0x00000000fd200000| Untracked 
|  19|0x00000000fd300000, 0x00000000fd300000, 0x00000000fd400000|  0%| F|  |TAMS 0x00000000fd300000, 0x00000000fd300000| Untracked 
|  20|0x00000000fd400000, 0x00000000fd400000, 0x00000000fd500000|  0%| F|  |TAMS 0x00000000fd400000, 0x00000000fd400000| Untracked 
|  21|0x00000000fd500000, 0x00000000fd500000, 0x00000000fd600000|  0%| F|  |TAMS 0x00000000fd500000, 0x00000000fd500000| Untracked 
|  22|0x00000000fd600000, 0x00000000fd600000, 0x00000000fd700000|  0%| F|  |TAMS 0x00000000fd600000, 0x00000000fd600000| Untracked 
|  23|0x00000000fd700000, 0x00000000fd700000, 0x00000000fd800000|  0%| F|  |TAMS 0x00000000fd700000, 0x00000000fd700000| Untracked 
|  24|0x00000000fd800000, 0x00000000fd800000, 0x00000000fd900000|  0%| F|  |TAMS 0x00000000fd800000, 0x00000000fd800000| Untracked 
|  25|0x00000000fd900000, 0x00000000fd900000, 0x00000000fda00000|  0%| F|  |TAMS 0x00000000fd900000, 0x00000000fd900000| Untracked 
|  26|0x00000000fda00000, 0x00000000fda00000, 0x00000000fdb00000|  0%| F|  |TAMS 0x00000000fda00000, 0x00000000fda00000| Untracked 
|  27|0x00000000fdb00000, 0x00000000fdb00000, 0x00000000fdc00000|  0%| F|  |TAMS 0x00000000fdb00000, 0x00000000fdb00000| Untracked 
|  28|0x00000000fdc00000, 0x00000000fdc00000, 0x00000000fdd00000|  0%| F|  |TAMS 0x00000000fdc00000, 0x00000000fdc00000| Untracked 
|  29|0x00000000fdd00000, 0x00000000fdd00000, 0x00000000fde00000|  0%| F|  |TAMS 0x00000000fdd00000, 0x00000000fdd00000| Untracked 
|  30|0x00000000fde00000, 0x00000000fde00000, 0x00000000fdf00000|  0%| F|  |TAMS 0x00000000fde00000, 0x00000000fde00000| Untracked 
|  31|0x00000000fdf00000, 0x00000000fdf00000, 0x00000000fe000000|  0%| F|  |TAMS 0x00000000fdf00000, 0x00000000fdf00000| Untracked 
|  32|0x00000000fe000000, 0x00000000fe000000, 0x00000000fe100000|  0%| F|  |TAMS 0x00000000fe000000, 0x00000000fe000000| Untracked 
|  33|0x00000000fe100000, 0x00000000fe100000, 0x00000000fe200000|  0%| F|  |TAMS 0x00000000fe100000, 0x00000000fe100000| Untracked 
|  34|0x00000000fe200000, 0x00000000fe200000, 0x00000000fe300000|  0%| F|  |TAMS 0x00000000fe200000, 0x00000000fe200000| Untracked 
|  35|0x00000000fe300000, 0x00000000fe3b4b18, 0x00000000fe400000| 70%| E|  |TAMS 0x00000000fe300000, 0x00000000fe300000| Complete 
|  36|0x00000000fe400000, 0x00000000fe500000, 0x00000000fe500000|100%| E|CS|TAMS 0x00000000fe400000, 0x00000000fe400000| Complete 
|  37|0x00000000fe500000, 0x00000000fe600000, 0x00000000fe600000|100%| E|CS|TAMS 0x00000000fe500000, 0x00000000fe500000| Complete 
|  38|0x00000000fe600000, 0x00000000fe700000, 0x00000000fe700000|100%| E|CS|TAMS 0x00000000fe600000, 0x00000000fe600000| Complete 
|  39|0x00000000fe700000, 0x00000000fe800000, 0x00000000fe800000|100%| E|CS|TAMS 0x00000000fe700000, 0x00000000fe700000| Complete 
|  40|0x00000000fe800000, 0x00000000fe900000, 0x00000000fe900000|100%| E|CS|TAMS 0x00000000fe800000, 0x00000000fe800000| Complete 
|  41|0x00000000fe900000, 0x00000000fea00000, 0x00000000fea00000|100%| S|CS|TAMS 0x00000000fe900000, 0x00000000fe900000| Complete 
|  42|0x00000000fea00000, 0x00000000feb00000, 0x00000000feb00000|100%| S|CS|TAMS 0x00000000fea00000, 0x00000000fea00000| Complete 
|  43|0x00000000feb00000, 0x00000000fec00000, 0x00000000fec00000|100%| S|CS|TAMS 0x00000000feb00000, 0x00000000feb00000| Complete 
|  44|0x00000000fec00000, 0x00000000fed00000, 0x00000000fed00000|100%| E|CS|TAMS 0x00000000fec00000, 0x00000000fec00000| Complete 
|  45|0x00000000fed00000, 0x00000000fee00000, 0x00000000fee00000|100%| E|CS|TAMS 0x00000000fed00000, 0x00000000fed00000| Complete 
|  46|0x00000000fee00000, 0x00000000fef00000, 0x00000000fef00000|100%| E|CS|TAMS 0x00000000fee00000, 0x00000000fee00000| Complete 
|  47|0x00000000fef00000, 0x00000000ff000000, 0x00000000ff000000|100%| E|CS|TAMS 0x00000000fef00000, 0x00000000fef00000| Complete 
|  48|0x00000000ff000000, 0x00000000ff100000, 0x00000000ff100000|100%| E|CS|TAMS 0x00000000ff000000, 0x00000000ff000000| Complete 
|  49|0x00000000ff100000, 0x00000000ff200000, 0x00000000ff200000|100%| E|CS|TAMS 0x00000000ff100000, 0x00000000ff100000| Complete 
|  50|0x00000000ff200000, 0x00000000ff300000, 0x00000000ff300000|100%| E|CS|TAMS 0x00000000ff200000, 0x00000000ff200000| Complete 
|  51|0x00000000ff300000, 0x00000000ff400000, 0x00000000ff400000|100%| E|CS|TAMS 0x00000000ff300000, 0x00000000ff300000| Complete 
|  52|0x00000000ff400000, 0x00000000ff500000, 0x00000000ff500000|100%| E|CS|TAMS 0x00000000ff400000, 0x00000000ff400000| Complete 
|  53|0x00000000ff500000, 0x00000000ff600000, 0x00000000ff600000|100%| E|CS|TAMS 0x00000000ff500000, 0x00000000ff500000| Complete 
|  54|0x00000000ff600000, 0x00000000ff700000, 0x00000000ff700000|100%| E|CS|TAMS 0x00000000ff600000, 0x00000000ff600000| Complete 
|  55|0x00000000ff700000, 0x00000000ff800000, 0x00000000ff800000|100%| E|CS|TAMS 0x00000000ff700000, 0x00000000ff700000| Complete 
|  56|0x00000000ff800000, 0x00000000ff900000, 0x00000000ff900000|100%| E|CS|TAMS 0x00000000ff800000, 0x00000000ff800000| Complete 
|  57|0x00000000ff900000, 0x00000000ffa00000, 0x00000000ffa00000|100%| E|CS|TAMS 0x00000000ff900000, 0x00000000ff900000| Complete 
|  58|0x00000000ffa00000, 0x00000000ffb00000, 0x00000000ffb00000|100%| E|CS|TAMS 0x00000000ffa00000, 0x00000000ffa00000| Complete 
|  59|0x00000000ffb00000, 0x00000000ffc00000, 0x00000000ffc00000|100%| E|CS|TAMS 0x00000000ffb00000, 0x00000000ffb00000| Complete 
|  60|0x00000000ffc00000, 0x00000000ffd00000, 0x00000000ffd00000|100%| E|CS|TAMS 0x00000000ffc00000, 0x00000000ffc00000| Complete 
|  61|0x00000000ffd00000, 0x00000000ffe00000, 0x00000000ffe00000|100%| E|CS|TAMS 0x00000000ffd00000, 0x00000000ffd00000| Complete 
|  62|0x00000000ffe00000, 0x00000000fff00000, 0x00000000fff00000|100%| E|CS|TAMS 0x00000000ffe00000, 0x00000000ffe00000| Complete 
|  63|0x00000000fff00000, 0x0000000100000000, 0x0000000100000000|100%| E|CS|TAMS 0x00000000fff00000, 0x00000000fff00000| Complete 

Card table byte_map: [0x000002c41df00000,0x000002c41df20000] _byte_map_base: 0x000002c41d720000

Marking Bits (Prev, Next): (CMBitMap*) 0x000002c41ffaa910, (CMBitMap*) 0x000002c41ffaa950
 Prev Bits: [0x000002c41fd70000, 0x000002c41fe70000)
 Next Bits: [0x000002c436ab0000, 0x000002c436bb0000)

Polling page: 0x000002c41deb0000

Metaspace:

Usage:
  Non-class:      7.91 MB used.
      Class:      1.20 MB used.
       Both:      9.11 MB used.

Virtual space:
  Non-class space:       64.00 MB reserved,       8.00 MB ( 12%) committed,  1 nodes.
      Class space:        1.00 GB reserved,       1.31 MB ( <1%) committed,  1 nodes.
             Both:        1.06 GB reserved,       9.31 MB ( <1%) committed. 

Chunk freelists:
   Non-Class:  7.75 MB
       Class:  14.52 MB
        Both:  22.27 MB

MaxMetaspaceSize: unlimited
CompressedClassSpaceSize: 1.00 GB
Initial GC threshold: 21.00 MB
Current GC threshold: 21.00 MB
CDS: on
MetaspaceReclaimPolicy: balanced
 - commit_granule_bytes: 65536.
 - commit_granule_words: 8192.
 - virtual_space_node_default_size: 8388608.
 - enlarge_chunks_in_place: 1.
 - new_chunks_are_fully_committed: 0.
 - uncommit_free_chunks: 1.
 - use_allocation_guard: 0.
 - handle_deallocations: 1.


Internal statistics:

num_allocs_failed_limit: 0.
num_arena_births: 70.
num_arena_deaths: 0.
num_vsnodes_births: 2.
num_vsnodes_deaths: 0.
num_space_committed: 149.
num_space_uncommitted: 0.
num_chunks_returned_to_freelist: 0.
num_chunks_taken_from_freelist: 318.
num_chunk_merges: 0.
num_chunk_splits: 212.
num_chunks_enlarged: 177.
num_inconsistent_stats: 0.

CodeHeap 'non-profiled nmethods': size=120000Kb used=654Kb max_used=654Kb free=119345Kb
 bounds [0x000002c42f580000, 0x000002c42f7f0000, 0x000002c436ab0000]
CodeHeap 'profiled nmethods': size=120000Kb used=3082Kb max_used=3082Kb free=116917Kb
 bounds [0x000002c427ab0000, 0x000002c427dc0000, 0x000002c42efe0000]
CodeHeap 'non-nmethods': size=5760Kb used=1167Kb max_used=1186Kb free=4592Kb
 bounds [0x000002c42efe0000, 0x000002c42f250000, 0x000002c42f580000]
 total_blobs=2082 nmethods=1619 adapters=376
 compilation: enabled
              stopped_count=0, restarted_count=0
 full_count=0

Compilation events (20 events):
Event: 43.409 Thread 0x000002c47a12f940 nmethod 1611 0x000002c427dab010 code [0x000002c427dab1e0, 0x000002c427dab518]
Event: 43.409 Thread 0x000002c47a12f940 1612       3       org.gradle.internal.time.TimeFormatting::formatDurationTerse (123 bytes)
Event: 43.413 Thread 0x000002c47a12f940 nmethod 1612 0x000002c427dab690 code [0x000002c427dab980, 0x000002c427dac708]
Event: 43.413 Thread 0x000002c47a12f940 1606       3       java.io.OutputStreamWriter::append (34 bytes)
Event: 43.413 Thread 0x000002c47a12f940 nmethod 1606 0x000002c427dacc10 code [0x000002c427dace20, 0x000002c427dad5a8]
Event: 44.065 Thread 0x000002c47a12f940 1613       3       java.nio.ByteBuffer::position (6 bytes)
Event: 44.066 Thread 0x000002c47a12f940 nmethod 1613 0x000002c427dad810 code [0x000002c427dad9c0, 0x000002c427dadb88]
Event: 45.372 Thread 0x000002c47a12f940 1614       3       org.gradle.internal.logging.console.DefaultWorkInProgressFormatter::format (102 bytes)
Event: 45.376 Thread 0x000002c47a12f940 nmethod 1614 0x000002c427dadc10 code [0x000002c427dadec0, 0x000002c427daebc8]
Event: 45.376 Thread 0x000002c47a12f940 1615       3       java.lang.AbstractStringBuilder::delete (46 bytes)
Event: 45.376 Thread 0x000002c47a12f940 nmethod 1615 0x000002c427daf110 code [0x000002c427daf2c0, 0x000002c427daf4f8]
Event: 46.073 Thread 0x000002c47a12f940 1616       3       com.google.common.collect.Iterators::addAll (41 bytes)
Event: 46.074 Thread 0x000002c47a12f940 nmethod 1616 0x000002c427daf610 code [0x000002c427daf820, 0x000002c427dafee8]
Event: 46.859 Thread 0x000002c47a12f940 1617   !   3       java.util.concurrent.locks.AbstractQueuedSynchronizer::acquire (407 bytes)
Event: 46.864 Thread 0x000002c47a12f940 nmethod 1617 0x000002c427db0110 code [0x000002c427db04a0, 0x000002c427db1e28]
Event: 47.633 Thread 0x000002c47a12f940 1618       3       java.util.concurrent.ConcurrentHashMap::remove (8 bytes)
Event: 47.634 Thread 0x000002c47a12f940 nmethod 1618 0x000002c427db2810 code [0x000002c427db29c0, 0x000002c427db2b08]
Event: 48.006 Thread 0x000002c47a1277e0 1619 % !   4       java.util.concurrent.ConcurrentHashMap::transfer @ 437 (849 bytes)
Event: 48.061 Thread 0x000002c47a1277e0 nmethod 1619% 0x000002c42f621890 code [0x000002c42f621a60, 0x000002c42f622f68]
Event: 48.123 Thread 0x000002c47a1277e0 1620   !   4       java.util.concurrent.ConcurrentHashMap::transfer (849 bytes)

GC Heap History (4 events):
Event: 0.868 GC heap before
{Heap before GC invocations=0 (full 0):
 garbage-first heap   total 65536K, used 12288K [0x00000000fc000000, 0x0000000100000000)
  region size 1024K, 13 young (13312K), 0 survivors (0K)
 Metaspace       used 1650K, committed 1792K, reserved 1114112K
  class space    used 155K, committed 192K, reserved 1048576K
}
Event: 0.903 GC heap after
{Heap after GC invocations=1 (full 0):
 garbage-first heap   total 65536K, used 1472K [0x00000000fc000000, 0x0000000100000000)
  region size 1024K, 2 young (2048K), 2 survivors (2048K)
 Metaspace       used 1650K, committed 1792K, reserved 1114112K
  class space    used 155K, committed 192K, reserved 1048576K
}
Event: 1.800 GC heap before
{Heap before GC invocations=1 (full 0):
 garbage-first heap   total 65536K, used 21952K [0x00000000fc000000, 0x0000000100000000)
  region size 1024K, 20 young (20480K), 2 survivors (2048K)
 Metaspace       used 2308K, committed 2496K, reserved 1114112K
  class space    used 223K, committed 320K, reserved 1048576K
}
Event: 1.808 GC heap after
{Heap after GC invocations=2 (full 0):
 garbage-first heap   total 65536K, used 9731K [0x00000000fc000000, 0x0000000100000000)
  region size 1024K, 3 young (3072K), 3 survivors (3072K)
 Metaspace       used 2308K, committed 2496K, reserved 1114112K
  class space    used 223K, committed 320K, reserved 1048576K
}

Dll operation events (13 events):
Event: 0.021 Loaded shared library C:\Users\dadig\AppData\Local\Programs\Eclipse Adoptium\jdk-17.0.11.9-hotspot\bin\java.dll
Event: 0.087 Loaded shared library C:\Users\dadig\AppData\Local\Programs\Eclipse Adoptium\jdk-17.0.11.9-hotspot\bin\jsvml.dll
Event: 0.192 Loaded shared library C:\Users\dadig\AppData\Local\Programs\Eclipse Adoptium\jdk-17.0.11.9-hotspot\bin\net.dll
Event: 0.197 Loaded shared library C:\Users\dadig\AppData\Local\Programs\Eclipse Adoptium\jdk-17.0.11.9-hotspot\bin\nio.dll
Event: 0.206 Loaded shared library C:\Users\dadig\AppData\Local\Programs\Eclipse Adoptium\jdk-17.0.11.9-hotspot\bin\zip.dll
Event: 1.308 Loaded shared library C:\Users\dadig\AppData\Local\Programs\Eclipse Adoptium\jdk-17.0.11.9-hotspot\bin\jimage.dll
Event: 2.284 Loaded shared library C:\Users\dadig\AppData\Local\Programs\Eclipse Adoptium\jdk-17.0.11.9-hotspot\bin\management.dll
Event: 2.302 Loaded shared library C:\Users\dadig\AppData\Local\Programs\Eclipse Adoptium\jdk-17.0.11.9-hotspot\bin\management_ext.dll
Event: 2.401 Loaded shared library C:\Users\dadig\AppData\Local\Programs\Eclipse Adoptium\jdk-17.0.11.9-hotspot\bin\verify.dll
Event: 2.425 Loaded shared library C:\Users\dadig\.gradle\native\1def1411415f61bf3af743bc5b6707747c0891f09f0c88961ee8f79bc544acac\windows-amd64\native-platform.dll
Event: 2.511 Loaded shared library C:\Users\dadig\.gradle\native\jansi\1.18\windows64\jansi.dll
Event: 3.108 Loaded shared library C:\Users\dadig\AppData\Local\Programs\Eclipse Adoptium\jdk-17.0.11.9-hotspot\bin\extnet.dll
Event: 3.525 Loaded shared library C:\Users\dadig\AppData\Local\Programs\Eclipse Adoptium\jdk-17.0.11.9-hotspot\bin\sunmscapi.dll

Deoptimization events (20 events):
Event: 3.492 Thread 0x000002c41ff8a8f0 Uncommon trap: trap_request=0xffffffde fr.pc=0x000002c42f5b85d4 relative=0x00000000000000b4
Event: 3.492 Thread 0x000002c41ff8a8f0 Uncommon trap: reason=class_check action=maybe_recompile pc=0x000002c42f5b85d4 method=java.util.AbstractList$Itr.next()Ljava/lang/Object; @ 14 c2
Event: 3.492 Thread 0x000002c41ff8a8f0 DEOPT PACKING pc=0x000002c42f5b85d4 sp=0x000000f602ffc880
Event: 3.492 Thread 0x000002c41ff8a8f0 DEOPT UNPACKING pc=0x000002c42f0369a3 sp=0x000000f602ffc818 mode 2
Event: 3.580 Thread 0x000002c41ff8a8f0 Uncommon trap: trap_request=0xffffffde fr.pc=0x000002c42f5b8274 relative=0x0000000000000074
Event: 3.580 Thread 0x000002c41ff8a8f0 Uncommon trap: reason=class_check action=maybe_recompile pc=0x000002c42f5b8274 method=java.util.AbstractList$Itr.hasNext()Z @ 8 c2
Event: 3.580 Thread 0x000002c41ff8a8f0 DEOPT PACKING pc=0x000002c42f5b8274 sp=0x000000f602ffc0f0
Event: 3.580 Thread 0x000002c41ff8a8f0 DEOPT UNPACKING pc=0x000002c42f0369a3 sp=0x000000f602ffc088 mode 2
Event: 3.580 Thread 0x000002c41ff8a8f0 Uncommon trap: trap_request=0xffffffde fr.pc=0x000002c42f5b85d4 relative=0x00000000000000b4
Event: 3.580 Thread 0x000002c41ff8a8f0 Uncommon trap: reason=class_check action=maybe_recompile pc=0x000002c42f5b85d4 method=java.util.AbstractList$Itr.next()Ljava/lang/Object; @ 14 c2
Event: 3.580 Thread 0x000002c41ff8a8f0 DEOPT PACKING pc=0x000002c42f5b85d4 sp=0x000000f602ffc0e0
Event: 3.580 Thread 0x000002c41ff8a8f0 DEOPT UNPACKING pc=0x000002c42f0369a3 sp=0x000000f602ffc078 mode 2
Event: 3.653 Thread 0x000002c41ff8a8f0 Uncommon trap: trap_request=0xffffffde fr.pc=0x000002c42f5b8274 relative=0x0000000000000074
Event: 3.653 Thread 0x000002c41ff8a8f0 Uncommon trap: reason=class_check action=maybe_recompile pc=0x000002c42f5b8274 method=java.util.AbstractList$Itr.hasNext()Z @ 8 c2
Event: 3.653 Thread 0x000002c41ff8a8f0 DEOPT PACKING pc=0x000002c42f5b8274 sp=0x000000f602ffd090
Event: 3.653 Thread 0x000002c41ff8a8f0 DEOPT UNPACKING pc=0x000002c42f0369a3 sp=0x000000f602ffd028 mode 2
Event: 3.666 Thread 0x000002c47a65ce30 Uncommon trap: trap_request=0xffffffde fr.pc=0x000002c42f5b85d4 relative=0x00000000000000b4
Event: 3.666 Thread 0x000002c47a65ce30 Uncommon trap: reason=class_check action=maybe_recompile pc=0x000002c42f5b85d4 method=java.util.AbstractList$Itr.next()Ljava/lang/Object; @ 14 c2
Event: 3.666 Thread 0x000002c47a65ce30 DEOPT PACKING pc=0x000002c42f5b85d4 sp=0x000000f6045fea50
Event: 3.666 Thread 0x000002c47a65ce30 DEOPT UNPACKING pc=0x000002c42f0369a3 sp=0x000000f6045fe9e8 mode 2

Classes unloaded (0 events):
No events

Classes redefined (0 events):
No events

Internal exceptions (18 events):
Event: 0.420 Thread 0x000002c41ff8a8f0 Exception <a 'java/lang/NoSuchMethodError'{0x00000000ffded660}: 'int java.lang.invoke.DirectMethodHandle$Holder.invokeStaticInit(java.lang.Object, java.lang.Object)'> (0x00000000ffded660) 
thrown [s\src\hotspot\share\interpreter\linkResolver.cpp, line 759]
Event: 1.976 Thread 0x000002c41ff8a8f0 Exception <a 'java/lang/NoSuchMethodError'{0x00000000ffda8d00}: 'int java.lang.invoke.DirectMethodHandle$Holder.invokeStatic(java.lang.Object, java.lang.Object, int)'> (0x00000000ffda8d00) 
thrown [s\src\hotspot\share\interpreter\linkResolver.cpp, line 759]
Event: 2.277 Thread 0x000002c41ff8a8f0 Exception <a 'java/lang/NoSuchMethodError'{0x00000000ff9507b8}: 'java.lang.Object java.lang.invoke.DirectMethodHandle$Holder.invokeStaticInit(java.lang.Object)'> (0x00000000ff9507b8) 
thrown [s\src\hotspot\share\interpreter\linkResolver.cpp, line 759]
Event: 2.323 Thread 0x000002c41ff8a8f0 Exception <a 'java/lang/NoSuchMethodError'{0x00000000ff96b638}: 'int java.lang.invoke.DirectMethodHandle$Holder.invokeSpecial(java.lang.Object, java.lang.Object, java.lang.Object)'> (0x00000000ff96b638) 
thrown [s\src\hotspot\share\interpreter\linkResolver.cpp, line 759]
Event: 2.340 Thread 0x000002c41ff8a8f0 Exception <a 'java/lang/NoSuchMethodError'{0x00000000ff9a8ea0}: 'void java.lang.invoke.DirectMethodHandle$Holder.invokeStatic(java.lang.Object, java.lang.Object)'> (0x00000000ff9a8ea0) 
thrown [s\src\hotspot\share\interpreter\linkResolver.cpp, line 759]
Event: 2.343 Thread 0x000002c41ff8a8f0 Implicit null exception at 0x000002c42f5e500c to 0x000002c42f5e5550
Event: 2.448 Thread 0x000002c41ff8a8f0 Exception <a 'java/lang/NoSuchMethodError'{0x00000000ff7567d8}: 'java.lang.Object java.lang.invoke.Invokers$Holder.invoker(java.lang.Object, java.lang.Object, java.lang.Object)'> (0x00000000ff7567d8) 
thrown [s\src\hotspot\share\interpreter\linkResolver.cpp, line 759]
Event: 2.451 Thread 0x000002c41ff8a8f0 Exception <a 'java/lang/NoSuchMethodError'{0x00000000ff75f930}: 'java.lang.Object java.lang.invoke.DirectMethodHandle$Holder.invokeStatic(java.lang.Object, java.lang.Object, int)'> (0x00000000ff75f930) 
thrown [s\src\hotspot\share\interpreter\linkResolver.cpp, line 759]
Event: 2.453 Thread 0x000002c41ff8a8f0 Exception <a 'java/lang/NoSuchMethodError'{0x00000000ff76b620}: 'void java.lang.invoke.DelegatingMethodHandle$Holder.delegate(java.lang.Object, java.lang.Object, int, java.lang.Object)'> (0x00000000ff76b620) 
thrown [s\src\hotspot\share\interpreter\linkResolver.cpp, line 759]
Event: 2.458 Thread 0x000002c41ff8a8f0 Exception <a 'java/lang/NoSuchMethodError'{0x00000000ff77ec68}: 'java.lang.Object java.lang.invoke.Invokers$Holder.invokeExact_MT(java.lang.Object, java.lang.Object, java.lang.Object, java.lang.Object)'> (0x00000000ff77ec68) 
thrown [s\src\hotspot\share\interpreter\linkResolver.cpp, line 759]
Event: 2.471 Thread 0x000002c41ff8a8f0 Exception <a 'java/lang/NoSuchMethodError'{0x00000000ff7ac718}: 'java.lang.Object java.lang.invoke.DirectMethodHandle$Holder.invokeVirtual(java.lang.Object, java.lang.Object, java.lang.Object)'> (0x00000000ff7ac718) 
thrown [s\src\hotspot\share\interpreter\linkResolver.cpp, line 759]
Event: 2.640 Thread 0x000002c41ff8a8f0 Exception <a 'java/lang/NoSuchMethodError'{0x00000000ff3a68a8}: 'java.lang.Object java.lang.invoke.DirectMethodHandle$Holder.newInvokeSpecial(java.lang.Object, java.lang.Object, java.lang.Object, java.lang.Object, java.lang.Object)'> (0x00000000ff3a68a8) 
thrown [s\src\hotspot\share\interpreter\linkResolver.cpp, line 759]
Event: 2.697 Thread 0x000002c41ff8a8f0 Exception <a 'java/lang/NoSuchMethodError'{0x00000000ff13b220}: 'void java.lang.invoke.DirectMethodHandle$Holder.invokeSpecial(java.lang.Object, java.lang.Object, java.lang.Object)'> (0x00000000ff13b220) 
thrown [s\src\hotspot\share\interpreter\linkResolver.cpp, line 759]
Event: 2.702 Thread 0x000002c41ff8a8f0 Implicit null exception at 0x000002c42f5df08f to 0x000002c42f5df5e4
Event: 3.113 Thread 0x000002c41ff8a8f0 Exception <a 'java/lang/NoSuchMethodError'{0x00000000fef55bd8}: 'void java.lang.invoke.DirectMethodHandle$Holder.invokeStatic(java.lang.Object, java.lang.Object, java.lang.Object)'> (0x00000000fef55bd8) 
thrown [s\src\hotspot\share\interpreter\linkResolver.cpp, line 759]
Event: 3.306 Thread 0x000002c41ff8a8f0 Exception <a 'java/lang/NoSuchMethodError'{0x00000000fe73acc0}: 'java.lang.Object java.lang.invoke.DirectMethodHandle$Holder.invokeStaticInit(java.lang.Object, int, int, int, int)'> (0x00000000fe73acc0) 
thrown [s\src\hotspot\share\interpreter\linkResolver.cpp, line 759]
Event: 3.415 Thread 0x000002c41ff8a8f0 Exception <a 'java/lang/NoSuchMethodError'{0x00000000fe76b150}: 'java.lang.Object java.lang.invoke.DirectMethodHandle$Holder.invokeStaticInit(java.lang.Object, java.lang.Object, int, int, int, int)'> (0x00000000fe76b150) 
thrown [s\src\hotspot\share\interpreter\linkResolver.cpp, line 759]
Event: 3.456 Thread 0x000002c41ff8a8f0 Implicit null exception at 0x000002c42f5d21f2 to 0x000002c42f5d27c0

VM Operations (20 events):
Event: 22.994 Executing VM operation: Cleanup
Event: 22.994 Executing VM operation: Cleanup done
Event: 26.022 Executing VM operation: Cleanup
Event: 26.022 Executing VM operation: Cleanup done
Event: 29.060 Executing VM operation: Cleanup
Event: 29.061 Executing VM operation: Cleanup done
Event: 31.082 Executing VM operation: Cleanup
Event: 31.082 Executing VM operation: Cleanup done
Event: 34.098 Executing VM operation: Cleanup
Event: 34.098 Executing VM operation: Cleanup done
Event: 38.114 Executing VM operation: Cleanup
Event: 38.114 Executing VM operation: Cleanup done
Event: 39.123 Executing VM operation: Cleanup
Event: 39.124 Executing VM operation: Cleanup done
Event: 44.163 Executing VM operation: Cleanup
Event: 44.169 Executing VM operation: Cleanup done
Event: 47.920 Executing VM operation: HandshakeAllThreads
Event: 47.921 Executing VM operation: HandshakeAllThreads done
Event: 47.921 Executing VM operation: Cleanup
Event: 47.921 Executing VM operation: Cleanup done

Events (20 events):
Event: 3.622 loading class java/nio/channels/SelectionKey done
Event: 3.622 loading class java/nio/channels/spi/AbstractSelectionKey done
Event: 3.622 loading class sun/nio/ch/SelectionKeyImpl done
Event: 3.623 loading class java/lang/invoke/ConstantBootstraps
Event: 3.623 loading class java/lang/invoke/ConstantBootstraps done
Event: 3.655 loading class java/nio/channels/spi/AbstractSelector$1
Event: 3.656 loading class java/nio/channels/spi/AbstractSelector$1 done
Event: 3.665 loading class java/util/AbstractList$ListItr
Event: 3.665 loading class java/util/AbstractList$ListItr done
Event: 3.858 loading class java/util/concurrent/Executors$FinalizableDelegatedExecutorService
Event: 3.858 loading class java/util/concurrent/Executors$FinalizableDelegatedExecutorService done
Event: 47.890 loading class java/io/ObjectInputStream
Event: 47.891 loading class java/util/ArrayList$ListItr
Event: 47.897 loading class java/util/ArrayList$ListItr done
Event: 47.912 loading class java/io/ObjectInput
Event: 47.915 loading class java/io/ObjectInput done
Event: 47.921 loading class java/io/ObjectStreamConstants
Event: 47.923 loading class java/io/ObjectStreamConstants done
Event: 47.924 loading class java/io/ObjectInputStream done
Event: 48.232 loading class java/io/ObjectOutputStream


Dynamic libraries:
0x00007ff7fa8f0000 - 0x00007ff7fa8fe000 	C:\Users\dadig\AppData\Local\Programs\Eclipse Adoptium\jdk-17.0.11.9-hotspot\bin\java.exe
0x00007ffa8cb20000 - 0x00007ffa8cd87000 	C:\WINDOWS\SYSTEM32\ntdll.dll
0x00007ffa8abc0000 - 0x00007ffa8ac89000 	C:\WINDOWS\System32\KERNEL32.DLL
0x00007ffa89c70000 - 0x00007ffa8a05f000 	C:\WINDOWS\System32\KERNELBASE.dll
0x00007ffa8a0a0000 - 0x00007ffa8a1eb000 	C:\WINDOWS\System32\ucrtbase.dll
0x00007ffa7b920000 - 0x00007ffa7b937000 	C:\Users\dadig\AppData\Local\Programs\Eclipse Adoptium\jdk-17.0.11.9-hotspot\bin\jli.dll
0x00007ffa8c3c0000 - 0x00007ffa8c585000 	C:\WINDOWS\System32\USER32.dll
0x00007ffa8a070000 - 0x00007ffa8a097000 	C:\WINDOWS\System32\win32u.dll
0x00007ffa8bac0000 - 0x00007ffa8baeb000 	C:\WINDOWS\System32\GDI32.dll
0x00007ffa8a370000 - 0x00007ffa8a49c000 	C:\WINDOWS\System32\gdi32full.dll
0x00007ffa8a750000 - 0x00007ffa8a7f3000 	C:\WINDOWS\System32\msvcp_win.dll
0x00007ffa71d40000 - 0x00007ffa71d5b000 	C:\Users\dadig\AppData\Local\Programs\Eclipse Adoptium\jdk-17.0.11.9-hotspot\bin\VCRUNTIME140.dll
0x00007ffa75a90000 - 0x00007ffa75d23000 	C:\WINDOWS\WinSxS\amd64_microsoft.windows.common-controls_6595b64144ccf1df_6.0.26100.7309_none_3e05feeae336a044\COMCTL32.dll
0x00007ffa8aed0000 - 0x00007ffa8af79000 	C:\WINDOWS\System32\msvcrt.dll
0x00007ffa8aaa0000 - 0x00007ffa8aad1000 	C:\WINDOWS\System32\IMM32.DLL
0x00007ffa7af80000 - 0x00007ffa7af8c000 	C:\Users\dadig\AppData\Local\Programs\Eclipse Adoptium\jdk-17.0.11.9-hotspot\bin\vcruntime140_1.dll
0x00007ffa0db50000 - 0x00007ffa0dbdd000 	C:\Users\dadig\AppData\Local\Programs\Eclipse Adoptium\jdk-17.0.11.9-hotspot\bin\msvcp140.dll
0x00007ff9f4d00000 - 0x00007ff9f5962000 	C:\Users\dadig\AppData\Local\Programs\Eclipse Adoptium\jdk-17.0.11.9-hotspot\bin\server\jvm.dll
0x00007ffa8b060000 - 0x00007ffa8b114000 	C:\WINDOWS\System32\ADVAPI32.dll
0x00007ffa8bb70000 - 0x00007ffa8bc16000 	C:\WINDOWS\System32\sechost.dll
0x00007ffa8ac90000 - 0x00007ffa8ada8000 	C:\WINDOWS\System32\RPCRT4.dll
0x00007ffa89ad0000 - 0x00007ffa89b2e000 	C:\WINDOWS\SYSTEM32\POWRPROF.dll
0x00007ffa68450000 - 0x00007ffa6845a000 	C:\WINDOWS\SYSTEM32\WSOCK32.dll
0x00007ffa8af80000 - 0x00007ffa8aff4000 	C:\WINDOWS\System32\WS2_32.dll
0x00007ffa83850000 - 0x00007ffa83885000 	C:\WINDOWS\SYSTEM32\WINMM.dll
0x00007ffa83890000 - 0x00007ffa8389b000 	C:\WINDOWS\SYSTEM32\VERSION.dll
0x00007ffa89ab0000 - 0x00007ffa89ac4000 	C:\WINDOWS\SYSTEM32\UMPDC.dll
0x00007ffa88a20000 - 0x00007ffa88a3b000 	C:\WINDOWS\SYSTEM32\kernel.appcore.dll
0x00007ffa7a400000 - 0x00007ffa7a40a000 	C:\Users\dadig\AppData\Local\Programs\Eclipse Adoptium\jdk-17.0.11.9-hotspot\bin\jimage.dll
0x00007ffa7e5e0000 - 0x00007ffa7e822000 	C:\WINDOWS\SYSTEM32\DBGHELP.DLL
0x00007ffa8c740000 - 0x00007ffa8cac5000 	C:\WINDOWS\System32\combase.dll
0x00007ffa8b960000 - 0x00007ffa8ba36000 	C:\WINDOWS\System32\OLEAUT32.dll
0x00007ffa6d670000 - 0x00007ffa6d6ac000 	C:\WINDOWS\SYSTEM32\dbgcore.DLL
0x00007ffa8a4a0000 - 0x00007ffa8a545000 	C:\WINDOWS\System32\bcryptPrimitives.dll
0x00007ffa5b590000 - 0x00007ffa5b5b5000 	C:\Users\dadig\AppData\Local\Programs\Eclipse Adoptium\jdk-17.0.11.9-hotspot\bin\java.dll
0x00007ffa0da70000 - 0x00007ffa0db47000 	C:\Users\dadig\AppData\Local\Programs\Eclipse Adoptium\jdk-17.0.11.9-hotspot\bin\jsvml.dll
0x00007ffa8bc50000 - 0x00007ffa8c3a3000 	C:\WINDOWS\System32\SHELL32.dll
0x00007ffa8a550000 - 0x00007ffa8a6ba000 	C:\WINDOWS\System32\wintypes.dll
0x00007ffa878b0000 - 0x00007ffa8810e000 	C:\WINDOWS\SYSTEM32\windows.storage.dll
0x00007ffa8adb0000 - 0x00007ffa8aea5000 	C:\WINDOWS\System32\SHCORE.dll
0x00007ffa8ba40000 - 0x00007ffa8baa6000 	C:\WINDOWS\System32\shlwapi.dll
0x00007ffa89b90000 - 0x00007ffa89bb9000 	C:\WINDOWS\SYSTEM32\profapi.dll
0x00007ffa5b8e0000 - 0x00007ffa5b8f9000 	C:\Users\dadig\AppData\Local\Programs\Eclipse Adoptium\jdk-17.0.11.9-hotspot\bin\net.dll
0x00007ffa7f780000 - 0x00007ffa7f8a8000 	C:\WINDOWS\SYSTEM32\WINHTTP.dll
0x00007ffa88f90000 - 0x00007ffa88ffb000 	C:\WINDOWS\system32\mswsock.dll
0x00007ffa5a300000 - 0x00007ffa5a316000 	C:\Users\dadig\AppData\Local\Programs\Eclipse Adoptium\jdk-17.0.11.9-hotspot\bin\nio.dll
0x00007ffa62bd0000 - 0x00007ffa62be8000 	C:\Users\dadig\AppData\Local\Programs\Eclipse Adoptium\jdk-17.0.11.9-hotspot\bin\zip.dll
0x00007ffa6aaa0000 - 0x00007ffa6aaa9000 	C:\Users\dadig\AppData\Local\Programs\Eclipse Adoptium\jdk-17.0.11.9-hotspot\bin\management.dll
0x00007ffa6a9c0000 - 0x00007ffa6a9cb000 	C:\Users\dadig\AppData\Local\Programs\Eclipse Adoptium\jdk-17.0.11.9-hotspot\bin\management_ext.dll
0x00007ffa8c730000 - 0x00007ffa8c738000 	C:\WINDOWS\System32\PSAPI.DLL
0x00007ffa6acd0000 - 0x00007ffa6ace0000 	C:\Users\dadig\AppData\Local\Programs\Eclipse Adoptium\jdk-17.0.11.9-hotspot\bin\verify.dll
0x00007ffa6aab0000 - 0x00007ffa6aad7000 	C:\Users\dadig\.gradle\native\1def1411415f61bf3af743bc5b6707747c0891f09f0c88961ee8f79bc544acac\windows-amd64\native-platform.dll
0x00007ffa7b660000 - 0x00007ffa7b66a000 	C:\Users\dadig\.gradle\native\jansi\1.18\windows64\jansi.dll
0x00007ffa88430000 - 0x00007ffa88464000 	C:\WINDOWS\SYSTEM32\IPHLPAPI.DLL
0x00007ffa8c3b0000 - 0x00007ffa8c3ba000 	C:\WINDOWS\System32\NSI.dll
0x00007ffa7f6f0000 - 0x00007ffa7f70e000 	C:\WINDOWS\SYSTEM32\dhcpcsvc6.DLL
0x00007ffa7f510000 - 0x00007ffa7f533000 	C:\WINDOWS\SYSTEM32\dhcpcsvc.DLL
0x00007ffa884c0000 - 0x00007ffa885ec000 	C:\WINDOWS\SYSTEM32\DNSAPI.dll
0x00007ffa683a0000 - 0x00007ffa683a9000 	C:\Users\dadig\AppData\Local\Programs\Eclipse Adoptium\jdk-17.0.11.9-hotspot\bin\extnet.dll
0x00007ffa89250000 - 0x00007ffa8926b000 	C:\WINDOWS\SYSTEM32\CRYPTSP.dll
0x00007ffa88980000 - 0x00007ffa889ba000 	C:\WINDOWS\system32\rsaenh.dll
0x00007ffa89040000 - 0x00007ffa8906b000 	C:\WINDOWS\SYSTEM32\USERENV.dll
0x00007ffa89b60000 - 0x00007ffa89b8a000 	C:\WINDOWS\SYSTEM32\bcrypt.dll
0x00007ffa89270000 - 0x00007ffa8927c000 	C:\WINDOWS\SYSTEM32\CRYPTBASE.dll
0x00007ffa5a2f0000 - 0x00007ffa5a2fe000 	C:\Users\dadig\AppData\Local\Programs\Eclipse Adoptium\jdk-17.0.11.9-hotspot\bin\sunmscapi.dll
0x00007ffa8a1f0000 - 0x00007ffa8a367000 	C:\WINDOWS\System32\CRYPT32.dll
0x00007ffa893f0000 - 0x00007ffa89420000 	C:\WINDOWS\SYSTEM32\ncrypt.dll
0x00007ffa893a0000 - 0x00007ffa893df000 	C:\WINDOWS\SYSTEM32\NTASN1.dll
0x00007ffa84c10000 - 0x00007ffa84c18000 	C:\WINDOWS\system32\wshunix.dll

dbghelp: loaded successfully - version: 4.0.5 - missing functions: none
symbol engine: initialized successfully - sym options: 0x614 - pdb path: .;C:\Users\dadig\AppData\Local\Programs\Eclipse Adoptium\jdk-17.0.11.9-hotspot\bin;C:\WINDOWS\SYSTEM32;C:\WINDOWS\WinSxS\amd64_microsoft.windows.common-controls_6595b64144ccf1df_6.0.26100.7309_none_3e05feeae336a044;C:\Users\dadig\AppData\Local\Programs\Eclipse Adoptium\jdk-17.0.11.9-hotspot\bin\server;C:\Users\dadig\.gradle\native\1def1411415f61bf3af743bc5b6707747c0891f09f0c88961ee8f79bc544acac\windows-amd64;C:\Users\dadig\.gradle\native\jansi\1.18\windows64

VM Arguments:
jvm_args: -Xmx64m -Xms64m -Dorg.gradle.appname=gradlew 
java_command: C:\Users\dadig\OneDrive\Desktop\Ganesh_Project\VYBE\android\\gradle\wrapper\gradle-wrapper.jar app:installDebug -PreactNativeDevServerPort=8081
java_class_path (initial): C:\Users\dadig\OneDrive\Desktop\Ganesh_Project\VYBE\android\\gradle\wrapper\gradle-wrapper.jar
Launcher Type: SUN_STANDARD

[Global flags]
     intx CICompilerCount                          = 3                                         {product} {ergonomic}
     uint ConcGCThreads                            = 1                                         {product} {ergonomic}
     uint G1ConcRefinementThreads                  = 4                                         {product} {ergonomic}
   size_t G1HeapRegionSize                         = 1048576                                   {product} {ergonomic}
    uintx GCDrainStackTargetSize                   = 64                                        {product} {ergonomic}
   size_t InitialHeapSize                          = 67108864                                  {product} {command line}
   size_t MarkStackSize                            = 4194304                                   {product} {ergonomic}
   size_t MaxHeapSize                              = 67108864                                  {product} {command line}
   size_t MaxNewSize                               = 39845888                                  {product} {ergonomic}
   size_t MinHeapDeltaBytes                        = 1048576                                   {product} {ergonomic}
   size_t MinHeapSize                              = 67108864                                  {product} {command line}
    uintx NonNMethodCodeHeapSize                   = 5832780                                {pd product} {ergonomic}
    uintx NonProfiledCodeHeapSize                  = 122912730                              {pd product} {ergonomic}
    uintx ProfiledCodeHeapSize                     = 122912730                              {pd product} {ergonomic}
    uintx ReservedCodeCacheSize                    = 251658240                              {pd product} {ergonomic}
     bool SegmentedCodeCache                       = true                                      {product} {ergonomic}
   size_t SoftMaxHeapSize                          = 67108864                               {manageable} {ergonomic}
     bool UseCompressedClassPointers               = true                           {product lp64_product} {ergonomic}
     bool UseCompressedOops                        = true                           {product lp64_product} {ergonomic}
     bool UseG1GC                                  = true                                      {product} {ergonomic}
     bool UseLargePagesIndividualAllocation        = false                                  {pd product} {ergonomic}

Logging:
Log output configuration:
 #0: stdout all=warning uptime,level,tags
 #1: stderr all=off uptime,level,tags

Environment Variables:
JAVA_HOME=C:\Users\dadig\AppData\Local\Programs\Eclipse Adoptium\jdk-17.0.11.9-hotspot\
PATH=C:\Users\dadig\OneDrive\Desktop\Ganesh_Project\VYBE\node_modules\.bin;C:\Users\dadig\OneDrive\Desktop\Ganesh_Project\VYBE\android\node_modules\.bin;C:\Users\dadig\OneDrive\Desktop\Ganesh_Project\VYBE\node_modules\.bin;C:\Users\dadig\OneDrive\Desktop\Ganesh_Project\node_modules\.bin;C:\Users\dadig\OneDrive\Desktop\node_modules\.bin;C:\Users\dadig\OneDrive\node_modules\.bin;C:\Users\dadig\node_modules\.bin;C:\Users\node_modules\.bin;C:\node_modules\.bin;C:\Program Files\nodejs\node_modules\npm\node_modules\@npmcli\run-script\lib\node-gyp-bin;C:\WINDOWS\system32;C:\WINDOWS;C:\WINDOWS\System32\Wbem;C:\WINDOWS\System32\WindowsPowerShell\v1.0\;C:\WINDOWS\System32\OpenSSH\;C:\Program Files\PuTTY\;C:\Program Files\MySQL\MySQL Server 8.0\bin;C:\Program Files\PostgreSQL\10\bin;;C:\Program Files\HP\HP One Agent;C:\Program Files\nodejs\;C:\WINDOWS\system32;C:\WINDOWS;C:\WINDOWS\System32\Wbem;C:\WINDOWS\System32\WindowsPowerShell\v1.0\;C:\WINDOWS\System32\OpenSSH\;C:\Program Files\MySQL\MySQL Shell 8.0\bin\;C:\Users\dadig\AppData\Local\Programs\Eclipse Adoptium\jdk-17.0.11.9-hotspot\bin;C:\Users\dadig\AppData\Local\Microsoft\WindowsApps;C:\Users\dadig\AppData\Local\Programs\Microsoft VS Code\bin;C:\Users\dadig\AppData\Roaming\npm;C:\Users\dadig\AppData\Local\Programs\Antigravity\bin
USERNAME=dadig
OS=Windows_NT
PROCESSOR_IDENTIFIER=AMD64 Family 23 Model 24 Stepping 1, AuthenticAMD
TMP=C:\Users\dadig\AppData\Local\Temp
TEMP=C:\Users\dadig\AppData\Local\Temp



Periodic native trim disabled


---------------  S Y S T E M  ---------------

OS:
 Windows 11 , 64 bit Build 26100 (10.0.26100.7309)
OS uptime: 0 days 7:39 hours

CPU: total 4 (initial active 4) (4 cores per cpu, 2 threads per core) family 23 model 24 stepping 1 microcode 0x8108109, cx8, cmov, fxsr, ht, mmx, 3dnowpref, sse, sse2, sse3, ssse3, sse4a, sse4.1, sse4.2, popcnt, lzcnt, tsc, tscinvbit, avx, avx2, aes, clmul, bmi1, bmi2, adx, sha, fma, vzeroupper, clflush, clflushopt
Processor Information for all 4 processors :
  Max Mhz: 2600, Current Mhz: 2600, Mhz Limit: 2600

Memory: 4k page, system-wide physical 3526M (345M free)
TotalPageFile size 14278M (AvailPageFile size 0M)
current process WorkingSet (physical memory assigned to process): 33M, peak: 97M
current process commit charge ("private bytes"): 158M, peak: 159M

vm_info: OpenJDK 64-Bit Server VM (17.0.11+9) for windows-amd64 JRE (17.0.11+9), built on Apr 17 2024 06:07:48 by "admin" with MS VC++ 16.10 / 16.11 (VS2019)

END.
