#
# There is insufficient memory for the Java Runtime Environment to continue.
# Native memory allocation (malloc) failed to allocate 337776 bytes. Error detail: Chunk::new
# Possible reasons:
#   The system is out of physical RAM or swap space
#   This process is running with CompressedOops enabled, and the Java Heap may be blocking the growth of the native heap
# Possible solutions:
#   Reduce memory load on the system
#   Increase physical memory or swap space
#   Check if swap backing store is full
#   Decrease Java heap size (-Xmx/-Xms)
#   Decrease number of Java threads
#   Decrease Java thread stack sizes (-Xss)
#   Set larger code cache with -XX:ReservedCodeCacheSize=
#   JVM is running with Unscaled Compressed Oops mode in which the Java heap is
#     placed in the first 4GB address space. The Java Heap base address is the
#     maximum limit for the native heap growth. Please use -XX:HeapBaseMinAddress
#     to set the Java Heap base and to place the Java Heap above 4GB virtual address.
# This output file may be truncated or incomplete.
#
#  Out of Memory Error (arena.cpp:191), pid=13428, tid=3648
#
# JRE version: OpenJDK Runtime Environment Temurin-17.0.11+9 (17.0.11+9) (build 17.0.11+9)
# Java VM: OpenJDK 64-Bit Server VM Temurin-17.0.11+9 (17.0.11+9, mixed mode, sharing, tiered, compressed oops, compressed class ptrs, g1 gc, windows-amd64)
# No core dump will be written. Minidumps are not enabled by default on client versions of Windows
#

---------------  S U M M A R Y ------------

Command Line: --add-opens=java.base/java.lang=ALL-UNNAMED --add-opens=java.base/java.lang.invoke=ALL-UNNAMED --add-opens=java.base/java.util=ALL-UNNAMED --add-opens=java.prefs/java.util.prefs=ALL-UNNAMED --add-exports=jdk.compiler/com.sun.tools.javac.api=ALL-UNNAMED --add-exports=jdk.compiler/com.sun.tools.javac.util=ALL-UNNAMED --add-opens=java.base/java.util=ALL-UNNAMED --add-opens=java.prefs/java.util.prefs=ALL-UNNAMED --add-opens=java.base/java.nio.charset=ALL-UNNAMED --add-opens=java.base/java.net=ALL-UNNAMED --add-opens=java.base/java.util.concurrent=ALL-UNNAMED --add-opens=java.base/java.util.concurrent.atomic=ALL-UNNAMED --add-opens=java.xml/javax.xml.namespace=ALL-UNNAMED -XX:MaxMetaspaceSize=512m -Xmx2048m -Dfile.encoding=windows-1252 -Duser.country=US -Duser.language=en -Duser.variant -javaagent:C:\Users\dadig\.gradle\wrapper\dists\gradle-9.0.0-bin\d6wjpkvcgsg3oed0qlfss3wgl\gradle-9.0.0\lib\agents\gradle-instrumentation-agent-9.0.0.jar org.gradle.launcher.daemon.bootstrap.GradleDaemon 9.0.0

Host: AMD Ryzen 3 3250U with Radeon Graphics         , 4 cores, 3G,  Windows 11 , 64 bit Build 26100 (10.0.26100.7309)
Time: Wed Dec 31 22:24:06 2025 India Standard Time elapsed time: 107.591021 seconds (0d 0h 1m 47s)

---------------  T H R E A D  ---------------

Current thread (0x000001107833b6a0):  JavaThread "C2 CompilerThread0" daemon [_thread_in_native, id=3648, stack(0x0000000d6e500000,0x0000000d6e600000)]


Current CompileTask:
C2: 107591 11044       4       org.gradle.internal.logging.text.AbstractLineChoppingStyledTextOutput::doAppend (43 bytes)

Stack: [0x0000000d6e500000,0x0000000d6e600000]
Native frames: (J=compiled Java code, j=interpreted, Vv=VM code, C=native code)
V  [jvm.dll+0x67d429]
V  [jvm.dll+0x834b7a]
V  [jvm.dll+0x83663e]
V  [jvm.dll+0x836ca3]
V  [jvm.dll+0x247dbf]
V  [jvm.dll+0xac534]
V  [jvm.dll+0xacb7c]
V  [jvm.dll+0x3665f2]
V  [jvm.dll+0x330bba]
V  [jvm.dll+0x33005a]
V  [jvm.dll+0x21a471]
V  [jvm.dll+0x2198b1]
V  [jvm.dll+0x1a534d]
V  [jvm.dll+0x2295cd]
V  [jvm.dll+0x22779c]
V  [jvm.dll+0x7e9d07]
V  [jvm.dll+0x7e410a]
V  [jvm.dll+0x67c315]
C  [ucrtbase.dll+0x37b0]
C  [KERNEL32.DLL+0x2e8d7]
C  [ntdll.dll+0x8c53c]


---------------  P R O C E S S  ---------------

Threads class SMR info:
_java_thread_list=0x000001101c8d02e0, length=52, elements={
0x000001105a7803f0, 0x0000011078319600, 0x000001107831ac40, 0x00000110783321a0,
0x0000011078336a90, 0x0000011078337360, 0x0000011078337c30, 0x000001107833b6a0,
0x000001107833cbd0, 0x0000011078340c00, 0x0000011078305bf0, 0x000001107864d2d0,
0x000001107dbbe840, 0x000001107d0f7090, 0x000001107d037b70, 0x000001107d795660,
0x000001107e5e8440, 0x000001107870ddb0, 0x000001107e323390, 0x000001107e3238a0,
0x000001107e323db0, 0x000001107e321a40, 0x000001107e322e80, 0x000001107e321f50,
0x000001107e322460, 0x000001107e320600, 0x000001107e320b10, 0x000001107e321020,
0x000001107e321530, 0x000001107e322970, 0x000001107f76cdc0, 0x000001107f76c8b0,
0x000001107f76e200, 0x000001107f76aa50, 0x000001107f76d7e0, 0x000001107f76d2d0,
0x000001107f76af60, 0x000001107f76b980, 0x000001107f76e710, 0x000001107f76ec20,
0x000001107f76be90, 0x000001107f76b470, 0x000001107f76f640, 0x000001107f76f130,
0x000001107f76fb50, 0x000001107f76c3a0, 0x000001107f770060, 0x000001107f771ec0,
0x000001107f770570, 0x000001107f770a80, 0x000001107f7719b0, 0x000001107f7714a0
}

Java Threads: ( => current thread )
  0x000001105a7803f0 JavaThread "main" [_thread_blocked, id=3048, stack(0x0000000d6d800000,0x0000000d6d900000)]
  0x0000011078319600 JavaThread "Reference Handler" daemon [_thread_blocked, id=9564, stack(0x0000000d6df00000,0x0000000d6e000000)]
  0x000001107831ac40 JavaThread "Finalizer" daemon [_thread_blocked, id=17748, stack(0x0000000d6e000000,0x0000000d6e100000)]
  0x00000110783321a0 JavaThread "Signal Dispatcher" daemon [_thread_blocked, id=16848, stack(0x0000000d6e100000,0x0000000d6e200000)]
  0x0000011078336a90 JavaThread "Attach Listener" daemon [_thread_blocked, id=3584, stack(0x0000000d6e200000,0x0000000d6e300000)]
  0x0000011078337360 JavaThread "Service Thread" daemon [_thread_blocked, id=13228, stack(0x0000000d6e300000,0x0000000d6e400000)]
  0x0000011078337c30 JavaThread "Monitor Deflation Thread" daemon [_thread_blocked, id=16936, stack(0x0000000d6e400000,0x0000000d6e500000)]
=>0x000001107833b6a0 JavaThread "C2 CompilerThread0" daemon [_thread_in_native, id=3648, stack(0x0000000d6e500000,0x0000000d6e600000)]
  0x000001107833cbd0 JavaThread "C1 CompilerThread0" daemon [_thread_blocked, id=5524, stack(0x0000000d6e600000,0x0000000d6e700000)]
  0x0000011078340c00 JavaThread "Sweeper thread" daemon [_thread_blocked, id=8464, stack(0x0000000d6e700000,0x0000000d6e800000)]
  0x0000011078305bf0 JavaThread "Common-Cleaner" daemon [_thread_blocked, id=17180, stack(0x0000000d6e800000,0x0000000d6e900000)]
  0x000001107864d2d0 JavaThread "Notification Thread" daemon [_thread_blocked, id=14384, stack(0x0000000d6e900000,0x0000000d6ea00000)]
  0x000001107dbbe840 JavaThread "Daemon health stats" [_thread_blocked, id=9516, stack(0x0000000d6ee00000,0x0000000d6ef00000)]
  0x000001107d0f7090 JavaThread "Incoming local TCP Connector on port 61565" [_thread_in_native, id=14452, stack(0x0000000d6ef00000,0x0000000d6f000000)]
  0x000001107d037b70 JavaThread "Daemon periodic checks" [_thread_blocked, id=12836, stack(0x0000000d6f000000,0x0000000d6f100000)]
  0x000001107d795660 JavaThread "Daemon" [_thread_blocked, id=11676, stack(0x0000000d6f100000,0x0000000d6f200000)]
  0x000001107e5e8440 JavaThread "Handler for socket connection from /127.0.0.1:61565 to /127.0.0.1:61566" [_thread_in_native, id=11192, stack(0x0000000d6f200000,0x0000000d6f300000)]
  0x000001107870ddb0 JavaThread "Cancel handler" [_thread_blocked, id=2008, stack(0x0000000d6f300000,0x0000000d6f400000)]
  0x000001107e323390 JavaThread "Daemon worker" [_thread_in_native, id=16492, stack(0x0000000d6f400000,0x0000000d6f500000)]
  0x000001107e3238a0 JavaThread "Asynchronous log dispatcher for DefaultDaemonConnection: socket connection from /127.0.0.1:61565 to /127.0.0.1:61566" [_thread_blocked, id=14248, stack(0x0000000d6f500000,0x0000000d6f600000)]
  0x000001107e323db0 JavaThread "Stdin handler" [_thread_blocked, id=3936, stack(0x0000000d6f600000,0x0000000d6f700000)]
  0x000001107e321a40 JavaThread "Daemon client event forwarder" [_thread_blocked, id=15824, stack(0x0000000d6f700000,0x0000000d6f800000)]
  0x000001107e322e80 JavaThread "Cache worker for journal cache (C:\Users\dadig\.gradle\caches\journal-1)" [_thread_blocked, id=13836, stack(0x0000000d6f800000,0x0000000d6f900000)]
  0x000001107e321f50 JavaThread "File lock request listener" [_thread_in_native, id=16588, stack(0x0000000d6f900000,0x0000000d6fa00000)]
  0x000001107e322460 JavaThread "Cache worker for file hash cache (C:\Users\dadig\.gradle\caches\9.0.0\fileHashes)" [_thread_blocked, id=3076, stack(0x0000000d6fa00000,0x0000000d6fb00000)]
  0x000001107e320600 JavaThread "Cache worker for file hash cache (C:\Users\dadig\OneDrive\Desktop\Ganesh_Project\VYBE\android\.gradle\9.0.0\fileHashes)" [_thread_blocked, id=3004, stack(0x0000000d6fb00000,0x0000000d6fc00000)]
  0x000001107e320b10 JavaThread "Cache worker for Build Output Cleanup Cache (C:\Users\dadig\OneDrive\Desktop\Ganesh_Project\VYBE\android\.gradle\buildOutputCleanup)" [_thread_blocked, id=8156, stack(0x0000000d6fc00000,0x0000000d6fd00000)]
  0x000001107e321020 JavaThread "File lock release action executor" [_thread_blocked, id=16044, stack(0x0000000d6fd00000,0x0000000d6fe00000)]
  0x000001107e321530 JavaThread "File watcher server" daemon [_thread_in_native, id=904, stack(0x0000000d6fe00000,0x0000000d6ff00000)]
  0x000001107e322970 JavaThread "File watcher consumer" daemon [_thread_blocked, id=15084, stack(0x0000000d6ff00000,0x0000000d70000000)]
  0x000001107f76cdc0 JavaThread "Cache worker for checksums cache (C:\Users\dadig\OneDrive\Desktop\Ganesh_Project\VYBE\android\.gradle\9.0.0\checksums)" [_thread_blocked, id=18268, stack(0x0000000d70000000,0x0000000d70100000)]
  0x000001107f76c8b0 JavaThread "Cache worker for file content cache (C:\Users\dadig\.gradle\caches\9.0.0\fileContent)" [_thread_blocked, id=3640, stack(0x0000000d70100000,0x0000000d70200000)]
  0x000001107f76e200 JavaThread "Cache worker for cache directory md-supplier (C:\Users\dadig\.gradle\caches\9.0.0\md-supplier)" [_thread_blocked, id=16232, stack(0x0000000d70200000,0x0000000d70300000)]
  0x000001107f76aa50 JavaThread "Cache worker for cache directory md-rule (C:\Users\dadig\.gradle\caches\9.0.0\md-rule)" [_thread_blocked, id=14768, stack(0x0000000d70300000,0x0000000d70400000)]
  0x000001107f76d7e0 JavaThread "jar transforms" [_thread_blocked, id=16924, stack(0x0000000d70400000,0x0000000d70500000)]
  0x000001107f76d2d0 JavaThread "Cache worker for Build Output Cleanup Cache (C:\Users\dadig\OneDrive\Desktop\Ganesh_Project\VYBE\node_modules\@react-native\gradle-plugin\.gradle\buildOutputCleanup)" [_thread_blocked, id=16288, stack(0x0000000d70500000,0x0000000d70600000)]
  0x000001107f76af60 JavaThread "Unconstrained build operations" [_thread_blocked, id=16120, stack(0x0000000d70800000,0x0000000d70900000)]
  0x000001107f76b980 JavaThread "Unconstrained build operations Thread 2" [_thread_blocked, id=17976, stack(0x0000000d70900000,0x0000000d70a00000)]
  0x000001107f76e710 JavaThread "Unconstrained build operations Thread 3" [_thread_blocked, id=16116, stack(0x0000000d70a00000,0x0000000d70b00000)]
  0x000001107f76ec20 JavaThread "Unconstrained build operations Thread 4" [_thread_blocked, id=3008, stack(0x0000000d70b00000,0x0000000d70c00000)]
  0x000001107f76be90 JavaThread "Unconstrained build operations Thread 5" [_thread_blocked, id=14116, stack(0x0000000d70c00000,0x0000000d70d00000)]
  0x000001107f76b470 JavaThread "Unconstrained build operations Thread 6" [_thread_blocked, id=19100, stack(0x0000000d70d00000,0x0000000d70e00000)]
  0x000001107f76f640 JavaThread "Unconstrained build operations Thread 7" [_thread_blocked, id=15316, stack(0x0000000d70e00000,0x0000000d70f00000)]
  0x000001107f76f130 JavaThread "Unconstrained build operations Thread 8" [_thread_blocked, id=13080, stack(0x0000000d70f00000,0x0000000d71000000)]
  0x000001107f76fb50 JavaThread "Unconstrained build operations Thread 9" [_thread_blocked, id=14200, stack(0x0000000d71000000,0x0000000d71100000)]
  0x000001107f76c3a0 JavaThread "Unconstrained build operations Thread 10" [_thread_blocked, id=17588, stack(0x0000000d71100000,0x0000000d71200000)]
  0x000001107f770060 JavaThread "Unconstrained build operations Thread 11" [_thread_blocked, id=8416, stack(0x0000000d71200000,0x0000000d71300000)]
  0x000001107f771ec0 JavaThread "Unconstrained build operations Thread 12" [_thread_blocked, id=2760, stack(0x0000000d71300000,0x0000000d71400000)]
  0x000001107f770570 JavaThread "Unconstrained build operations Thread 13" [_thread_blocked, id=12196, stack(0x0000000d71400000,0x0000000d71500000)]
  0x000001107f770a80 JavaThread "Unconstrained build operations Thread 14" [_thread_blocked, id=8904, stack(0x0000000d71500000,0x0000000d71600000)]
  0x000001107f7719b0 JavaThread "Unconstrained build operations Thread 15" [_thread_blocked, id=2636, stack(0x0000000d71600000,0x0000000d71700000)]
  0x000001107f7714a0 JavaThread "Kotlin DSL Writer" [_thread_blocked, id=2340, stack(0x0000000d6d500000,0x0000000d6d600000)]

Other Threads:
  0x00000110783159a0 VMThread "VM Thread" [stack: 0x0000000d6de00000,0x0000000d6df00000] [id=14264]
  0x00000110785b9fc0 WatcherThread [stack: 0x0000000d6ea00000,0x0000000d6eb00000] [id=16364]
  0x000001105a7de020 GCTaskThread "GC Thread#0" [stack: 0x0000000d6d900000,0x0000000d6da00000] [id=19444]
  0x00000110786c1760 GCTaskThread "GC Thread#1" [stack: 0x0000000d6eb00000,0x0000000d6ec00000] [id=17648]
  0x00000110786c25b0 GCTaskThread "GC Thread#2" [stack: 0x0000000d6ec00000,0x0000000d6ed00000] [id=10092]
  0x000001107d7e8450 GCTaskThread "GC Thread#3" [stack: 0x0000000d6ed00000,0x0000000d6ee00000] [id=3080]
  0x000001105a7f02f0 ConcurrentGCThread "G1 Main Marker" [stack: 0x0000000d6da00000,0x0000000d6db00000] [id=10480]
  0x000001105a7f18f0 ConcurrentGCThread "G1 Conc#0" [stack: 0x0000000d6db00000,0x0000000d6dc00000] [id=11832]
  0x000001105a82be40 ConcurrentGCThread "G1 Refine#0" [stack: 0x0000000d6dc00000,0x0000000d6dd00000] [id=68]
  0x000001107e4e9990 ConcurrentGCThread "G1 Refine#1" [stack: 0x0000000d6d600000,0x0000000d6d700000] [id=1752]
  0x000001107e4e9f70 ConcurrentGCThread "G1 Refine#2" [stack: 0x0000000d6d700000,0x0000000d6d800000] [id=256]
  0x000001107e4e7c30 ConcurrentGCThread "G1 Refine#3" [stack: 0x0000000d71700000,0x0000000d71800000] [id=15760]
  0x000001105a82c780 ConcurrentGCThread "G1 Service" [stack: 0x0000000d6dd00000,0x0000000d6de00000] [id=12444]

Threads with active compile tasks:
C2 CompilerThread0   107740 11044       4       org.gradle.internal.logging.text.AbstractLineChoppingStyledTextOutput::doAppend (43 bytes)

VM state: not at safepoint (normal execution)

VM Mutex/Monitor currently owned by a thread: None

Heap address: 0x0000000080000000, size: 2048 MB, Compressed Oops mode: 32-bit

CDS archive(s) mapped at: [0x0000011000000000-0x0000011000bb0000-0x0000011000bb0000), size 12255232, SharedBaseAddress: 0x0000011000000000, ArchiveRelocationMode: 1.
Compressed class space mapped at: 0x0000011001000000-0x000001101b000000, reserved size: 436207616
Narrow klass base: 0x0000011000000000, Narrow klass shift: 0, Narrow klass range: 0x100000000

GC Precious Log:
 CPUs: 4 total, 4 available
 Memory: 3526M
 Large Page Support: Disabled
 NUMA Support: Disabled
 Compressed Oops: Enabled (32-bit)
 Heap Region Size: 1M
 Heap Min Capacity: 8M
 Heap Initial Capacity: 56M
 Heap Max Capacity: 2G
 Pre-touch: Disabled
 Parallel Workers: 4
 Concurrent Workers: 1
 Concurrent Refinement Workers: 4
 Periodic GC: Disabled

Heap:
 garbage-first heap   total 209920K, used 154199K [0x0000000080000000, 0x0000000100000000)
  region size 1024K, 47 young (48128K), 5 survivors (5120K)
 Metaspace       used 115927K, committed 116800K, reserved 557056K
  class space    used 15026K, committed 15424K, reserved 425984K

Heap Regions: E=young(eden), S=young(survivor), O=old, HS=humongous(starts), HC=humongous(continues), CS=collection set, F=free, OA=open archive, CA=closed archive, TAMS=top-at-mark-start (previous, next)
|   0|0x0000000080000000, 0x0000000080100000, 0x0000000080100000|100%|HS|  |TAMS 0x0000000080100000, 0x0000000080000000| Complete 
|   1|0x0000000080100000, 0x0000000080200000, 0x0000000080200000|100%|HC|  |TAMS 0x0000000080200000, 0x0000000080100000| Complete 
|   2|0x0000000080200000, 0x0000000080300000, 0x0000000080300000|100%|HC|  |TAMS 0x0000000080300000, 0x0000000080200000| Complete 
|   3|0x0000000080300000, 0x0000000080400000, 0x0000000080400000|100%| O|  |TAMS 0x0000000080400000, 0x0000000080300000| Untracked 
|   4|0x0000000080400000, 0x0000000080500000, 0x0000000080500000|100%| O|  |TAMS 0x0000000080500000, 0x0000000080400000| Untracked 
|   5|0x0000000080500000, 0x0000000080600000, 0x0000000080600000|100%| O|  |TAMS 0x0000000080600000, 0x0000000080500000| Untracked 
|   6|0x0000000080600000, 0x0000000080700000, 0x0000000080700000|100%| O|  |TAMS 0x0000000080700000, 0x0000000080600000| Untracked 
|   7|0x0000000080700000, 0x0000000080800000, 0x0000000080800000|100%|HS|  |TAMS 0x0000000080800000, 0x0000000080700000| Complete 
|   8|0x0000000080800000, 0x0000000080900000, 0x0000000080900000|100%| O|  |TAMS 0x0000000080900000, 0x0000000080800000| Untracked 
|   9|0x0000000080900000, 0x0000000080a00000, 0x0000000080a00000|100%| O|  |TAMS 0x0000000080a00000, 0x0000000080900000| Untracked 
|  10|0x0000000080a00000, 0x0000000080b00000, 0x0000000080b00000|100%| O|  |TAMS 0x0000000080b00000, 0x0000000080a00000| Untracked 
|  11|0x0000000080b00000, 0x0000000080c00000, 0x0000000080c00000|100%| O|  |TAMS 0x0000000080c00000, 0x0000000080b00000| Untracked 
|  12|0x0000000080c00000, 0x0000000080d00000, 0x0000000080d00000|100%| O|  |TAMS 0x0000000080d00000, 0x0000000080c00000| Untracked 
|  13|0x0000000080d00000, 0x0000000080e00000, 0x0000000080e00000|100%| O|  |TAMS 0x0000000080e00000, 0x0000000080d00000| Untracked 
|  14|0x0000000080e00000, 0x0000000080f00000, 0x0000000080f00000|100%| O|  |TAMS 0x0000000080f00000, 0x0000000080e00000| Untracked 
|  15|0x0000000080f00000, 0x0000000081000000, 0x0000000081000000|100%| O|  |TAMS 0x0000000081000000, 0x0000000080f00000| Untracked 
|  16|0x0000000081000000, 0x0000000081100000, 0x0000000081100000|100%| O|  |TAMS 0x0000000081100000, 0x0000000081000000| Untracked 
|  17|0x0000000081100000, 0x0000000081200000, 0x0000000081200000|100%| O|  |TAMS 0x0000000081200000, 0x0000000081100000| Untracked 
|  18|0x0000000081200000, 0x0000000081300000, 0x0000000081300000|100%| O|  |TAMS 0x0000000081300000, 0x0000000081200000| Untracked 
|  19|0x0000000081300000, 0x0000000081400000, 0x0000000081400000|100%| O|  |TAMS 0x0000000081400000, 0x0000000081300000| Untracked 
|  20|0x0000000081400000, 0x0000000081500000, 0x0000000081500000|100%| O|  |TAMS 0x0000000081500000, 0x0000000081400000| Untracked 
|  21|0x0000000081500000, 0x0000000081600000, 0x0000000081600000|100%| O|  |TAMS 0x0000000081600000, 0x0000000081500000| Untracked 
|  22|0x0000000081600000, 0x0000000081700000, 0x0000000081700000|100%| O|  |TAMS 0x0000000081700000, 0x0000000081600000| Untracked 
|  23|0x0000000081700000, 0x0000000081800000, 0x0000000081800000|100%| O|  |TAMS 0x0000000081800000, 0x0000000081700000| Untracked 
|  24|0x0000000081800000, 0x0000000081900000, 0x0000000081900000|100%| O|  |TAMS 0x0000000081900000, 0x0000000081800000| Untracked 
|  25|0x0000000081900000, 0x0000000081a00000, 0x0000000081a00000|100%| O|  |TAMS 0x0000000081a00000, 0x0000000081900000| Untracked 
|  26|0x0000000081a00000, 0x0000000081b00000, 0x0000000081b00000|100%| O|  |TAMS 0x0000000081b00000, 0x0000000081a00000| Untracked 
|  27|0x0000000081b00000, 0x0000000081c00000, 0x0000000081c00000|100%| O|  |TAMS 0x0000000081c00000, 0x0000000081b00000| Untracked 
|  28|0x0000000081c00000, 0x0000000081d00000, 0x0000000081d00000|100%| O|  |TAMS 0x0000000081d00000, 0x0000000081c00000| Untracked 
|  29|0x0000000081d00000, 0x0000000081e00000, 0x0000000081e00000|100%| O|  |TAMS 0x0000000081e00000, 0x0000000081d00000| Untracked 
|  30|0x0000000081e00000, 0x0000000081f00000, 0x0000000081f00000|100%| O|  |TAMS 0x0000000081f00000, 0x0000000081e00000| Untracked 
|  31|0x0000000081f00000, 0x0000000082000000, 0x0000000082000000|100%| O|  |TAMS 0x0000000082000000, 0x0000000081f00000| Untracked 
|  32|0x0000000082000000, 0x0000000082100000, 0x0000000082100000|100%| O|  |TAMS 0x0000000082100000, 0x0000000082000000| Untracked 
|  33|0x0000000082100000, 0x0000000082200000, 0x0000000082200000|100%| O|  |TAMS 0x0000000082200000, 0x0000000082100000| Untracked 
|  34|0x0000000082200000, 0x0000000082300000, 0x0000000082300000|100%| O|  |TAMS 0x0000000082300000, 0x0000000082200000| Untracked 
|  35|0x0000000082300000, 0x0000000082400000, 0x0000000082400000|100%| O|  |TAMS 0x0000000082400000, 0x0000000082300000| Untracked 
|  36|0x0000000082400000, 0x0000000082500000, 0x0000000082500000|100%| O|  |TAMS 0x0000000082500000, 0x0000000082400000| Untracked 
|  37|0x0000000082500000, 0x0000000082600000, 0x0000000082600000|100%|HS|  |TAMS 0x0000000082600000, 0x0000000082500000| Complete 
|  38|0x0000000082600000, 0x0000000082700000, 0x0000000082700000|100%|HC|  |TAMS 0x0000000082700000, 0x0000000082600000| Complete 
|  39|0x0000000082700000, 0x0000000082800000, 0x0000000082800000|100%|HC|  |TAMS 0x0000000082800000, 0x0000000082700000| Complete 
|  40|0x0000000082800000, 0x0000000082900000, 0x0000000082900000|100%| O|  |TAMS 0x0000000082900000, 0x0000000082800000| Untracked 
|  41|0x0000000082900000, 0x0000000082a00000, 0x0000000082a00000|100%|HS|  |TAMS 0x0000000082a00000, 0x0000000082900000| Complete 
|  42|0x0000000082a00000, 0x0000000082b00000, 0x0000000082b00000|100%|HC|  |TAMS 0x0000000082b00000, 0x0000000082a00000| Complete 
|  43|0x0000000082b00000, 0x0000000082c00000, 0x0000000082c00000|100%|HC|  |TAMS 0x0000000082c00000, 0x0000000082b00000| Complete 
|  44|0x0000000082c00000, 0x0000000082d00000, 0x0000000082d00000|100%| O|  |TAMS 0x0000000082d00000, 0x0000000082c00000| Untracked 
|  45|0x0000000082d00000, 0x0000000082e00000, 0x0000000082e00000|100%| O|  |TAMS 0x0000000082e00000, 0x0000000082d00000| Untracked 
|  46|0x0000000082e00000, 0x0000000082f00000, 0x0000000082f00000|100%| O|  |TAMS 0x0000000082f00000, 0x0000000082e00000| Untracked 
|  47|0x0000000082f00000, 0x0000000083000000, 0x0000000083000000|100%| O|  |TAMS 0x0000000083000000, 0x0000000082f00000| Untracked 
|  48|0x0000000083000000, 0x0000000083100000, 0x0000000083100000|100%| O|  |TAMS 0x0000000083100000, 0x0000000083000000| Untracked 
|  49|0x0000000083100000, 0x0000000083200000, 0x0000000083200000|100%| O|  |TAMS 0x0000000083200000, 0x0000000083100000| Untracked 
|  50|0x0000000083200000, 0x0000000083300000, 0x0000000083300000|100%| O|  |TAMS 0x0000000083300000, 0x0000000083200000| Untracked 
|  51|0x0000000083300000, 0x0000000083400000, 0x0000000083400000|100%| O|  |TAMS 0x0000000083400000, 0x0000000083300000| Untracked 
|  52|0x0000000083400000, 0x0000000083500000, 0x0000000083500000|100%| O|  |TAMS 0x0000000083500000, 0x0000000083400000| Untracked 
|  53|0x0000000083500000, 0x0000000083600000, 0x0000000083600000|100%| O|  |TAMS 0x0000000083600000, 0x0000000083500000| Untracked 
|  54|0x0000000083600000, 0x0000000083700000, 0x0000000083700000|100%| O|  |TAMS 0x0000000083700000, 0x0000000083600000| Untracked 
|  55|0x0000000083700000, 0x0000000083800000, 0x0000000083800000|100%| O|  |TAMS 0x0000000083800000, 0x0000000083700000| Untracked 
|  56|0x0000000083800000, 0x0000000083900000, 0x0000000083900000|100%| O|  |TAMS 0x0000000083900000, 0x0000000083800000| Untracked 
|  57|0x0000000083900000, 0x0000000083a00000, 0x0000000083a00000|100%| O|  |TAMS 0x0000000083a00000, 0x0000000083900000| Untracked 
|  58|0x0000000083a00000, 0x0000000083b00000, 0x0000000083b00000|100%| O|  |TAMS 0x0000000083b00000, 0x0000000083a00000| Untracked 
|  59|0x0000000083b00000, 0x0000000083c00000, 0x0000000083c00000|100%| O|  |TAMS 0x0000000083c00000, 0x0000000083b00000| Untracked 
|  60|0x0000000083c00000, 0x0000000083d00000, 0x0000000083d00000|100%| O|  |TAMS 0x0000000083d00000, 0x0000000083c00000| Untracked 
|  61|0x0000000083d00000, 0x0000000083e00000, 0x0000000083e00000|100%| O|  |TAMS 0x0000000083e00000, 0x0000000083d00000| Untracked 
|  62|0x0000000083e00000, 0x0000000083f00000, 0x0000000083f00000|100%| O|  |TAMS 0x0000000083f00000, 0x0000000083e00000| Untracked 
|  63|0x0000000083f00000, 0x0000000084000000, 0x0000000084000000|100%| O|  |TAMS 0x0000000084000000, 0x0000000083f00000| Untracked 
|  64|0x0000000084000000, 0x0000000084100000, 0x0000000084100000|100%| O|  |TAMS 0x0000000084100000, 0x0000000084000000| Untracked 
|  65|0x0000000084100000, 0x0000000084200000, 0x0000000084200000|100%| O|  |TAMS 0x0000000084200000, 0x0000000084100000| Untracked 
|  66|0x0000000084200000, 0x0000000084300000, 0x0000000084300000|100%| O|  |TAMS 0x0000000084300000, 0x0000000084200000| Untracked 
|  67|0x0000000084300000, 0x0000000084400000, 0x0000000084400000|100%| O|  |TAMS 0x0000000084400000, 0x0000000084300000| Untracked 
|  68|0x0000000084400000, 0x0000000084500000, 0x0000000084500000|100%| O|  |TAMS 0x0000000084500000, 0x0000000084400000| Untracked 
|  69|0x0000000084500000, 0x0000000084600000, 0x0000000084600000|100%| O|  |TAMS 0x0000000084600000, 0x0000000084500000| Untracked 
|  70|0x0000000084600000, 0x0000000084700000, 0x0000000084700000|100%|HS|  |TAMS 0x0000000084700000, 0x0000000084600000| Complete 
|  71|0x0000000084700000, 0x0000000084800000, 0x0000000084800000|100%| O|  |TAMS 0x0000000084800000, 0x0000000084700000| Untracked 
|  72|0x0000000084800000, 0x0000000084900000, 0x0000000084900000|100%| O|  |TAMS 0x0000000084900000, 0x0000000084800000| Untracked 
|  73|0x0000000084900000, 0x0000000084a00000, 0x0000000084a00000|100%| O|  |TAMS 0x0000000084a00000, 0x0000000084900000| Untracked 
|  74|0x0000000084a00000, 0x0000000084b00000, 0x0000000084b00000|100%| O|  |TAMS 0x0000000084b00000, 0x0000000084a00000| Untracked 
|  75|0x0000000084b00000, 0x0000000084b00000, 0x0000000084c00000|  0%| F|  |TAMS 0x0000000084b00000, 0x0000000084b00000| Untracked 
|  76|0x0000000084c00000, 0x0000000084d00000, 0x0000000084d00000|100%| O|  |TAMS 0x0000000084d00000, 0x0000000084c00000| Untracked 
|  77|0x0000000084d00000, 0x0000000084e00000, 0x0000000084e00000|100%| O|  |TAMS 0x0000000084e00000, 0x0000000084d00000| Untracked 
|  78|0x0000000084e00000, 0x0000000084f00000, 0x0000000084f00000|100%| O|  |TAMS 0x0000000084f00000, 0x0000000084e00000| Untracked 
|  79|0x0000000084f00000, 0x0000000085000000, 0x0000000085000000|100%| O|  |TAMS 0x0000000085000000, 0x0000000084f00000| Untracked 
|  80|0x0000000085000000, 0x0000000085100000, 0x0000000085100000|100%| O|  |TAMS 0x0000000085100000, 0x0000000085000000| Untracked 
|  81|0x0000000085100000, 0x0000000085200000, 0x0000000085200000|100%| O|  |TAMS 0x0000000085200000, 0x0000000085100000| Untracked 
|  82|0x0000000085200000, 0x0000000085300000, 0x0000000085300000|100%| O|  |TAMS 0x0000000085300000, 0x0000000085200000| Untracked 
|  83|0x0000000085300000, 0x0000000085400000, 0x0000000085400000|100%| O|  |TAMS 0x0000000085400000, 0x0000000085300000| Untracked 
|  84|0x0000000085400000, 0x0000000085500000, 0x0000000085500000|100%| O|  |TAMS 0x0000000085500000, 0x0000000085400000| Untracked 
|  85|0x0000000085500000, 0x0000000085600000, 0x0000000085600000|100%| O|  |TAMS 0x0000000085600000, 0x0000000085500000| Untracked 
|  86|0x0000000085600000, 0x0000000085700000, 0x0000000085700000|100%| O|  |TAMS 0x0000000085700000, 0x0000000085600000| Untracked 
|  87|0x0000000085700000, 0x0000000085800000, 0x0000000085800000|100%| O|  |TAMS 0x0000000085800000, 0x0000000085700000| Untracked 
|  88|0x0000000085800000, 0x0000000085900000, 0x0000000085900000|100%| O|  |TAMS 0x0000000085900000, 0x0000000085800000| Untracked 
|  89|0x0000000085900000, 0x0000000085a00000, 0x0000000085a00000|100%| O|  |TAMS 0x0000000085a00000, 0x0000000085900000| Untracked 
|  90|0x0000000085a00000, 0x0000000085b00000, 0x0000000085b00000|100%| O|  |TAMS 0x0000000085b00000, 0x0000000085a00000| Untracked 
|  91|0x0000000085b00000, 0x0000000085c00000, 0x0000000085c00000|100%| O|  |TAMS 0x0000000085c00000, 0x0000000085b00000| Untracked 
|  92|0x0000000085c00000, 0x0000000085d00000, 0x0000000085d00000|100%| O|  |TAMS 0x0000000085d00000, 0x0000000085c00000| Untracked 
|  93|0x0000000085d00000, 0x0000000085e00000, 0x0000000085e00000|100%| O|  |TAMS 0x0000000085e00000, 0x0000000085d00000| Untracked 
|  94|0x0000000085e00000, 0x0000000085f00000, 0x0000000085f00000|100%| O|  |TAMS 0x0000000085f00000, 0x0000000085e00000| Untracked 
|  95|0x0000000085f00000, 0x0000000086000000, 0x0000000086000000|100%| O|  |TAMS 0x0000000086000000, 0x0000000085f00000| Untracked 
|  96|0x0000000086000000, 0x0000000086100000, 0x0000000086100000|100%| O|  |TAMS 0x0000000086100000, 0x0000000086000000| Untracked 
|  97|0x0000000086100000, 0x0000000086200000, 0x0000000086200000|100%| O|  |TAMS 0x0000000086200000, 0x0000000086100000| Complete 
|  98|0x0000000086200000, 0x0000000086300000, 0x0000000086300000|100%| O|  |TAMS 0x0000000086300000, 0x0000000086200000| Complete 
|  99|0x0000000086300000, 0x0000000086400000, 0x0000000086400000|100%| O|  |TAMS 0x0000000086400000, 0x0000000086300000| Untracked 
| 100|0x0000000086400000, 0x0000000086500000, 0x0000000086500000|100%| O|  |TAMS 0x0000000086500000, 0x0000000086400000| Untracked 
| 101|0x0000000086500000, 0x0000000086600000, 0x0000000086600000|100%| O|  |TAMS 0x0000000086600000, 0x0000000086500000| Untracked 
| 102|0x0000000086600000, 0x0000000086700000, 0x0000000086700000|100%| O|  |TAMS 0x0000000086700000, 0x0000000086600000| Untracked 
| 103|0x0000000086700000, 0x0000000086800000, 0x0000000086800000|100%| O|  |TAMS 0x0000000086800000, 0x0000000086700000| Untracked 
| 104|0x0000000086800000, 0x0000000086900000, 0x0000000086900000|100%| O|  |TAMS 0x0000000086900000, 0x0000000086800000| Untracked 
| 105|0x0000000086900000, 0x0000000086a00000, 0x0000000086a00000|100%| O|  |TAMS 0x0000000086a00000, 0x0000000086900000| Untracked 
| 106|0x0000000086a00000, 0x0000000086a6ea00, 0x0000000086b00000| 43%| O|  |TAMS 0x0000000086a6ea00, 0x0000000086a00000| Untracked 
| 107|0x0000000086b00000, 0x0000000086b00000, 0x0000000086c00000|  0%| F|  |TAMS 0x0000000086b00000, 0x0000000086b00000| Untracked 
| 108|0x0000000086c00000, 0x0000000086c00000, 0x0000000086d00000|  0%| F|  |TAMS 0x0000000086c00000, 0x0000000086c00000| Untracked 
| 109|0x0000000086d00000, 0x0000000086d00000, 0x0000000086e00000|  0%| F|  |TAMS 0x0000000086d00000, 0x0000000086d00000| Untracked 
| 110|0x0000000086e00000, 0x0000000086e00000, 0x0000000086f00000|  0%| F|  |TAMS 0x0000000086e00000, 0x0000000086e00000| Untracked 
| 111|0x0000000086f00000, 0x0000000086f00000, 0x0000000087000000|  0%| F|  |TAMS 0x0000000086f00000, 0x0000000086f00000| Untracked 
| 112|0x0000000087000000, 0x0000000087000000, 0x0000000087100000|  0%| F|  |TAMS 0x0000000087000000, 0x0000000087000000| Untracked 
| 113|0x0000000087100000, 0x0000000087100000, 0x0000000087200000|  0%| F|  |TAMS 0x0000000087100000, 0x0000000087100000| Untracked 
| 114|0x0000000087200000, 0x0000000087200000, 0x0000000087300000|  0%| F|  |TAMS 0x0000000087200000, 0x0000000087200000| Untracked 
| 115|0x0000000087300000, 0x0000000087300000, 0x0000000087400000|  0%| F|  |TAMS 0x0000000087300000, 0x0000000087300000| Untracked 
| 116|0x0000000087400000, 0x0000000087400000, 0x0000000087500000|  0%| F|  |TAMS 0x0000000087400000, 0x0000000087400000| Untracked 
| 117|0x0000000087500000, 0x0000000087500000, 0x0000000087600000|  0%| F|  |TAMS 0x0000000087500000, 0x0000000087500000| Untracked 
| 118|0x0000000087600000, 0x0000000087600000, 0x0000000087700000|  0%| F|  |TAMS 0x0000000087600000, 0x0000000087600000| Untracked 
| 119|0x0000000087700000, 0x0000000087700000, 0x0000000087800000|  0%| F|  |TAMS 0x0000000087700000, 0x0000000087700000| Untracked 
| 120|0x0000000087800000, 0x0000000087800000, 0x0000000087900000|  0%| F|  |TAMS 0x0000000087800000, 0x0000000087800000| Untracked 
| 121|0x0000000087900000, 0x0000000087900000, 0x0000000087a00000|  0%| F|  |TAMS 0x0000000087900000, 0x0000000087900000| Untracked 
| 122|0x0000000087a00000, 0x0000000087a00000, 0x0000000087b00000|  0%| F|  |TAMS 0x0000000087a00000, 0x0000000087a00000| Untracked 
| 123|0x0000000087b00000, 0x0000000087b00000, 0x0000000087c00000|  0%| F|  |TAMS 0x0000000087b00000, 0x0000000087b00000| Untracked 
| 124|0x0000000087c00000, 0x0000000087c00000, 0x0000000087d00000|  0%| F|  |TAMS 0x0000000087c00000, 0x0000000087c00000| Untracked 
| 125|0x0000000087d00000, 0x0000000087d00000, 0x0000000087e00000|  0%| F|  |TAMS 0x0000000087d00000, 0x0000000087d00000| Untracked 
| 126|0x0000000087e00000, 0x0000000087e00000, 0x0000000087f00000|  0%| F|  |TAMS 0x0000000087e00000, 0x0000000087e00000| Untracked 
| 127|0x0000000087f00000, 0x0000000087f00000, 0x0000000088000000|  0%| F|  |TAMS 0x0000000087f00000, 0x0000000087f00000| Untracked 
| 128|0x0000000088000000, 0x0000000088000000, 0x0000000088100000|  0%| F|  |TAMS 0x0000000088000000, 0x0000000088000000| Untracked 
| 129|0x0000000088100000, 0x0000000088100000, 0x0000000088200000|  0%| F|  |TAMS 0x0000000088100000, 0x0000000088100000| Untracked 
| 130|0x0000000088200000, 0x0000000088200000, 0x0000000088300000|  0%| F|  |TAMS 0x0000000088200000, 0x0000000088200000| Untracked 
| 131|0x0000000088300000, 0x0000000088300000, 0x0000000088400000|  0%| F|  |TAMS 0x0000000088300000, 0x0000000088300000| Untracked 
| 132|0x0000000088400000, 0x0000000088400000, 0x0000000088500000|  0%| F|  |TAMS 0x0000000088400000, 0x0000000088400000| Untracked 
| 133|0x0000000088500000, 0x0000000088500000, 0x0000000088600000|  0%| F|  |TAMS 0x0000000088500000, 0x0000000088500000| Untracked 
| 134|0x0000000088600000, 0x0000000088600000, 0x0000000088700000|  0%| F|  |TAMS 0x0000000088600000, 0x0000000088600000| Untracked 
| 135|0x0000000088700000, 0x0000000088700000, 0x0000000088800000|  0%| F|  |TAMS 0x0000000088700000, 0x0000000088700000| Untracked 
| 136|0x0000000088800000, 0x0000000088800000, 0x0000000088900000|  0%| F|  |TAMS 0x0000000088800000, 0x0000000088800000| Untracked 
| 137|0x0000000088900000, 0x0000000088900000, 0x0000000088a00000|  0%| F|  |TAMS 0x0000000088900000, 0x0000000088900000| Untracked 
| 138|0x0000000088a00000, 0x0000000088a00000, 0x0000000088b00000|  0%| F|  |TAMS 0x0000000088a00000, 0x0000000088a00000| Untracked 
| 139|0x0000000088b00000, 0x0000000088b275a0, 0x0000000088c00000| 15%| S|CS|TAMS 0x0000000088b00000, 0x0000000088b00000| Complete 
| 140|0x0000000088c00000, 0x0000000088d00000, 0x0000000088d00000|100%| S|CS|TAMS 0x0000000088c00000, 0x0000000088c00000| Complete 
| 141|0x0000000088d00000, 0x0000000088e00000, 0x0000000088e00000|100%| S|CS|TAMS 0x0000000088d00000, 0x0000000088d00000| Complete 
| 142|0x0000000088e00000, 0x0000000088f00000, 0x0000000088f00000|100%| S|CS|TAMS 0x0000000088e00000, 0x0000000088e00000| Complete 
| 143|0x0000000088f00000, 0x0000000089000000, 0x0000000089000000|100%| S|CS|TAMS 0x0000000088f00000, 0x0000000088f00000| Complete 
| 144|0x0000000089000000, 0x0000000089000000, 0x0000000089100000|  0%| F|  |TAMS 0x0000000089000000, 0x0000000089000000| Untracked 
| 145|0x0000000089100000, 0x0000000089100000, 0x0000000089200000|  0%| F|  |TAMS 0x0000000089100000, 0x0000000089100000| Untracked 
| 146|0x0000000089200000, 0x0000000089200000, 0x0000000089300000|  0%| F|  |TAMS 0x0000000089200000, 0x0000000089200000| Untracked 
| 147|0x0000000089300000, 0x0000000089300000, 0x0000000089400000|  0%| F|  |TAMS 0x0000000089300000, 0x0000000089300000| Untracked 
| 148|0x0000000089400000, 0x0000000089400000, 0x0000000089500000|  0%| F|  |TAMS 0x0000000089400000, 0x0000000089400000| Untracked 
| 149|0x0000000089500000, 0x0000000089500000, 0x0000000089600000|  0%| F|  |TAMS 0x0000000089500000, 0x0000000089500000| Untracked 
| 150|0x0000000089600000, 0x0000000089600000, 0x0000000089700000|  0%| F|  |TAMS 0x0000000089600000, 0x0000000089600000| Untracked 
| 151|0x0000000089700000, 0x0000000089700000, 0x0000000089800000|  0%| F|  |TAMS 0x0000000089700000, 0x0000000089700000| Untracked 
| 152|0x0000000089800000, 0x0000000089800000, 0x0000000089900000|  0%| F|  |TAMS 0x0000000089800000, 0x0000000089800000| Untracked 
| 153|0x0000000089900000, 0x0000000089900000, 0x0000000089a00000|  0%| F|  |TAMS 0x0000000089900000, 0x0000000089900000| Untracked 
| 154|0x0000000089a00000, 0x0000000089a00000, 0x0000000089b00000|  0%| F|  |TAMS 0x0000000089a00000, 0x0000000089a00000| Untracked 
| 155|0x0000000089b00000, 0x0000000089b00000, 0x0000000089c00000|  0%| F|  |TAMS 0x0000000089b00000, 0x0000000089b00000| Untracked 
| 156|0x0000000089c00000, 0x0000000089c00000, 0x0000000089d00000|  0%| F|  |TAMS 0x0000000089c00000, 0x0000000089c00000| Untracked 
| 157|0x0000000089d00000, 0x0000000089d00000, 0x0000000089e00000|  0%| F|  |TAMS 0x0000000089d00000, 0x0000000089d00000| Untracked 
| 158|0x0000000089e00000, 0x0000000089e00000, 0x0000000089f00000|  0%| F|  |TAMS 0x0000000089e00000, 0x0000000089e00000| Untracked 
| 159|0x0000000089f00000, 0x0000000089f00000, 0x000000008a000000|  0%| F|  |TAMS 0x0000000089f00000, 0x0000000089f00000| Untracked 
| 160|0x000000008a000000, 0x000000008a000000, 0x000000008a100000|  0%| F|  |TAMS 0x000000008a000000, 0x000000008a000000| Untracked 
| 161|0x000000008a100000, 0x000000008a100000, 0x000000008a200000|  0%| F|  |TAMS 0x000000008a100000, 0x000000008a100000| Untracked 
| 162|0x000000008a200000, 0x000000008a200000, 0x000000008a300000|  0%| F|  |TAMS 0x000000008a200000, 0x000000008a200000| Untracked 
| 163|0x000000008a300000, 0x000000008a3084c0, 0x000000008a400000|  3%| E|  |TAMS 0x000000008a300000, 0x000000008a300000| Complete 
| 164|0x000000008a400000, 0x000000008a500000, 0x000000008a500000|100%| E|CS|TAMS 0x000000008a400000, 0x000000008a400000| Complete 
| 165|0x000000008a500000, 0x000000008a600000, 0x000000008a600000|100%| E|CS|TAMS 0x000000008a500000, 0x000000008a500000| Complete 
| 166|0x000000008a600000, 0x000000008a700000, 0x000000008a700000|100%| E|CS|TAMS 0x000000008a600000, 0x000000008a600000| Complete 
| 167|0x000000008a700000, 0x000000008a800000, 0x000000008a800000|100%| E|CS|TAMS 0x000000008a700000, 0x000000008a700000| Complete 
| 168|0x000000008a800000, 0x000000008a900000, 0x000000008a900000|100%| E|CS|TAMS 0x000000008a800000, 0x000000008a800000| Complete 
| 169|0x000000008a900000, 0x000000008aa00000, 0x000000008aa00000|100%| E|CS|TAMS 0x000000008a900000, 0x000000008a900000| Complete 
| 170|0x000000008aa00000, 0x000000008ab00000, 0x000000008ab00000|100%| E|CS|TAMS 0x000000008aa00000, 0x000000008aa00000| Complete 
| 171|0x000000008ab00000, 0x000000008ac00000, 0x000000008ac00000|100%| E|CS|TAMS 0x000000008ab00000, 0x000000008ab00000| Complete 
| 172|0x000000008ac00000, 0x000000008ad00000, 0x000000008ad00000|100%| E|CS|TAMS 0x000000008ac00000, 0x000000008ac00000| Complete 
| 173|0x000000008ad00000, 0x000000008ae00000, 0x000000008ae00000|100%| E|CS|TAMS 0x000000008ad00000, 0x000000008ad00000| Complete 
| 174|0x000000008ae00000, 0x000000008af00000, 0x000000008af00000|100%| E|CS|TAMS 0x000000008ae00000, 0x000000008ae00000| Complete 
| 175|0x000000008af00000, 0x000000008b000000, 0x000000008b000000|100%| E|CS|TAMS 0x000000008af00000, 0x000000008af00000| Complete 
| 176|0x000000008b000000, 0x000000008b100000, 0x000000008b100000|100%| E|CS|TAMS 0x000000008b000000, 0x000000008b000000| Complete 
| 177|0x000000008b100000, 0x000000008b200000, 0x000000008b200000|100%| E|CS|TAMS 0x000000008b100000, 0x000000008b100000| Complete 
| 178|0x000000008b200000, 0x000000008b300000, 0x000000008b300000|100%| E|CS|TAMS 0x000000008b200000, 0x000000008b200000| Complete 
| 179|0x000000008b300000, 0x000000008b400000, 0x000000008b400000|100%| E|CS|TAMS 0x000000008b300000, 0x000000008b300000| Complete 
| 180|0x000000008b400000, 0x000000008b500000, 0x000000008b500000|100%| E|CS|TAMS 0x000000008b400000, 0x000000008b400000| Complete 
| 181|0x000000008b500000, 0x000000008b600000, 0x000000008b600000|100%| E|CS|TAMS 0x000000008b500000, 0x000000008b500000| Complete 
| 182|0x000000008b600000, 0x000000008b700000, 0x000000008b700000|100%| E|CS|TAMS 0x000000008b600000, 0x000000008b600000| Complete 
| 183|0x000000008b700000, 0x000000008b800000, 0x000000008b800000|100%| E|CS|TAMS 0x000000008b700000, 0x000000008b700000| Complete 
| 184|0x000000008b800000, 0x000000008b900000, 0x000000008b900000|100%| E|CS|TAMS 0x000000008b800000, 0x000000008b800000| Complete 
| 185|0x000000008b900000, 0x000000008ba00000, 0x000000008ba00000|100%| E|CS|TAMS 0x000000008b900000, 0x000000008b900000| Complete 
| 186|0x000000008ba00000, 0x000000008bb00000, 0x000000008bb00000|100%| E|CS|TAMS 0x000000008ba00000, 0x000000008ba00000| Complete 
| 187|0x000000008bb00000, 0x000000008bc00000, 0x000000008bc00000|100%| E|CS|TAMS 0x000000008bb00000, 0x000000008bb00000| Complete 
| 188|0x000000008bc00000, 0x000000008bd00000, 0x000000008bd00000|100%| E|CS|TAMS 0x000000008bc00000, 0x000000008bc00000| Complete 
| 189|0x000000008bd00000, 0x000000008be00000, 0x000000008be00000|100%| E|CS|TAMS 0x000000008bd00000, 0x000000008bd00000| Complete 
| 190|0x000000008be00000, 0x000000008bf00000, 0x000000008bf00000|100%| E|CS|TAMS 0x000000008be00000, 0x000000008be00000| Complete 
| 191|0x000000008bf00000, 0x000000008c000000, 0x000000008c000000|100%| E|CS|TAMS 0x000000008bf00000, 0x000000008bf00000| Complete 
| 192|0x000000008c000000, 0x000000008c100000, 0x000000008c100000|100%| E|CS|TAMS 0x000000008c000000, 0x000000008c000000| Complete 
| 193|0x000000008c100000, 0x000000008c200000, 0x000000008c200000|100%| E|CS|TAMS 0x000000008c100000, 0x000000008c100000| Complete 
| 194|0x000000008c200000, 0x000000008c300000, 0x000000008c300000|100%| E|CS|TAMS 0x000000008c200000, 0x000000008c200000| Complete 
| 195|0x000000008c300000, 0x000000008c400000, 0x000000008c400000|100%| E|CS|TAMS 0x000000008c300000, 0x000000008c300000| Complete 
| 196|0x000000008c400000, 0x000000008c500000, 0x000000008c500000|100%| E|CS|TAMS 0x000000008c400000, 0x000000008c400000| Complete 
| 197|0x000000008c500000, 0x000000008c600000, 0x000000008c600000|100%| E|CS|TAMS 0x000000008c500000, 0x000000008c500000| Complete 
| 198|0x000000008c600000, 0x000000008c700000, 0x000000008c700000|100%| E|CS|TAMS 0x000000008c600000, 0x000000008c600000| Complete 
| 199|0x000000008c700000, 0x000000008c800000, 0x000000008c800000|100%| E|CS|TAMS 0x000000008c700000, 0x000000008c700000| Complete 
| 200|0x000000008c800000, 0x000000008c900000, 0x000000008c900000|100%| E|CS|TAMS 0x000000008c800000, 0x000000008c800000| Complete 
| 201|0x000000008c900000, 0x000000008ca00000, 0x000000008ca00000|100%| E|CS|TAMS 0x000000008c900000, 0x000000008c900000| Complete 
| 202|0x000000008ca00000, 0x000000008cb00000, 0x000000008cb00000|100%| E|CS|TAMS 0x000000008ca00000, 0x000000008ca00000| Complete 
| 203|0x000000008cb00000, 0x000000008cc00000, 0x000000008cc00000|100%| E|CS|TAMS 0x000000008cb00000, 0x000000008cb00000| Complete 
| 204|0x000000008cc00000, 0x000000008cd00000, 0x000000008cd00000|100%| E|CS|TAMS 0x000000008cc00000, 0x000000008cc00000| Complete 

Card table byte_map: [0x00000110716a0000,0x0000011071aa0000] _byte_map_base: 0x00000110712a0000

Marking Bits (Prev, Next): (CMBitMap*) 0x000001105a7de550, (CMBitMap*) 0x000001105a7de590
 Prev Bits: [0x0000011071ea0000, 0x0000011073ea0000)
 Next Bits: [0x0000011073ea0000, 0x0000011075ea0000)

Polling page: 0x00000110586c0000

Metaspace:

Usage:
  Non-class:     98.54 MB used.
      Class:     14.68 MB used.
       Both:    113.21 MB used.

Virtual space:
  Non-class space:      128.00 MB reserved,      99.00 MB ( 77%) committed,  2 nodes.
      Class space:      416.00 MB reserved,      15.06 MB (  4%) committed,  1 nodes.
             Both:      544.00 MB reserved,     114.06 MB ( 21%) committed. 

Chunk freelists:
   Non-Class:  12.33 MB
       Class:  1007.00 KB
        Both:  13.31 MB

MaxMetaspaceSize: 512.00 MB
CompressedClassSpaceSize: 416.00 MB
Initial GC threshold: 21.00 MB
Current GC threshold: 183.38 MB
CDS: on
MetaspaceReclaimPolicy: balanced
 - commit_granule_bytes: 65536.
 - commit_granule_words: 8192.
 - virtual_space_node_default_size: 8388608.
 - enlarge_chunks_in_place: 1.
 - new_chunks_are_fully_committed: 0.
 - uncommit_free_chunks: 1.
 - use_allocation_guard: 0.
 - handle_deallocations: 1.


Internal statistics:

num_allocs_failed_limit: 6.
num_arena_births: 1142.
num_arena_deaths: 0.
num_vsnodes_births: 3.
num_vsnodes_deaths: 0.
num_space_committed: 1824.
num_space_uncommitted: 0.
num_chunks_returned_to_freelist: 6.
num_chunks_taken_from_freelist: 5474.
num_chunk_merges: 6.
num_chunk_splits: 4146.
num_chunks_enlarged: 3363.
num_inconsistent_stats: 0.

CodeHeap 'non-profiled nmethods': size=120000Kb used=5147Kb max_used=5147Kb free=114852Kb
 bounds [0x0000011069d70000, 0x000001106a280000, 0x00000110712a0000]
CodeHeap 'profiled nmethods': size=120000Kb used=20836Kb max_used=20836Kb free=99163Kb
 bounds [0x00000110622a0000, 0x0000011063700000, 0x00000110697d0000]
CodeHeap 'non-nmethods': size=5760Kb used=1883Kb max_used=1922Kb free=3876Kb
 bounds [0x00000110697d0000, 0x0000011069a40000, 0x0000011069d70000]
 total_blobs=10619 nmethods=9603 adapters=927
 compilation: enabled
              stopped_count=0, restarted_count=0
 full_count=0

Compilation events (20 events):
Event: 107.344 Thread 0x000001107833cbd0 11039       3       org.jetbrains.kotlin.ir.declarations.IrDeclarationOrigin$Companion::getSYNTHETIC_FILE_CLASS (19 bytes)
Event: 107.344 Thread 0x000001107833b6a0 nmethod 11037 0x000001106a276b90 code [0x000001106a276d00, 0x000001106a276db8]
Event: 107.345 Thread 0x000001107833cbd0 nmethod 11039 0x00000110636f6d10 code [0x00000110636f6f40, 0x00000110636f75d8]
Event: 107.345 Thread 0x000001107833cbd0 11040       3       org.jetbrains.kotlin.com.intellij.openapi.util.text.StringUtil::isPrintableUnicode (70 bytes)
Event: 107.347 Thread 0x000001107833cbd0 nmethod 11040 0x00000110636f7890 code [0x00000110636f7a80, 0x00000110636f7fe8]
Event: 107.347 Thread 0x000001107833cbd0 11042       3       org.jetbrains.kotlin.ir.types.IrTypePredicatesKt::isMarkedNullable (22 bytes)
Event: 107.348 Thread 0x000001107833cbd0 nmethod 11042 0x00000110636f8190 code [0x00000110636f83a0, 0x00000110636f8998]
Event: 107.348 Thread 0x000001107833cbd0 11041       3       java.lang.Character::getType (5 bytes)
Event: 107.348 Thread 0x000001107833cbd0 nmethod 11041 0x00000110636f8c10 code [0x00000110636f8dc0, 0x00000110636f9018]
Event: 107.349 Thread 0x000001107833cbd0 11043       3       org.jetbrains.kotlin.ir.declarations.IrDeclarationOrigin$Companion::getJVM_MULTIFILE_CLASS (19 bytes)
Event: 107.350 Thread 0x000001107833cbd0 nmethod 11043 0x00000110636f9110 code [0x00000110636f9340, 0x00000110636f99d8]
Event: 107.484 Thread 0x000001107833b6a0 11044       4       org.gradle.internal.logging.text.AbstractLineChoppingStyledTextOutput::doAppend (43 bytes)
Event: 107.518 Thread 0x000001107833cbd0 11046       2       org.gradle.internal.logging.text.AbstractLineChoppingStyledTextOutput$1::execute (140 bytes)
Event: 107.519 Thread 0x000001107833cbd0 nmethod 11046 0x00000110636f9c90 code [0x00000110636f9ec0, 0x00000110636fa398]
Event: 107.519 Thread 0x000001107833cbd0 11049       2       org.gradle.internal.logging.text.AbstractLineChoppingStyledTextOutput$2::execute (77 bytes)
Event: 107.520 Thread 0x000001107833cbd0 nmethod 11049 0x00000110636fa810 code [0x00000110636faa20, 0x00000110636fae08]
Event: 107.520 Thread 0x000001107833cbd0 11047       2       org.gradle.internal.logging.text.AbstractLineChoppingStyledTextOutput$SeenFromEol::none (13 bytes)
Event: 107.520 Thread 0x000001107833cbd0 nmethod 11047 0x00000110636fb090 code [0x00000110636fb220, 0x00000110636fb338]
Event: 107.520 Thread 0x000001107833cbd0 11048       2       org.gradle.internal.logging.text.AbstractLineChoppingStyledTextOutput$2::execute (9 bytes)
Event: 107.521 Thread 0x000001107833cbd0 nmethod 11048 0x00000110636fb410 code [0x00000110636fb5a0, 0x00000110636fb708]

GC Heap History (20 events):
Event: 75.060 GC heap before
{Heap before GC invocations=48 (full 0):
 garbage-first heap   total 132096K, used 100937K [0x0000000080000000, 0x0000000100000000)
  region size 1024K, 25 young (25600K), 1 survivors (1024K)
 Metaspace       used 77056K, committed 77888K, reserved 557056K
  class space    used 10852K, committed 11200K, reserved 425984K
}
Event: 75.064 GC heap after
{Heap after GC invocations=49 (full 0):
 garbage-first heap   total 132096K, used 77897K [0x0000000080000000, 0x0000000100000000)
  region size 1024K, 1 young (1024K), 1 survivors (1024K)
 Metaspace       used 77056K, committed 77888K, reserved 557056K
  class space    used 10852K, committed 11200K, reserved 425984K
}
Event: 75.930 GC heap before
{Heap before GC invocations=50 (full 0):
 garbage-first heap   total 140288K, used 104521K [0x0000000080000000, 0x0000000100000000)
  region size 1024K, 27 young (27648K), 1 survivors (1024K)
 Metaspace       used 79261K, committed 80064K, reserved 557056K
  class space    used 11095K, committed 11456K, reserved 425984K
}
Event: 75.937 GC heap after
{Heap after GC invocations=51 (full 0):
 garbage-first heap   total 140288K, used 81246K [0x0000000080000000, 0x0000000100000000)
  region size 1024K, 4 young (4096K), 4 survivors (4096K)
 Metaspace       used 79261K, committed 80064K, reserved 557056K
  class space    used 11095K, committed 11456K, reserved 425984K
}
Event: 76.016 GC heap before
{Heap before GC invocations=51 (full 0):
 garbage-first heap   total 140288K, used 82270K [0x0000000080000000, 0x0000000100000000)
  region size 1024K, 6 young (6144K), 4 survivors (4096K)
 Metaspace       used 79463K, committed 80320K, reserved 557056K
  class space    used 11110K, committed 11520K, reserved 425984K
}
Event: 76.023 GC heap after
{Heap after GC invocations=52 (full 0):
 garbage-first heap   total 181248K, used 80810K [0x0000000080000000, 0x0000000100000000)
  region size 1024K, 1 young (1024K), 1 survivors (1024K)
 Metaspace       used 79463K, committed 80320K, reserved 557056K
  class space    used 11110K, committed 11520K, reserved 425984K
}
Event: 78.736 GC heap before
{Heap before GC invocations=52 (full 0):
 garbage-first heap   total 181248K, used 135082K [0x0000000080000000, 0x0000000100000000)
  region size 1024K, 55 young (56320K), 1 survivors (1024K)
 Metaspace       used 85890K, committed 86720K, reserved 557056K
  class space    used 11768K, committed 12160K, reserved 425984K
}
Event: 78.745 GC heap after
{Heap after GC invocations=53 (full 0):
 garbage-first heap   total 181248K, used 81876K [0x0000000080000000, 0x0000000100000000)
  region size 1024K, 2 young (2048K), 2 survivors (2048K)
 Metaspace       used 85890K, committed 86720K, reserved 557056K
  class space    used 11768K, committed 12160K, reserved 425984K
}
Event: 81.819 GC heap before
{Heap before GC invocations=53 (full 0):
 garbage-first heap   total 181248K, used 144340K [0x0000000080000000, 0x0000000100000000)
  region size 1024K, 64 young (65536K), 2 survivors (2048K)
 Metaspace       used 91902K, committed 92800K, reserved 557056K
  class space    used 12395K, committed 12800K, reserved 425984K
}
Event: 81.839 GC heap after
{Heap after GC invocations=54 (full 0):
 garbage-first heap   total 181248K, used 87728K [0x0000000080000000, 0x0000000100000000)
  region size 1024K, 8 young (8192K), 8 survivors (8192K)
 Metaspace       used 91902K, committed 92800K, reserved 557056K
  class space    used 12395K, committed 12800K, reserved 425984K
}
Event: 84.745 GC heap before
{Heap before GC invocations=54 (full 0):
 garbage-first heap   total 181248K, used 145072K [0x0000000080000000, 0x0000000100000000)
  region size 1024K, 63 young (64512K), 8 survivors (8192K)
 Metaspace       used 95296K, committed 96128K, reserved 557056K
  class space    used 12833K, committed 13184K, reserved 425984K
}
Event: 84.883 GC heap after
{Heap after GC invocations=55 (full 0):
 garbage-first heap   total 181248K, used 100186K [0x0000000080000000, 0x0000000100000000)
  region size 1024K, 8 young (8192K), 8 survivors (8192K)
 Metaspace       used 95296K, committed 96128K, reserved 557056K
  class space    used 12833K, committed 13184K, reserved 425984K
}
Event: 88.157 GC heap before
{Heap before GC invocations=55 (full 0):
 garbage-first heap   total 181248K, used 141146K [0x0000000080000000, 0x0000000100000000)
  region size 1024K, 49 young (50176K), 8 survivors (8192K)
 Metaspace       used 99454K, committed 100288K, reserved 557056K
  class space    used 13243K, committed 13632K, reserved 425984K
}
Event: 88.270 GC heap after
{Heap after GC invocations=56 (full 0):
 garbage-first heap   total 181248K, used 105556K [0x0000000080000000, 0x0000000100000000)
  region size 1024K, 5 young (5120K), 5 survivors (5120K)
 Metaspace       used 99454K, committed 100288K, reserved 557056K
  class space    used 13243K, committed 13632K, reserved 425984K
}
Event: 91.863 GC heap before
{Heap before GC invocations=57 (full 0):
 garbage-first heap   total 206848K, used 144468K [0x0000000080000000, 0x0000000100000000)
  region size 1024K, 43 young (44032K), 5 survivors (5120K)
 Metaspace       used 103549K, committed 104384K, reserved 557056K
  class space    used 13644K, committed 14016K, reserved 425984K
}
Event: 91.886 GC heap after
{Heap after GC invocations=58 (full 0):
 garbage-first heap   total 206848K, used 108588K [0x0000000080000000, 0x0000000100000000)
  region size 1024K, 4 young (4096K), 4 survivors (4096K)
 Metaspace       used 103549K, committed 104384K, reserved 557056K
  class space    used 13644K, committed 14016K, reserved 425984K
}
Event: 94.653 GC heap before
{Heap before GC invocations=58 (full 0):
 garbage-first heap   total 206848K, used 113708K [0x0000000080000000, 0x0000000100000000)
  region size 1024K, 10 young (10240K), 4 survivors (4096K)
 Metaspace       used 104405K, committed 105216K, reserved 557056K
  class space    used 13734K, committed 14080K, reserved 425984K
}
Event: 94.691 GC heap after
{Heap after GC invocations=59 (full 0):
 garbage-first heap   total 206848K, used 108621K [0x0000000080000000, 0x0000000100000000)
  region size 1024K, 1 young (1024K), 1 survivors (1024K)
 Metaspace       used 104405K, committed 105216K, reserved 557056K
  class space    used 13734K, committed 14080K, reserved 425984K
}
Event: 101.319 GC heap before
{Heap before GC invocations=59 (full 0):
 garbage-first heap   total 206848K, used 166989K [0x0000000080000000, 0x0000000100000000)
  region size 1024K, 58 young (59392K), 1 survivors (1024K)
 Metaspace       used 110549K, committed 111424K, reserved 557056K
  class space    used 14480K, committed 14848K, reserved 425984K
}
Event: 101.379 GC heap after
{Heap after GC invocations=60 (full 0):
 garbage-first heap   total 206848K, used 112215K [0x0000000080000000, 0x0000000100000000)
  region size 1024K, 5 young (5120K), 5 survivors (5120K)
 Metaspace       used 110549K, committed 111424K, reserved 557056K
  class space    used 14480K, committed 14848K, reserved 425984K
}

Dll operation events (15 events):
Event: 0.112 Loaded shared library C:\Users\dadig\AppData\Local\Programs\Eclipse Adoptium\jdk-17.0.11.9-hotspot\bin\java.dll
Event: 0.284 Loaded shared library C:\Users\dadig\AppData\Local\Programs\Eclipse Adoptium\jdk-17.0.11.9-hotspot\bin\jsvml.dll
Event: 0.943 Loaded shared library C:\Users\dadig\AppData\Local\Programs\Eclipse Adoptium\jdk-17.0.11.9-hotspot\bin\zip.dll
Event: 0.959 Loaded shared library C:\Users\dadig\AppData\Local\Programs\Eclipse Adoptium\jdk-17.0.11.9-hotspot\bin\instrument.dll
Event: 1.001 Loaded shared library C:\Users\dadig\AppData\Local\Programs\Eclipse Adoptium\jdk-17.0.11.9-hotspot\bin\net.dll
Event: 1.023 Loaded shared library C:\Users\dadig\AppData\Local\Programs\Eclipse Adoptium\jdk-17.0.11.9-hotspot\bin\nio.dll
Event: 1.033 Loaded shared library C:\Users\dadig\AppData\Local\Programs\Eclipse Adoptium\jdk-17.0.11.9-hotspot\bin\zip.dll
Event: 2.515 Loaded shared library C:\Users\dadig\AppData\Local\Programs\Eclipse Adoptium\jdk-17.0.11.9-hotspot\bin\jimage.dll
Event: 3.990 Loaded shared library C:\Users\dadig\AppData\Local\Programs\Eclipse Adoptium\jdk-17.0.11.9-hotspot\bin\verify.dll
Event: 4.119 Loaded shared library C:\Users\dadig\.gradle\native\1def1411415f61bf3af743bc5b6707747c0891f09f0c88961ee8f79bc544acac\windows-amd64\native-platform.dll
Event: 4.202 Loaded shared library C:\Users\dadig\.gradle\native\0.2.8\x86_64-windows-gnu\gradle-fileevents.dll
Event: 14.409 Loaded shared library C:\Users\dadig\AppData\Local\Programs\Eclipse Adoptium\jdk-17.0.11.9-hotspot\bin\management.dll
Event: 14.496 Loaded shared library C:\Users\dadig\AppData\Local\Programs\Eclipse Adoptium\jdk-17.0.11.9-hotspot\bin\management_ext.dll
Event: 16.724 Loaded shared library C:\Users\dadig\AppData\Local\Programs\Eclipse Adoptium\jdk-17.0.11.9-hotspot\bin\extnet.dll
Event: 18.673 Loaded shared library C:\Users\dadig\AppData\Local\Programs\Eclipse Adoptium\jdk-17.0.11.9-hotspot\bin\sunmscapi.dll

Deoptimization events (20 events):
Event: 102.799 Thread 0x000001107e323390 Uncommon trap: trap_request=0xffffffde fr.pc=0x0000011069da0e44 relative=0x0000000000000664
Event: 102.799 Thread 0x000001107e323390 Uncommon trap: reason=class_check action=maybe_recompile pc=0x0000011069da0e44 method=java.util.regex.Matcher.search(I)Z @ 121 c2
Event: 102.800 Thread 0x000001107e323390 DEOPT PACKING pc=0x0000011069da0e44 sp=0x0000000d6f4f20a0
Event: 102.805 Thread 0x000001107e323390 DEOPT UNPACKING pc=0x00000110698269a3 sp=0x0000000d6f4f2070 mode 2
Event: 102.805 Thread 0x000001107e323390 Uncommon trap: trap_request=0xffffffde fr.pc=0x0000011069da0e44 relative=0x0000000000000664
Event: 102.805 Thread 0x000001107e323390 Uncommon trap: reason=class_check action=maybe_recompile pc=0x0000011069da0e44 method=java.util.regex.Matcher.search(I)Z @ 121 c2
Event: 102.805 Thread 0x000001107e323390 DEOPT PACKING pc=0x0000011069da0e44 sp=0x0000000d6f4f20a0
Event: 102.806 Thread 0x000001107e323390 DEOPT UNPACKING pc=0x00000110698269a3 sp=0x0000000d6f4f2070 mode 2
Event: 107.112 Thread 0x000001107e323390 Uncommon trap: trap_request=0x0000002f fr.pc=0x0000011069ec8f7c relative=0x00000000000070dc
Event: 107.112 Thread 0x000001107e323390 Uncommon trap: reason=unloaded action=reinterpret pc=0x0000011069ec8f7c method=java.net.URLClassLoader$1.run()Ljava/lang/Class; @ 48 c2
Event: 107.114 Thread 0x000001107e323390 DEOPT PACKING pc=0x0000011069ec8f7c sp=0x0000000d6f4f1980
Event: 107.114 Thread 0x000001107e323390 DEOPT UNPACKING pc=0x00000110698269a3 sp=0x0000000d6f4f1820 mode 2
Event: 107.119 Thread 0x000001107e323390 Uncommon trap: trap_request=0xffffffde fr.pc=0x0000011069f54a58 relative=0x0000000000000598
Event: 107.119 Thread 0x000001107e323390 Uncommon trap: reason=class_check action=maybe_recompile pc=0x0000011069f54a58 method=java.lang.Throwable.<init>(Ljava/lang/String;Ljava/lang/Throwable;)V @ 24 c2
Event: 107.119 Thread 0x000001107e323390 DEOPT PACKING pc=0x0000011069f54a58 sp=0x0000000d6f4f1840
Event: 107.119 Thread 0x000001107e323390 DEOPT UNPACKING pc=0x00000110698269a3 sp=0x0000000d6f4f17b0 mode 2
Event: 107.352 Thread 0x000001107e323390 Uncommon trap: trap_request=0xffffffde fr.pc=0x0000011069f54a58 relative=0x0000000000000598
Event: 107.352 Thread 0x000001107e323390 Uncommon trap: reason=class_check action=maybe_recompile pc=0x0000011069f54a58 method=java.lang.Throwable.<init>(Ljava/lang/String;Ljava/lang/Throwable;)V @ 24 c2
Event: 107.352 Thread 0x000001107e323390 DEOPT PACKING pc=0x0000011069f54a58 sp=0x0000000d6f4f3290
Event: 107.352 Thread 0x000001107e323390 DEOPT UNPACKING pc=0x00000110698269a3 sp=0x0000000d6f4f3200 mode 2

Classes unloaded (0 events):
No events

Classes redefined (0 events):
No events

Internal exceptions (20 events):
Event: 72.254 Thread 0x000001107e323390 Exception <a 'java/lang/NoSuchMethodError'{0x0000000084a81388}: 'java.lang.Object java.lang.invoke.Invokers$Holder.linkToTargetMethod(java.lang.Object, java.lang.Object, long, java.lang.Object)'> (0x0000000084a81388) 
thrown [s\src\hotspot\share\interpreter\linkResolver.cpp, line 759]
Event: 72.633 Thread 0x000001107e323390 Implicit null exception at 0x000001106a0d0c38 to 0x000001106a0d0fcc
Event: 85.063 Thread 0x000001107e323390 Exception <a 'java/lang/NoSuchMethodError'{0x000000008ae792a0}: 'java.lang.Object java.lang.invoke.DirectMethodHandle$Holder.invokeStatic(java.lang.Object, java.lang.Object, java.lang.Object, java.lang.Object, int, java.lang.Object, java.lang.Object)'> (0x000000008ae792a0) 
thrown [s\src\hotspot\share\interpreter\linkResolver.cpp, line 759]
Event: 85.075 Thread 0x000001107e323390 Exception <a 'java/lang/NoSuchMethodError'{0x000000008ae84fd8}: 'java.lang.Object java.lang.invoke.DirectMethodHandle$Holder.newInvokeSpecial(java.lang.Object, java.lang.Object, java.lang.Object, java.lang.Object, int, java.lang.Object, java.lang.Object)'> (0x000000008ae84fd8) 
thrown [s\src\hotspot\share\interpreter\linkResolver.cpp, line 759]
Event: 91.672 Thread 0x000001107e323390 Exception <a 'java/lang/NoSuchMethodError'{0x000000008b6aa7a8}: 'java.lang.Object java.lang.invoke.DirectMethodHandle$Holder.newInvokeSpecial(java.lang.Object, java.lang.Object, java.lang.Object, java.lang.Object, java.lang.Object, java.lang.Object, java.lang.Object, java.lang.Object, int)'> (0x000000008b6aa7a8) 
thrown [s\src\hotspot\share\interpreter\linkResolver.cpp, line 759]
Event: 91.673 Thread 0x000001107e323390 Exception <a 'java/lang/NoSuchMethodError'{0x000000008b6b1a00}: 'java.lang.Object java.lang.invoke.DirectMethodHandle$Holder.invokeSpecial(java.lang.Object, java.lang.Object, java.lang.Object, java.lang.Object, java.lang.Object, java.lang.Object, java.lang.Object, java.lang.Object, java.lang.Object, int)'> (0x000000008b6b1a00) 
thrown [s\src\hotspot\share\interpreter\linkResolver.cpp, line 759]
Event: 91.674 Thread 0x000001107e323390 Exception <a 'java/lang/NoSuchMethodError'{0x000000008b6b8448}: 'java.lang.Object java.lang.invoke.Invokers$Holder.linkToTargetMethod(java.lang.Object, java.lang.Object, java.lang.Object, java.lang.Object, java.lang.Object, java.lang.Object, java.lang.Object, int, java.lang.Object)'> (0x000000008b6b8448) 
thrown [s\src\hotspot\share\interpreter\linkResolver.cpp, line 759]
Event: 99.390 Thread 0x000001107e323390 Exception <a 'java/lang/NoSuchMethodError'{0x000000008ac4bc38}: 'java.lang.Object java.lang.invoke.DirectMethodHandle$Holder.newInvokeSpecial(java.lang.Object, int, java.lang.Object, int, int)'> (0x000000008ac4bc38) 
thrown [s\src\hotspot\share\interpreter\linkResolver.cpp, line 759]
Event: 99.661 Thread 0x000001107e323390 Exception <a 'java/lang/NoSuchMethodError'{0x000000008abd4cc8}: 'java.lang.Object java.lang.invoke.DirectMethodHandle$Holder.newInvokeSpecial(java.lang.Object, int, java.lang.Object, int)'> (0x000000008abd4cc8) 
thrown [s\src\hotspot\share\interpreter\linkResolver.cpp, line 759]
Event: 99.679 Thread 0x000001107e323390 Exception <a 'java/lang/NoSuchMethodError'{0x000000008abda6d8}: 'java.lang.Object java.lang.invoke.DirectMethodHandle$Holder.invokeSpecial(java.lang.Object, java.lang.Object, int, java.lang.Object, int)'> (0x000000008abda6d8) 
thrown [s\src\hotspot\share\interpreter\linkResolver.cpp, line 759]
Event: 100.739 Thread 0x000001107e323390 Exception <a 'java/lang/NoSuchMethodError'{0x00000000899add38}: 'java.lang.Object java.lang.invoke.DirectMethodHandle$Holder.invokeStaticInit(java.lang.Object, int, java.lang.Object, java.lang.Object, java.lang.Object)'> (0x00000000899add38) 
thrown [s\src\hotspot\share\interpreter\linkResolver.cpp, line 759]
Event: 104.512 Thread 0x000001107e323390 Exception <a 'java/lang/NoSuchMethodError'{0x000000008b562810}: 'java.lang.Object java.lang.invoke.DirectMethodHandle$Holder.invokeStatic(java.lang.Object, java.lang.Object, java.lang.Object, int, java.lang.Object, java.lang.Object, java.lang.Object, java.lang.Object)'> (0x000000008b562810) 
thrown [s\src\hotspot\share\interpreter\linkResolver.cpp, line 759]
Event: 105.699 Thread 0x000001107e323390 Exception <a 'java/lang/NoSuchMethodError'{0x000000008ae9be90}: 'java.lang.Object java.lang.invoke.DirectMethodHandle$Holder.invokeStatic(java.lang.Object, int, int)'> (0x000000008ae9be90) 
thrown [s\src\hotspot\share\interpreter\linkResolver.cpp, line 759]
Event: 106.530 Thread 0x000001107e323390 Exception <a 'java/lang/NoSuchMethodError'{0x000000008a9a4910}: 'java.lang.Object java.lang.invoke.DirectMethodHandle$Holder.invokeStatic(java.lang.Object, java.lang.Object, int, int)'> (0x000000008a9a4910) 
thrown [s\src\hotspot\share\interpreter\linkResolver.cpp, line 759]
Event: 106.571 Thread 0x000001107e323390 Exception <a 'java/lang/NoSuchMethodError'{0x000000008a9f4268}: 'java.lang.Object java.lang.invoke.DirectMethodHandle$Holder.invokeStatic(java.lang.Object, java.lang.Object, java.lang.Object, java.lang.Object, java.lang.Object, int, java.lang.Object, java.lang.Object)'> (0x000000008a9f4268) 
thrown [s\src\hotspot\share\interpreter\linkResolver.cpp, line 759]
Event: 106.582 Thread 0x000001107e323390 Exception <a 'java/lang/NoSuchMethodError'{0x000000008a800b40}: 'java.lang.Object java.lang.invoke.DirectMethodHandle$Holder.newInvokeSpecial(java.lang.Object, java.lang.Object, java.lang.Object, java.lang.Object, java.lang.Object, int, java.lang.Object)'> (0x000000008a800b40) 
thrown [s\src\hotspot\share\interpreter\linkResolver.cpp, line 759]
Event: 106.589 Thread 0x000001107e323390 Exception <a 'java/lang/NoSuchMethodError'{0x000000008a806cb8}: 'java.lang.Object java.lang.invoke.Invokers$Holder.linkToTargetMethod(java.lang.Object, java.lang.Object, java.lang.Object, java.lang.Object, int, java.lang.Object, java.lang.Object)'> (0x000000008a806cb8) 
thrown [s\src\hotspot\share\interpreter\linkResolver.cpp, line 759]
Event: 107.092 Thread 0x000001107e323390 Exception <a 'java/io/IOException'{0x000000008a6e2da0}> (0x000000008a6e2da0) 
thrown [s\src\hotspot\share\prims\jni.cpp, line 516]
Event: 107.156 Thread 0x000001107e323390 Exception <a 'java/lang/NoClassDefFoundError'{0x000000008a6e93c8}: org/jetbrains/kotlin/descriptors/DescriptorUtilKt> (0x000000008a6e93c8) 
thrown [s\src\hotspot\share\classfile\systemDictionary.cpp, line 245]
Event: 107.205 Thread 0x000001107e323390 Exception <a 'java/lang/NoSuchMethodError'{0x000000008a531298}: 'java.lang.Object java.lang.invoke.DirectMethodHandle$Holder.invokeStaticInit(java.lang.Object, java.lang.Object, int, java.lang.Object)'> (0x000000008a531298) 
thrown [s\src\hotspot\share\interpreter\linkResolver.cpp, line 759]

VM Operations (20 events):
Event: 102.160 Executing VM operation: HandshakeAllThreads
Event: 102.161 Executing VM operation: HandshakeAllThreads done
Event: 102.309 Executing VM operation: G1PauseRemark
Event: 102.407 Executing VM operation: G1PauseRemark done
Event: 102.559 Executing VM operation: G1PauseCleanup
Event: 102.570 Executing VM operation: G1PauseCleanup done
Event: 102.685 Executing VM operation: HandshakeAllThreads
Event: 102.685 Executing VM operation: HandshakeAllThreads done
Event: 103.697 Executing VM operation: Cleanup
Event: 103.697 Executing VM operation: Cleanup done
Event: 104.704 Executing VM operation: Cleanup
Event: 104.721 Executing VM operation: Cleanup done
Event: 105.733 Executing VM operation: Cleanup
Event: 105.749 Executing VM operation: Cleanup done
Event: 105.934 Executing VM operation: HandshakeAllThreads
Event: 105.934 Executing VM operation: HandshakeAllThreads done
Event: 106.479 Executing VM operation: HandshakeAllThreads
Event: 106.479 Executing VM operation: HandshakeAllThreads done
Event: 107.488 Executing VM operation: Cleanup
Event: 107.505 Executing VM operation: Cleanup done

Events (20 events):
Event: 89.482 Thread 0x0000011078340c00 flushing nmethod 0x0000011063247410
Event: 89.482 Thread 0x0000011078340c00 flushing nmethod 0x0000011063256610
Event: 89.482 Thread 0x0000011078340c00 flushing nmethod 0x0000011063275990
Event: 89.483 Thread 0x0000011078340c00 flushing nmethod 0x00000110632b8010
Event: 89.483 Thread 0x0000011078340c00 flushing nmethod 0x00000110632b8390
Event: 89.483 Thread 0x0000011078340c00 flushing nmethod 0x00000110632f8a10
Event: 89.483 Thread 0x0000011078340c00 flushing nmethod 0x0000011063325390
Event: 89.483 Thread 0x0000011078340c00 flushing nmethod 0x0000011063330110
Event: 89.483 Thread 0x0000011078340c00 flushing nmethod 0x000001106333d790
Event: 89.483 Thread 0x0000011078340c00 flushing nmethod 0x0000011063342410
Event: 89.483 Thread 0x0000011078340c00 flushing nmethod 0x000001106334fc90
Event: 89.639 Thread 0x000001107d3228b0 Thread exited: 0x000001107d3228b0
Event: 91.125 loading class java/lang/Byte$ByteCache
Event: 91.130 loading class java/lang/Byte$ByteCache done
Event: 95.264 loading class java/lang/Short$ShortCache
Event: 95.287 loading class java/lang/Short$ShortCache done
Event: 106.504 loading class java/util/Vector$Itr
Event: 106.515 loading class java/util/Vector$Itr done
Event: 107.096 loading class java/util/zip/DataFormatException
Event: 107.105 loading class java/util/zip/DataFormatException done


Dynamic libraries:
0x00007ff7fa8f0000 - 0x00007ff7fa8fe000 	C:\Users\dadig\AppData\Local\Programs\Eclipse Adoptium\jdk-17.0.11.9-hotspot\bin\java.exe
0x00007ffa8cb20000 - 0x00007ffa8cd87000 	C:\WINDOWS\SYSTEM32\ntdll.dll
0x00007ffa8abc0000 - 0x00007ffa8ac89000 	C:\WINDOWS\System32\KERNEL32.DLL
0x00007ffa89c70000 - 0x00007ffa8a05f000 	C:\WINDOWS\System32\KERNELBASE.dll
0x00007ffa8a0a0000 - 0x00007ffa8a1eb000 	C:\WINDOWS\System32\ucrtbase.dll
0x00007ffa7b920000 - 0x00007ffa7b937000 	C:\Users\dadig\AppData\Local\Programs\Eclipse Adoptium\jdk-17.0.11.9-hotspot\bin\jli.dll
0x00007ffa8c3c0000 - 0x00007ffa8c585000 	C:\WINDOWS\System32\USER32.dll
0x00007ffa8a070000 - 0x00007ffa8a097000 	C:\WINDOWS\System32\win32u.dll
0x00007ffa8bac0000 - 0x00007ffa8baeb000 	C:\WINDOWS\System32\GDI32.dll
0x00007ffa8a370000 - 0x00007ffa8a49c000 	C:\WINDOWS\System32\gdi32full.dll
0x00007ffa8a750000 - 0x00007ffa8a7f3000 	C:\WINDOWS\System32\msvcp_win.dll
0x00007ffa71d40000 - 0x00007ffa71d5b000 	C:\Users\dadig\AppData\Local\Programs\Eclipse Adoptium\jdk-17.0.11.9-hotspot\bin\VCRUNTIME140.dll
0x00007ffa75a90000 - 0x00007ffa75d23000 	C:\WINDOWS\WinSxS\amd64_microsoft.windows.common-controls_6595b64144ccf1df_6.0.26100.7309_none_3e05feeae336a044\COMCTL32.dll
0x00007ffa8aed0000 - 0x00007ffa8af79000 	C:\WINDOWS\System32\msvcrt.dll
0x00007ffa8aaa0000 - 0x00007ffa8aad1000 	C:\WINDOWS\System32\IMM32.DLL
0x00007ffa7af80000 - 0x00007ffa7af8c000 	C:\Users\dadig\AppData\Local\Programs\Eclipse Adoptium\jdk-17.0.11.9-hotspot\bin\vcruntime140_1.dll
0x00007ffa0db50000 - 0x00007ffa0dbdd000 	C:\Users\dadig\AppData\Local\Programs\Eclipse Adoptium\jdk-17.0.11.9-hotspot\bin\msvcp140.dll
0x00007ff9f4d00000 - 0x00007ff9f5962000 	C:\Users\dadig\AppData\Local\Programs\Eclipse Adoptium\jdk-17.0.11.9-hotspot\bin\server\jvm.dll
0x00007ffa8b060000 - 0x00007ffa8b114000 	C:\WINDOWS\System32\ADVAPI32.dll
0x00007ffa8bb70000 - 0x00007ffa8bc16000 	C:\WINDOWS\System32\sechost.dll
0x00007ffa8ac90000 - 0x00007ffa8ada8000 	C:\WINDOWS\System32\RPCRT4.dll
0x00007ffa89ad0000 - 0x00007ffa89b2e000 	C:\WINDOWS\SYSTEM32\POWRPROF.dll
0x00007ffa83850000 - 0x00007ffa83885000 	C:\WINDOWS\SYSTEM32\WINMM.dll
0x00007ffa68450000 - 0x00007ffa6845a000 	C:\WINDOWS\SYSTEM32\WSOCK32.dll
0x00007ffa83890000 - 0x00007ffa8389b000 	C:\WINDOWS\SYSTEM32\VERSION.dll
0x00007ffa8af80000 - 0x00007ffa8aff4000 	C:\WINDOWS\System32\WS2_32.dll
0x00007ffa89ab0000 - 0x00007ffa89ac4000 	C:\WINDOWS\SYSTEM32\UMPDC.dll
0x00007ffa88a20000 - 0x00007ffa88a3b000 	C:\WINDOWS\SYSTEM32\kernel.appcore.dll
0x00007ffa7a400000 - 0x00007ffa7a40a000 	C:\Users\dadig\AppData\Local\Programs\Eclipse Adoptium\jdk-17.0.11.9-hotspot\bin\jimage.dll
0x00007ffa7e5e0000 - 0x00007ffa7e822000 	C:\WINDOWS\SYSTEM32\DBGHELP.DLL
0x00007ffa8c740000 - 0x00007ffa8cac5000 	C:\WINDOWS\System32\combase.dll
0x00007ffa8b960000 - 0x00007ffa8ba36000 	C:\WINDOWS\System32\OLEAUT32.dll
0x00007ffa6d670000 - 0x00007ffa6d6ac000 	C:\WINDOWS\SYSTEM32\dbgcore.DLL
0x00007ffa8a4a0000 - 0x00007ffa8a545000 	C:\WINDOWS\System32\bcryptPrimitives.dll
0x00007ffa6b940000 - 0x00007ffa6b94e000 	C:\Users\dadig\AppData\Local\Programs\Eclipse Adoptium\jdk-17.0.11.9-hotspot\bin\instrument.dll
0x00007ffa5b590000 - 0x00007ffa5b5b5000 	C:\Users\dadig\AppData\Local\Programs\Eclipse Adoptium\jdk-17.0.11.9-hotspot\bin\java.dll
0x00007ffa0da70000 - 0x00007ffa0db47000 	C:\Users\dadig\AppData\Local\Programs\Eclipse Adoptium\jdk-17.0.11.9-hotspot\bin\jsvml.dll
0x00007ffa8bc50000 - 0x00007ffa8c3a3000 	C:\WINDOWS\System32\SHELL32.dll
0x00007ffa8a550000 - 0x00007ffa8a6ba000 	C:\WINDOWS\System32\wintypes.dll
0x00007ffa878b0000 - 0x00007ffa8810e000 	C:\WINDOWS\SYSTEM32\windows.storage.dll
0x00007ffa8adb0000 - 0x00007ffa8aea5000 	C:\WINDOWS\System32\SHCORE.dll
0x00007ffa8ba40000 - 0x00007ffa8baa6000 	C:\WINDOWS\System32\shlwapi.dll
0x00007ffa89b90000 - 0x00007ffa89bb9000 	C:\WINDOWS\SYSTEM32\profapi.dll
0x00007ffa62bd0000 - 0x00007ffa62be8000 	C:\Users\dadig\AppData\Local\Programs\Eclipse Adoptium\jdk-17.0.11.9-hotspot\bin\zip.dll
0x00007ffa5b8e0000 - 0x00007ffa5b8f9000 	C:\Users\dadig\AppData\Local\Programs\Eclipse Adoptium\jdk-17.0.11.9-hotspot\bin\net.dll
0x00007ffa7f780000 - 0x00007ffa7f8a8000 	C:\WINDOWS\SYSTEM32\WINHTTP.dll
0x00007ffa88f90000 - 0x00007ffa88ffb000 	C:\WINDOWS\system32\mswsock.dll
0x00007ffa5a300000 - 0x00007ffa5a316000 	C:\Users\dadig\AppData\Local\Programs\Eclipse Adoptium\jdk-17.0.11.9-hotspot\bin\nio.dll
0x00007ffa6acd0000 - 0x00007ffa6ace0000 	C:\Users\dadig\AppData\Local\Programs\Eclipse Adoptium\jdk-17.0.11.9-hotspot\bin\verify.dll
0x00007ffa6aab0000 - 0x00007ffa6aad7000 	C:\Users\dadig\.gradle\native\1def1411415f61bf3af743bc5b6707747c0891f09f0c88961ee8f79bc544acac\windows-amd64\native-platform.dll
0x00007ffa43150000 - 0x00007ffa431c7000 	C:\Users\dadig\.gradle\native\0.2.8\x86_64-windows-gnu\gradle-fileevents.dll
0x00007ffa6aaa0000 - 0x00007ffa6aaa9000 	C:\Users\dadig\AppData\Local\Programs\Eclipse Adoptium\jdk-17.0.11.9-hotspot\bin\management.dll
0x00007ffa6a9c0000 - 0x00007ffa6a9cb000 	C:\Users\dadig\AppData\Local\Programs\Eclipse Adoptium\jdk-17.0.11.9-hotspot\bin\management_ext.dll
0x00007ffa8c730000 - 0x00007ffa8c738000 	C:\WINDOWS\System32\PSAPI.DLL
0x00007ffa88430000 - 0x00007ffa88464000 	C:\WINDOWS\SYSTEM32\IPHLPAPI.DLL
0x00007ffa8c3b0000 - 0x00007ffa8c3ba000 	C:\WINDOWS\System32\NSI.dll
0x00007ffa7f6f0000 - 0x00007ffa7f70e000 	C:\WINDOWS\SYSTEM32\dhcpcsvc6.DLL
0x00007ffa7f510000 - 0x00007ffa7f533000 	C:\WINDOWS\SYSTEM32\dhcpcsvc.DLL
0x00007ffa884c0000 - 0x00007ffa885ec000 	C:\WINDOWS\SYSTEM32\DNSAPI.dll
0x00007ffa683a0000 - 0x00007ffa683a9000 	C:\Users\dadig\AppData\Local\Programs\Eclipse Adoptium\jdk-17.0.11.9-hotspot\bin\extnet.dll
0x00007ffa89250000 - 0x00007ffa8926b000 	C:\WINDOWS\SYSTEM32\CRYPTSP.dll
0x00007ffa88980000 - 0x00007ffa889ba000 	C:\WINDOWS\system32\rsaenh.dll
0x00007ffa89040000 - 0x00007ffa8906b000 	C:\WINDOWS\SYSTEM32\USERENV.dll
0x00007ffa89b60000 - 0x00007ffa89b8a000 	C:\WINDOWS\SYSTEM32\bcrypt.dll
0x00007ffa89270000 - 0x00007ffa8927c000 	C:\WINDOWS\SYSTEM32\CRYPTBASE.dll
0x00007ffa5a2f0000 - 0x00007ffa5a2fe000 	C:\Users\dadig\AppData\Local\Programs\Eclipse Adoptium\jdk-17.0.11.9-hotspot\bin\sunmscapi.dll
0x00007ffa8a1f0000 - 0x00007ffa8a367000 	C:\WINDOWS\System32\CRYPT32.dll
0x00007ffa893f0000 - 0x00007ffa89420000 	C:\WINDOWS\SYSTEM32\ncrypt.dll
0x00007ffa893a0000 - 0x00007ffa893df000 	C:\WINDOWS\SYSTEM32\NTASN1.dll
0x00007ffa84c10000 - 0x00007ffa84c18000 	C:\WINDOWS\system32\wshunix.dll

dbghelp: loaded successfully - version: 4.0.5 - missing functions: none
symbol engine: initialized successfully - sym options: 0x614 - pdb path: .;C:\Users\dadig\AppData\Local\Programs\Eclipse Adoptium\jdk-17.0.11.9-hotspot\bin;C:\WINDOWS\SYSTEM32;C:\WINDOWS\WinSxS\amd64_microsoft.windows.common-controls_6595b64144ccf1df_6.0.26100.7309_none_3e05feeae336a044;C:\Users\dadig\AppData\Local\Programs\Eclipse Adoptium\jdk-17.0.11.9-hotspot\bin\server;C:\Users\dadig\.gradle\native\1def1411415f61bf3af743bc5b6707747c0891f09f0c88961ee8f79bc544acac\windows-amd64;C:\Users\dadig\.gradle\native\0.2.8\x86_64-windows-gnu

VM Arguments:
jvm_args: --add-opens=java.base/java.lang=ALL-UNNAMED --add-opens=java.base/java.lang.invoke=ALL-UNNAMED --add-opens=java.base/java.util=ALL-UNNAMED --add-opens=java.prefs/java.util.prefs=ALL-UNNAMED --add-exports=jdk.compiler/com.sun.tools.javac.api=ALL-UNNAMED --add-exports=jdk.compiler/com.sun.tools.javac.util=ALL-UNNAMED --add-opens=java.base/java.util=ALL-UNNAMED --add-opens=java.prefs/java.util.prefs=ALL-UNNAMED --add-opens=java.base/java.nio.charset=ALL-UNNAMED --add-opens=java.base/java.net=ALL-UNNAMED --add-opens=java.base/java.util.concurrent=ALL-UNNAMED --add-opens=java.base/java.util.concurrent.atomic=ALL-UNNAMED --add-opens=java.xml/javax.xml.namespace=ALL-UNNAMED -XX:MaxMetaspaceSize=512m -Xmx2048m -Dfile.encoding=windows-1252 -Duser.country=US -Duser.language=en -Duser.variant -javaagent:C:\Users\dadig\.gradle\wrapper\dists\gradle-9.0.0-bin\d6wjpkvcgsg3oed0qlfss3wgl\gradle-9.0.0\lib\agents\gradle-instrumentation-agent-9.0.0.jar 
java_command: org.gradle.launcher.daemon.bootstrap.GradleDaemon 9.0.0
java_class_path (initial): C:\Users\dadig\.gradle\wrapper\dists\gradle-9.0.0-bin\d6wjpkvcgsg3oed0qlfss3wgl\gradle-9.0.0\lib\gradle-daemon-main-9.0.0.jar
Launcher Type: SUN_STANDARD

[Global flags]
     intx CICompilerCount                          = 3                                         {product} {ergonomic}
   size_t CompressedClassSpaceSize                 = 436207616                                 {product} {ergonomic}
     uint ConcGCThreads                            = 1                                         {product} {ergonomic}
     uint G1ConcRefinementThreads                  = 4                                         {product} {ergonomic}
   size_t G1HeapRegionSize                         = 1048576                                   {product} {ergonomic}
    uintx GCDrainStackTargetSize                   = 64                                        {product} {ergonomic}
   size_t InitialHeapSize                          = 58720256                                  {product} {ergonomic}
   size_t MarkStackSize                            = 4194304                                   {product} {ergonomic}
   size_t MaxHeapSize                              = 2147483648                                {product} {command line}
   size_t MaxMetaspaceSize                         = 536870912                                 {product} {command line}
   size_t MaxNewSize                               = 1287651328                                {product} {ergonomic}
   size_t MinHeapDeltaBytes                        = 1048576                                   {product} {ergonomic}
   size_t MinHeapSize                              = 8388608                                   {product} {ergonomic}
    uintx NonNMethodCodeHeapSize                   = 5832780                                {pd product} {ergonomic}
    uintx NonProfiledCodeHeapSize                  = 122912730                              {pd product} {ergonomic}
    uintx ProfiledCodeHeapSize                     = 122912730                              {pd product} {ergonomic}
    uintx ReservedCodeCacheSize                    = 251658240                              {pd product} {ergonomic}
     bool SegmentedCodeCache                       = true                                      {product} {ergonomic}
   size_t SoftMaxHeapSize                          = 2147483648                             {manageable} {ergonomic}
     bool UseCompressedClassPointers               = true                           {product lp64_product} {ergonomic}
     bool UseCompressedOops                        = true                           {product lp64_product} {ergonomic}
     bool UseG1GC                                  = true                                      {product} {ergonomic}
     bool UseLargePagesIndividualAllocation        = false                                  {pd product} {ergonomic}

Logging:
Log output configuration:
 #0: stdout all=warning uptime,level,tags
 #1: stderr all=off uptime,level,tags

Environment Variables:
JAVA_HOME=C:\Users\dadig\AppData\Local\Programs\Eclipse Adoptium\jdk-17.0.11.9-hotspot\
PATH=C:\Users\dadig\OneDrive\Desktop\Ganesh_Project\VYBE\node_modules\.bin;C:\Users\dadig\OneDrive\Desktop\Ganesh_Project\node_modules\.bin;C:\Users\dadig\OneDrive\Desktop\node_modules\.bin;C:\Users\dadig\OneDrive\node_modules\.bin;C:\Users\dadig\node_modules\.bin;C:\Users\node_modules\.bin;C:\node_modules\.bin;C:\Program Files\nodejs\node_modules\npm\node_modules\@npmcli\run-script\lib\node-gyp-bin;C:\WINDOWS\system32;C:\WINDOWS;C:\WINDOWS\System32\Wbem;C:\WINDOWS\System32\WindowsPowerShell\v1.0\;C:\WINDOWS\System32\OpenSSH\;C:\Program Files\PuTTY\;C:\Program Files\MySQL\MySQL Server 8.0\bin;C:\Program Files\PostgreSQL\10\bin;;C:\Program Files\HP\HP One Agent;C:\Program Files\nodejs\;C:\WINDOWS\system32;C:\WINDOWS;C:\WINDOWS\System32\Wbem;C:\WINDOWS\System32\WindowsPowerShell\v1.0\;C:\WINDOWS\System32\OpenSSH\;C:\Program Files\MySQL\MySQL Shell 8.0\bin\;C:\Users\dadig\AppData\Local\Programs\Eclipse Adoptium\jdk-17.0.11.9-hotspot\bin;C:\Users\dadig\AppData\Local\Microsoft\WindowsApps;C:\Users\dadig\AppData\Local\Programs\Microsoft VS Code\bin;C:\Users\dadig\AppData\Roaming\npm;C:\Users\dadig\AppData\Local\Programs\Antigravity\bin
USERNAME=dadig
OS=Windows_NT
PROCESSOR_IDENTIFIER=AMD64 Family 23 Model 24 Stepping 1, AuthenticAMD
TMP=C:\Users\dadig\AppData\Local\Temp
TEMP=C:\Users\dadig\AppData\Local\Temp



Periodic native trim disabled


---------------  S Y S T E M  ---------------

OS:
 Windows 11 , 64 bit Build 26100 (10.0.26100.7309)
OS uptime: 0 days 6:54 hours

CPU: total 4 (initial active 4) (4 cores per cpu, 2 threads per core) family 23 model 24 stepping 1 microcode 0x8108109, cx8, cmov, fxsr, ht, mmx, 3dnowpref, sse, sse2, sse3, ssse3, sse4a, sse4.1, sse4.2, popcnt, lzcnt, tsc, tscinvbit, avx, avx2, aes, clmul, bmi1, bmi2, adx, sha, fma, vzeroupper, clflush, clflushopt
Processor Information for all 4 processors :
  Max Mhz: 2600, Current Mhz: 2600, Mhz Limit: 2600

Memory: 4k page, system-wide physical 3526M (185M free)
TotalPageFile size 14278M (AvailPageFile size 0M)
current process WorkingSet (physical memory assigned to process): 248M, peak: 362M
current process commit charge ("private bytes"): 497M, peak: 517M

vm_info: OpenJDK 64-Bit Server VM (17.0.11+9) for windows-amd64 JRE (17.0.11+9), built on Apr 17 2024 06:07:48 by "admin" with MS VC++ 16.10 / 16.11 (VS2019)

END.
